Loading liquid into {'A1': A1 of Sample Plate on Opentrons 96 Deep Well Heater-Shaker Adapter on Heater-Shaker Module GEN1 on slot C1, 'B1': B1 of Sample Plate on Opentrons 96 Deep Well Heater-Shaker Adapter on Heater-Shaker Module GEN1 on slot C1, 'C1': C1 of Sample Plate on Opentrons 96 Deep Well Heater-Shaker Adapter on Heater-Shaker Module GEN1 on slot C1, 'D1': D1 of Sample Plate on Opentrons 96 Deep Well Heater-Shaker Adapter on Heater-Shaker Module GEN1 on slot C1, 'E1': E1 of Sample Plate on Opentrons 96 Deep Well Heater-Shaker Adapter on Heater-Shaker Module GEN1 on slot C1, 'F1': F1 of Sample Plate on Opentrons 96 Deep Well Heater-Shaker Adapter on Heater-Shaker Module GEN1 on slot C1, 'G1': G1 of Sample Plate on Opentrons 96 Deep Well Heater-Shaker Adapter on Heater-Shaker Module GEN1 on slot C1, 'H1': H1 of Sample Plate on Opentrons 96 Deep Well Heater-Shaker Adapter on Heater-Shaker Module GEN1 on slot C1, 'A2': A2 of Sample Plate on Opentrons 96 Deep Well Heater-Shaker Adapter on Heater-Shaker Module GEN1 on slot C1, 'B2': B2 of Sample Plate on Opentrons 96 Deep Well Heater-Shaker Adapter on Heater-Shaker Module GEN1 on slot C1, 'C2': C2 of Sample Plate on Opentrons 96 Deep Well Heater-Shaker Adapter on Heater-Shaker Module GEN1 on slot C1, 'D2': D2 of Sample Plate on Opentrons 96 Deep Well Heater-Shaker Adapter on Heater-Shaker Module GEN1 on slot C1, 'E2': E2 of Sample Plate on Opentrons 96 Deep Well Heater-Shaker Adapter on Heater-Shaker Module GEN1 on slot C1, 'F2': F2 of Sample Plate on Opentrons 96 Deep Well Heater-Shaker Adapter on Heater-Shaker Module GEN1 on slot C1, 'G2': G2 of Sample Plate on Opentrons 96 Deep Well Heater-Shaker Adapter on Heater-Shaker Module GEN1 on slot C1, 'H2': H2 of Sample Plate on Opentrons 96 Deep Well Heater-Shaker Adapter on Heater-Shaker Module GEN1 on slot C1, 'A3': A3 of Sample Plate on Opentrons 96 Deep Well Heater-Shaker Adapter on Heater-Shaker Module GEN1 on slot C1, 'B3': B3 of Sample Plate on Opentrons 96 Deep Well Heater-Shaker Adapter on Heater-Shaker Module GEN1 on slot C1, 'C3': C3 of Sample Plate on Opentrons 96 Deep Well Heater-Shaker Adapter on Heater-Shaker Module GEN1 on slot C1, 'D3': D3 of Sample Plate on Opentrons 96 Deep Well Heater-Shaker Adapter on Heater-Shaker Module GEN1 on slot C1, 'E3': E3 of Sample Plate on Opentrons 96 Deep Well Heater-Shaker Adapter on Heater-Shaker Module GEN1 on slot C1, 'F3': F3 of Sample Plate on Opentrons 96 Deep Well Heater-Shaker Adapter on Heater-Shaker Module GEN1 on slot C1, 'G3': G3 of Sample Plate on Opentrons 96 Deep Well Heater-Shaker Adapter on Heater-Shaker Module GEN1 on slot C1, 'H3': H3 of Sample Plate on Opentrons 96 Deep Well Heater-Shaker Adapter on Heater-Shaker Module GEN1 on slot C1, 'A4': A4 of Sample Plate on Opentrons 96 Deep Well Heater-Shaker Adapter on Heater-Shaker Module GEN1 on slot C1, 'B4': B4 of Sample Plate on Opentrons 96 Deep Well Heater-Shaker Adapter on Heater-Shaker Module GEN1 on slot C1, 'C4': C4 of Sample Plate on Opentrons 96 Deep Well Heater-Shaker Adapter on Heater-Shaker Module GEN1 on slot C1, 'D4': D4 of Sample Plate on Opentrons 96 Deep Well Heater-Shaker Adapter on Heater-Shaker Module GEN1 on slot C1, 'E4': E4 of Sample Plate on Opentrons 96 Deep Well Heater-Shaker Adapter on Heater-Shaker Module GEN1 on slot C1, 'F4': F4 of Sample Plate on Opentrons 96 Deep Well Heater-Shaker Adapter on Heater-Shaker Module GEN1 on slot C1, 'G4': G4 of Sample Plate on Opentrons 96 Deep Well Heater-Shaker Adapter on Heater-Shaker Module GEN1 on slot C1, 'H4': H4 of Sample Plate on Opentrons 96 Deep Well Heater-Shaker Adapter on Heater-Shaker Module GEN1 on slot C1, 'A5': A5 of Sample Plate on Opentrons 96 Deep Well Heater-Shaker Adapter on Heater-Shaker Module GEN1 on slot C1, 'B5': B5 of Sample Plate on Opentrons 96 Deep Well Heater-Shaker Adapter on Heater-Shaker Module GEN1 on slot C1, 'C5': C5 of Sample Plate on Opentrons 96 Deep Well Heater-Shaker Adapter on Heater-Shaker Module GEN1 on slot C1, 'D5': D5 of Sample Plate on Opentrons 96 Deep Well Heater-Shaker Adapter on Heater-Shaker Module GEN1 on slot C1, 'E5': E5 of Sample Plate on Opentrons 96 Deep Well Heater-Shaker Adapter on Heater-Shaker Module GEN1 on slot C1, 'F5': F5 of Sample Plate on Opentrons 96 Deep Well Heater-Shaker Adapter on Heater-Shaker Module GEN1 on slot C1, 'G5': G5 of Sample Plate on Opentrons 96 Deep Well Heater-Shaker Adapter on Heater-Shaker Module GEN1 on slot C1, 'H5': H5 of Sample Plate on Opentrons 96 Deep Well Heater-Shaker Adapter on Heater-Shaker Module GEN1 on slot C1, 'A6': A6 of Sample Plate on Opentrons 96 Deep Well Heater-Shaker Adapter on Heater-Shaker Module GEN1 on slot C1, 'B6': B6 of Sample Plate on Opentrons 96 Deep Well Heater-Shaker Adapter on Heater-Shaker Module GEN1 on slot C1, 'C6': C6 of Sample Plate on Opentrons 96 Deep Well Heater-Shaker Adapter on Heater-Shaker Module GEN1 on slot C1, 'D6': D6 of Sample Plate on Opentrons 96 Deep Well Heater-Shaker Adapter on Heater-Shaker Module GEN1 on slot C1, 'E6': E6 of Sample Plate on Opentrons 96 Deep Well Heater-Shaker Adapter on Heater-Shaker Module GEN1 on slot C1, 'F6': F6 of Sample Plate on Opentrons 96 Deep Well Heater-Shaker Adapter on Heater-Shaker Module GEN1 on slot C1, 'G6': G6 of Sample Plate on Opentrons 96 Deep Well Heater-Shaker Adapter on Heater-Shaker Module GEN1 on slot C1, 'H6': H6 of Sample Plate on Opentrons 96 Deep Well Heater-Shaker Adapter on Heater-Shaker Module GEN1 on slot C1, 'A7': A7 of Sample Plate on Opentrons 96 Deep Well Heater-Shaker Adapter on Heater-Shaker Module GEN1 on slot C1, 'B7': B7 of Sample Plate on Opentrons 96 Deep Well Heater-Shaker Adapter on Heater-Shaker Module GEN1 on slot C1, 'C7': C7 of Sample Plate on Opentrons 96 Deep Well Heater-Shaker Adapter on Heater-Shaker Module GEN1 on slot C1, 'D7': D7 of Sample Plate on Opentrons 96 Deep Well Heater-Shaker Adapter on Heater-Shaker Module GEN1 on slot C1, 'E7': E7 of Sample Plate on Opentrons 96 Deep Well Heater-Shaker Adapter on Heater-Shaker Module GEN1 on slot C1, 'F7': F7 of Sample Plate on Opentrons 96 Deep Well Heater-Shaker Adapter on Heater-Shaker Module GEN1 on slot C1, 'G7': G7 of Sample Plate on Opentrons 96 Deep Well Heater-Shaker Adapter on Heater-Shaker Module GEN1 on slot C1, 'H7': H7 of Sample Plate on Opentrons 96 Deep Well Heater-Shaker Adapter on Heater-Shaker Module GEN1 on slot C1, 'A8': A8 of Sample Plate on Opentrons 96 Deep Well Heater-Shaker Adapter on Heater-Shaker Module GEN1 on slot C1, 'B8': B8 of Sample Plate on Opentrons 96 Deep Well Heater-Shaker Adapter on Heater-Shaker Module GEN1 on slot C1, 'C8': C8 of Sample Plate on Opentrons 96 Deep Well Heater-Shaker Adapter on Heater-Shaker Module GEN1 on slot C1, 'D8': D8 of Sample Plate on Opentrons 96 Deep Well Heater-Shaker Adapter on Heater-Shaker Module GEN1 on slot C1, 'E8': E8 of Sample Plate on Opentrons 96 Deep Well Heater-Shaker Adapter on Heater-Shaker Module GEN1 on slot C1, 'F8': F8 of Sample Plate on Opentrons 96 Deep Well Heater-Shaker Adapter on Heater-Shaker Module GEN1 on slot C1, 'G8': G8 of Sample Plate on Opentrons 96 Deep Well Heater-Shaker Adapter on Heater-Shaker Module GEN1 on slot C1, 'H8': H8 of Sample Plate on Opentrons 96 Deep Well Heater-Shaker Adapter on Heater-Shaker Module GEN1 on slot C1, 'A9': A9 of Sample Plate on Opentrons 96 Deep Well Heater-Shaker Adapter on Heater-Shaker Module GEN1 on slot C1, 'B9': B9 of Sample Plate on Opentrons 96 Deep Well Heater-Shaker Adapter on Heater-Shaker Module GEN1 on slot C1, 'C9': C9 of Sample Plate on Opentrons 96 Deep Well Heater-Shaker Adapter on Heater-Shaker Module GEN1 on slot C1, 'D9': D9 of Sample Plate on Opentrons 96 Deep Well Heater-Shaker Adapter on Heater-Shaker Module GEN1 on slot C1, 'E9': E9 of Sample Plate on Opentrons 96 Deep Well Heater-Shaker Adapter on Heater-Shaker Module GEN1 on slot C1, 'F9': F9 of Sample Plate on Opentrons 96 Deep Well Heater-Shaker Adapter on Heater-Shaker Module GEN1 on slot C1, 'G9': G9 of Sample Plate on Opentrons 96 Deep Well Heater-Shaker Adapter on Heater-Shaker Module GEN1 on slot C1, 'H9': H9 of Sample Plate on Opentrons 96 Deep Well Heater-Shaker Adapter on Heater-Shaker Module GEN1 on slot C1, 'A10': A10 of Sample Plate on Opentrons 96 Deep Well Heater-Shaker Adapter on Heater-Shaker Module GEN1 on slot C1, 'B10': B10 of Sample Plate on Opentrons 96 Deep Well Heater-Shaker Adapter on Heater-Shaker Module GEN1 on slot C1, 'C10': C10 of Sample Plate on Opentrons 96 Deep Well Heater-Shaker Adapter on Heater-Shaker Module GEN1 on slot C1, 'D10': D10 of Sample Plate on Opentrons 96 Deep Well Heater-Shaker Adapter on Heater-Shaker Module GEN1 on slot C1, 'E10': E10 of Sample Plate on Opentrons 96 Deep Well Heater-Shaker Adapter on Heater-Shaker Module GEN1 on slot C1, 'F10': F10 of Sample Plate on Opentrons 96 Deep Well Heater-Shaker Adapter on Heater-Shaker Module GEN1 on slot C1, 'G10': G10 of Sample Plate on Opentrons 96 Deep Well Heater-Shaker Adapter on Heater-Shaker Module GEN1 on slot C1, 'H10': H10 of Sample Plate on Opentrons 96 Deep Well Heater-Shaker Adapter on Heater-Shaker Module GEN1 on slot C1, 'A11': A11 of Sample Plate on Opentrons 96 Deep Well Heater-Shaker Adapter on Heater-Shaker Module GEN1 on slot C1, 'B11': B11 of Sample Plate on Opentrons 96 Deep Well Heater-Shaker Adapter on Heater-Shaker Module GEN1 on slot C1, 'C11': C11 of Sample Plate on Opentrons 96 Deep Well Heater-Shaker Adapter on Heater-Shaker Module GEN1 on slot C1, 'D11': D11 of Sample Plate on Opentrons 96 Deep Well Heater-Shaker Adapter on Heater-Shaker Module GEN1 on slot C1, 'E11': E11 of Sample Plate on Opentrons 96 Deep Well Heater-Shaker Adapter on Heater-Shaker Module GEN1 on slot C1, 'F11': F11 of Sample Plate on Opentrons 96 Deep Well Heater-Shaker Adapter on Heater-Shaker Module GEN1 on slot C1, 'G11': G11 of Sample Plate on Opentrons 96 Deep Well Heater-Shaker Adapter on Heater-Shaker Module GEN1 on slot C1, 'H11': H11 of Sample Plate on Opentrons 96 Deep Well Heater-Shaker Adapter on Heater-Shaker Module GEN1 on slot C1, 'A12': A12 of Sample Plate on Opentrons 96 Deep Well Heater-Shaker Adapter on Heater-Shaker Module GEN1 on slot C1, 'B12': B12 of Sample Plate on Opentrons 96 Deep Well Heater-Shaker Adapter on Heater-Shaker Module GEN1 on slot C1, 'C12': C12 of Sample Plate on Opentrons 96 Deep Well Heater-Shaker Adapter on Heater-Shaker Module GEN1 on slot C1, 'D12': D12 of Sample Plate on Opentrons 96 Deep Well Heater-Shaker Adapter on Heater-Shaker Module GEN1 on slot C1, 'E12': E12 of Sample Plate on Opentrons 96 Deep Well Heater-Shaker Adapter on Heater-Shaker Module GEN1 on slot C1, 'F12': F12 of Sample Plate on Opentrons 96 Deep Well Heater-Shaker Adapter on Heater-Shaker Module GEN1 on slot C1, 'G12': G12 of Sample Plate on Opentrons 96 Deep Well Heater-Shaker Adapter on Heater-Shaker Module GEN1 on slot C1, 'H12': H12 of Sample Plate on Opentrons 96 Deep Well Heater-Shaker Adapter on Heater-Shaker Module GEN1 on slot C1}
Loading liquid into {'A1': A1 of Sample Plate on Opentrons 96 Deep Well Heater-Shaker Adapter on Heater-Shaker Module GEN1 on slot C1, 'B1': B1 of Sample Plate on Opentrons 96 Deep Well Heater-Shaker Adapter on Heater-Shaker Module GEN1 on slot C1, 'C1': C1 of Sample Plate on Opentrons 96 Deep Well Heater-Shaker Adapter on Heater-Shaker Module GEN1 on slot C1, 'D1': D1 of Sample Plate on Opentrons 96 Deep Well Heater-Shaker Adapter on Heater-Shaker Module GEN1 on slot C1, 'E1': E1 of Sample Plate on Opentrons 96 Deep Well Heater-Shaker Adapter on Heater-Shaker Module GEN1 on slot C1, 'F1': F1 of Sample Plate on Opentrons 96 Deep Well Heater-Shaker Adapter on Heater-Shaker Module GEN1 on slot C1, 'G1': G1 of Sample Plate on Opentrons 96 Deep Well Heater-Shaker Adapter on Heater-Shaker Module GEN1 on slot C1, 'H1': H1 of Sample Plate on Opentrons 96 Deep Well Heater-Shaker Adapter on Heater-Shaker Module GEN1 on slot C1, 'A2': A2 of Sample Plate on Opentrons 96 Deep Well Heater-Shaker Adapter on Heater-Shaker Module GEN1 on slot C1, 'B2': B2 of Sample Plate on Opentrons 96 Deep Well Heater-Shaker Adapter on Heater-Shaker Module GEN1 on slot C1, 'C2': C2 of Sample Plate on Opentrons 96 Deep Well Heater-Shaker Adapter on Heater-Shaker Module GEN1 on slot C1, 'D2': D2 of Sample Plate on Opentrons 96 Deep Well Heater-Shaker Adapter on Heater-Shaker Module GEN1 on slot C1, 'E2': E2 of Sample Plate on Opentrons 96 Deep Well Heater-Shaker Adapter on Heater-Shaker Module GEN1 on slot C1, 'F2': F2 of Sample Plate on Opentrons 96 Deep Well Heater-Shaker Adapter on Heater-Shaker Module GEN1 on slot C1, 'G2': G2 of Sample Plate on Opentrons 96 Deep Well Heater-Shaker Adapter on Heater-Shaker Module GEN1 on slot C1, 'H2': H2 of Sample Plate on Opentrons 96 Deep Well Heater-Shaker Adapter on Heater-Shaker Module GEN1 on slot C1, 'A3': A3 of Sample Plate on Opentrons 96 Deep Well Heater-Shaker Adapter on Heater-Shaker Module GEN1 on slot C1, 'B3': B3 of Sample Plate on Opentrons 96 Deep Well Heater-Shaker Adapter on Heater-Shaker Module GEN1 on slot C1, 'C3': C3 of Sample Plate on Opentrons 96 Deep Well Heater-Shaker Adapter on Heater-Shaker Module GEN1 on slot C1, 'D3': D3 of Sample Plate on Opentrons 96 Deep Well Heater-Shaker Adapter on Heater-Shaker Module GEN1 on slot C1, 'E3': E3 of Sample Plate on Opentrons 96 Deep Well Heater-Shaker Adapter on Heater-Shaker Module GEN1 on slot C1, 'F3': F3 of Sample Plate on Opentrons 96 Deep Well Heater-Shaker Adapter on Heater-Shaker Module GEN1 on slot C1, 'G3': G3 of Sample Plate on Opentrons 96 Deep Well Heater-Shaker Adapter on Heater-Shaker Module GEN1 on slot C1, 'H3': H3 of Sample Plate on Opentrons 96 Deep Well Heater-Shaker Adapter on Heater-Shaker Module GEN1 on slot C1, 'A4': A4 of Sample Plate on Opentrons 96 Deep Well Heater-Shaker Adapter on Heater-Shaker Module GEN1 on slot C1, 'B4': B4 of Sample Plate on Opentrons 96 Deep Well Heater-Shaker Adapter on Heater-Shaker Module GEN1 on slot C1, 'C4': C4 of Sample Plate on Opentrons 96 Deep Well Heater-Shaker Adapter on Heater-Shaker Module GEN1 on slot C1, 'D4': D4 of Sample Plate on Opentrons 96 Deep Well Heater-Shaker Adapter on Heater-Shaker Module GEN1 on slot C1, 'E4': E4 of Sample Plate on Opentrons 96 Deep Well Heater-Shaker Adapter on Heater-Shaker Module GEN1 on slot C1, 'F4': F4 of Sample Plate on Opentrons 96 Deep Well Heater-Shaker Adapter on Heater-Shaker Module GEN1 on slot C1, 'G4': G4 of Sample Plate on Opentrons 96 Deep Well Heater-Shaker Adapter on Heater-Shaker Module GEN1 on slot C1, 'H4': H4 of Sample Plate on Opentrons 96 Deep Well Heater-Shaker Adapter on Heater-Shaker Module GEN1 on slot C1, 'A5': A5 of Sample Plate on Opentrons 96 Deep Well Heater-Shaker Adapter on Heater-Shaker Module GEN1 on slot C1, 'B5': B5 of Sample Plate on Opentrons 96 Deep Well Heater-Shaker Adapter on Heater-Shaker Module GEN1 on slot C1, 'C5': C5 of Sample Plate on Opentrons 96 Deep Well Heater-Shaker Adapter on Heater-Shaker Module GEN1 on slot C1, 'D5': D5 of Sample Plate on Opentrons 96 Deep Well Heater-Shaker Adapter on Heater-Shaker Module GEN1 on slot C1, 'E5': E5 of Sample Plate on Opentrons 96 Deep Well Heater-Shaker Adapter on Heater-Shaker Module GEN1 on slot C1, 'F5': F5 of Sample Plate on Opentrons 96 Deep Well Heater-Shaker Adapter on Heater-Shaker Module GEN1 on slot C1, 'G5': G5 of Sample Plate on Opentrons 96 Deep Well Heater-Shaker Adapter on Heater-Shaker Module GEN1 on slot C1, 'H5': H5 of Sample Plate on Opentrons 96 Deep Well Heater-Shaker Adapter on Heater-Shaker Module GEN1 on slot C1, 'A6': A6 of Sample Plate on Opentrons 96 Deep Well Heater-Shaker Adapter on Heater-Shaker Module GEN1 on slot C1, 'B6': B6 of Sample Plate on Opentrons 96 Deep Well Heater-Shaker Adapter on Heater-Shaker Module GEN1 on slot C1, 'C6': C6 of Sample Plate on Opentrons 96 Deep Well Heater-Shaker Adapter on Heater-Shaker Module GEN1 on slot C1, 'D6': D6 of Sample Plate on Opentrons 96 Deep Well Heater-Shaker Adapter on Heater-Shaker Module GEN1 on slot C1, 'E6': E6 of Sample Plate on Opentrons 96 Deep Well Heater-Shaker Adapter on Heater-Shaker Module GEN1 on slot C1, 'F6': F6 of Sample Plate on Opentrons 96 Deep Well Heater-Shaker Adapter on Heater-Shaker Module GEN1 on slot C1, 'G6': G6 of Sample Plate on Opentrons 96 Deep Well Heater-Shaker Adapter on Heater-Shaker Module GEN1 on slot C1, 'H6': H6 of Sample Plate on Opentrons 96 Deep Well Heater-Shaker Adapter on Heater-Shaker Module GEN1 on slot C1, 'A7': A7 of Sample Plate on Opentrons 96 Deep Well Heater-Shaker Adapter on Heater-Shaker Module GEN1 on slot C1, 'B7': B7 of Sample Plate on Opentrons 96 Deep Well Heater-Shaker Adapter on Heater-Shaker Module GEN1 on slot C1, 'C7': C7 of Sample Plate on Opentrons 96 Deep Well Heater-Shaker Adapter on Heater-Shaker Module GEN1 on slot C1, 'D7': D7 of Sample Plate on Opentrons 96 Deep Well Heater-Shaker Adapter on Heater-Shaker Module GEN1 on slot C1, 'E7': E7 of Sample Plate on Opentrons 96 Deep Well Heater-Shaker Adapter on Heater-Shaker Module GEN1 on slot C1, 'F7': F7 of Sample Plate on Opentrons 96 Deep Well Heater-Shaker Adapter on Heater-Shaker Module GEN1 on slot C1, 'G7': G7 of Sample Plate on Opentrons 96 Deep Well Heater-Shaker Adapter on Heater-Shaker Module GEN1 on slot C1, 'H7': H7 of Sample Plate on Opentrons 96 Deep Well Heater-Shaker Adapter on Heater-Shaker Module GEN1 on slot C1, 'A8': A8 of Sample Plate on Opentrons 96 Deep Well Heater-Shaker Adapter on Heater-Shaker Module GEN1 on slot C1, 'B8': B8 of Sample Plate on Opentrons 96 Deep Well Heater-Shaker Adapter on Heater-Shaker Module GEN1 on slot C1, 'C8': C8 of Sample Plate on Opentrons 96 Deep Well Heater-Shaker Adapter on Heater-Shaker Module GEN1 on slot C1, 'D8': D8 of Sample Plate on Opentrons 96 Deep Well Heater-Shaker Adapter on Heater-Shaker Module GEN1 on slot C1, 'E8': E8 of Sample Plate on Opentrons 96 Deep Well Heater-Shaker Adapter on Heater-Shaker Module GEN1 on slot C1, 'F8': F8 of Sample Plate on Opentrons 96 Deep Well Heater-Shaker Adapter on Heater-Shaker Module GEN1 on slot C1, 'G8': G8 of Sample Plate on Opentrons 96 Deep Well Heater-Shaker Adapter on Heater-Shaker Module GEN1 on slot C1, 'H8': H8 of Sample Plate on Opentrons 96 Deep Well Heater-Shaker Adapter on Heater-Shaker Module GEN1 on slot C1, 'A9': A9 of Sample Plate on Opentrons 96 Deep Well Heater-Shaker Adapter on Heater-Shaker Module GEN1 on slot C1, 'B9': B9 of Sample Plate on Opentrons 96 Deep Well Heater-Shaker Adapter on Heater-Shaker Module GEN1 on slot C1, 'C9': C9 of Sample Plate on Opentrons 96 Deep Well Heater-Shaker Adapter on Heater-Shaker Module GEN1 on slot C1, 'D9': D9 of Sample Plate on Opentrons 96 Deep Well Heater-Shaker Adapter on Heater-Shaker Module GEN1 on slot C1, 'E9': E9 of Sample Plate on Opentrons 96 Deep Well Heater-Shaker Adapter on Heater-Shaker Module GEN1 on slot C1, 'F9': F9 of Sample Plate on Opentrons 96 Deep Well Heater-Shaker Adapter on Heater-Shaker Module GEN1 on slot C1, 'G9': G9 of Sample Plate on Opentrons 96 Deep Well Heater-Shaker Adapter on Heater-Shaker Module GEN1 on slot C1, 'H9': H9 of Sample Plate on Opentrons 96 Deep Well Heater-Shaker Adapter on Heater-Shaker Module GEN1 on slot C1, 'A10': A10 of Sample Plate on Opentrons 96 Deep Well Heater-Shaker Adapter on Heater-Shaker Module GEN1 on slot C1, 'B10': B10 of Sample Plate on Opentrons 96 Deep Well Heater-Shaker Adapter on Heater-Shaker Module GEN1 on slot C1, 'C10': C10 of Sample Plate on Opentrons 96 Deep Well Heater-Shaker Adapter on Heater-Shaker Module GEN1 on slot C1, 'D10': D10 of Sample Plate on Opentrons 96 Deep Well Heater-Shaker Adapter on Heater-Shaker Module GEN1 on slot C1, 'E10': E10 of Sample Plate on Opentrons 96 Deep Well Heater-Shaker Adapter on Heater-Shaker Module GEN1 on slot C1, 'F10': F10 of Sample Plate on Opentrons 96 Deep Well Heater-Shaker Adapter on Heater-Shaker Module GEN1 on slot C1, 'G10': G10 of Sample Plate on Opentrons 96 Deep Well Heater-Shaker Adapter on Heater-Shaker Module GEN1 on slot C1, 'H10': H10 of Sample Plate on Opentrons 96 Deep Well Heater-Shaker Adapter on Heater-Shaker Module GEN1 on slot C1, 'A11': A11 of Sample Plate on Opentrons 96 Deep Well Heater-Shaker Adapter on Heater-Shaker Module GEN1 on slot C1, 'B11': B11 of Sample Plate on Opentrons 96 Deep Well Heater-Shaker Adapter on Heater-Shaker Module GEN1 on slot C1, 'C11': C11 of Sample Plate on Opentrons 96 Deep Well Heater-Shaker Adapter on Heater-Shaker Module GEN1 on slot C1, 'D11': D11 of Sample Plate on Opentrons 96 Deep Well Heater-Shaker Adapter on Heater-Shaker Module GEN1 on slot C1, 'E11': E11 of Sample Plate on Opentrons 96 Deep Well Heater-Shaker Adapter on Heater-Shaker Module GEN1 on slot C1, 'F11': F11 of Sample Plate on Opentrons 96 Deep Well Heater-Shaker Adapter on Heater-Shaker Module GEN1 on slot C1, 'G11': G11 of Sample Plate on Opentrons 96 Deep Well Heater-Shaker Adapter on Heater-Shaker Module GEN1 on slot C1, 'H11': H11 of Sample Plate on Opentrons 96 Deep Well Heater-Shaker Adapter on Heater-Shaker Module GEN1 on slot C1, 'A12': A12 of Sample Plate on Opentrons 96 Deep Well Heater-Shaker Adapter on Heater-Shaker Module GEN1 on slot C1, 'B12': B12 of Sample Plate on Opentrons 96 Deep Well Heater-Shaker Adapter on Heater-Shaker Module GEN1 on slot C1, 'C12': C12 of Sample Plate on Opentrons 96 Deep Well Heater-Shaker Adapter on Heater-Shaker Module GEN1 on slot C1, 'D12': D12 of Sample Plate on Opentrons 96 Deep Well Heater-Shaker Adapter on Heater-Shaker Module GEN1 on slot C1, 'E12': E12 of Sample Plate on Opentrons 96 Deep Well Heater-Shaker Adapter on Heater-Shaker Module GEN1 on slot C1, 'F12': F12 of Sample Plate on Opentrons 96 Deep Well Heater-Shaker Adapter on Heater-Shaker Module GEN1 on slot C1, 'G12': G12 of Sample Plate on Opentrons 96 Deep Well Heater-Shaker Adapter on Heater-Shaker Module GEN1 on slot C1, 'H12': H12 of Sample Plate on Opentrons 96 Deep Well Heater-Shaker Adapter on Heater-Shaker Module GEN1 on slot C1}
Loading liquid into {'A1': A1 of Sample Plate on Opentrons 96 Deep Well Heater-Shaker Adapter on Heater-Shaker Module GEN1 on slot C1, 'B1': B1 of Sample Plate on Opentrons 96 Deep Well Heater-Shaker Adapter on Heater-Shaker Module GEN1 on slot C1, 'C1': C1 of Sample Plate on Opentrons 96 Deep Well Heater-Shaker Adapter on Heater-Shaker Module GEN1 on slot C1, 'D1': D1 of Sample Plate on Opentrons 96 Deep Well Heater-Shaker Adapter on Heater-Shaker Module GEN1 on slot C1, 'E1': E1 of Sample Plate on Opentrons 96 Deep Well Heater-Shaker Adapter on Heater-Shaker Module GEN1 on slot C1, 'F1': F1 of Sample Plate on Opentrons 96 Deep Well Heater-Shaker Adapter on Heater-Shaker Module GEN1 on slot C1, 'G1': G1 of Sample Plate on Opentrons 96 Deep Well Heater-Shaker Adapter on Heater-Shaker Module GEN1 on slot C1, 'H1': H1 of Sample Plate on Opentrons 96 Deep Well Heater-Shaker Adapter on Heater-Shaker Module GEN1 on slot C1, 'A2': A2 of Sample Plate on Opentrons 96 Deep Well Heater-Shaker Adapter on Heater-Shaker Module GEN1 on slot C1, 'B2': B2 of Sample Plate on Opentrons 96 Deep Well Heater-Shaker Adapter on Heater-Shaker Module GEN1 on slot C1, 'C2': C2 of Sample Plate on Opentrons 96 Deep Well Heater-Shaker Adapter on Heater-Shaker Module GEN1 on slot C1, 'D2': D2 of Sample Plate on Opentrons 96 Deep Well Heater-Shaker Adapter on Heater-Shaker Module GEN1 on slot C1, 'E2': E2 of Sample Plate on Opentrons 96 Deep Well Heater-Shaker Adapter on Heater-Shaker Module GEN1 on slot C1, 'F2': F2 of Sample Plate on Opentrons 96 Deep Well Heater-Shaker Adapter on Heater-Shaker Module GEN1 on slot C1, 'G2': G2 of Sample Plate on Opentrons 96 Deep Well Heater-Shaker Adapter on Heater-Shaker Module GEN1 on slot C1, 'H2': H2 of Sample Plate on Opentrons 96 Deep Well Heater-Shaker Adapter on Heater-Shaker Module GEN1 on slot C1, 'A3': A3 of Sample Plate on Opentrons 96 Deep Well Heater-Shaker Adapter on Heater-Shaker Module GEN1 on slot C1, 'B3': B3 of Sample Plate on Opentrons 96 Deep Well Heater-Shaker Adapter on Heater-Shaker Module GEN1 on slot C1, 'C3': C3 of Sample Plate on Opentrons 96 Deep Well Heater-Shaker Adapter on Heater-Shaker Module GEN1 on slot C1, 'D3': D3 of Sample Plate on Opentrons 96 Deep Well Heater-Shaker Adapter on Heater-Shaker Module GEN1 on slot C1, 'E3': E3 of Sample Plate on Opentrons 96 Deep Well Heater-Shaker Adapter on Heater-Shaker Module GEN1 on slot C1, 'F3': F3 of Sample Plate on Opentrons 96 Deep Well Heater-Shaker Adapter on Heater-Shaker Module GEN1 on slot C1, 'G3': G3 of Sample Plate on Opentrons 96 Deep Well Heater-Shaker Adapter on Heater-Shaker Module GEN1 on slot C1, 'H3': H3 of Sample Plate on Opentrons 96 Deep Well Heater-Shaker Adapter on Heater-Shaker Module GEN1 on slot C1, 'A4': A4 of Sample Plate on Opentrons 96 Deep Well Heater-Shaker Adapter on Heater-Shaker Module GEN1 on slot C1, 'B4': B4 of Sample Plate on Opentrons 96 Deep Well Heater-Shaker Adapter on Heater-Shaker Module GEN1 on slot C1, 'C4': C4 of Sample Plate on Opentrons 96 Deep Well Heater-Shaker Adapter on Heater-Shaker Module GEN1 on slot C1, 'D4': D4 of Sample Plate on Opentrons 96 Deep Well Heater-Shaker Adapter on Heater-Shaker Module GEN1 on slot C1, 'E4': E4 of Sample Plate on Opentrons 96 Deep Well Heater-Shaker Adapter on Heater-Shaker Module GEN1 on slot C1, 'F4': F4 of Sample Plate on Opentrons 96 Deep Well Heater-Shaker Adapter on Heater-Shaker Module GEN1 on slot C1, 'G4': G4 of Sample Plate on Opentrons 96 Deep Well Heater-Shaker Adapter on Heater-Shaker Module GEN1 on slot C1, 'H4': H4 of Sample Plate on Opentrons 96 Deep Well Heater-Shaker Adapter on Heater-Shaker Module GEN1 on slot C1, 'A5': A5 of Sample Plate on Opentrons 96 Deep Well Heater-Shaker Adapter on Heater-Shaker Module GEN1 on slot C1, 'B5': B5 of Sample Plate on Opentrons 96 Deep Well Heater-Shaker Adapter on Heater-Shaker Module GEN1 on slot C1, 'C5': C5 of Sample Plate on Opentrons 96 Deep Well Heater-Shaker Adapter on Heater-Shaker Module GEN1 on slot C1, 'D5': D5 of Sample Plate on Opentrons 96 Deep Well Heater-Shaker Adapter on Heater-Shaker Module GEN1 on slot C1, 'E5': E5 of Sample Plate on Opentrons 96 Deep Well Heater-Shaker Adapter on Heater-Shaker Module GEN1 on slot C1, 'F5': F5 of Sample Plate on Opentrons 96 Deep Well Heater-Shaker Adapter on Heater-Shaker Module GEN1 on slot C1, 'G5': G5 of Sample Plate on Opentrons 96 Deep Well Heater-Shaker Adapter on Heater-Shaker Module GEN1 on slot C1, 'H5': H5 of Sample Plate on Opentrons 96 Deep Well Heater-Shaker Adapter on Heater-Shaker Module GEN1 on slot C1, 'A6': A6 of Sample Plate on Opentrons 96 Deep Well Heater-Shaker Adapter on Heater-Shaker Module GEN1 on slot C1, 'B6': B6 of Sample Plate on Opentrons 96 Deep Well Heater-Shaker Adapter on Heater-Shaker Module GEN1 on slot C1, 'C6': C6 of Sample Plate on Opentrons 96 Deep Well Heater-Shaker Adapter on Heater-Shaker Module GEN1 on slot C1, 'D6': D6 of Sample Plate on Opentrons 96 Deep Well Heater-Shaker Adapter on Heater-Shaker Module GEN1 on slot C1, 'E6': E6 of Sample Plate on Opentrons 96 Deep Well Heater-Shaker Adapter on Heater-Shaker Module GEN1 on slot C1, 'F6': F6 of Sample Plate on Opentrons 96 Deep Well Heater-Shaker Adapter on Heater-Shaker Module GEN1 on slot C1, 'G6': G6 of Sample Plate on Opentrons 96 Deep Well Heater-Shaker Adapter on Heater-Shaker Module GEN1 on slot C1, 'H6': H6 of Sample Plate on Opentrons 96 Deep Well Heater-Shaker Adapter on Heater-Shaker Module GEN1 on slot C1, 'A7': A7 of Sample Plate on Opentrons 96 Deep Well Heater-Shaker Adapter on Heater-Shaker Module GEN1 on slot C1, 'B7': B7 of Sample Plate on Opentrons 96 Deep Well Heater-Shaker Adapter on Heater-Shaker Module GEN1 on slot C1, 'C7': C7 of Sample Plate on Opentrons 96 Deep Well Heater-Shaker Adapter on Heater-Shaker Module GEN1 on slot C1, 'D7': D7 of Sample Plate on Opentrons 96 Deep Well Heater-Shaker Adapter on Heater-Shaker Module GEN1 on slot C1, 'E7': E7 of Sample Plate on Opentrons 96 Deep Well Heater-Shaker Adapter on Heater-Shaker Module GEN1 on slot C1, 'F7': F7 of Sample Plate on Opentrons 96 Deep Well Heater-Shaker Adapter on Heater-Shaker Module GEN1 on slot C1, 'G7': G7 of Sample Plate on Opentrons 96 Deep Well Heater-Shaker Adapter on Heater-Shaker Module GEN1 on slot C1, 'H7': H7 of Sample Plate on Opentrons 96 Deep Well Heater-Shaker Adapter on Heater-Shaker Module GEN1 on slot C1, 'A8': A8 of Sample Plate on Opentrons 96 Deep Well Heater-Shaker Adapter on Heater-Shaker Module GEN1 on slot C1, 'B8': B8 of Sample Plate on Opentrons 96 Deep Well Heater-Shaker Adapter on Heater-Shaker Module GEN1 on slot C1, 'C8': C8 of Sample Plate on Opentrons 96 Deep Well Heater-Shaker Adapter on Heater-Shaker Module GEN1 on slot C1, 'D8': D8 of Sample Plate on Opentrons 96 Deep Well Heater-Shaker Adapter on Heater-Shaker Module GEN1 on slot C1, 'E8': E8 of Sample Plate on Opentrons 96 Deep Well Heater-Shaker Adapter on Heater-Shaker Module GEN1 on slot C1, 'F8': F8 of Sample Plate on Opentrons 96 Deep Well Heater-Shaker Adapter on Heater-Shaker Module GEN1 on slot C1, 'G8': G8 of Sample Plate on Opentrons 96 Deep Well Heater-Shaker Adapter on Heater-Shaker Module GEN1 on slot C1, 'H8': H8 of Sample Plate on Opentrons 96 Deep Well Heater-Shaker Adapter on Heater-Shaker Module GEN1 on slot C1, 'A9': A9 of Sample Plate on Opentrons 96 Deep Well Heater-Shaker Adapter on Heater-Shaker Module GEN1 on slot C1, 'B9': B9 of Sample Plate on Opentrons 96 Deep Well Heater-Shaker Adapter on Heater-Shaker Module GEN1 on slot C1, 'C9': C9 of Sample Plate on Opentrons 96 Deep Well Heater-Shaker Adapter on Heater-Shaker Module GEN1 on slot C1, 'D9': D9 of Sample Plate on Opentrons 96 Deep Well Heater-Shaker Adapter on Heater-Shaker Module GEN1 on slot C1, 'E9': E9 of Sample Plate on Opentrons 96 Deep Well Heater-Shaker Adapter on Heater-Shaker Module GEN1 on slot C1, 'F9': F9 of Sample Plate on Opentrons 96 Deep Well Heater-Shaker Adapter on Heater-Shaker Module GEN1 on slot C1, 'G9': G9 of Sample Plate on Opentrons 96 Deep Well Heater-Shaker Adapter on Heater-Shaker Module GEN1 on slot C1, 'H9': H9 of Sample Plate on Opentrons 96 Deep Well Heater-Shaker Adapter on Heater-Shaker Module GEN1 on slot C1, 'A10': A10 of Sample Plate on Opentrons 96 Deep Well Heater-Shaker Adapter on Heater-Shaker Module GEN1 on slot C1, 'B10': B10 of Sample Plate on Opentrons 96 Deep Well Heater-Shaker Adapter on Heater-Shaker Module GEN1 on slot C1, 'C10': C10 of Sample Plate on Opentrons 96 Deep Well Heater-Shaker Adapter on Heater-Shaker Module GEN1 on slot C1, 'D10': D10 of Sample Plate on Opentrons 96 Deep Well Heater-Shaker Adapter on Heater-Shaker Module GEN1 on slot C1, 'E10': E10 of Sample Plate on Opentrons 96 Deep Well Heater-Shaker Adapter on Heater-Shaker Module GEN1 on slot C1, 'F10': F10 of Sample Plate on Opentrons 96 Deep Well Heater-Shaker Adapter on Heater-Shaker Module GEN1 on slot C1, 'G10': G10 of Sample Plate on Opentrons 96 Deep Well Heater-Shaker Adapter on Heater-Shaker Module GEN1 on slot C1, 'H10': H10 of Sample Plate on Opentrons 96 Deep Well Heater-Shaker Adapter on Heater-Shaker Module GEN1 on slot C1, 'A11': A11 of Sample Plate on Opentrons 96 Deep Well Heater-Shaker Adapter on Heater-Shaker Module GEN1 on slot C1, 'B11': B11 of Sample Plate on Opentrons 96 Deep Well Heater-Shaker Adapter on Heater-Shaker Module GEN1 on slot C1, 'C11': C11 of Sample Plate on Opentrons 96 Deep Well Heater-Shaker Adapter on Heater-Shaker Module GEN1 on slot C1, 'D11': D11 of Sample Plate on Opentrons 96 Deep Well Heater-Shaker Adapter on Heater-Shaker Module GEN1 on slot C1, 'E11': E11 of Sample Plate on Opentrons 96 Deep Well Heater-Shaker Adapter on Heater-Shaker Module GEN1 on slot C1, 'F11': F11 of Sample Plate on Opentrons 96 Deep Well Heater-Shaker Adapter on Heater-Shaker Module GEN1 on slot C1, 'G11': G11 of Sample Plate on Opentrons 96 Deep Well Heater-Shaker Adapter on Heater-Shaker Module GEN1 on slot C1, 'H11': H11 of Sample Plate on Opentrons 96 Deep Well Heater-Shaker Adapter on Heater-Shaker Module GEN1 on slot C1, 'A12': A12 of Sample Plate on Opentrons 96 Deep Well Heater-Shaker Adapter on Heater-Shaker Module GEN1 on slot C1, 'B12': B12 of Sample Plate on Opentrons 96 Deep Well Heater-Shaker Adapter on Heater-Shaker Module GEN1 on slot C1, 'C12': C12 of Sample Plate on Opentrons 96 Deep Well Heater-Shaker Adapter on Heater-Shaker Module GEN1 on slot C1, 'D12': D12 of Sample Plate on Opentrons 96 Deep Well Heater-Shaker Adapter on Heater-Shaker Module GEN1 on slot C1, 'E12': E12 of Sample Plate on Opentrons 96 Deep Well Heater-Shaker Adapter on Heater-Shaker Module GEN1 on slot C1, 'F12': F12 of Sample Plate on Opentrons 96 Deep Well Heater-Shaker Adapter on Heater-Shaker Module GEN1 on slot C1, 'G12': G12 of Sample Plate on Opentrons 96 Deep Well Heater-Shaker Adapter on Heater-Shaker Module GEN1 on slot C1, 'H12': H12 of Sample Plate on Opentrons 96 Deep Well Heater-Shaker Adapter on Heater-Shaker Module GEN1 on slot C1}
Loading liquid into {'A1': A1 of Sample Plate on Opentrons 96 Deep Well Heater-Shaker Adapter on Heater-Shaker Module GEN1 on slot C1, 'B1': B1 of Sample Plate on Opentrons 96 Deep Well Heater-Shaker Adapter on Heater-Shaker Module GEN1 on slot C1, 'C1': C1 of Sample Plate on Opentrons 96 Deep Well Heater-Shaker Adapter on Heater-Shaker Module GEN1 on slot C1, 'D1': D1 of Sample Plate on Opentrons 96 Deep Well Heater-Shaker Adapter on Heater-Shaker Module GEN1 on slot C1, 'E1': E1 of Sample Plate on Opentrons 96 Deep Well Heater-Shaker Adapter on Heater-Shaker Module GEN1 on slot C1, 'F1': F1 of Sample Plate on Opentrons 96 Deep Well Heater-Shaker Adapter on Heater-Shaker Module GEN1 on slot C1, 'G1': G1 of Sample Plate on Opentrons 96 Deep Well Heater-Shaker Adapter on Heater-Shaker Module GEN1 on slot C1, 'H1': H1 of Sample Plate on Opentrons 96 Deep Well Heater-Shaker Adapter on Heater-Shaker Module GEN1 on slot C1, 'A2': A2 of Sample Plate on Opentrons 96 Deep Well Heater-Shaker Adapter on Heater-Shaker Module GEN1 on slot C1, 'B2': B2 of Sample Plate on Opentrons 96 Deep Well Heater-Shaker Adapter on Heater-Shaker Module GEN1 on slot C1, 'C2': C2 of Sample Plate on Opentrons 96 Deep Well Heater-Shaker Adapter on Heater-Shaker Module GEN1 on slot C1, 'D2': D2 of Sample Plate on Opentrons 96 Deep Well Heater-Shaker Adapter on Heater-Shaker Module GEN1 on slot C1, 'E2': E2 of Sample Plate on Opentrons 96 Deep Well Heater-Shaker Adapter on Heater-Shaker Module GEN1 on slot C1, 'F2': F2 of Sample Plate on Opentrons 96 Deep Well Heater-Shaker Adapter on Heater-Shaker Module GEN1 on slot C1, 'G2': G2 of Sample Plate on Opentrons 96 Deep Well Heater-Shaker Adapter on Heater-Shaker Module GEN1 on slot C1, 'H2': H2 of Sample Plate on Opentrons 96 Deep Well Heater-Shaker Adapter on Heater-Shaker Module GEN1 on slot C1, 'A3': A3 of Sample Plate on Opentrons 96 Deep Well Heater-Shaker Adapter on Heater-Shaker Module GEN1 on slot C1, 'B3': B3 of Sample Plate on Opentrons 96 Deep Well Heater-Shaker Adapter on Heater-Shaker Module GEN1 on slot C1, 'C3': C3 of Sample Plate on Opentrons 96 Deep Well Heater-Shaker Adapter on Heater-Shaker Module GEN1 on slot C1, 'D3': D3 of Sample Plate on Opentrons 96 Deep Well Heater-Shaker Adapter on Heater-Shaker Module GEN1 on slot C1, 'E3': E3 of Sample Plate on Opentrons 96 Deep Well Heater-Shaker Adapter on Heater-Shaker Module GEN1 on slot C1, 'F3': F3 of Sample Plate on Opentrons 96 Deep Well Heater-Shaker Adapter on Heater-Shaker Module GEN1 on slot C1, 'G3': G3 of Sample Plate on Opentrons 96 Deep Well Heater-Shaker Adapter on Heater-Shaker Module GEN1 on slot C1, 'H3': H3 of Sample Plate on Opentrons 96 Deep Well Heater-Shaker Adapter on Heater-Shaker Module GEN1 on slot C1, 'A4': A4 of Sample Plate on Opentrons 96 Deep Well Heater-Shaker Adapter on Heater-Shaker Module GEN1 on slot C1, 'B4': B4 of Sample Plate on Opentrons 96 Deep Well Heater-Shaker Adapter on Heater-Shaker Module GEN1 on slot C1, 'C4': C4 of Sample Plate on Opentrons 96 Deep Well Heater-Shaker Adapter on Heater-Shaker Module GEN1 on slot C1, 'D4': D4 of Sample Plate on Opentrons 96 Deep Well Heater-Shaker Adapter on Heater-Shaker Module GEN1 on slot C1, 'E4': E4 of Sample Plate on Opentrons 96 Deep Well Heater-Shaker Adapter on Heater-Shaker Module GEN1 on slot C1, 'F4': F4 of Sample Plate on Opentrons 96 Deep Well Heater-Shaker Adapter on Heater-Shaker Module GEN1 on slot C1, 'G4': G4 of Sample Plate on Opentrons 96 Deep Well Heater-Shaker Adapter on Heater-Shaker Module GEN1 on slot C1, 'H4': H4 of Sample Plate on Opentrons 96 Deep Well Heater-Shaker Adapter on Heater-Shaker Module GEN1 on slot C1, 'A5': A5 of Sample Plate on Opentrons 96 Deep Well Heater-Shaker Adapter on Heater-Shaker Module GEN1 on slot C1, 'B5': B5 of Sample Plate on Opentrons 96 Deep Well Heater-Shaker Adapter on Heater-Shaker Module GEN1 on slot C1, 'C5': C5 of Sample Plate on Opentrons 96 Deep Well Heater-Shaker Adapter on Heater-Shaker Module GEN1 on slot C1, 'D5': D5 of Sample Plate on Opentrons 96 Deep Well Heater-Shaker Adapter on Heater-Shaker Module GEN1 on slot C1, 'E5': E5 of Sample Plate on Opentrons 96 Deep Well Heater-Shaker Adapter on Heater-Shaker Module GEN1 on slot C1, 'F5': F5 of Sample Plate on Opentrons 96 Deep Well Heater-Shaker Adapter on Heater-Shaker Module GEN1 on slot C1, 'G5': G5 of Sample Plate on Opentrons 96 Deep Well Heater-Shaker Adapter on Heater-Shaker Module GEN1 on slot C1, 'H5': H5 of Sample Plate on Opentrons 96 Deep Well Heater-Shaker Adapter on Heater-Shaker Module GEN1 on slot C1, 'A6': A6 of Sample Plate on Opentrons 96 Deep Well Heater-Shaker Adapter on Heater-Shaker Module GEN1 on slot C1, 'B6': B6 of Sample Plate on Opentrons 96 Deep Well Heater-Shaker Adapter on Heater-Shaker Module GEN1 on slot C1, 'C6': C6 of Sample Plate on Opentrons 96 Deep Well Heater-Shaker Adapter on Heater-Shaker Module GEN1 on slot C1, 'D6': D6 of Sample Plate on Opentrons 96 Deep Well Heater-Shaker Adapter on Heater-Shaker Module GEN1 on slot C1, 'E6': E6 of Sample Plate on Opentrons 96 Deep Well Heater-Shaker Adapter on Heater-Shaker Module GEN1 on slot C1, 'F6': F6 of Sample Plate on Opentrons 96 Deep Well Heater-Shaker Adapter on Heater-Shaker Module GEN1 on slot C1, 'G6': G6 of Sample Plate on Opentrons 96 Deep Well Heater-Shaker Adapter on Heater-Shaker Module GEN1 on slot C1, 'H6': H6 of Sample Plate on Opentrons 96 Deep Well Heater-Shaker Adapter on Heater-Shaker Module GEN1 on slot C1, 'A7': A7 of Sample Plate on Opentrons 96 Deep Well Heater-Shaker Adapter on Heater-Shaker Module GEN1 on slot C1, 'B7': B7 of Sample Plate on Opentrons 96 Deep Well Heater-Shaker Adapter on Heater-Shaker Module GEN1 on slot C1, 'C7': C7 of Sample Plate on Opentrons 96 Deep Well Heater-Shaker Adapter on Heater-Shaker Module GEN1 on slot C1, 'D7': D7 of Sample Plate on Opentrons 96 Deep Well Heater-Shaker Adapter on Heater-Shaker Module GEN1 on slot C1, 'E7': E7 of Sample Plate on Opentrons 96 Deep Well Heater-Shaker Adapter on Heater-Shaker Module GEN1 on slot C1, 'F7': F7 of Sample Plate on Opentrons 96 Deep Well Heater-Shaker Adapter on Heater-Shaker Module GEN1 on slot C1, 'G7': G7 of Sample Plate on Opentrons 96 Deep Well Heater-Shaker Adapter on Heater-Shaker Module GEN1 on slot C1, 'H7': H7 of Sample Plate on Opentrons 96 Deep Well Heater-Shaker Adapter on Heater-Shaker Module GEN1 on slot C1, 'A8': A8 of Sample Plate on Opentrons 96 Deep Well Heater-Shaker Adapter on Heater-Shaker Module GEN1 on slot C1, 'B8': B8 of Sample Plate on Opentrons 96 Deep Well Heater-Shaker Adapter on Heater-Shaker Module GEN1 on slot C1, 'C8': C8 of Sample Plate on Opentrons 96 Deep Well Heater-Shaker Adapter on Heater-Shaker Module GEN1 on slot C1, 'D8': D8 of Sample Plate on Opentrons 96 Deep Well Heater-Shaker Adapter on Heater-Shaker Module GEN1 on slot C1, 'E8': E8 of Sample Plate on Opentrons 96 Deep Well Heater-Shaker Adapter on Heater-Shaker Module GEN1 on slot C1, 'F8': F8 of Sample Plate on Opentrons 96 Deep Well Heater-Shaker Adapter on Heater-Shaker Module GEN1 on slot C1, 'G8': G8 of Sample Plate on Opentrons 96 Deep Well Heater-Shaker Adapter on Heater-Shaker Module GEN1 on slot C1, 'H8': H8 of Sample Plate on Opentrons 96 Deep Well Heater-Shaker Adapter on Heater-Shaker Module GEN1 on slot C1, 'A9': A9 of Sample Plate on Opentrons 96 Deep Well Heater-Shaker Adapter on Heater-Shaker Module GEN1 on slot C1, 'B9': B9 of Sample Plate on Opentrons 96 Deep Well Heater-Shaker Adapter on Heater-Shaker Module GEN1 on slot C1, 'C9': C9 of Sample Plate on Opentrons 96 Deep Well Heater-Shaker Adapter on Heater-Shaker Module GEN1 on slot C1, 'D9': D9 of Sample Plate on Opentrons 96 Deep Well Heater-Shaker Adapter on Heater-Shaker Module GEN1 on slot C1, 'E9': E9 of Sample Plate on Opentrons 96 Deep Well Heater-Shaker Adapter on Heater-Shaker Module GEN1 on slot C1, 'F9': F9 of Sample Plate on Opentrons 96 Deep Well Heater-Shaker Adapter on Heater-Shaker Module GEN1 on slot C1, 'G9': G9 of Sample Plate on Opentrons 96 Deep Well Heater-Shaker Adapter on Heater-Shaker Module GEN1 on slot C1, 'H9': H9 of Sample Plate on Opentrons 96 Deep Well Heater-Shaker Adapter on Heater-Shaker Module GEN1 on slot C1, 'A10': A10 of Sample Plate on Opentrons 96 Deep Well Heater-Shaker Adapter on Heater-Shaker Module GEN1 on slot C1, 'B10': B10 of Sample Plate on Opentrons 96 Deep Well Heater-Shaker Adapter on Heater-Shaker Module GEN1 on slot C1, 'C10': C10 of Sample Plate on Opentrons 96 Deep Well Heater-Shaker Adapter on Heater-Shaker Module GEN1 on slot C1, 'D10': D10 of Sample Plate on Opentrons 96 Deep Well Heater-Shaker Adapter on Heater-Shaker Module GEN1 on slot C1, 'E10': E10 of Sample Plate on Opentrons 96 Deep Well Heater-Shaker Adapter on Heater-Shaker Module GEN1 on slot C1, 'F10': F10 of Sample Plate on Opentrons 96 Deep Well Heater-Shaker Adapter on Heater-Shaker Module GEN1 on slot C1, 'G10': G10 of Sample Plate on Opentrons 96 Deep Well Heater-Shaker Adapter on Heater-Shaker Module GEN1 on slot C1, 'H10': H10 of Sample Plate on Opentrons 96 Deep Well Heater-Shaker Adapter on Heater-Shaker Module GEN1 on slot C1, 'A11': A11 of Sample Plate on Opentrons 96 Deep Well Heater-Shaker Adapter on Heater-Shaker Module GEN1 on slot C1, 'B11': B11 of Sample Plate on Opentrons 96 Deep Well Heater-Shaker Adapter on Heater-Shaker Module GEN1 on slot C1, 'C11': C11 of Sample Plate on Opentrons 96 Deep Well Heater-Shaker Adapter on Heater-Shaker Module GEN1 on slot C1, 'D11': D11 of Sample Plate on Opentrons 96 Deep Well Heater-Shaker Adapter on Heater-Shaker Module GEN1 on slot C1, 'E11': E11 of Sample Plate on Opentrons 96 Deep Well Heater-Shaker Adapter on Heater-Shaker Module GEN1 on slot C1, 'F11': F11 of Sample Plate on Opentrons 96 Deep Well Heater-Shaker Adapter on Heater-Shaker Module GEN1 on slot C1, 'G11': G11 of Sample Plate on Opentrons 96 Deep Well Heater-Shaker Adapter on Heater-Shaker Module GEN1 on slot C1, 'H11': H11 of Sample Plate on Opentrons 96 Deep Well Heater-Shaker Adapter on Heater-Shaker Module GEN1 on slot C1, 'A12': A12 of Sample Plate on Opentrons 96 Deep Well Heater-Shaker Adapter on Heater-Shaker Module GEN1 on slot C1, 'B12': B12 of Sample Plate on Opentrons 96 Deep Well Heater-Shaker Adapter on Heater-Shaker Module GEN1 on slot C1, 'C12': C12 of Sample Plate on Opentrons 96 Deep Well Heater-Shaker Adapter on Heater-Shaker Module GEN1 on slot C1, 'D12': D12 of Sample Plate on Opentrons 96 Deep Well Heater-Shaker Adapter on Heater-Shaker Module GEN1 on slot C1, 'E12': E12 of Sample Plate on Opentrons 96 Deep Well Heater-Shaker Adapter on Heater-Shaker Module GEN1 on slot C1, 'F12': F12 of Sample Plate on Opentrons 96 Deep Well Heater-Shaker Adapter on Heater-Shaker Module GEN1 on slot C1, 'G12': G12 of Sample Plate on Opentrons 96 Deep Well Heater-Shaker Adapter on Heater-Shaker Module GEN1 on slot C1, 'H12': H12 of Sample Plate on Opentrons 96 Deep Well Heater-Shaker Adapter on Heater-Shaker Module GEN1 on slot C1}
Loading liquid into {'A1': A1 of Sample Plate on Opentrons 96 Deep Well Heater-Shaker Adapter on Heater-Shaker Module GEN1 on slot C1, 'B1': B1 of Sample Plate on Opentrons 96 Deep Well Heater-Shaker Adapter on Heater-Shaker Module GEN1 on slot C1, 'C1': C1 of Sample Plate on Opentrons 96 Deep Well Heater-Shaker Adapter on Heater-Shaker Module GEN1 on slot C1, 'D1': D1 of Sample Plate on Opentrons 96 Deep Well Heater-Shaker Adapter on Heater-Shaker Module GEN1 on slot C1, 'E1': E1 of Sample Plate on Opentrons 96 Deep Well Heater-Shaker Adapter on Heater-Shaker Module GEN1 on slot C1, 'F1': F1 of Sample Plate on Opentrons 96 Deep Well Heater-Shaker Adapter on Heater-Shaker Module GEN1 on slot C1, 'G1': G1 of Sample Plate on Opentrons 96 Deep Well Heater-Shaker Adapter on Heater-Shaker Module GEN1 on slot C1, 'H1': H1 of Sample Plate on Opentrons 96 Deep Well Heater-Shaker Adapter on Heater-Shaker Module GEN1 on slot C1, 'A2': A2 of Sample Plate on Opentrons 96 Deep Well Heater-Shaker Adapter on Heater-Shaker Module GEN1 on slot C1, 'B2': B2 of Sample Plate on Opentrons 96 Deep Well Heater-Shaker Adapter on Heater-Shaker Module GEN1 on slot C1, 'C2': C2 of Sample Plate on Opentrons 96 Deep Well Heater-Shaker Adapter on Heater-Shaker Module GEN1 on slot C1, 'D2': D2 of Sample Plate on Opentrons 96 Deep Well Heater-Shaker Adapter on Heater-Shaker Module GEN1 on slot C1, 'E2': E2 of Sample Plate on Opentrons 96 Deep Well Heater-Shaker Adapter on Heater-Shaker Module GEN1 on slot C1, 'F2': F2 of Sample Plate on Opentrons 96 Deep Well Heater-Shaker Adapter on Heater-Shaker Module GEN1 on slot C1, 'G2': G2 of Sample Plate on Opentrons 96 Deep Well Heater-Shaker Adapter on Heater-Shaker Module GEN1 on slot C1, 'H2': H2 of Sample Plate on Opentrons 96 Deep Well Heater-Shaker Adapter on Heater-Shaker Module GEN1 on slot C1, 'A3': A3 of Sample Plate on Opentrons 96 Deep Well Heater-Shaker Adapter on Heater-Shaker Module GEN1 on slot C1, 'B3': B3 of Sample Plate on Opentrons 96 Deep Well Heater-Shaker Adapter on Heater-Shaker Module GEN1 on slot C1, 'C3': C3 of Sample Plate on Opentrons 96 Deep Well Heater-Shaker Adapter on Heater-Shaker Module GEN1 on slot C1, 'D3': D3 of Sample Plate on Opentrons 96 Deep Well Heater-Shaker Adapter on Heater-Shaker Module GEN1 on slot C1, 'E3': E3 of Sample Plate on Opentrons 96 Deep Well Heater-Shaker Adapter on Heater-Shaker Module GEN1 on slot C1, 'F3': F3 of Sample Plate on Opentrons 96 Deep Well Heater-Shaker Adapter on Heater-Shaker Module GEN1 on slot C1, 'G3': G3 of Sample Plate on Opentrons 96 Deep Well Heater-Shaker Adapter on Heater-Shaker Module GEN1 on slot C1, 'H3': H3 of Sample Plate on Opentrons 96 Deep Well Heater-Shaker Adapter on Heater-Shaker Module GEN1 on slot C1, 'A4': A4 of Sample Plate on Opentrons 96 Deep Well Heater-Shaker Adapter on Heater-Shaker Module GEN1 on slot C1, 'B4': B4 of Sample Plate on Opentrons 96 Deep Well Heater-Shaker Adapter on Heater-Shaker Module GEN1 on slot C1, 'C4': C4 of Sample Plate on Opentrons 96 Deep Well Heater-Shaker Adapter on Heater-Shaker Module GEN1 on slot C1, 'D4': D4 of Sample Plate on Opentrons 96 Deep Well Heater-Shaker Adapter on Heater-Shaker Module GEN1 on slot C1, 'E4': E4 of Sample Plate on Opentrons 96 Deep Well Heater-Shaker Adapter on Heater-Shaker Module GEN1 on slot C1, 'F4': F4 of Sample Plate on Opentrons 96 Deep Well Heater-Shaker Adapter on Heater-Shaker Module GEN1 on slot C1, 'G4': G4 of Sample Plate on Opentrons 96 Deep Well Heater-Shaker Adapter on Heater-Shaker Module GEN1 on slot C1, 'H4': H4 of Sample Plate on Opentrons 96 Deep Well Heater-Shaker Adapter on Heater-Shaker Module GEN1 on slot C1, 'A5': A5 of Sample Plate on Opentrons 96 Deep Well Heater-Shaker Adapter on Heater-Shaker Module GEN1 on slot C1, 'B5': B5 of Sample Plate on Opentrons 96 Deep Well Heater-Shaker Adapter on Heater-Shaker Module GEN1 on slot C1, 'C5': C5 of Sample Plate on Opentrons 96 Deep Well Heater-Shaker Adapter on Heater-Shaker Module GEN1 on slot C1, 'D5': D5 of Sample Plate on Opentrons 96 Deep Well Heater-Shaker Adapter on Heater-Shaker Module GEN1 on slot C1, 'E5': E5 of Sample Plate on Opentrons 96 Deep Well Heater-Shaker Adapter on Heater-Shaker Module GEN1 on slot C1, 'F5': F5 of Sample Plate on Opentrons 96 Deep Well Heater-Shaker Adapter on Heater-Shaker Module GEN1 on slot C1, 'G5': G5 of Sample Plate on Opentrons 96 Deep Well Heater-Shaker Adapter on Heater-Shaker Module GEN1 on slot C1, 'H5': H5 of Sample Plate on Opentrons 96 Deep Well Heater-Shaker Adapter on Heater-Shaker Module GEN1 on slot C1, 'A6': A6 of Sample Plate on Opentrons 96 Deep Well Heater-Shaker Adapter on Heater-Shaker Module GEN1 on slot C1, 'B6': B6 of Sample Plate on Opentrons 96 Deep Well Heater-Shaker Adapter on Heater-Shaker Module GEN1 on slot C1, 'C6': C6 of Sample Plate on Opentrons 96 Deep Well Heater-Shaker Adapter on Heater-Shaker Module GEN1 on slot C1, 'D6': D6 of Sample Plate on Opentrons 96 Deep Well Heater-Shaker Adapter on Heater-Shaker Module GEN1 on slot C1, 'E6': E6 of Sample Plate on Opentrons 96 Deep Well Heater-Shaker Adapter on Heater-Shaker Module GEN1 on slot C1, 'F6': F6 of Sample Plate on Opentrons 96 Deep Well Heater-Shaker Adapter on Heater-Shaker Module GEN1 on slot C1, 'G6': G6 of Sample Plate on Opentrons 96 Deep Well Heater-Shaker Adapter on Heater-Shaker Module GEN1 on slot C1, 'H6': H6 of Sample Plate on Opentrons 96 Deep Well Heater-Shaker Adapter on Heater-Shaker Module GEN1 on slot C1, 'A7': A7 of Sample Plate on Opentrons 96 Deep Well Heater-Shaker Adapter on Heater-Shaker Module GEN1 on slot C1, 'B7': B7 of Sample Plate on Opentrons 96 Deep Well Heater-Shaker Adapter on Heater-Shaker Module GEN1 on slot C1, 'C7': C7 of Sample Plate on Opentrons 96 Deep Well Heater-Shaker Adapter on Heater-Shaker Module GEN1 on slot C1, 'D7': D7 of Sample Plate on Opentrons 96 Deep Well Heater-Shaker Adapter on Heater-Shaker Module GEN1 on slot C1, 'E7': E7 of Sample Plate on Opentrons 96 Deep Well Heater-Shaker Adapter on Heater-Shaker Module GEN1 on slot C1, 'F7': F7 of Sample Plate on Opentrons 96 Deep Well Heater-Shaker Adapter on Heater-Shaker Module GEN1 on slot C1, 'G7': G7 of Sample Plate on Opentrons 96 Deep Well Heater-Shaker Adapter on Heater-Shaker Module GEN1 on slot C1, 'H7': H7 of Sample Plate on Opentrons 96 Deep Well Heater-Shaker Adapter on Heater-Shaker Module GEN1 on slot C1, 'A8': A8 of Sample Plate on Opentrons 96 Deep Well Heater-Shaker Adapter on Heater-Shaker Module GEN1 on slot C1, 'B8': B8 of Sample Plate on Opentrons 96 Deep Well Heater-Shaker Adapter on Heater-Shaker Module GEN1 on slot C1, 'C8': C8 of Sample Plate on Opentrons 96 Deep Well Heater-Shaker Adapter on Heater-Shaker Module GEN1 on slot C1, 'D8': D8 of Sample Plate on Opentrons 96 Deep Well Heater-Shaker Adapter on Heater-Shaker Module GEN1 on slot C1, 'E8': E8 of Sample Plate on Opentrons 96 Deep Well Heater-Shaker Adapter on Heater-Shaker Module GEN1 on slot C1, 'F8': F8 of Sample Plate on Opentrons 96 Deep Well Heater-Shaker Adapter on Heater-Shaker Module GEN1 on slot C1, 'G8': G8 of Sample Plate on Opentrons 96 Deep Well Heater-Shaker Adapter on Heater-Shaker Module GEN1 on slot C1, 'H8': H8 of Sample Plate on Opentrons 96 Deep Well Heater-Shaker Adapter on Heater-Shaker Module GEN1 on slot C1, 'A9': A9 of Sample Plate on Opentrons 96 Deep Well Heater-Shaker Adapter on Heater-Shaker Module GEN1 on slot C1, 'B9': B9 of Sample Plate on Opentrons 96 Deep Well Heater-Shaker Adapter on Heater-Shaker Module GEN1 on slot C1, 'C9': C9 of Sample Plate on Opentrons 96 Deep Well Heater-Shaker Adapter on Heater-Shaker Module GEN1 on slot C1, 'D9': D9 of Sample Plate on Opentrons 96 Deep Well Heater-Shaker Adapter on Heater-Shaker Module GEN1 on slot C1, 'E9': E9 of Sample Plate on Opentrons 96 Deep Well Heater-Shaker Adapter on Heater-Shaker Module GEN1 on slot C1, 'F9': F9 of Sample Plate on Opentrons 96 Deep Well Heater-Shaker Adapter on Heater-Shaker Module GEN1 on slot C1, 'G9': G9 of Sample Plate on Opentrons 96 Deep Well Heater-Shaker Adapter on Heater-Shaker Module GEN1 on slot C1, 'H9': H9 of Sample Plate on Opentrons 96 Deep Well Heater-Shaker Adapter on Heater-Shaker Module GEN1 on slot C1, 'A10': A10 of Sample Plate on Opentrons 96 Deep Well Heater-Shaker Adapter on Heater-Shaker Module GEN1 on slot C1, 'B10': B10 of Sample Plate on Opentrons 96 Deep Well Heater-Shaker Adapter on Heater-Shaker Module GEN1 on slot C1, 'C10': C10 of Sample Plate on Opentrons 96 Deep Well Heater-Shaker Adapter on Heater-Shaker Module GEN1 on slot C1, 'D10': D10 of Sample Plate on Opentrons 96 Deep Well Heater-Shaker Adapter on Heater-Shaker Module GEN1 on slot C1, 'E10': E10 of Sample Plate on Opentrons 96 Deep Well Heater-Shaker Adapter on Heater-Shaker Module GEN1 on slot C1, 'F10': F10 of Sample Plate on Opentrons 96 Deep Well Heater-Shaker Adapter on Heater-Shaker Module GEN1 on slot C1, 'G10': G10 of Sample Plate on Opentrons 96 Deep Well Heater-Shaker Adapter on Heater-Shaker Module GEN1 on slot C1, 'H10': H10 of Sample Plate on Opentrons 96 Deep Well Heater-Shaker Adapter on Heater-Shaker Module GEN1 on slot C1, 'A11': A11 of Sample Plate on Opentrons 96 Deep Well Heater-Shaker Adapter on Heater-Shaker Module GEN1 on slot C1, 'B11': B11 of Sample Plate on Opentrons 96 Deep Well Heater-Shaker Adapter on Heater-Shaker Module GEN1 on slot C1, 'C11': C11 of Sample Plate on Opentrons 96 Deep Well Heater-Shaker Adapter on Heater-Shaker Module GEN1 on slot C1, 'D11': D11 of Sample Plate on Opentrons 96 Deep Well Heater-Shaker Adapter on Heater-Shaker Module GEN1 on slot C1, 'E11': E11 of Sample Plate on Opentrons 96 Deep Well Heater-Shaker Adapter on Heater-Shaker Module GEN1 on slot C1, 'F11': F11 of Sample Plate on Opentrons 96 Deep Well Heater-Shaker Adapter on Heater-Shaker Module GEN1 on slot C1, 'G11': G11 of Sample Plate on Opentrons 96 Deep Well Heater-Shaker Adapter on Heater-Shaker Module GEN1 on slot C1, 'H11': H11 of Sample Plate on Opentrons 96 Deep Well Heater-Shaker Adapter on Heater-Shaker Module GEN1 on slot C1, 'A12': A12 of Sample Plate on Opentrons 96 Deep Well Heater-Shaker Adapter on Heater-Shaker Module GEN1 on slot C1, 'B12': B12 of Sample Plate on Opentrons 96 Deep Well Heater-Shaker Adapter on Heater-Shaker Module GEN1 on slot C1, 'C12': C12 of Sample Plate on Opentrons 96 Deep Well Heater-Shaker Adapter on Heater-Shaker Module GEN1 on slot C1, 'D12': D12 of Sample Plate on Opentrons 96 Deep Well Heater-Shaker Adapter on Heater-Shaker Module GEN1 on slot C1, 'E12': E12 of Sample Plate on Opentrons 96 Deep Well Heater-Shaker Adapter on Heater-Shaker Module GEN1 on slot C1, 'F12': F12 of Sample Plate on Opentrons 96 Deep Well Heater-Shaker Adapter on Heater-Shaker Module GEN1 on slot C1, 'G12': G12 of Sample Plate on Opentrons 96 Deep Well Heater-Shaker Adapter on Heater-Shaker Module GEN1 on slot C1, 'H12': H12 of Sample Plate on Opentrons 96 Deep Well Heater-Shaker Adapter on Heater-Shaker Module GEN1 on slot C1}
Loading liquid into {'A1': A1 of Sample Plate on Opentrons 96 Deep Well Heater-Shaker Adapter on Heater-Shaker Module GEN1 on slot C1, 'B1': B1 of Sample Plate on Opentrons 96 Deep Well Heater-Shaker Adapter on Heater-Shaker Module GEN1 on slot C1, 'C1': C1 of Sample Plate on Opentrons 96 Deep Well Heater-Shaker Adapter on Heater-Shaker Module GEN1 on slot C1, 'D1': D1 of Sample Plate on Opentrons 96 Deep Well Heater-Shaker Adapter on Heater-Shaker Module GEN1 on slot C1, 'E1': E1 of Sample Plate on Opentrons 96 Deep Well Heater-Shaker Adapter on Heater-Shaker Module GEN1 on slot C1, 'F1': F1 of Sample Plate on Opentrons 96 Deep Well Heater-Shaker Adapter on Heater-Shaker Module GEN1 on slot C1, 'G1': G1 of Sample Plate on Opentrons 96 Deep Well Heater-Shaker Adapter on Heater-Shaker Module GEN1 on slot C1, 'H1': H1 of Sample Plate on Opentrons 96 Deep Well Heater-Shaker Adapter on Heater-Shaker Module GEN1 on slot C1, 'A2': A2 of Sample Plate on Opentrons 96 Deep Well Heater-Shaker Adapter on Heater-Shaker Module GEN1 on slot C1, 'B2': B2 of Sample Plate on Opentrons 96 Deep Well Heater-Shaker Adapter on Heater-Shaker Module GEN1 on slot C1, 'C2': C2 of Sample Plate on Opentrons 96 Deep Well Heater-Shaker Adapter on Heater-Shaker Module GEN1 on slot C1, 'D2': D2 of Sample Plate on Opentrons 96 Deep Well Heater-Shaker Adapter on Heater-Shaker Module GEN1 on slot C1, 'E2': E2 of Sample Plate on Opentrons 96 Deep Well Heater-Shaker Adapter on Heater-Shaker Module GEN1 on slot C1, 'F2': F2 of Sample Plate on Opentrons 96 Deep Well Heater-Shaker Adapter on Heater-Shaker Module GEN1 on slot C1, 'G2': G2 of Sample Plate on Opentrons 96 Deep Well Heater-Shaker Adapter on Heater-Shaker Module GEN1 on slot C1, 'H2': H2 of Sample Plate on Opentrons 96 Deep Well Heater-Shaker Adapter on Heater-Shaker Module GEN1 on slot C1, 'A3': A3 of Sample Plate on Opentrons 96 Deep Well Heater-Shaker Adapter on Heater-Shaker Module GEN1 on slot C1, 'B3': B3 of Sample Plate on Opentrons 96 Deep Well Heater-Shaker Adapter on Heater-Shaker Module GEN1 on slot C1, 'C3': C3 of Sample Plate on Opentrons 96 Deep Well Heater-Shaker Adapter on Heater-Shaker Module GEN1 on slot C1, 'D3': D3 of Sample Plate on Opentrons 96 Deep Well Heater-Shaker Adapter on Heater-Shaker Module GEN1 on slot C1, 'E3': E3 of Sample Plate on Opentrons 96 Deep Well Heater-Shaker Adapter on Heater-Shaker Module GEN1 on slot C1, 'F3': F3 of Sample Plate on Opentrons 96 Deep Well Heater-Shaker Adapter on Heater-Shaker Module GEN1 on slot C1, 'G3': G3 of Sample Plate on Opentrons 96 Deep Well Heater-Shaker Adapter on Heater-Shaker Module GEN1 on slot C1, 'H3': H3 of Sample Plate on Opentrons 96 Deep Well Heater-Shaker Adapter on Heater-Shaker Module GEN1 on slot C1, 'A4': A4 of Sample Plate on Opentrons 96 Deep Well Heater-Shaker Adapter on Heater-Shaker Module GEN1 on slot C1, 'B4': B4 of Sample Plate on Opentrons 96 Deep Well Heater-Shaker Adapter on Heater-Shaker Module GEN1 on slot C1, 'C4': C4 of Sample Plate on Opentrons 96 Deep Well Heater-Shaker Adapter on Heater-Shaker Module GEN1 on slot C1, 'D4': D4 of Sample Plate on Opentrons 96 Deep Well Heater-Shaker Adapter on Heater-Shaker Module GEN1 on slot C1, 'E4': E4 of Sample Plate on Opentrons 96 Deep Well Heater-Shaker Adapter on Heater-Shaker Module GEN1 on slot C1, 'F4': F4 of Sample Plate on Opentrons 96 Deep Well Heater-Shaker Adapter on Heater-Shaker Module GEN1 on slot C1, 'G4': G4 of Sample Plate on Opentrons 96 Deep Well Heater-Shaker Adapter on Heater-Shaker Module GEN1 on slot C1, 'H4': H4 of Sample Plate on Opentrons 96 Deep Well Heater-Shaker Adapter on Heater-Shaker Module GEN1 on slot C1, 'A5': A5 of Sample Plate on Opentrons 96 Deep Well Heater-Shaker Adapter on Heater-Shaker Module GEN1 on slot C1, 'B5': B5 of Sample Plate on Opentrons 96 Deep Well Heater-Shaker Adapter on Heater-Shaker Module GEN1 on slot C1, 'C5': C5 of Sample Plate on Opentrons 96 Deep Well Heater-Shaker Adapter on Heater-Shaker Module GEN1 on slot C1, 'D5': D5 of Sample Plate on Opentrons 96 Deep Well Heater-Shaker Adapter on Heater-Shaker Module GEN1 on slot C1, 'E5': E5 of Sample Plate on Opentrons 96 Deep Well Heater-Shaker Adapter on Heater-Shaker Module GEN1 on slot C1, 'F5': F5 of Sample Plate on Opentrons 96 Deep Well Heater-Shaker Adapter on Heater-Shaker Module GEN1 on slot C1, 'G5': G5 of Sample Plate on Opentrons 96 Deep Well Heater-Shaker Adapter on Heater-Shaker Module GEN1 on slot C1, 'H5': H5 of Sample Plate on Opentrons 96 Deep Well Heater-Shaker Adapter on Heater-Shaker Module GEN1 on slot C1, 'A6': A6 of Sample Plate on Opentrons 96 Deep Well Heater-Shaker Adapter on Heater-Shaker Module GEN1 on slot C1, 'B6': B6 of Sample Plate on Opentrons 96 Deep Well Heater-Shaker Adapter on Heater-Shaker Module GEN1 on slot C1, 'C6': C6 of Sample Plate on Opentrons 96 Deep Well Heater-Shaker Adapter on Heater-Shaker Module GEN1 on slot C1, 'D6': D6 of Sample Plate on Opentrons 96 Deep Well Heater-Shaker Adapter on Heater-Shaker Module GEN1 on slot C1, 'E6': E6 of Sample Plate on Opentrons 96 Deep Well Heater-Shaker Adapter on Heater-Shaker Module GEN1 on slot C1, 'F6': F6 of Sample Plate on Opentrons 96 Deep Well Heater-Shaker Adapter on Heater-Shaker Module GEN1 on slot C1, 'G6': G6 of Sample Plate on Opentrons 96 Deep Well Heater-Shaker Adapter on Heater-Shaker Module GEN1 on slot C1, 'H6': H6 of Sample Plate on Opentrons 96 Deep Well Heater-Shaker Adapter on Heater-Shaker Module GEN1 on slot C1, 'A7': A7 of Sample Plate on Opentrons 96 Deep Well Heater-Shaker Adapter on Heater-Shaker Module GEN1 on slot C1, 'B7': B7 of Sample Plate on Opentrons 96 Deep Well Heater-Shaker Adapter on Heater-Shaker Module GEN1 on slot C1, 'C7': C7 of Sample Plate on Opentrons 96 Deep Well Heater-Shaker Adapter on Heater-Shaker Module GEN1 on slot C1, 'D7': D7 of Sample Plate on Opentrons 96 Deep Well Heater-Shaker Adapter on Heater-Shaker Module GEN1 on slot C1, 'E7': E7 of Sample Plate on Opentrons 96 Deep Well Heater-Shaker Adapter on Heater-Shaker Module GEN1 on slot C1, 'F7': F7 of Sample Plate on Opentrons 96 Deep Well Heater-Shaker Adapter on Heater-Shaker Module GEN1 on slot C1, 'G7': G7 of Sample Plate on Opentrons 96 Deep Well Heater-Shaker Adapter on Heater-Shaker Module GEN1 on slot C1, 'H7': H7 of Sample Plate on Opentrons 96 Deep Well Heater-Shaker Adapter on Heater-Shaker Module GEN1 on slot C1, 'A8': A8 of Sample Plate on Opentrons 96 Deep Well Heater-Shaker Adapter on Heater-Shaker Module GEN1 on slot C1, 'B8': B8 of Sample Plate on Opentrons 96 Deep Well Heater-Shaker Adapter on Heater-Shaker Module GEN1 on slot C1, 'C8': C8 of Sample Plate on Opentrons 96 Deep Well Heater-Shaker Adapter on Heater-Shaker Module GEN1 on slot C1, 'D8': D8 of Sample Plate on Opentrons 96 Deep Well Heater-Shaker Adapter on Heater-Shaker Module GEN1 on slot C1, 'E8': E8 of Sample Plate on Opentrons 96 Deep Well Heater-Shaker Adapter on Heater-Shaker Module GEN1 on slot C1, 'F8': F8 of Sample Plate on Opentrons 96 Deep Well Heater-Shaker Adapter on Heater-Shaker Module GEN1 on slot C1, 'G8': G8 of Sample Plate on Opentrons 96 Deep Well Heater-Shaker Adapter on Heater-Shaker Module GEN1 on slot C1, 'H8': H8 of Sample Plate on Opentrons 96 Deep Well Heater-Shaker Adapter on Heater-Shaker Module GEN1 on slot C1, 'A9': A9 of Sample Plate on Opentrons 96 Deep Well Heater-Shaker Adapter on Heater-Shaker Module GEN1 on slot C1, 'B9': B9 of Sample Plate on Opentrons 96 Deep Well Heater-Shaker Adapter on Heater-Shaker Module GEN1 on slot C1, 'C9': C9 of Sample Plate on Opentrons 96 Deep Well Heater-Shaker Adapter on Heater-Shaker Module GEN1 on slot C1, 'D9': D9 of Sample Plate on Opentrons 96 Deep Well Heater-Shaker Adapter on Heater-Shaker Module GEN1 on slot C1, 'E9': E9 of Sample Plate on Opentrons 96 Deep Well Heater-Shaker Adapter on Heater-Shaker Module GEN1 on slot C1, 'F9': F9 of Sample Plate on Opentrons 96 Deep Well Heater-Shaker Adapter on Heater-Shaker Module GEN1 on slot C1, 'G9': G9 of Sample Plate on Opentrons 96 Deep Well Heater-Shaker Adapter on Heater-Shaker Module GEN1 on slot C1, 'H9': H9 of Sample Plate on Opentrons 96 Deep Well Heater-Shaker Adapter on Heater-Shaker Module GEN1 on slot C1, 'A10': A10 of Sample Plate on Opentrons 96 Deep Well Heater-Shaker Adapter on Heater-Shaker Module GEN1 on slot C1, 'B10': B10 of Sample Plate on Opentrons 96 Deep Well Heater-Shaker Adapter on Heater-Shaker Module GEN1 on slot C1, 'C10': C10 of Sample Plate on Opentrons 96 Deep Well Heater-Shaker Adapter on Heater-Shaker Module GEN1 on slot C1, 'D10': D10 of Sample Plate on Opentrons 96 Deep Well Heater-Shaker Adapter on Heater-Shaker Module GEN1 on slot C1, 'E10': E10 of Sample Plate on Opentrons 96 Deep Well Heater-Shaker Adapter on Heater-Shaker Module GEN1 on slot C1, 'F10': F10 of Sample Plate on Opentrons 96 Deep Well Heater-Shaker Adapter on Heater-Shaker Module GEN1 on slot C1, 'G10': G10 of Sample Plate on Opentrons 96 Deep Well Heater-Shaker Adapter on Heater-Shaker Module GEN1 on slot C1, 'H10': H10 of Sample Plate on Opentrons 96 Deep Well Heater-Shaker Adapter on Heater-Shaker Module GEN1 on slot C1, 'A11': A11 of Sample Plate on Opentrons 96 Deep Well Heater-Shaker Adapter on Heater-Shaker Module GEN1 on slot C1, 'B11': B11 of Sample Plate on Opentrons 96 Deep Well Heater-Shaker Adapter on Heater-Shaker Module GEN1 on slot C1, 'C11': C11 of Sample Plate on Opentrons 96 Deep Well Heater-Shaker Adapter on Heater-Shaker Module GEN1 on slot C1, 'D11': D11 of Sample Plate on Opentrons 96 Deep Well Heater-Shaker Adapter on Heater-Shaker Module GEN1 on slot C1, 'E11': E11 of Sample Plate on Opentrons 96 Deep Well Heater-Shaker Adapter on Heater-Shaker Module GEN1 on slot C1, 'F11': F11 of Sample Plate on Opentrons 96 Deep Well Heater-Shaker Adapter on Heater-Shaker Module GEN1 on slot C1, 'G11': G11 of Sample Plate on Opentrons 96 Deep Well Heater-Shaker Adapter on Heater-Shaker Module GEN1 on slot C1, 'H11': H11 of Sample Plate on Opentrons 96 Deep Well Heater-Shaker Adapter on Heater-Shaker Module GEN1 on slot C1, 'A12': A12 of Sample Plate on Opentrons 96 Deep Well Heater-Shaker Adapter on Heater-Shaker Module GEN1 on slot C1, 'B12': B12 of Sample Plate on Opentrons 96 Deep Well Heater-Shaker Adapter on Heater-Shaker Module GEN1 on slot C1, 'C12': C12 of Sample Plate on Opentrons 96 Deep Well Heater-Shaker Adapter on Heater-Shaker Module GEN1 on slot C1, 'D12': D12 of Sample Plate on Opentrons 96 Deep Well Heater-Shaker Adapter on Heater-Shaker Module GEN1 on slot C1, 'E12': E12 of Sample Plate on Opentrons 96 Deep Well Heater-Shaker Adapter on Heater-Shaker Module GEN1 on slot C1, 'F12': F12 of Sample Plate on Opentrons 96 Deep Well Heater-Shaker Adapter on Heater-Shaker Module GEN1 on slot C1, 'G12': G12 of Sample Plate on Opentrons 96 Deep Well Heater-Shaker Adapter on Heater-Shaker Module GEN1 on slot C1, 'H12': H12 of Sample Plate on Opentrons 96 Deep Well Heater-Shaker Adapter on Heater-Shaker Module GEN1 on slot C1}
Loading liquid into {'A1': A1 of Sample Plate on Opentrons 96 Deep Well Heater-Shaker Adapter on Heater-Shaker Module GEN1 on slot C1, 'B1': B1 of Sample Plate on Opentrons 96 Deep Well Heater-Shaker Adapter on Heater-Shaker Module GEN1 on slot C1, 'C1': C1 of Sample Plate on Opentrons 96 Deep Well Heater-Shaker Adapter on Heater-Shaker Module GEN1 on slot C1, 'D1': D1 of Sample Plate on Opentrons 96 Deep Well Heater-Shaker Adapter on Heater-Shaker Module GEN1 on slot C1, 'E1': E1 of Sample Plate on Opentrons 96 Deep Well Heater-Shaker Adapter on Heater-Shaker Module GEN1 on slot C1, 'F1': F1 of Sample Plate on Opentrons 96 Deep Well Heater-Shaker Adapter on Heater-Shaker Module GEN1 on slot C1, 'G1': G1 of Sample Plate on Opentrons 96 Deep Well Heater-Shaker Adapter on Heater-Shaker Module GEN1 on slot C1, 'H1': H1 of Sample Plate on Opentrons 96 Deep Well Heater-Shaker Adapter on Heater-Shaker Module GEN1 on slot C1, 'A2': A2 of Sample Plate on Opentrons 96 Deep Well Heater-Shaker Adapter on Heater-Shaker Module GEN1 on slot C1, 'B2': B2 of Sample Plate on Opentrons 96 Deep Well Heater-Shaker Adapter on Heater-Shaker Module GEN1 on slot C1, 'C2': C2 of Sample Plate on Opentrons 96 Deep Well Heater-Shaker Adapter on Heater-Shaker Module GEN1 on slot C1, 'D2': D2 of Sample Plate on Opentrons 96 Deep Well Heater-Shaker Adapter on Heater-Shaker Module GEN1 on slot C1, 'E2': E2 of Sample Plate on Opentrons 96 Deep Well Heater-Shaker Adapter on Heater-Shaker Module GEN1 on slot C1, 'F2': F2 of Sample Plate on Opentrons 96 Deep Well Heater-Shaker Adapter on Heater-Shaker Module GEN1 on slot C1, 'G2': G2 of Sample Plate on Opentrons 96 Deep Well Heater-Shaker Adapter on Heater-Shaker Module GEN1 on slot C1, 'H2': H2 of Sample Plate on Opentrons 96 Deep Well Heater-Shaker Adapter on Heater-Shaker Module GEN1 on slot C1, 'A3': A3 of Sample Plate on Opentrons 96 Deep Well Heater-Shaker Adapter on Heater-Shaker Module GEN1 on slot C1, 'B3': B3 of Sample Plate on Opentrons 96 Deep Well Heater-Shaker Adapter on Heater-Shaker Module GEN1 on slot C1, 'C3': C3 of Sample Plate on Opentrons 96 Deep Well Heater-Shaker Adapter on Heater-Shaker Module GEN1 on slot C1, 'D3': D3 of Sample Plate on Opentrons 96 Deep Well Heater-Shaker Adapter on Heater-Shaker Module GEN1 on slot C1, 'E3': E3 of Sample Plate on Opentrons 96 Deep Well Heater-Shaker Adapter on Heater-Shaker Module GEN1 on slot C1, 'F3': F3 of Sample Plate on Opentrons 96 Deep Well Heater-Shaker Adapter on Heater-Shaker Module GEN1 on slot C1, 'G3': G3 of Sample Plate on Opentrons 96 Deep Well Heater-Shaker Adapter on Heater-Shaker Module GEN1 on slot C1, 'H3': H3 of Sample Plate on Opentrons 96 Deep Well Heater-Shaker Adapter on Heater-Shaker Module GEN1 on slot C1, 'A4': A4 of Sample Plate on Opentrons 96 Deep Well Heater-Shaker Adapter on Heater-Shaker Module GEN1 on slot C1, 'B4': B4 of Sample Plate on Opentrons 96 Deep Well Heater-Shaker Adapter on Heater-Shaker Module GEN1 on slot C1, 'C4': C4 of Sample Plate on Opentrons 96 Deep Well Heater-Shaker Adapter on Heater-Shaker Module GEN1 on slot C1, 'D4': D4 of Sample Plate on Opentrons 96 Deep Well Heater-Shaker Adapter on Heater-Shaker Module GEN1 on slot C1, 'E4': E4 of Sample Plate on Opentrons 96 Deep Well Heater-Shaker Adapter on Heater-Shaker Module GEN1 on slot C1, 'F4': F4 of Sample Plate on Opentrons 96 Deep Well Heater-Shaker Adapter on Heater-Shaker Module GEN1 on slot C1, 'G4': G4 of Sample Plate on Opentrons 96 Deep Well Heater-Shaker Adapter on Heater-Shaker Module GEN1 on slot C1, 'H4': H4 of Sample Plate on Opentrons 96 Deep Well Heater-Shaker Adapter on Heater-Shaker Module GEN1 on slot C1, 'A5': A5 of Sample Plate on Opentrons 96 Deep Well Heater-Shaker Adapter on Heater-Shaker Module GEN1 on slot C1, 'B5': B5 of Sample Plate on Opentrons 96 Deep Well Heater-Shaker Adapter on Heater-Shaker Module GEN1 on slot C1, 'C5': C5 of Sample Plate on Opentrons 96 Deep Well Heater-Shaker Adapter on Heater-Shaker Module GEN1 on slot C1, 'D5': D5 of Sample Plate on Opentrons 96 Deep Well Heater-Shaker Adapter on Heater-Shaker Module GEN1 on slot C1, 'E5': E5 of Sample Plate on Opentrons 96 Deep Well Heater-Shaker Adapter on Heater-Shaker Module GEN1 on slot C1, 'F5': F5 of Sample Plate on Opentrons 96 Deep Well Heater-Shaker Adapter on Heater-Shaker Module GEN1 on slot C1, 'G5': G5 of Sample Plate on Opentrons 96 Deep Well Heater-Shaker Adapter on Heater-Shaker Module GEN1 on slot C1, 'H5': H5 of Sample Plate on Opentrons 96 Deep Well Heater-Shaker Adapter on Heater-Shaker Module GEN1 on slot C1, 'A6': A6 of Sample Plate on Opentrons 96 Deep Well Heater-Shaker Adapter on Heater-Shaker Module GEN1 on slot C1, 'B6': B6 of Sample Plate on Opentrons 96 Deep Well Heater-Shaker Adapter on Heater-Shaker Module GEN1 on slot C1, 'C6': C6 of Sample Plate on Opentrons 96 Deep Well Heater-Shaker Adapter on Heater-Shaker Module GEN1 on slot C1, 'D6': D6 of Sample Plate on Opentrons 96 Deep Well Heater-Shaker Adapter on Heater-Shaker Module GEN1 on slot C1, 'E6': E6 of Sample Plate on Opentrons 96 Deep Well Heater-Shaker Adapter on Heater-Shaker Module GEN1 on slot C1, 'F6': F6 of Sample Plate on Opentrons 96 Deep Well Heater-Shaker Adapter on Heater-Shaker Module GEN1 on slot C1, 'G6': G6 of Sample Plate on Opentrons 96 Deep Well Heater-Shaker Adapter on Heater-Shaker Module GEN1 on slot C1, 'H6': H6 of Sample Plate on Opentrons 96 Deep Well Heater-Shaker Adapter on Heater-Shaker Module GEN1 on slot C1, 'A7': A7 of Sample Plate on Opentrons 96 Deep Well Heater-Shaker Adapter on Heater-Shaker Module GEN1 on slot C1, 'B7': B7 of Sample Plate on Opentrons 96 Deep Well Heater-Shaker Adapter on Heater-Shaker Module GEN1 on slot C1, 'C7': C7 of Sample Plate on Opentrons 96 Deep Well Heater-Shaker Adapter on Heater-Shaker Module GEN1 on slot C1, 'D7': D7 of Sample Plate on Opentrons 96 Deep Well Heater-Shaker Adapter on Heater-Shaker Module GEN1 on slot C1, 'E7': E7 of Sample Plate on Opentrons 96 Deep Well Heater-Shaker Adapter on Heater-Shaker Module GEN1 on slot C1, 'F7': F7 of Sample Plate on Opentrons 96 Deep Well Heater-Shaker Adapter on Heater-Shaker Module GEN1 on slot C1, 'G7': G7 of Sample Plate on Opentrons 96 Deep Well Heater-Shaker Adapter on Heater-Shaker Module GEN1 on slot C1, 'H7': H7 of Sample Plate on Opentrons 96 Deep Well Heater-Shaker Adapter on Heater-Shaker Module GEN1 on slot C1, 'A8': A8 of Sample Plate on Opentrons 96 Deep Well Heater-Shaker Adapter on Heater-Shaker Module GEN1 on slot C1, 'B8': B8 of Sample Plate on Opentrons 96 Deep Well Heater-Shaker Adapter on Heater-Shaker Module GEN1 on slot C1, 'C8': C8 of Sample Plate on Opentrons 96 Deep Well Heater-Shaker Adapter on Heater-Shaker Module GEN1 on slot C1, 'D8': D8 of Sample Plate on Opentrons 96 Deep Well Heater-Shaker Adapter on Heater-Shaker Module GEN1 on slot C1, 'E8': E8 of Sample Plate on Opentrons 96 Deep Well Heater-Shaker Adapter on Heater-Shaker Module GEN1 on slot C1, 'F8': F8 of Sample Plate on Opentrons 96 Deep Well Heater-Shaker Adapter on Heater-Shaker Module GEN1 on slot C1, 'G8': G8 of Sample Plate on Opentrons 96 Deep Well Heater-Shaker Adapter on Heater-Shaker Module GEN1 on slot C1, 'H8': H8 of Sample Plate on Opentrons 96 Deep Well Heater-Shaker Adapter on Heater-Shaker Module GEN1 on slot C1, 'A9': A9 of Sample Plate on Opentrons 96 Deep Well Heater-Shaker Adapter on Heater-Shaker Module GEN1 on slot C1, 'B9': B9 of Sample Plate on Opentrons 96 Deep Well Heater-Shaker Adapter on Heater-Shaker Module GEN1 on slot C1, 'C9': C9 of Sample Plate on Opentrons 96 Deep Well Heater-Shaker Adapter on Heater-Shaker Module GEN1 on slot C1, 'D9': D9 of Sample Plate on Opentrons 96 Deep Well Heater-Shaker Adapter on Heater-Shaker Module GEN1 on slot C1, 'E9': E9 of Sample Plate on Opentrons 96 Deep Well Heater-Shaker Adapter on Heater-Shaker Module GEN1 on slot C1, 'F9': F9 of Sample Plate on Opentrons 96 Deep Well Heater-Shaker Adapter on Heater-Shaker Module GEN1 on slot C1, 'G9': G9 of Sample Plate on Opentrons 96 Deep Well Heater-Shaker Adapter on Heater-Shaker Module GEN1 on slot C1, 'H9': H9 of Sample Plate on Opentrons 96 Deep Well Heater-Shaker Adapter on Heater-Shaker Module GEN1 on slot C1, 'A10': A10 of Sample Plate on Opentrons 96 Deep Well Heater-Shaker Adapter on Heater-Shaker Module GEN1 on slot C1, 'B10': B10 of Sample Plate on Opentrons 96 Deep Well Heater-Shaker Adapter on Heater-Shaker Module GEN1 on slot C1, 'C10': C10 of Sample Plate on Opentrons 96 Deep Well Heater-Shaker Adapter on Heater-Shaker Module GEN1 on slot C1, 'D10': D10 of Sample Plate on Opentrons 96 Deep Well Heater-Shaker Adapter on Heater-Shaker Module GEN1 on slot C1, 'E10': E10 of Sample Plate on Opentrons 96 Deep Well Heater-Shaker Adapter on Heater-Shaker Module GEN1 on slot C1, 'F10': F10 of Sample Plate on Opentrons 96 Deep Well Heater-Shaker Adapter on Heater-Shaker Module GEN1 on slot C1, 'G10': G10 of Sample Plate on Opentrons 96 Deep Well Heater-Shaker Adapter on Heater-Shaker Module GEN1 on slot C1, 'H10': H10 of Sample Plate on Opentrons 96 Deep Well Heater-Shaker Adapter on Heater-Shaker Module GEN1 on slot C1, 'A11': A11 of Sample Plate on Opentrons 96 Deep Well Heater-Shaker Adapter on Heater-Shaker Module GEN1 on slot C1, 'B11': B11 of Sample Plate on Opentrons 96 Deep Well Heater-Shaker Adapter on Heater-Shaker Module GEN1 on slot C1, 'C11': C11 of Sample Plate on Opentrons 96 Deep Well Heater-Shaker Adapter on Heater-Shaker Module GEN1 on slot C1, 'D11': D11 of Sample Plate on Opentrons 96 Deep Well Heater-Shaker Adapter on Heater-Shaker Module GEN1 on slot C1, 'E11': E11 of Sample Plate on Opentrons 96 Deep Well Heater-Shaker Adapter on Heater-Shaker Module GEN1 on slot C1, 'F11': F11 of Sample Plate on Opentrons 96 Deep Well Heater-Shaker Adapter on Heater-Shaker Module GEN1 on slot C1, 'G11': G11 of Sample Plate on Opentrons 96 Deep Well Heater-Shaker Adapter on Heater-Shaker Module GEN1 on slot C1, 'H11': H11 of Sample Plate on Opentrons 96 Deep Well Heater-Shaker Adapter on Heater-Shaker Module GEN1 on slot C1, 'A12': A12 of Sample Plate on Opentrons 96 Deep Well Heater-Shaker Adapter on Heater-Shaker Module GEN1 on slot C1, 'B12': B12 of Sample Plate on Opentrons 96 Deep Well Heater-Shaker Adapter on Heater-Shaker Module GEN1 on slot C1, 'C12': C12 of Sample Plate on Opentrons 96 Deep Well Heater-Shaker Adapter on Heater-Shaker Module GEN1 on slot C1, 'D12': D12 of Sample Plate on Opentrons 96 Deep Well Heater-Shaker Adapter on Heater-Shaker Module GEN1 on slot C1, 'E12': E12 of Sample Plate on Opentrons 96 Deep Well Heater-Shaker Adapter on Heater-Shaker Module GEN1 on slot C1, 'F12': F12 of Sample Plate on Opentrons 96 Deep Well Heater-Shaker Adapter on Heater-Shaker Module GEN1 on slot C1, 'G12': G12 of Sample Plate on Opentrons 96 Deep Well Heater-Shaker Adapter on Heater-Shaker Module GEN1 on slot C1, 'H12': H12 of Sample Plate on Opentrons 96 Deep Well Heater-Shaker Adapter on Heater-Shaker Module GEN1 on slot C1}
Loading liquid into {'A1': A1 of Sample Plate on Opentrons 96 Deep Well Heater-Shaker Adapter on Heater-Shaker Module GEN1 on slot C1, 'B1': B1 of Sample Plate on Opentrons 96 Deep Well Heater-Shaker Adapter on Heater-Shaker Module GEN1 on slot C1, 'C1': C1 of Sample Plate on Opentrons 96 Deep Well Heater-Shaker Adapter on Heater-Shaker Module GEN1 on slot C1, 'D1': D1 of Sample Plate on Opentrons 96 Deep Well Heater-Shaker Adapter on Heater-Shaker Module GEN1 on slot C1, 'E1': E1 of Sample Plate on Opentrons 96 Deep Well Heater-Shaker Adapter on Heater-Shaker Module GEN1 on slot C1, 'F1': F1 of Sample Plate on Opentrons 96 Deep Well Heater-Shaker Adapter on Heater-Shaker Module GEN1 on slot C1, 'G1': G1 of Sample Plate on Opentrons 96 Deep Well Heater-Shaker Adapter on Heater-Shaker Module GEN1 on slot C1, 'H1': H1 of Sample Plate on Opentrons 96 Deep Well Heater-Shaker Adapter on Heater-Shaker Module GEN1 on slot C1, 'A2': A2 of Sample Plate on Opentrons 96 Deep Well Heater-Shaker Adapter on Heater-Shaker Module GEN1 on slot C1, 'B2': B2 of Sample Plate on Opentrons 96 Deep Well Heater-Shaker Adapter on Heater-Shaker Module GEN1 on slot C1, 'C2': C2 of Sample Plate on Opentrons 96 Deep Well Heater-Shaker Adapter on Heater-Shaker Module GEN1 on slot C1, 'D2': D2 of Sample Plate on Opentrons 96 Deep Well Heater-Shaker Adapter on Heater-Shaker Module GEN1 on slot C1, 'E2': E2 of Sample Plate on Opentrons 96 Deep Well Heater-Shaker Adapter on Heater-Shaker Module GEN1 on slot C1, 'F2': F2 of Sample Plate on Opentrons 96 Deep Well Heater-Shaker Adapter on Heater-Shaker Module GEN1 on slot C1, 'G2': G2 of Sample Plate on Opentrons 96 Deep Well Heater-Shaker Adapter on Heater-Shaker Module GEN1 on slot C1, 'H2': H2 of Sample Plate on Opentrons 96 Deep Well Heater-Shaker Adapter on Heater-Shaker Module GEN1 on slot C1, 'A3': A3 of Sample Plate on Opentrons 96 Deep Well Heater-Shaker Adapter on Heater-Shaker Module GEN1 on slot C1, 'B3': B3 of Sample Plate on Opentrons 96 Deep Well Heater-Shaker Adapter on Heater-Shaker Module GEN1 on slot C1, 'C3': C3 of Sample Plate on Opentrons 96 Deep Well Heater-Shaker Adapter on Heater-Shaker Module GEN1 on slot C1, 'D3': D3 of Sample Plate on Opentrons 96 Deep Well Heater-Shaker Adapter on Heater-Shaker Module GEN1 on slot C1, 'E3': E3 of Sample Plate on Opentrons 96 Deep Well Heater-Shaker Adapter on Heater-Shaker Module GEN1 on slot C1, 'F3': F3 of Sample Plate on Opentrons 96 Deep Well Heater-Shaker Adapter on Heater-Shaker Module GEN1 on slot C1, 'G3': G3 of Sample Plate on Opentrons 96 Deep Well Heater-Shaker Adapter on Heater-Shaker Module GEN1 on slot C1, 'H3': H3 of Sample Plate on Opentrons 96 Deep Well Heater-Shaker Adapter on Heater-Shaker Module GEN1 on slot C1, 'A4': A4 of Sample Plate on Opentrons 96 Deep Well Heater-Shaker Adapter on Heater-Shaker Module GEN1 on slot C1, 'B4': B4 of Sample Plate on Opentrons 96 Deep Well Heater-Shaker Adapter on Heater-Shaker Module GEN1 on slot C1, 'C4': C4 of Sample Plate on Opentrons 96 Deep Well Heater-Shaker Adapter on Heater-Shaker Module GEN1 on slot C1, 'D4': D4 of Sample Plate on Opentrons 96 Deep Well Heater-Shaker Adapter on Heater-Shaker Module GEN1 on slot C1, 'E4': E4 of Sample Plate on Opentrons 96 Deep Well Heater-Shaker Adapter on Heater-Shaker Module GEN1 on slot C1, 'F4': F4 of Sample Plate on Opentrons 96 Deep Well Heater-Shaker Adapter on Heater-Shaker Module GEN1 on slot C1, 'G4': G4 of Sample Plate on Opentrons 96 Deep Well Heater-Shaker Adapter on Heater-Shaker Module GEN1 on slot C1, 'H4': H4 of Sample Plate on Opentrons 96 Deep Well Heater-Shaker Adapter on Heater-Shaker Module GEN1 on slot C1, 'A5': A5 of Sample Plate on Opentrons 96 Deep Well Heater-Shaker Adapter on Heater-Shaker Module GEN1 on slot C1, 'B5': B5 of Sample Plate on Opentrons 96 Deep Well Heater-Shaker Adapter on Heater-Shaker Module GEN1 on slot C1, 'C5': C5 of Sample Plate on Opentrons 96 Deep Well Heater-Shaker Adapter on Heater-Shaker Module GEN1 on slot C1, 'D5': D5 of Sample Plate on Opentrons 96 Deep Well Heater-Shaker Adapter on Heater-Shaker Module GEN1 on slot C1, 'E5': E5 of Sample Plate on Opentrons 96 Deep Well Heater-Shaker Adapter on Heater-Shaker Module GEN1 on slot C1, 'F5': F5 of Sample Plate on Opentrons 96 Deep Well Heater-Shaker Adapter on Heater-Shaker Module GEN1 on slot C1, 'G5': G5 of Sample Plate on Opentrons 96 Deep Well Heater-Shaker Adapter on Heater-Shaker Module GEN1 on slot C1, 'H5': H5 of Sample Plate on Opentrons 96 Deep Well Heater-Shaker Adapter on Heater-Shaker Module GEN1 on slot C1, 'A6': A6 of Sample Plate on Opentrons 96 Deep Well Heater-Shaker Adapter on Heater-Shaker Module GEN1 on slot C1, 'B6': B6 of Sample Plate on Opentrons 96 Deep Well Heater-Shaker Adapter on Heater-Shaker Module GEN1 on slot C1, 'C6': C6 of Sample Plate on Opentrons 96 Deep Well Heater-Shaker Adapter on Heater-Shaker Module GEN1 on slot C1, 'D6': D6 of Sample Plate on Opentrons 96 Deep Well Heater-Shaker Adapter on Heater-Shaker Module GEN1 on slot C1, 'E6': E6 of Sample Plate on Opentrons 96 Deep Well Heater-Shaker Adapter on Heater-Shaker Module GEN1 on slot C1, 'F6': F6 of Sample Plate on Opentrons 96 Deep Well Heater-Shaker Adapter on Heater-Shaker Module GEN1 on slot C1, 'G6': G6 of Sample Plate on Opentrons 96 Deep Well Heater-Shaker Adapter on Heater-Shaker Module GEN1 on slot C1, 'H6': H6 of Sample Plate on Opentrons 96 Deep Well Heater-Shaker Adapter on Heater-Shaker Module GEN1 on slot C1, 'A7': A7 of Sample Plate on Opentrons 96 Deep Well Heater-Shaker Adapter on Heater-Shaker Module GEN1 on slot C1, 'B7': B7 of Sample Plate on Opentrons 96 Deep Well Heater-Shaker Adapter on Heater-Shaker Module GEN1 on slot C1, 'C7': C7 of Sample Plate on Opentrons 96 Deep Well Heater-Shaker Adapter on Heater-Shaker Module GEN1 on slot C1, 'D7': D7 of Sample Plate on Opentrons 96 Deep Well Heater-Shaker Adapter on Heater-Shaker Module GEN1 on slot C1, 'E7': E7 of Sample Plate on Opentrons 96 Deep Well Heater-Shaker Adapter on Heater-Shaker Module GEN1 on slot C1, 'F7': F7 of Sample Plate on Opentrons 96 Deep Well Heater-Shaker Adapter on Heater-Shaker Module GEN1 on slot C1, 'G7': G7 of Sample Plate on Opentrons 96 Deep Well Heater-Shaker Adapter on Heater-Shaker Module GEN1 on slot C1, 'H7': H7 of Sample Plate on Opentrons 96 Deep Well Heater-Shaker Adapter on Heater-Shaker Module GEN1 on slot C1, 'A8': A8 of Sample Plate on Opentrons 96 Deep Well Heater-Shaker Adapter on Heater-Shaker Module GEN1 on slot C1, 'B8': B8 of Sample Plate on Opentrons 96 Deep Well Heater-Shaker Adapter on Heater-Shaker Module GEN1 on slot C1, 'C8': C8 of Sample Plate on Opentrons 96 Deep Well Heater-Shaker Adapter on Heater-Shaker Module GEN1 on slot C1, 'D8': D8 of Sample Plate on Opentrons 96 Deep Well Heater-Shaker Adapter on Heater-Shaker Module GEN1 on slot C1, 'E8': E8 of Sample Plate on Opentrons 96 Deep Well Heater-Shaker Adapter on Heater-Shaker Module GEN1 on slot C1, 'F8': F8 of Sample Plate on Opentrons 96 Deep Well Heater-Shaker Adapter on Heater-Shaker Module GEN1 on slot C1, 'G8': G8 of Sample Plate on Opentrons 96 Deep Well Heater-Shaker Adapter on Heater-Shaker Module GEN1 on slot C1, 'H8': H8 of Sample Plate on Opentrons 96 Deep Well Heater-Shaker Adapter on Heater-Shaker Module GEN1 on slot C1, 'A9': A9 of Sample Plate on Opentrons 96 Deep Well Heater-Shaker Adapter on Heater-Shaker Module GEN1 on slot C1, 'B9': B9 of Sample Plate on Opentrons 96 Deep Well Heater-Shaker Adapter on Heater-Shaker Module GEN1 on slot C1, 'C9': C9 of Sample Plate on Opentrons 96 Deep Well Heater-Shaker Adapter on Heater-Shaker Module GEN1 on slot C1, 'D9': D9 of Sample Plate on Opentrons 96 Deep Well Heater-Shaker Adapter on Heater-Shaker Module GEN1 on slot C1, 'E9': E9 of Sample Plate on Opentrons 96 Deep Well Heater-Shaker Adapter on Heater-Shaker Module GEN1 on slot C1, 'F9': F9 of Sample Plate on Opentrons 96 Deep Well Heater-Shaker Adapter on Heater-Shaker Module GEN1 on slot C1, 'G9': G9 of Sample Plate on Opentrons 96 Deep Well Heater-Shaker Adapter on Heater-Shaker Module GEN1 on slot C1, 'H9': H9 of Sample Plate on Opentrons 96 Deep Well Heater-Shaker Adapter on Heater-Shaker Module GEN1 on slot C1, 'A10': A10 of Sample Plate on Opentrons 96 Deep Well Heater-Shaker Adapter on Heater-Shaker Module GEN1 on slot C1, 'B10': B10 of Sample Plate on Opentrons 96 Deep Well Heater-Shaker Adapter on Heater-Shaker Module GEN1 on slot C1, 'C10': C10 of Sample Plate on Opentrons 96 Deep Well Heater-Shaker Adapter on Heater-Shaker Module GEN1 on slot C1, 'D10': D10 of Sample Plate on Opentrons 96 Deep Well Heater-Shaker Adapter on Heater-Shaker Module GEN1 on slot C1, 'E10': E10 of Sample Plate on Opentrons 96 Deep Well Heater-Shaker Adapter on Heater-Shaker Module GEN1 on slot C1, 'F10': F10 of Sample Plate on Opentrons 96 Deep Well Heater-Shaker Adapter on Heater-Shaker Module GEN1 on slot C1, 'G10': G10 of Sample Plate on Opentrons 96 Deep Well Heater-Shaker Adapter on Heater-Shaker Module GEN1 on slot C1, 'H10': H10 of Sample Plate on Opentrons 96 Deep Well Heater-Shaker Adapter on Heater-Shaker Module GEN1 on slot C1, 'A11': A11 of Sample Plate on Opentrons 96 Deep Well Heater-Shaker Adapter on Heater-Shaker Module GEN1 on slot C1, 'B11': B11 of Sample Plate on Opentrons 96 Deep Well Heater-Shaker Adapter on Heater-Shaker Module GEN1 on slot C1, 'C11': C11 of Sample Plate on Opentrons 96 Deep Well Heater-Shaker Adapter on Heater-Shaker Module GEN1 on slot C1, 'D11': D11 of Sample Plate on Opentrons 96 Deep Well Heater-Shaker Adapter on Heater-Shaker Module GEN1 on slot C1, 'E11': E11 of Sample Plate on Opentrons 96 Deep Well Heater-Shaker Adapter on Heater-Shaker Module GEN1 on slot C1, 'F11': F11 of Sample Plate on Opentrons 96 Deep Well Heater-Shaker Adapter on Heater-Shaker Module GEN1 on slot C1, 'G11': G11 of Sample Plate on Opentrons 96 Deep Well Heater-Shaker Adapter on Heater-Shaker Module GEN1 on slot C1, 'H11': H11 of Sample Plate on Opentrons 96 Deep Well Heater-Shaker Adapter on Heater-Shaker Module GEN1 on slot C1, 'A12': A12 of Sample Plate on Opentrons 96 Deep Well Heater-Shaker Adapter on Heater-Shaker Module GEN1 on slot C1, 'B12': B12 of Sample Plate on Opentrons 96 Deep Well Heater-Shaker Adapter on Heater-Shaker Module GEN1 on slot C1, 'C12': C12 of Sample Plate on Opentrons 96 Deep Well Heater-Shaker Adapter on Heater-Shaker Module GEN1 on slot C1, 'D12': D12 of Sample Plate on Opentrons 96 Deep Well Heater-Shaker Adapter on Heater-Shaker Module GEN1 on slot C1, 'E12': E12 of Sample Plate on Opentrons 96 Deep Well Heater-Shaker Adapter on Heater-Shaker Module GEN1 on slot C1, 'F12': F12 of Sample Plate on Opentrons 96 Deep Well Heater-Shaker Adapter on Heater-Shaker Module GEN1 on slot C1, 'G12': G12 of Sample Plate on Opentrons 96 Deep Well Heater-Shaker Adapter on Heater-Shaker Module GEN1 on slot C1, 'H12': H12 of Sample Plate on Opentrons 96 Deep Well Heater-Shaker Adapter on Heater-Shaker Module GEN1 on slot C1}
Loading liquid into {'A1': A1 of Sample Plate on Opentrons 96 Deep Well Heater-Shaker Adapter on Heater-Shaker Module GEN1 on slot C1, 'B1': B1 of Sample Plate on Opentrons 96 Deep Well Heater-Shaker Adapter on Heater-Shaker Module GEN1 on slot C1, 'C1': C1 of Sample Plate on Opentrons 96 Deep Well Heater-Shaker Adapter on Heater-Shaker Module GEN1 on slot C1, 'D1': D1 of Sample Plate on Opentrons 96 Deep Well Heater-Shaker Adapter on Heater-Shaker Module GEN1 on slot C1, 'E1': E1 of Sample Plate on Opentrons 96 Deep Well Heater-Shaker Adapter on Heater-Shaker Module GEN1 on slot C1, 'F1': F1 of Sample Plate on Opentrons 96 Deep Well Heater-Shaker Adapter on Heater-Shaker Module GEN1 on slot C1, 'G1': G1 of Sample Plate on Opentrons 96 Deep Well Heater-Shaker Adapter on Heater-Shaker Module GEN1 on slot C1, 'H1': H1 of Sample Plate on Opentrons 96 Deep Well Heater-Shaker Adapter on Heater-Shaker Module GEN1 on slot C1, 'A2': A2 of Sample Plate on Opentrons 96 Deep Well Heater-Shaker Adapter on Heater-Shaker Module GEN1 on slot C1, 'B2': B2 of Sample Plate on Opentrons 96 Deep Well Heater-Shaker Adapter on Heater-Shaker Module GEN1 on slot C1, 'C2': C2 of Sample Plate on Opentrons 96 Deep Well Heater-Shaker Adapter on Heater-Shaker Module GEN1 on slot C1, 'D2': D2 of Sample Plate on Opentrons 96 Deep Well Heater-Shaker Adapter on Heater-Shaker Module GEN1 on slot C1, 'E2': E2 of Sample Plate on Opentrons 96 Deep Well Heater-Shaker Adapter on Heater-Shaker Module GEN1 on slot C1, 'F2': F2 of Sample Plate on Opentrons 96 Deep Well Heater-Shaker Adapter on Heater-Shaker Module GEN1 on slot C1, 'G2': G2 of Sample Plate on Opentrons 96 Deep Well Heater-Shaker Adapter on Heater-Shaker Module GEN1 on slot C1, 'H2': H2 of Sample Plate on Opentrons 96 Deep Well Heater-Shaker Adapter on Heater-Shaker Module GEN1 on slot C1, 'A3': A3 of Sample Plate on Opentrons 96 Deep Well Heater-Shaker Adapter on Heater-Shaker Module GEN1 on slot C1, 'B3': B3 of Sample Plate on Opentrons 96 Deep Well Heater-Shaker Adapter on Heater-Shaker Module GEN1 on slot C1, 'C3': C3 of Sample Plate on Opentrons 96 Deep Well Heater-Shaker Adapter on Heater-Shaker Module GEN1 on slot C1, 'D3': D3 of Sample Plate on Opentrons 96 Deep Well Heater-Shaker Adapter on Heater-Shaker Module GEN1 on slot C1, 'E3': E3 of Sample Plate on Opentrons 96 Deep Well Heater-Shaker Adapter on Heater-Shaker Module GEN1 on slot C1, 'F3': F3 of Sample Plate on Opentrons 96 Deep Well Heater-Shaker Adapter on Heater-Shaker Module GEN1 on slot C1, 'G3': G3 of Sample Plate on Opentrons 96 Deep Well Heater-Shaker Adapter on Heater-Shaker Module GEN1 on slot C1, 'H3': H3 of Sample Plate on Opentrons 96 Deep Well Heater-Shaker Adapter on Heater-Shaker Module GEN1 on slot C1, 'A4': A4 of Sample Plate on Opentrons 96 Deep Well Heater-Shaker Adapter on Heater-Shaker Module GEN1 on slot C1, 'B4': B4 of Sample Plate on Opentrons 96 Deep Well Heater-Shaker Adapter on Heater-Shaker Module GEN1 on slot C1, 'C4': C4 of Sample Plate on Opentrons 96 Deep Well Heater-Shaker Adapter on Heater-Shaker Module GEN1 on slot C1, 'D4': D4 of Sample Plate on Opentrons 96 Deep Well Heater-Shaker Adapter on Heater-Shaker Module GEN1 on slot C1, 'E4': E4 of Sample Plate on Opentrons 96 Deep Well Heater-Shaker Adapter on Heater-Shaker Module GEN1 on slot C1, 'F4': F4 of Sample Plate on Opentrons 96 Deep Well Heater-Shaker Adapter on Heater-Shaker Module GEN1 on slot C1, 'G4': G4 of Sample Plate on Opentrons 96 Deep Well Heater-Shaker Adapter on Heater-Shaker Module GEN1 on slot C1, 'H4': H4 of Sample Plate on Opentrons 96 Deep Well Heater-Shaker Adapter on Heater-Shaker Module GEN1 on slot C1, 'A5': A5 of Sample Plate on Opentrons 96 Deep Well Heater-Shaker Adapter on Heater-Shaker Module GEN1 on slot C1, 'B5': B5 of Sample Plate on Opentrons 96 Deep Well Heater-Shaker Adapter on Heater-Shaker Module GEN1 on slot C1, 'C5': C5 of Sample Plate on Opentrons 96 Deep Well Heater-Shaker Adapter on Heater-Shaker Module GEN1 on slot C1, 'D5': D5 of Sample Plate on Opentrons 96 Deep Well Heater-Shaker Adapter on Heater-Shaker Module GEN1 on slot C1, 'E5': E5 of Sample Plate on Opentrons 96 Deep Well Heater-Shaker Adapter on Heater-Shaker Module GEN1 on slot C1, 'F5': F5 of Sample Plate on Opentrons 96 Deep Well Heater-Shaker Adapter on Heater-Shaker Module GEN1 on slot C1, 'G5': G5 of Sample Plate on Opentrons 96 Deep Well Heater-Shaker Adapter on Heater-Shaker Module GEN1 on slot C1, 'H5': H5 of Sample Plate on Opentrons 96 Deep Well Heater-Shaker Adapter on Heater-Shaker Module GEN1 on slot C1, 'A6': A6 of Sample Plate on Opentrons 96 Deep Well Heater-Shaker Adapter on Heater-Shaker Module GEN1 on slot C1, 'B6': B6 of Sample Plate on Opentrons 96 Deep Well Heater-Shaker Adapter on Heater-Shaker Module GEN1 on slot C1, 'C6': C6 of Sample Plate on Opentrons 96 Deep Well Heater-Shaker Adapter on Heater-Shaker Module GEN1 on slot C1, 'D6': D6 of Sample Plate on Opentrons 96 Deep Well Heater-Shaker Adapter on Heater-Shaker Module GEN1 on slot C1, 'E6': E6 of Sample Plate on Opentrons 96 Deep Well Heater-Shaker Adapter on Heater-Shaker Module GEN1 on slot C1, 'F6': F6 of Sample Plate on Opentrons 96 Deep Well Heater-Shaker Adapter on Heater-Shaker Module GEN1 on slot C1, 'G6': G6 of Sample Plate on Opentrons 96 Deep Well Heater-Shaker Adapter on Heater-Shaker Module GEN1 on slot C1, 'H6': H6 of Sample Plate on Opentrons 96 Deep Well Heater-Shaker Adapter on Heater-Shaker Module GEN1 on slot C1, 'A7': A7 of Sample Plate on Opentrons 96 Deep Well Heater-Shaker Adapter on Heater-Shaker Module GEN1 on slot C1, 'B7': B7 of Sample Plate on Opentrons 96 Deep Well Heater-Shaker Adapter on Heater-Shaker Module GEN1 on slot C1, 'C7': C7 of Sample Plate on Opentrons 96 Deep Well Heater-Shaker Adapter on Heater-Shaker Module GEN1 on slot C1, 'D7': D7 of Sample Plate on Opentrons 96 Deep Well Heater-Shaker Adapter on Heater-Shaker Module GEN1 on slot C1, 'E7': E7 of Sample Plate on Opentrons 96 Deep Well Heater-Shaker Adapter on Heater-Shaker Module GEN1 on slot C1, 'F7': F7 of Sample Plate on Opentrons 96 Deep Well Heater-Shaker Adapter on Heater-Shaker Module GEN1 on slot C1, 'G7': G7 of Sample Plate on Opentrons 96 Deep Well Heater-Shaker Adapter on Heater-Shaker Module GEN1 on slot C1, 'H7': H7 of Sample Plate on Opentrons 96 Deep Well Heater-Shaker Adapter on Heater-Shaker Module GEN1 on slot C1, 'A8': A8 of Sample Plate on Opentrons 96 Deep Well Heater-Shaker Adapter on Heater-Shaker Module GEN1 on slot C1, 'B8': B8 of Sample Plate on Opentrons 96 Deep Well Heater-Shaker Adapter on Heater-Shaker Module GEN1 on slot C1, 'C8': C8 of Sample Plate on Opentrons 96 Deep Well Heater-Shaker Adapter on Heater-Shaker Module GEN1 on slot C1, 'D8': D8 of Sample Plate on Opentrons 96 Deep Well Heater-Shaker Adapter on Heater-Shaker Module GEN1 on slot C1, 'E8': E8 of Sample Plate on Opentrons 96 Deep Well Heater-Shaker Adapter on Heater-Shaker Module GEN1 on slot C1, 'F8': F8 of Sample Plate on Opentrons 96 Deep Well Heater-Shaker Adapter on Heater-Shaker Module GEN1 on slot C1, 'G8': G8 of Sample Plate on Opentrons 96 Deep Well Heater-Shaker Adapter on Heater-Shaker Module GEN1 on slot C1, 'H8': H8 of Sample Plate on Opentrons 96 Deep Well Heater-Shaker Adapter on Heater-Shaker Module GEN1 on slot C1, 'A9': A9 of Sample Plate on Opentrons 96 Deep Well Heater-Shaker Adapter on Heater-Shaker Module GEN1 on slot C1, 'B9': B9 of Sample Plate on Opentrons 96 Deep Well Heater-Shaker Adapter on Heater-Shaker Module GEN1 on slot C1, 'C9': C9 of Sample Plate on Opentrons 96 Deep Well Heater-Shaker Adapter on Heater-Shaker Module GEN1 on slot C1, 'D9': D9 of Sample Plate on Opentrons 96 Deep Well Heater-Shaker Adapter on Heater-Shaker Module GEN1 on slot C1, 'E9': E9 of Sample Plate on Opentrons 96 Deep Well Heater-Shaker Adapter on Heater-Shaker Module GEN1 on slot C1, 'F9': F9 of Sample Plate on Opentrons 96 Deep Well Heater-Shaker Adapter on Heater-Shaker Module GEN1 on slot C1, 'G9': G9 of Sample Plate on Opentrons 96 Deep Well Heater-Shaker Adapter on Heater-Shaker Module GEN1 on slot C1, 'H9': H9 of Sample Plate on Opentrons 96 Deep Well Heater-Shaker Adapter on Heater-Shaker Module GEN1 on slot C1, 'A10': A10 of Sample Plate on Opentrons 96 Deep Well Heater-Shaker Adapter on Heater-Shaker Module GEN1 on slot C1, 'B10': B10 of Sample Plate on Opentrons 96 Deep Well Heater-Shaker Adapter on Heater-Shaker Module GEN1 on slot C1, 'C10': C10 of Sample Plate on Opentrons 96 Deep Well Heater-Shaker Adapter on Heater-Shaker Module GEN1 on slot C1, 'D10': D10 of Sample Plate on Opentrons 96 Deep Well Heater-Shaker Adapter on Heater-Shaker Module GEN1 on slot C1, 'E10': E10 of Sample Plate on Opentrons 96 Deep Well Heater-Shaker Adapter on Heater-Shaker Module GEN1 on slot C1, 'F10': F10 of Sample Plate on Opentrons 96 Deep Well Heater-Shaker Adapter on Heater-Shaker Module GEN1 on slot C1, 'G10': G10 of Sample Plate on Opentrons 96 Deep Well Heater-Shaker Adapter on Heater-Shaker Module GEN1 on slot C1, 'H10': H10 of Sample Plate on Opentrons 96 Deep Well Heater-Shaker Adapter on Heater-Shaker Module GEN1 on slot C1, 'A11': A11 of Sample Plate on Opentrons 96 Deep Well Heater-Shaker Adapter on Heater-Shaker Module GEN1 on slot C1, 'B11': B11 of Sample Plate on Opentrons 96 Deep Well Heater-Shaker Adapter on Heater-Shaker Module GEN1 on slot C1, 'C11': C11 of Sample Plate on Opentrons 96 Deep Well Heater-Shaker Adapter on Heater-Shaker Module GEN1 on slot C1, 'D11': D11 of Sample Plate on Opentrons 96 Deep Well Heater-Shaker Adapter on Heater-Shaker Module GEN1 on slot C1, 'E11': E11 of Sample Plate on Opentrons 96 Deep Well Heater-Shaker Adapter on Heater-Shaker Module GEN1 on slot C1, 'F11': F11 of Sample Plate on Opentrons 96 Deep Well Heater-Shaker Adapter on Heater-Shaker Module GEN1 on slot C1, 'G11': G11 of Sample Plate on Opentrons 96 Deep Well Heater-Shaker Adapter on Heater-Shaker Module GEN1 on slot C1, 'H11': H11 of Sample Plate on Opentrons 96 Deep Well Heater-Shaker Adapter on Heater-Shaker Module GEN1 on slot C1, 'A12': A12 of Sample Plate on Opentrons 96 Deep Well Heater-Shaker Adapter on Heater-Shaker Module GEN1 on slot C1, 'B12': B12 of Sample Plate on Opentrons 96 Deep Well Heater-Shaker Adapter on Heater-Shaker Module GEN1 on slot C1, 'C12': C12 of Sample Plate on Opentrons 96 Deep Well Heater-Shaker Adapter on Heater-Shaker Module GEN1 on slot C1, 'D12': D12 of Sample Plate on Opentrons 96 Deep Well Heater-Shaker Adapter on Heater-Shaker Module GEN1 on slot C1, 'E12': E12 of Sample Plate on Opentrons 96 Deep Well Heater-Shaker Adapter on Heater-Shaker Module GEN1 on slot C1, 'F12': F12 of Sample Plate on Opentrons 96 Deep Well Heater-Shaker Adapter on Heater-Shaker Module GEN1 on slot C1, 'G12': G12 of Sample Plate on Opentrons 96 Deep Well Heater-Shaker Adapter on Heater-Shaker Module GEN1 on slot C1, 'H12': H12 of Sample Plate on Opentrons 96 Deep Well Heater-Shaker Adapter on Heater-Shaker Module GEN1 on slot C1}
Loading liquid into {'A1': A1 of Sample Plate on Opentrons 96 Deep Well Heater-Shaker Adapter on Heater-Shaker Module GEN1 on slot C1, 'B1': B1 of Sample Plate on Opentrons 96 Deep Well Heater-Shaker Adapter on Heater-Shaker Module GEN1 on slot C1, 'C1': C1 of Sample Plate on Opentrons 96 Deep Well Heater-Shaker Adapter on Heater-Shaker Module GEN1 on slot C1, 'D1': D1 of Sample Plate on Opentrons 96 Deep Well Heater-Shaker Adapter on Heater-Shaker Module GEN1 on slot C1, 'E1': E1 of Sample Plate on Opentrons 96 Deep Well Heater-Shaker Adapter on Heater-Shaker Module GEN1 on slot C1, 'F1': F1 of Sample Plate on Opentrons 96 Deep Well Heater-Shaker Adapter on Heater-Shaker Module GEN1 on slot C1, 'G1': G1 of Sample Plate on Opentrons 96 Deep Well Heater-Shaker Adapter on Heater-Shaker Module GEN1 on slot C1, 'H1': H1 of Sample Plate on Opentrons 96 Deep Well Heater-Shaker Adapter on Heater-Shaker Module GEN1 on slot C1, 'A2': A2 of Sample Plate on Opentrons 96 Deep Well Heater-Shaker Adapter on Heater-Shaker Module GEN1 on slot C1, 'B2': B2 of Sample Plate on Opentrons 96 Deep Well Heater-Shaker Adapter on Heater-Shaker Module GEN1 on slot C1, 'C2': C2 of Sample Plate on Opentrons 96 Deep Well Heater-Shaker Adapter on Heater-Shaker Module GEN1 on slot C1, 'D2': D2 of Sample Plate on Opentrons 96 Deep Well Heater-Shaker Adapter on Heater-Shaker Module GEN1 on slot C1, 'E2': E2 of Sample Plate on Opentrons 96 Deep Well Heater-Shaker Adapter on Heater-Shaker Module GEN1 on slot C1, 'F2': F2 of Sample Plate on Opentrons 96 Deep Well Heater-Shaker Adapter on Heater-Shaker Module GEN1 on slot C1, 'G2': G2 of Sample Plate on Opentrons 96 Deep Well Heater-Shaker Adapter on Heater-Shaker Module GEN1 on slot C1, 'H2': H2 of Sample Plate on Opentrons 96 Deep Well Heater-Shaker Adapter on Heater-Shaker Module GEN1 on slot C1, 'A3': A3 of Sample Plate on Opentrons 96 Deep Well Heater-Shaker Adapter on Heater-Shaker Module GEN1 on slot C1, 'B3': B3 of Sample Plate on Opentrons 96 Deep Well Heater-Shaker Adapter on Heater-Shaker Module GEN1 on slot C1, 'C3': C3 of Sample Plate on Opentrons 96 Deep Well Heater-Shaker Adapter on Heater-Shaker Module GEN1 on slot C1, 'D3': D3 of Sample Plate on Opentrons 96 Deep Well Heater-Shaker Adapter on Heater-Shaker Module GEN1 on slot C1, 'E3': E3 of Sample Plate on Opentrons 96 Deep Well Heater-Shaker Adapter on Heater-Shaker Module GEN1 on slot C1, 'F3': F3 of Sample Plate on Opentrons 96 Deep Well Heater-Shaker Adapter on Heater-Shaker Module GEN1 on slot C1, 'G3': G3 of Sample Plate on Opentrons 96 Deep Well Heater-Shaker Adapter on Heater-Shaker Module GEN1 on slot C1, 'H3': H3 of Sample Plate on Opentrons 96 Deep Well Heater-Shaker Adapter on Heater-Shaker Module GEN1 on slot C1, 'A4': A4 of Sample Plate on Opentrons 96 Deep Well Heater-Shaker Adapter on Heater-Shaker Module GEN1 on slot C1, 'B4': B4 of Sample Plate on Opentrons 96 Deep Well Heater-Shaker Adapter on Heater-Shaker Module GEN1 on slot C1, 'C4': C4 of Sample Plate on Opentrons 96 Deep Well Heater-Shaker Adapter on Heater-Shaker Module GEN1 on slot C1, 'D4': D4 of Sample Plate on Opentrons 96 Deep Well Heater-Shaker Adapter on Heater-Shaker Module GEN1 on slot C1, 'E4': E4 of Sample Plate on Opentrons 96 Deep Well Heater-Shaker Adapter on Heater-Shaker Module GEN1 on slot C1, 'F4': F4 of Sample Plate on Opentrons 96 Deep Well Heater-Shaker Adapter on Heater-Shaker Module GEN1 on slot C1, 'G4': G4 of Sample Plate on Opentrons 96 Deep Well Heater-Shaker Adapter on Heater-Shaker Module GEN1 on slot C1, 'H4': H4 of Sample Plate on Opentrons 96 Deep Well Heater-Shaker Adapter on Heater-Shaker Module GEN1 on slot C1, 'A5': A5 of Sample Plate on Opentrons 96 Deep Well Heater-Shaker Adapter on Heater-Shaker Module GEN1 on slot C1, 'B5': B5 of Sample Plate on Opentrons 96 Deep Well Heater-Shaker Adapter on Heater-Shaker Module GEN1 on slot C1, 'C5': C5 of Sample Plate on Opentrons 96 Deep Well Heater-Shaker Adapter on Heater-Shaker Module GEN1 on slot C1, 'D5': D5 of Sample Plate on Opentrons 96 Deep Well Heater-Shaker Adapter on Heater-Shaker Module GEN1 on slot C1, 'E5': E5 of Sample Plate on Opentrons 96 Deep Well Heater-Shaker Adapter on Heater-Shaker Module GEN1 on slot C1, 'F5': F5 of Sample Plate on Opentrons 96 Deep Well Heater-Shaker Adapter on Heater-Shaker Module GEN1 on slot C1, 'G5': G5 of Sample Plate on Opentrons 96 Deep Well Heater-Shaker Adapter on Heater-Shaker Module GEN1 on slot C1, 'H5': H5 of Sample Plate on Opentrons 96 Deep Well Heater-Shaker Adapter on Heater-Shaker Module GEN1 on slot C1, 'A6': A6 of Sample Plate on Opentrons 96 Deep Well Heater-Shaker Adapter on Heater-Shaker Module GEN1 on slot C1, 'B6': B6 of Sample Plate on Opentrons 96 Deep Well Heater-Shaker Adapter on Heater-Shaker Module GEN1 on slot C1, 'C6': C6 of Sample Plate on Opentrons 96 Deep Well Heater-Shaker Adapter on Heater-Shaker Module GEN1 on slot C1, 'D6': D6 of Sample Plate on Opentrons 96 Deep Well Heater-Shaker Adapter on Heater-Shaker Module GEN1 on slot C1, 'E6': E6 of Sample Plate on Opentrons 96 Deep Well Heater-Shaker Adapter on Heater-Shaker Module GEN1 on slot C1, 'F6': F6 of Sample Plate on Opentrons 96 Deep Well Heater-Shaker Adapter on Heater-Shaker Module GEN1 on slot C1, 'G6': G6 of Sample Plate on Opentrons 96 Deep Well Heater-Shaker Adapter on Heater-Shaker Module GEN1 on slot C1, 'H6': H6 of Sample Plate on Opentrons 96 Deep Well Heater-Shaker Adapter on Heater-Shaker Module GEN1 on slot C1, 'A7': A7 of Sample Plate on Opentrons 96 Deep Well Heater-Shaker Adapter on Heater-Shaker Module GEN1 on slot C1, 'B7': B7 of Sample Plate on Opentrons 96 Deep Well Heater-Shaker Adapter on Heater-Shaker Module GEN1 on slot C1, 'C7': C7 of Sample Plate on Opentrons 96 Deep Well Heater-Shaker Adapter on Heater-Shaker Module GEN1 on slot C1, 'D7': D7 of Sample Plate on Opentrons 96 Deep Well Heater-Shaker Adapter on Heater-Shaker Module GEN1 on slot C1, 'E7': E7 of Sample Plate on Opentrons 96 Deep Well Heater-Shaker Adapter on Heater-Shaker Module GEN1 on slot C1, 'F7': F7 of Sample Plate on Opentrons 96 Deep Well Heater-Shaker Adapter on Heater-Shaker Module GEN1 on slot C1, 'G7': G7 of Sample Plate on Opentrons 96 Deep Well Heater-Shaker Adapter on Heater-Shaker Module GEN1 on slot C1, 'H7': H7 of Sample Plate on Opentrons 96 Deep Well Heater-Shaker Adapter on Heater-Shaker Module GEN1 on slot C1, 'A8': A8 of Sample Plate on Opentrons 96 Deep Well Heater-Shaker Adapter on Heater-Shaker Module GEN1 on slot C1, 'B8': B8 of Sample Plate on Opentrons 96 Deep Well Heater-Shaker Adapter on Heater-Shaker Module GEN1 on slot C1, 'C8': C8 of Sample Plate on Opentrons 96 Deep Well Heater-Shaker Adapter on Heater-Shaker Module GEN1 on slot C1, 'D8': D8 of Sample Plate on Opentrons 96 Deep Well Heater-Shaker Adapter on Heater-Shaker Module GEN1 on slot C1, 'E8': E8 of Sample Plate on Opentrons 96 Deep Well Heater-Shaker Adapter on Heater-Shaker Module GEN1 on slot C1, 'F8': F8 of Sample Plate on Opentrons 96 Deep Well Heater-Shaker Adapter on Heater-Shaker Module GEN1 on slot C1, 'G8': G8 of Sample Plate on Opentrons 96 Deep Well Heater-Shaker Adapter on Heater-Shaker Module GEN1 on slot C1, 'H8': H8 of Sample Plate on Opentrons 96 Deep Well Heater-Shaker Adapter on Heater-Shaker Module GEN1 on slot C1, 'A9': A9 of Sample Plate on Opentrons 96 Deep Well Heater-Shaker Adapter on Heater-Shaker Module GEN1 on slot C1, 'B9': B9 of Sample Plate on Opentrons 96 Deep Well Heater-Shaker Adapter on Heater-Shaker Module GEN1 on slot C1, 'C9': C9 of Sample Plate on Opentrons 96 Deep Well Heater-Shaker Adapter on Heater-Shaker Module GEN1 on slot C1, 'D9': D9 of Sample Plate on Opentrons 96 Deep Well Heater-Shaker Adapter on Heater-Shaker Module GEN1 on slot C1, 'E9': E9 of Sample Plate on Opentrons 96 Deep Well Heater-Shaker Adapter on Heater-Shaker Module GEN1 on slot C1, 'F9': F9 of Sample Plate on Opentrons 96 Deep Well Heater-Shaker Adapter on Heater-Shaker Module GEN1 on slot C1, 'G9': G9 of Sample Plate on Opentrons 96 Deep Well Heater-Shaker Adapter on Heater-Shaker Module GEN1 on slot C1, 'H9': H9 of Sample Plate on Opentrons 96 Deep Well Heater-Shaker Adapter on Heater-Shaker Module GEN1 on slot C1, 'A10': A10 of Sample Plate on Opentrons 96 Deep Well Heater-Shaker Adapter on Heater-Shaker Module GEN1 on slot C1, 'B10': B10 of Sample Plate on Opentrons 96 Deep Well Heater-Shaker Adapter on Heater-Shaker Module GEN1 on slot C1, 'C10': C10 of Sample Plate on Opentrons 96 Deep Well Heater-Shaker Adapter on Heater-Shaker Module GEN1 on slot C1, 'D10': D10 of Sample Plate on Opentrons 96 Deep Well Heater-Shaker Adapter on Heater-Shaker Module GEN1 on slot C1, 'E10': E10 of Sample Plate on Opentrons 96 Deep Well Heater-Shaker Adapter on Heater-Shaker Module GEN1 on slot C1, 'F10': F10 of Sample Plate on Opentrons 96 Deep Well Heater-Shaker Adapter on Heater-Shaker Module GEN1 on slot C1, 'G10': G10 of Sample Plate on Opentrons 96 Deep Well Heater-Shaker Adapter on Heater-Shaker Module GEN1 on slot C1, 'H10': H10 of Sample Plate on Opentrons 96 Deep Well Heater-Shaker Adapter on Heater-Shaker Module GEN1 on slot C1, 'A11': A11 of Sample Plate on Opentrons 96 Deep Well Heater-Shaker Adapter on Heater-Shaker Module GEN1 on slot C1, 'B11': B11 of Sample Plate on Opentrons 96 Deep Well Heater-Shaker Adapter on Heater-Shaker Module GEN1 on slot C1, 'C11': C11 of Sample Plate on Opentrons 96 Deep Well Heater-Shaker Adapter on Heater-Shaker Module GEN1 on slot C1, 'D11': D11 of Sample Plate on Opentrons 96 Deep Well Heater-Shaker Adapter on Heater-Shaker Module GEN1 on slot C1, 'E11': E11 of Sample Plate on Opentrons 96 Deep Well Heater-Shaker Adapter on Heater-Shaker Module GEN1 on slot C1, 'F11': F11 of Sample Plate on Opentrons 96 Deep Well Heater-Shaker Adapter on Heater-Shaker Module GEN1 on slot C1, 'G11': G11 of Sample Plate on Opentrons 96 Deep Well Heater-Shaker Adapter on Heater-Shaker Module GEN1 on slot C1, 'H11': H11 of Sample Plate on Opentrons 96 Deep Well Heater-Shaker Adapter on Heater-Shaker Module GEN1 on slot C1, 'A12': A12 of Sample Plate on Opentrons 96 Deep Well Heater-Shaker Adapter on Heater-Shaker Module GEN1 on slot C1, 'B12': B12 of Sample Plate on Opentrons 96 Deep Well Heater-Shaker Adapter on Heater-Shaker Module GEN1 on slot C1, 'C12': C12 of Sample Plate on Opentrons 96 Deep Well Heater-Shaker Adapter on Heater-Shaker Module GEN1 on slot C1, 'D12': D12 of Sample Plate on Opentrons 96 Deep Well Heater-Shaker Adapter on Heater-Shaker Module GEN1 on slot C1, 'E12': E12 of Sample Plate on Opentrons 96 Deep Well Heater-Shaker Adapter on Heater-Shaker Module GEN1 on slot C1, 'F12': F12 of Sample Plate on Opentrons 96 Deep Well Heater-Shaker Adapter on Heater-Shaker Module GEN1 on slot C1, 'G12': G12 of Sample Plate on Opentrons 96 Deep Well Heater-Shaker Adapter on Heater-Shaker Module GEN1 on slot C1, 'H12': H12 of Sample Plate on Opentrons 96 Deep Well Heater-Shaker Adapter on Heater-Shaker Module GEN1 on slot C1}
Loading liquid into {'A1': A1 of Sample Plate on Opentrons 96 Deep Well Heater-Shaker Adapter on Heater-Shaker Module GEN1 on slot C1, 'B1': B1 of Sample Plate on Opentrons 96 Deep Well Heater-Shaker Adapter on Heater-Shaker Module GEN1 on slot C1, 'C1': C1 of Sample Plate on Opentrons 96 Deep Well Heater-Shaker Adapter on Heater-Shaker Module GEN1 on slot C1, 'D1': D1 of Sample Plate on Opentrons 96 Deep Well Heater-Shaker Adapter on Heater-Shaker Module GEN1 on slot C1, 'E1': E1 of Sample Plate on Opentrons 96 Deep Well Heater-Shaker Adapter on Heater-Shaker Module GEN1 on slot C1, 'F1': F1 of Sample Plate on Opentrons 96 Deep Well Heater-Shaker Adapter on Heater-Shaker Module GEN1 on slot C1, 'G1': G1 of Sample Plate on Opentrons 96 Deep Well Heater-Shaker Adapter on Heater-Shaker Module GEN1 on slot C1, 'H1': H1 of Sample Plate on Opentrons 96 Deep Well Heater-Shaker Adapter on Heater-Shaker Module GEN1 on slot C1, 'A2': A2 of Sample Plate on Opentrons 96 Deep Well Heater-Shaker Adapter on Heater-Shaker Module GEN1 on slot C1, 'B2': B2 of Sample Plate on Opentrons 96 Deep Well Heater-Shaker Adapter on Heater-Shaker Module GEN1 on slot C1, 'C2': C2 of Sample Plate on Opentrons 96 Deep Well Heater-Shaker Adapter on Heater-Shaker Module GEN1 on slot C1, 'D2': D2 of Sample Plate on Opentrons 96 Deep Well Heater-Shaker Adapter on Heater-Shaker Module GEN1 on slot C1, 'E2': E2 of Sample Plate on Opentrons 96 Deep Well Heater-Shaker Adapter on Heater-Shaker Module GEN1 on slot C1, 'F2': F2 of Sample Plate on Opentrons 96 Deep Well Heater-Shaker Adapter on Heater-Shaker Module GEN1 on slot C1, 'G2': G2 of Sample Plate on Opentrons 96 Deep Well Heater-Shaker Adapter on Heater-Shaker Module GEN1 on slot C1, 'H2': H2 of Sample Plate on Opentrons 96 Deep Well Heater-Shaker Adapter on Heater-Shaker Module GEN1 on slot C1, 'A3': A3 of Sample Plate on Opentrons 96 Deep Well Heater-Shaker Adapter on Heater-Shaker Module GEN1 on slot C1, 'B3': B3 of Sample Plate on Opentrons 96 Deep Well Heater-Shaker Adapter on Heater-Shaker Module GEN1 on slot C1, 'C3': C3 of Sample Plate on Opentrons 96 Deep Well Heater-Shaker Adapter on Heater-Shaker Module GEN1 on slot C1, 'D3': D3 of Sample Plate on Opentrons 96 Deep Well Heater-Shaker Adapter on Heater-Shaker Module GEN1 on slot C1, 'E3': E3 of Sample Plate on Opentrons 96 Deep Well Heater-Shaker Adapter on Heater-Shaker Module GEN1 on slot C1, 'F3': F3 of Sample Plate on Opentrons 96 Deep Well Heater-Shaker Adapter on Heater-Shaker Module GEN1 on slot C1, 'G3': G3 of Sample Plate on Opentrons 96 Deep Well Heater-Shaker Adapter on Heater-Shaker Module GEN1 on slot C1, 'H3': H3 of Sample Plate on Opentrons 96 Deep Well Heater-Shaker Adapter on Heater-Shaker Module GEN1 on slot C1, 'A4': A4 of Sample Plate on Opentrons 96 Deep Well Heater-Shaker Adapter on Heater-Shaker Module GEN1 on slot C1, 'B4': B4 of Sample Plate on Opentrons 96 Deep Well Heater-Shaker Adapter on Heater-Shaker Module GEN1 on slot C1, 'C4': C4 of Sample Plate on Opentrons 96 Deep Well Heater-Shaker Adapter on Heater-Shaker Module GEN1 on slot C1, 'D4': D4 of Sample Plate on Opentrons 96 Deep Well Heater-Shaker Adapter on Heater-Shaker Module GEN1 on slot C1, 'E4': E4 of Sample Plate on Opentrons 96 Deep Well Heater-Shaker Adapter on Heater-Shaker Module GEN1 on slot C1, 'F4': F4 of Sample Plate on Opentrons 96 Deep Well Heater-Shaker Adapter on Heater-Shaker Module GEN1 on slot C1, 'G4': G4 of Sample Plate on Opentrons 96 Deep Well Heater-Shaker Adapter on Heater-Shaker Module GEN1 on slot C1, 'H4': H4 of Sample Plate on Opentrons 96 Deep Well Heater-Shaker Adapter on Heater-Shaker Module GEN1 on slot C1, 'A5': A5 of Sample Plate on Opentrons 96 Deep Well Heater-Shaker Adapter on Heater-Shaker Module GEN1 on slot C1, 'B5': B5 of Sample Plate on Opentrons 96 Deep Well Heater-Shaker Adapter on Heater-Shaker Module GEN1 on slot C1, 'C5': C5 of Sample Plate on Opentrons 96 Deep Well Heater-Shaker Adapter on Heater-Shaker Module GEN1 on slot C1, 'D5': D5 of Sample Plate on Opentrons 96 Deep Well Heater-Shaker Adapter on Heater-Shaker Module GEN1 on slot C1, 'E5': E5 of Sample Plate on Opentrons 96 Deep Well Heater-Shaker Adapter on Heater-Shaker Module GEN1 on slot C1, 'F5': F5 of Sample Plate on Opentrons 96 Deep Well Heater-Shaker Adapter on Heater-Shaker Module GEN1 on slot C1, 'G5': G5 of Sample Plate on Opentrons 96 Deep Well Heater-Shaker Adapter on Heater-Shaker Module GEN1 on slot C1, 'H5': H5 of Sample Plate on Opentrons 96 Deep Well Heater-Shaker Adapter on Heater-Shaker Module GEN1 on slot C1, 'A6': A6 of Sample Plate on Opentrons 96 Deep Well Heater-Shaker Adapter on Heater-Shaker Module GEN1 on slot C1, 'B6': B6 of Sample Plate on Opentrons 96 Deep Well Heater-Shaker Adapter on Heater-Shaker Module GEN1 on slot C1, 'C6': C6 of Sample Plate on Opentrons 96 Deep Well Heater-Shaker Adapter on Heater-Shaker Module GEN1 on slot C1, 'D6': D6 of Sample Plate on Opentrons 96 Deep Well Heater-Shaker Adapter on Heater-Shaker Module GEN1 on slot C1, 'E6': E6 of Sample Plate on Opentrons 96 Deep Well Heater-Shaker Adapter on Heater-Shaker Module GEN1 on slot C1, 'F6': F6 of Sample Plate on Opentrons 96 Deep Well Heater-Shaker Adapter on Heater-Shaker Module GEN1 on slot C1, 'G6': G6 of Sample Plate on Opentrons 96 Deep Well Heater-Shaker Adapter on Heater-Shaker Module GEN1 on slot C1, 'H6': H6 of Sample Plate on Opentrons 96 Deep Well Heater-Shaker Adapter on Heater-Shaker Module GEN1 on slot C1, 'A7': A7 of Sample Plate on Opentrons 96 Deep Well Heater-Shaker Adapter on Heater-Shaker Module GEN1 on slot C1, 'B7': B7 of Sample Plate on Opentrons 96 Deep Well Heater-Shaker Adapter on Heater-Shaker Module GEN1 on slot C1, 'C7': C7 of Sample Plate on Opentrons 96 Deep Well Heater-Shaker Adapter on Heater-Shaker Module GEN1 on slot C1, 'D7': D7 of Sample Plate on Opentrons 96 Deep Well Heater-Shaker Adapter on Heater-Shaker Module GEN1 on slot C1, 'E7': E7 of Sample Plate on Opentrons 96 Deep Well Heater-Shaker Adapter on Heater-Shaker Module GEN1 on slot C1, 'F7': F7 of Sample Plate on Opentrons 96 Deep Well Heater-Shaker Adapter on Heater-Shaker Module GEN1 on slot C1, 'G7': G7 of Sample Plate on Opentrons 96 Deep Well Heater-Shaker Adapter on Heater-Shaker Module GEN1 on slot C1, 'H7': H7 of Sample Plate on Opentrons 96 Deep Well Heater-Shaker Adapter on Heater-Shaker Module GEN1 on slot C1, 'A8': A8 of Sample Plate on Opentrons 96 Deep Well Heater-Shaker Adapter on Heater-Shaker Module GEN1 on slot C1, 'B8': B8 of Sample Plate on Opentrons 96 Deep Well Heater-Shaker Adapter on Heater-Shaker Module GEN1 on slot C1, 'C8': C8 of Sample Plate on Opentrons 96 Deep Well Heater-Shaker Adapter on Heater-Shaker Module GEN1 on slot C1, 'D8': D8 of Sample Plate on Opentrons 96 Deep Well Heater-Shaker Adapter on Heater-Shaker Module GEN1 on slot C1, 'E8': E8 of Sample Plate on Opentrons 96 Deep Well Heater-Shaker Adapter on Heater-Shaker Module GEN1 on slot C1, 'F8': F8 of Sample Plate on Opentrons 96 Deep Well Heater-Shaker Adapter on Heater-Shaker Module GEN1 on slot C1, 'G8': G8 of Sample Plate on Opentrons 96 Deep Well Heater-Shaker Adapter on Heater-Shaker Module GEN1 on slot C1, 'H8': H8 of Sample Plate on Opentrons 96 Deep Well Heater-Shaker Adapter on Heater-Shaker Module GEN1 on slot C1, 'A9': A9 of Sample Plate on Opentrons 96 Deep Well Heater-Shaker Adapter on Heater-Shaker Module GEN1 on slot C1, 'B9': B9 of Sample Plate on Opentrons 96 Deep Well Heater-Shaker Adapter on Heater-Shaker Module GEN1 on slot C1, 'C9': C9 of Sample Plate on Opentrons 96 Deep Well Heater-Shaker Adapter on Heater-Shaker Module GEN1 on slot C1, 'D9': D9 of Sample Plate on Opentrons 96 Deep Well Heater-Shaker Adapter on Heater-Shaker Module GEN1 on slot C1, 'E9': E9 of Sample Plate on Opentrons 96 Deep Well Heater-Shaker Adapter on Heater-Shaker Module GEN1 on slot C1, 'F9': F9 of Sample Plate on Opentrons 96 Deep Well Heater-Shaker Adapter on Heater-Shaker Module GEN1 on slot C1, 'G9': G9 of Sample Plate on Opentrons 96 Deep Well Heater-Shaker Adapter on Heater-Shaker Module GEN1 on slot C1, 'H9': H9 of Sample Plate on Opentrons 96 Deep Well Heater-Shaker Adapter on Heater-Shaker Module GEN1 on slot C1, 'A10': A10 of Sample Plate on Opentrons 96 Deep Well Heater-Shaker Adapter on Heater-Shaker Module GEN1 on slot C1, 'B10': B10 of Sample Plate on Opentrons 96 Deep Well Heater-Shaker Adapter on Heater-Shaker Module GEN1 on slot C1, 'C10': C10 of Sample Plate on Opentrons 96 Deep Well Heater-Shaker Adapter on Heater-Shaker Module GEN1 on slot C1, 'D10': D10 of Sample Plate on Opentrons 96 Deep Well Heater-Shaker Adapter on Heater-Shaker Module GEN1 on slot C1, 'E10': E10 of Sample Plate on Opentrons 96 Deep Well Heater-Shaker Adapter on Heater-Shaker Module GEN1 on slot C1, 'F10': F10 of Sample Plate on Opentrons 96 Deep Well Heater-Shaker Adapter on Heater-Shaker Module GEN1 on slot C1, 'G10': G10 of Sample Plate on Opentrons 96 Deep Well Heater-Shaker Adapter on Heater-Shaker Module GEN1 on slot C1, 'H10': H10 of Sample Plate on Opentrons 96 Deep Well Heater-Shaker Adapter on Heater-Shaker Module GEN1 on slot C1, 'A11': A11 of Sample Plate on Opentrons 96 Deep Well Heater-Shaker Adapter on Heater-Shaker Module GEN1 on slot C1, 'B11': B11 of Sample Plate on Opentrons 96 Deep Well Heater-Shaker Adapter on Heater-Shaker Module GEN1 on slot C1, 'C11': C11 of Sample Plate on Opentrons 96 Deep Well Heater-Shaker Adapter on Heater-Shaker Module GEN1 on slot C1, 'D11': D11 of Sample Plate on Opentrons 96 Deep Well Heater-Shaker Adapter on Heater-Shaker Module GEN1 on slot C1, 'E11': E11 of Sample Plate on Opentrons 96 Deep Well Heater-Shaker Adapter on Heater-Shaker Module GEN1 on slot C1, 'F11': F11 of Sample Plate on Opentrons 96 Deep Well Heater-Shaker Adapter on Heater-Shaker Module GEN1 on slot C1, 'G11': G11 of Sample Plate on Opentrons 96 Deep Well Heater-Shaker Adapter on Heater-Shaker Module GEN1 on slot C1, 'H11': H11 of Sample Plate on Opentrons 96 Deep Well Heater-Shaker Adapter on Heater-Shaker Module GEN1 on slot C1, 'A12': A12 of Sample Plate on Opentrons 96 Deep Well Heater-Shaker Adapter on Heater-Shaker Module GEN1 on slot C1, 'B12': B12 of Sample Plate on Opentrons 96 Deep Well Heater-Shaker Adapter on Heater-Shaker Module GEN1 on slot C1, 'C12': C12 of Sample Plate on Opentrons 96 Deep Well Heater-Shaker Adapter on Heater-Shaker Module GEN1 on slot C1, 'D12': D12 of Sample Plate on Opentrons 96 Deep Well Heater-Shaker Adapter on Heater-Shaker Module GEN1 on slot C1, 'E12': E12 of Sample Plate on Opentrons 96 Deep Well Heater-Shaker Adapter on Heater-Shaker Module GEN1 on slot C1, 'F12': F12 of Sample Plate on Opentrons 96 Deep Well Heater-Shaker Adapter on Heater-Shaker Module GEN1 on slot C1, 'G12': G12 of Sample Plate on Opentrons 96 Deep Well Heater-Shaker Adapter on Heater-Shaker Module GEN1 on slot C1, 'H12': H12 of Sample Plate on Opentrons 96 Deep Well Heater-Shaker Adapter on Heater-Shaker Module GEN1 on slot C1}
Loading liquid into {'A1': A1 of Sample Plate on Opentrons 96 Deep Well Heater-Shaker Adapter on Heater-Shaker Module GEN1 on slot C1, 'B1': B1 of Sample Plate on Opentrons 96 Deep Well Heater-Shaker Adapter on Heater-Shaker Module GEN1 on slot C1, 'C1': C1 of Sample Plate on Opentrons 96 Deep Well Heater-Shaker Adapter on Heater-Shaker Module GEN1 on slot C1, 'D1': D1 of Sample Plate on Opentrons 96 Deep Well Heater-Shaker Adapter on Heater-Shaker Module GEN1 on slot C1, 'E1': E1 of Sample Plate on Opentrons 96 Deep Well Heater-Shaker Adapter on Heater-Shaker Module GEN1 on slot C1, 'F1': F1 of Sample Plate on Opentrons 96 Deep Well Heater-Shaker Adapter on Heater-Shaker Module GEN1 on slot C1, 'G1': G1 of Sample Plate on Opentrons 96 Deep Well Heater-Shaker Adapter on Heater-Shaker Module GEN1 on slot C1, 'H1': H1 of Sample Plate on Opentrons 96 Deep Well Heater-Shaker Adapter on Heater-Shaker Module GEN1 on slot C1, 'A2': A2 of Sample Plate on Opentrons 96 Deep Well Heater-Shaker Adapter on Heater-Shaker Module GEN1 on slot C1, 'B2': B2 of Sample Plate on Opentrons 96 Deep Well Heater-Shaker Adapter on Heater-Shaker Module GEN1 on slot C1, 'C2': C2 of Sample Plate on Opentrons 96 Deep Well Heater-Shaker Adapter on Heater-Shaker Module GEN1 on slot C1, 'D2': D2 of Sample Plate on Opentrons 96 Deep Well Heater-Shaker Adapter on Heater-Shaker Module GEN1 on slot C1, 'E2': E2 of Sample Plate on Opentrons 96 Deep Well Heater-Shaker Adapter on Heater-Shaker Module GEN1 on slot C1, 'F2': F2 of Sample Plate on Opentrons 96 Deep Well Heater-Shaker Adapter on Heater-Shaker Module GEN1 on slot C1, 'G2': G2 of Sample Plate on Opentrons 96 Deep Well Heater-Shaker Adapter on Heater-Shaker Module GEN1 on slot C1, 'H2': H2 of Sample Plate on Opentrons 96 Deep Well Heater-Shaker Adapter on Heater-Shaker Module GEN1 on slot C1, 'A3': A3 of Sample Plate on Opentrons 96 Deep Well Heater-Shaker Adapter on Heater-Shaker Module GEN1 on slot C1, 'B3': B3 of Sample Plate on Opentrons 96 Deep Well Heater-Shaker Adapter on Heater-Shaker Module GEN1 on slot C1, 'C3': C3 of Sample Plate on Opentrons 96 Deep Well Heater-Shaker Adapter on Heater-Shaker Module GEN1 on slot C1, 'D3': D3 of Sample Plate on Opentrons 96 Deep Well Heater-Shaker Adapter on Heater-Shaker Module GEN1 on slot C1, 'E3': E3 of Sample Plate on Opentrons 96 Deep Well Heater-Shaker Adapter on Heater-Shaker Module GEN1 on slot C1, 'F3': F3 of Sample Plate on Opentrons 96 Deep Well Heater-Shaker Adapter on Heater-Shaker Module GEN1 on slot C1, 'G3': G3 of Sample Plate on Opentrons 96 Deep Well Heater-Shaker Adapter on Heater-Shaker Module GEN1 on slot C1, 'H3': H3 of Sample Plate on Opentrons 96 Deep Well Heater-Shaker Adapter on Heater-Shaker Module GEN1 on slot C1, 'A4': A4 of Sample Plate on Opentrons 96 Deep Well Heater-Shaker Adapter on Heater-Shaker Module GEN1 on slot C1, 'B4': B4 of Sample Plate on Opentrons 96 Deep Well Heater-Shaker Adapter on Heater-Shaker Module GEN1 on slot C1, 'C4': C4 of Sample Plate on Opentrons 96 Deep Well Heater-Shaker Adapter on Heater-Shaker Module GEN1 on slot C1, 'D4': D4 of Sample Plate on Opentrons 96 Deep Well Heater-Shaker Adapter on Heater-Shaker Module GEN1 on slot C1, 'E4': E4 of Sample Plate on Opentrons 96 Deep Well Heater-Shaker Adapter on Heater-Shaker Module GEN1 on slot C1, 'F4': F4 of Sample Plate on Opentrons 96 Deep Well Heater-Shaker Adapter on Heater-Shaker Module GEN1 on slot C1, 'G4': G4 of Sample Plate on Opentrons 96 Deep Well Heater-Shaker Adapter on Heater-Shaker Module GEN1 on slot C1, 'H4': H4 of Sample Plate on Opentrons 96 Deep Well Heater-Shaker Adapter on Heater-Shaker Module GEN1 on slot C1, 'A5': A5 of Sample Plate on Opentrons 96 Deep Well Heater-Shaker Adapter on Heater-Shaker Module GEN1 on slot C1, 'B5': B5 of Sample Plate on Opentrons 96 Deep Well Heater-Shaker Adapter on Heater-Shaker Module GEN1 on slot C1, 'C5': C5 of Sample Plate on Opentrons 96 Deep Well Heater-Shaker Adapter on Heater-Shaker Module GEN1 on slot C1, 'D5': D5 of Sample Plate on Opentrons 96 Deep Well Heater-Shaker Adapter on Heater-Shaker Module GEN1 on slot C1, 'E5': E5 of Sample Plate on Opentrons 96 Deep Well Heater-Shaker Adapter on Heater-Shaker Module GEN1 on slot C1, 'F5': F5 of Sample Plate on Opentrons 96 Deep Well Heater-Shaker Adapter on Heater-Shaker Module GEN1 on slot C1, 'G5': G5 of Sample Plate on Opentrons 96 Deep Well Heater-Shaker Adapter on Heater-Shaker Module GEN1 on slot C1, 'H5': H5 of Sample Plate on Opentrons 96 Deep Well Heater-Shaker Adapter on Heater-Shaker Module GEN1 on slot C1, 'A6': A6 of Sample Plate on Opentrons 96 Deep Well Heater-Shaker Adapter on Heater-Shaker Module GEN1 on slot C1, 'B6': B6 of Sample Plate on Opentrons 96 Deep Well Heater-Shaker Adapter on Heater-Shaker Module GEN1 on slot C1, 'C6': C6 of Sample Plate on Opentrons 96 Deep Well Heater-Shaker Adapter on Heater-Shaker Module GEN1 on slot C1, 'D6': D6 of Sample Plate on Opentrons 96 Deep Well Heater-Shaker Adapter on Heater-Shaker Module GEN1 on slot C1, 'E6': E6 of Sample Plate on Opentrons 96 Deep Well Heater-Shaker Adapter on Heater-Shaker Module GEN1 on slot C1, 'F6': F6 of Sample Plate on Opentrons 96 Deep Well Heater-Shaker Adapter on Heater-Shaker Module GEN1 on slot C1, 'G6': G6 of Sample Plate on Opentrons 96 Deep Well Heater-Shaker Adapter on Heater-Shaker Module GEN1 on slot C1, 'H6': H6 of Sample Plate on Opentrons 96 Deep Well Heater-Shaker Adapter on Heater-Shaker Module GEN1 on slot C1, 'A7': A7 of Sample Plate on Opentrons 96 Deep Well Heater-Shaker Adapter on Heater-Shaker Module GEN1 on slot C1, 'B7': B7 of Sample Plate on Opentrons 96 Deep Well Heater-Shaker Adapter on Heater-Shaker Module GEN1 on slot C1, 'C7': C7 of Sample Plate on Opentrons 96 Deep Well Heater-Shaker Adapter on Heater-Shaker Module GEN1 on slot C1, 'D7': D7 of Sample Plate on Opentrons 96 Deep Well Heater-Shaker Adapter on Heater-Shaker Module GEN1 on slot C1, 'E7': E7 of Sample Plate on Opentrons 96 Deep Well Heater-Shaker Adapter on Heater-Shaker Module GEN1 on slot C1, 'F7': F7 of Sample Plate on Opentrons 96 Deep Well Heater-Shaker Adapter on Heater-Shaker Module GEN1 on slot C1, 'G7': G7 of Sample Plate on Opentrons 96 Deep Well Heater-Shaker Adapter on Heater-Shaker Module GEN1 on slot C1, 'H7': H7 of Sample Plate on Opentrons 96 Deep Well Heater-Shaker Adapter on Heater-Shaker Module GEN1 on slot C1, 'A8': A8 of Sample Plate on Opentrons 96 Deep Well Heater-Shaker Adapter on Heater-Shaker Module GEN1 on slot C1, 'B8': B8 of Sample Plate on Opentrons 96 Deep Well Heater-Shaker Adapter on Heater-Shaker Module GEN1 on slot C1, 'C8': C8 of Sample Plate on Opentrons 96 Deep Well Heater-Shaker Adapter on Heater-Shaker Module GEN1 on slot C1, 'D8': D8 of Sample Plate on Opentrons 96 Deep Well Heater-Shaker Adapter on Heater-Shaker Module GEN1 on slot C1, 'E8': E8 of Sample Plate on Opentrons 96 Deep Well Heater-Shaker Adapter on Heater-Shaker Module GEN1 on slot C1, 'F8': F8 of Sample Plate on Opentrons 96 Deep Well Heater-Shaker Adapter on Heater-Shaker Module GEN1 on slot C1, 'G8': G8 of Sample Plate on Opentrons 96 Deep Well Heater-Shaker Adapter on Heater-Shaker Module GEN1 on slot C1, 'H8': H8 of Sample Plate on Opentrons 96 Deep Well Heater-Shaker Adapter on Heater-Shaker Module GEN1 on slot C1, 'A9': A9 of Sample Plate on Opentrons 96 Deep Well Heater-Shaker Adapter on Heater-Shaker Module GEN1 on slot C1, 'B9': B9 of Sample Plate on Opentrons 96 Deep Well Heater-Shaker Adapter on Heater-Shaker Module GEN1 on slot C1, 'C9': C9 of Sample Plate on Opentrons 96 Deep Well Heater-Shaker Adapter on Heater-Shaker Module GEN1 on slot C1, 'D9': D9 of Sample Plate on Opentrons 96 Deep Well Heater-Shaker Adapter on Heater-Shaker Module GEN1 on slot C1, 'E9': E9 of Sample Plate on Opentrons 96 Deep Well Heater-Shaker Adapter on Heater-Shaker Module GEN1 on slot C1, 'F9': F9 of Sample Plate on Opentrons 96 Deep Well Heater-Shaker Adapter on Heater-Shaker Module GEN1 on slot C1, 'G9': G9 of Sample Plate on Opentrons 96 Deep Well Heater-Shaker Adapter on Heater-Shaker Module GEN1 on slot C1, 'H9': H9 of Sample Plate on Opentrons 96 Deep Well Heater-Shaker Adapter on Heater-Shaker Module GEN1 on slot C1, 'A10': A10 of Sample Plate on Opentrons 96 Deep Well Heater-Shaker Adapter on Heater-Shaker Module GEN1 on slot C1, 'B10': B10 of Sample Plate on Opentrons 96 Deep Well Heater-Shaker Adapter on Heater-Shaker Module GEN1 on slot C1, 'C10': C10 of Sample Plate on Opentrons 96 Deep Well Heater-Shaker Adapter on Heater-Shaker Module GEN1 on slot C1, 'D10': D10 of Sample Plate on Opentrons 96 Deep Well Heater-Shaker Adapter on Heater-Shaker Module GEN1 on slot C1, 'E10': E10 of Sample Plate on Opentrons 96 Deep Well Heater-Shaker Adapter on Heater-Shaker Module GEN1 on slot C1, 'F10': F10 of Sample Plate on Opentrons 96 Deep Well Heater-Shaker Adapter on Heater-Shaker Module GEN1 on slot C1, 'G10': G10 of Sample Plate on Opentrons 96 Deep Well Heater-Shaker Adapter on Heater-Shaker Module GEN1 on slot C1, 'H10': H10 of Sample Plate on Opentrons 96 Deep Well Heater-Shaker Adapter on Heater-Shaker Module GEN1 on slot C1, 'A11': A11 of Sample Plate on Opentrons 96 Deep Well Heater-Shaker Adapter on Heater-Shaker Module GEN1 on slot C1, 'B11': B11 of Sample Plate on Opentrons 96 Deep Well Heater-Shaker Adapter on Heater-Shaker Module GEN1 on slot C1, 'C11': C11 of Sample Plate on Opentrons 96 Deep Well Heater-Shaker Adapter on Heater-Shaker Module GEN1 on slot C1, 'D11': D11 of Sample Plate on Opentrons 96 Deep Well Heater-Shaker Adapter on Heater-Shaker Module GEN1 on slot C1, 'E11': E11 of Sample Plate on Opentrons 96 Deep Well Heater-Shaker Adapter on Heater-Shaker Module GEN1 on slot C1, 'F11': F11 of Sample Plate on Opentrons 96 Deep Well Heater-Shaker Adapter on Heater-Shaker Module GEN1 on slot C1, 'G11': G11 of Sample Plate on Opentrons 96 Deep Well Heater-Shaker Adapter on Heater-Shaker Module GEN1 on slot C1, 'H11': H11 of Sample Plate on Opentrons 96 Deep Well Heater-Shaker Adapter on Heater-Shaker Module GEN1 on slot C1, 'A12': A12 of Sample Plate on Opentrons 96 Deep Well Heater-Shaker Adapter on Heater-Shaker Module GEN1 on slot C1, 'B12': B12 of Sample Plate on Opentrons 96 Deep Well Heater-Shaker Adapter on Heater-Shaker Module GEN1 on slot C1, 'C12': C12 of Sample Plate on Opentrons 96 Deep Well Heater-Shaker Adapter on Heater-Shaker Module GEN1 on slot C1, 'D12': D12 of Sample Plate on Opentrons 96 Deep Well Heater-Shaker Adapter on Heater-Shaker Module GEN1 on slot C1, 'E12': E12 of Sample Plate on Opentrons 96 Deep Well Heater-Shaker Adapter on Heater-Shaker Module GEN1 on slot C1, 'F12': F12 of Sample Plate on Opentrons 96 Deep Well Heater-Shaker Adapter on Heater-Shaker Module GEN1 on slot C1, 'G12': G12 of Sample Plate on Opentrons 96 Deep Well Heater-Shaker Adapter on Heater-Shaker Module GEN1 on slot C1, 'H12': H12 of Sample Plate on Opentrons 96 Deep Well Heater-Shaker Adapter on Heater-Shaker Module GEN1 on slot C1}
Loading liquid into {'A1': A1 of Sample Plate on Opentrons 96 Deep Well Heater-Shaker Adapter on Heater-Shaker Module GEN1 on slot C1, 'B1': B1 of Sample Plate on Opentrons 96 Deep Well Heater-Shaker Adapter on Heater-Shaker Module GEN1 on slot C1, 'C1': C1 of Sample Plate on Opentrons 96 Deep Well Heater-Shaker Adapter on Heater-Shaker Module GEN1 on slot C1, 'D1': D1 of Sample Plate on Opentrons 96 Deep Well Heater-Shaker Adapter on Heater-Shaker Module GEN1 on slot C1, 'E1': E1 of Sample Plate on Opentrons 96 Deep Well Heater-Shaker Adapter on Heater-Shaker Module GEN1 on slot C1, 'F1': F1 of Sample Plate on Opentrons 96 Deep Well Heater-Shaker Adapter on Heater-Shaker Module GEN1 on slot C1, 'G1': G1 of Sample Plate on Opentrons 96 Deep Well Heater-Shaker Adapter on Heater-Shaker Module GEN1 on slot C1, 'H1': H1 of Sample Plate on Opentrons 96 Deep Well Heater-Shaker Adapter on Heater-Shaker Module GEN1 on slot C1, 'A2': A2 of Sample Plate on Opentrons 96 Deep Well Heater-Shaker Adapter on Heater-Shaker Module GEN1 on slot C1, 'B2': B2 of Sample Plate on Opentrons 96 Deep Well Heater-Shaker Adapter on Heater-Shaker Module GEN1 on slot C1, 'C2': C2 of Sample Plate on Opentrons 96 Deep Well Heater-Shaker Adapter on Heater-Shaker Module GEN1 on slot C1, 'D2': D2 of Sample Plate on Opentrons 96 Deep Well Heater-Shaker Adapter on Heater-Shaker Module GEN1 on slot C1, 'E2': E2 of Sample Plate on Opentrons 96 Deep Well Heater-Shaker Adapter on Heater-Shaker Module GEN1 on slot C1, 'F2': F2 of Sample Plate on Opentrons 96 Deep Well Heater-Shaker Adapter on Heater-Shaker Module GEN1 on slot C1, 'G2': G2 of Sample Plate on Opentrons 96 Deep Well Heater-Shaker Adapter on Heater-Shaker Module GEN1 on slot C1, 'H2': H2 of Sample Plate on Opentrons 96 Deep Well Heater-Shaker Adapter on Heater-Shaker Module GEN1 on slot C1, 'A3': A3 of Sample Plate on Opentrons 96 Deep Well Heater-Shaker Adapter on Heater-Shaker Module GEN1 on slot C1, 'B3': B3 of Sample Plate on Opentrons 96 Deep Well Heater-Shaker Adapter on Heater-Shaker Module GEN1 on slot C1, 'C3': C3 of Sample Plate on Opentrons 96 Deep Well Heater-Shaker Adapter on Heater-Shaker Module GEN1 on slot C1, 'D3': D3 of Sample Plate on Opentrons 96 Deep Well Heater-Shaker Adapter on Heater-Shaker Module GEN1 on slot C1, 'E3': E3 of Sample Plate on Opentrons 96 Deep Well Heater-Shaker Adapter on Heater-Shaker Module GEN1 on slot C1, 'F3': F3 of Sample Plate on Opentrons 96 Deep Well Heater-Shaker Adapter on Heater-Shaker Module GEN1 on slot C1, 'G3': G3 of Sample Plate on Opentrons 96 Deep Well Heater-Shaker Adapter on Heater-Shaker Module GEN1 on slot C1, 'H3': H3 of Sample Plate on Opentrons 96 Deep Well Heater-Shaker Adapter on Heater-Shaker Module GEN1 on slot C1, 'A4': A4 of Sample Plate on Opentrons 96 Deep Well Heater-Shaker Adapter on Heater-Shaker Module GEN1 on slot C1, 'B4': B4 of Sample Plate on Opentrons 96 Deep Well Heater-Shaker Adapter on Heater-Shaker Module GEN1 on slot C1, 'C4': C4 of Sample Plate on Opentrons 96 Deep Well Heater-Shaker Adapter on Heater-Shaker Module GEN1 on slot C1, 'D4': D4 of Sample Plate on Opentrons 96 Deep Well Heater-Shaker Adapter on Heater-Shaker Module GEN1 on slot C1, 'E4': E4 of Sample Plate on Opentrons 96 Deep Well Heater-Shaker Adapter on Heater-Shaker Module GEN1 on slot C1, 'F4': F4 of Sample Plate on Opentrons 96 Deep Well Heater-Shaker Adapter on Heater-Shaker Module GEN1 on slot C1, 'G4': G4 of Sample Plate on Opentrons 96 Deep Well Heater-Shaker Adapter on Heater-Shaker Module GEN1 on slot C1, 'H4': H4 of Sample Plate on Opentrons 96 Deep Well Heater-Shaker Adapter on Heater-Shaker Module GEN1 on slot C1, 'A5': A5 of Sample Plate on Opentrons 96 Deep Well Heater-Shaker Adapter on Heater-Shaker Module GEN1 on slot C1, 'B5': B5 of Sample Plate on Opentrons 96 Deep Well Heater-Shaker Adapter on Heater-Shaker Module GEN1 on slot C1, 'C5': C5 of Sample Plate on Opentrons 96 Deep Well Heater-Shaker Adapter on Heater-Shaker Module GEN1 on slot C1, 'D5': D5 of Sample Plate on Opentrons 96 Deep Well Heater-Shaker Adapter on Heater-Shaker Module GEN1 on slot C1, 'E5': E5 of Sample Plate on Opentrons 96 Deep Well Heater-Shaker Adapter on Heater-Shaker Module GEN1 on slot C1, 'F5': F5 of Sample Plate on Opentrons 96 Deep Well Heater-Shaker Adapter on Heater-Shaker Module GEN1 on slot C1, 'G5': G5 of Sample Plate on Opentrons 96 Deep Well Heater-Shaker Adapter on Heater-Shaker Module GEN1 on slot C1, 'H5': H5 of Sample Plate on Opentrons 96 Deep Well Heater-Shaker Adapter on Heater-Shaker Module GEN1 on slot C1, 'A6': A6 of Sample Plate on Opentrons 96 Deep Well Heater-Shaker Adapter on Heater-Shaker Module GEN1 on slot C1, 'B6': B6 of Sample Plate on Opentrons 96 Deep Well Heater-Shaker Adapter on Heater-Shaker Module GEN1 on slot C1, 'C6': C6 of Sample Plate on Opentrons 96 Deep Well Heater-Shaker Adapter on Heater-Shaker Module GEN1 on slot C1, 'D6': D6 of Sample Plate on Opentrons 96 Deep Well Heater-Shaker Adapter on Heater-Shaker Module GEN1 on slot C1, 'E6': E6 of Sample Plate on Opentrons 96 Deep Well Heater-Shaker Adapter on Heater-Shaker Module GEN1 on slot C1, 'F6': F6 of Sample Plate on Opentrons 96 Deep Well Heater-Shaker Adapter on Heater-Shaker Module GEN1 on slot C1, 'G6': G6 of Sample Plate on Opentrons 96 Deep Well Heater-Shaker Adapter on Heater-Shaker Module GEN1 on slot C1, 'H6': H6 of Sample Plate on Opentrons 96 Deep Well Heater-Shaker Adapter on Heater-Shaker Module GEN1 on slot C1, 'A7': A7 of Sample Plate on Opentrons 96 Deep Well Heater-Shaker Adapter on Heater-Shaker Module GEN1 on slot C1, 'B7': B7 of Sample Plate on Opentrons 96 Deep Well Heater-Shaker Adapter on Heater-Shaker Module GEN1 on slot C1, 'C7': C7 of Sample Plate on Opentrons 96 Deep Well Heater-Shaker Adapter on Heater-Shaker Module GEN1 on slot C1, 'D7': D7 of Sample Plate on Opentrons 96 Deep Well Heater-Shaker Adapter on Heater-Shaker Module GEN1 on slot C1, 'E7': E7 of Sample Plate on Opentrons 96 Deep Well Heater-Shaker Adapter on Heater-Shaker Module GEN1 on slot C1, 'F7': F7 of Sample Plate on Opentrons 96 Deep Well Heater-Shaker Adapter on Heater-Shaker Module GEN1 on slot C1, 'G7': G7 of Sample Plate on Opentrons 96 Deep Well Heater-Shaker Adapter on Heater-Shaker Module GEN1 on slot C1, 'H7': H7 of Sample Plate on Opentrons 96 Deep Well Heater-Shaker Adapter on Heater-Shaker Module GEN1 on slot C1, 'A8': A8 of Sample Plate on Opentrons 96 Deep Well Heater-Shaker Adapter on Heater-Shaker Module GEN1 on slot C1, 'B8': B8 of Sample Plate on Opentrons 96 Deep Well Heater-Shaker Adapter on Heater-Shaker Module GEN1 on slot C1, 'C8': C8 of Sample Plate on Opentrons 96 Deep Well Heater-Shaker Adapter on Heater-Shaker Module GEN1 on slot C1, 'D8': D8 of Sample Plate on Opentrons 96 Deep Well Heater-Shaker Adapter on Heater-Shaker Module GEN1 on slot C1, 'E8': E8 of Sample Plate on Opentrons 96 Deep Well Heater-Shaker Adapter on Heater-Shaker Module GEN1 on slot C1, 'F8': F8 of Sample Plate on Opentrons 96 Deep Well Heater-Shaker Adapter on Heater-Shaker Module GEN1 on slot C1, 'G8': G8 of Sample Plate on Opentrons 96 Deep Well Heater-Shaker Adapter on Heater-Shaker Module GEN1 on slot C1, 'H8': H8 of Sample Plate on Opentrons 96 Deep Well Heater-Shaker Adapter on Heater-Shaker Module GEN1 on slot C1, 'A9': A9 of Sample Plate on Opentrons 96 Deep Well Heater-Shaker Adapter on Heater-Shaker Module GEN1 on slot C1, 'B9': B9 of Sample Plate on Opentrons 96 Deep Well Heater-Shaker Adapter on Heater-Shaker Module GEN1 on slot C1, 'C9': C9 of Sample Plate on Opentrons 96 Deep Well Heater-Shaker Adapter on Heater-Shaker Module GEN1 on slot C1, 'D9': D9 of Sample Plate on Opentrons 96 Deep Well Heater-Shaker Adapter on Heater-Shaker Module GEN1 on slot C1, 'E9': E9 of Sample Plate on Opentrons 96 Deep Well Heater-Shaker Adapter on Heater-Shaker Module GEN1 on slot C1, 'F9': F9 of Sample Plate on Opentrons 96 Deep Well Heater-Shaker Adapter on Heater-Shaker Module GEN1 on slot C1, 'G9': G9 of Sample Plate on Opentrons 96 Deep Well Heater-Shaker Adapter on Heater-Shaker Module GEN1 on slot C1, 'H9': H9 of Sample Plate on Opentrons 96 Deep Well Heater-Shaker Adapter on Heater-Shaker Module GEN1 on slot C1, 'A10': A10 of Sample Plate on Opentrons 96 Deep Well Heater-Shaker Adapter on Heater-Shaker Module GEN1 on slot C1, 'B10': B10 of Sample Plate on Opentrons 96 Deep Well Heater-Shaker Adapter on Heater-Shaker Module GEN1 on slot C1, 'C10': C10 of Sample Plate on Opentrons 96 Deep Well Heater-Shaker Adapter on Heater-Shaker Module GEN1 on slot C1, 'D10': D10 of Sample Plate on Opentrons 96 Deep Well Heater-Shaker Adapter on Heater-Shaker Module GEN1 on slot C1, 'E10': E10 of Sample Plate on Opentrons 96 Deep Well Heater-Shaker Adapter on Heater-Shaker Module GEN1 on slot C1, 'F10': F10 of Sample Plate on Opentrons 96 Deep Well Heater-Shaker Adapter on Heater-Shaker Module GEN1 on slot C1, 'G10': G10 of Sample Plate on Opentrons 96 Deep Well Heater-Shaker Adapter on Heater-Shaker Module GEN1 on slot C1, 'H10': H10 of Sample Plate on Opentrons 96 Deep Well Heater-Shaker Adapter on Heater-Shaker Module GEN1 on slot C1, 'A11': A11 of Sample Plate on Opentrons 96 Deep Well Heater-Shaker Adapter on Heater-Shaker Module GEN1 on slot C1, 'B11': B11 of Sample Plate on Opentrons 96 Deep Well Heater-Shaker Adapter on Heater-Shaker Module GEN1 on slot C1, 'C11': C11 of Sample Plate on Opentrons 96 Deep Well Heater-Shaker Adapter on Heater-Shaker Module GEN1 on slot C1, 'D11': D11 of Sample Plate on Opentrons 96 Deep Well Heater-Shaker Adapter on Heater-Shaker Module GEN1 on slot C1, 'E11': E11 of Sample Plate on Opentrons 96 Deep Well Heater-Shaker Adapter on Heater-Shaker Module GEN1 on slot C1, 'F11': F11 of Sample Plate on Opentrons 96 Deep Well Heater-Shaker Adapter on Heater-Shaker Module GEN1 on slot C1, 'G11': G11 of Sample Plate on Opentrons 96 Deep Well Heater-Shaker Adapter on Heater-Shaker Module GEN1 on slot C1, 'H11': H11 of Sample Plate on Opentrons 96 Deep Well Heater-Shaker Adapter on Heater-Shaker Module GEN1 on slot C1, 'A12': A12 of Sample Plate on Opentrons 96 Deep Well Heater-Shaker Adapter on Heater-Shaker Module GEN1 on slot C1, 'B12': B12 of Sample Plate on Opentrons 96 Deep Well Heater-Shaker Adapter on Heater-Shaker Module GEN1 on slot C1, 'C12': C12 of Sample Plate on Opentrons 96 Deep Well Heater-Shaker Adapter on Heater-Shaker Module GEN1 on slot C1, 'D12': D12 of Sample Plate on Opentrons 96 Deep Well Heater-Shaker Adapter on Heater-Shaker Module GEN1 on slot C1, 'E12': E12 of Sample Plate on Opentrons 96 Deep Well Heater-Shaker Adapter on Heater-Shaker Module GEN1 on slot C1, 'F12': F12 of Sample Plate on Opentrons 96 Deep Well Heater-Shaker Adapter on Heater-Shaker Module GEN1 on slot C1, 'G12': G12 of Sample Plate on Opentrons 96 Deep Well Heater-Shaker Adapter on Heater-Shaker Module GEN1 on slot C1, 'H12': H12 of Sample Plate on Opentrons 96 Deep Well Heater-Shaker Adapter on Heater-Shaker Module GEN1 on slot C1}
Loading liquid into {'A1': A1 of Sample Plate on Opentrons 96 Deep Well Heater-Shaker Adapter on Heater-Shaker Module GEN1 on slot C1, 'B1': B1 of Sample Plate on Opentrons 96 Deep Well Heater-Shaker Adapter on Heater-Shaker Module GEN1 on slot C1, 'C1': C1 of Sample Plate on Opentrons 96 Deep Well Heater-Shaker Adapter on Heater-Shaker Module GEN1 on slot C1, 'D1': D1 of Sample Plate on Opentrons 96 Deep Well Heater-Shaker Adapter on Heater-Shaker Module GEN1 on slot C1, 'E1': E1 of Sample Plate on Opentrons 96 Deep Well Heater-Shaker Adapter on Heater-Shaker Module GEN1 on slot C1, 'F1': F1 of Sample Plate on Opentrons 96 Deep Well Heater-Shaker Adapter on Heater-Shaker Module GEN1 on slot C1, 'G1': G1 of Sample Plate on Opentrons 96 Deep Well Heater-Shaker Adapter on Heater-Shaker Module GEN1 on slot C1, 'H1': H1 of Sample Plate on Opentrons 96 Deep Well Heater-Shaker Adapter on Heater-Shaker Module GEN1 on slot C1, 'A2': A2 of Sample Plate on Opentrons 96 Deep Well Heater-Shaker Adapter on Heater-Shaker Module GEN1 on slot C1, 'B2': B2 of Sample Plate on Opentrons 96 Deep Well Heater-Shaker Adapter on Heater-Shaker Module GEN1 on slot C1, 'C2': C2 of Sample Plate on Opentrons 96 Deep Well Heater-Shaker Adapter on Heater-Shaker Module GEN1 on slot C1, 'D2': D2 of Sample Plate on Opentrons 96 Deep Well Heater-Shaker Adapter on Heater-Shaker Module GEN1 on slot C1, 'E2': E2 of Sample Plate on Opentrons 96 Deep Well Heater-Shaker Adapter on Heater-Shaker Module GEN1 on slot C1, 'F2': F2 of Sample Plate on Opentrons 96 Deep Well Heater-Shaker Adapter on Heater-Shaker Module GEN1 on slot C1, 'G2': G2 of Sample Plate on Opentrons 96 Deep Well Heater-Shaker Adapter on Heater-Shaker Module GEN1 on slot C1, 'H2': H2 of Sample Plate on Opentrons 96 Deep Well Heater-Shaker Adapter on Heater-Shaker Module GEN1 on slot C1, 'A3': A3 of Sample Plate on Opentrons 96 Deep Well Heater-Shaker Adapter on Heater-Shaker Module GEN1 on slot C1, 'B3': B3 of Sample Plate on Opentrons 96 Deep Well Heater-Shaker Adapter on Heater-Shaker Module GEN1 on slot C1, 'C3': C3 of Sample Plate on Opentrons 96 Deep Well Heater-Shaker Adapter on Heater-Shaker Module GEN1 on slot C1, 'D3': D3 of Sample Plate on Opentrons 96 Deep Well Heater-Shaker Adapter on Heater-Shaker Module GEN1 on slot C1, 'E3': E3 of Sample Plate on Opentrons 96 Deep Well Heater-Shaker Adapter on Heater-Shaker Module GEN1 on slot C1, 'F3': F3 of Sample Plate on Opentrons 96 Deep Well Heater-Shaker Adapter on Heater-Shaker Module GEN1 on slot C1, 'G3': G3 of Sample Plate on Opentrons 96 Deep Well Heater-Shaker Adapter on Heater-Shaker Module GEN1 on slot C1, 'H3': H3 of Sample Plate on Opentrons 96 Deep Well Heater-Shaker Adapter on Heater-Shaker Module GEN1 on slot C1, 'A4': A4 of Sample Plate on Opentrons 96 Deep Well Heater-Shaker Adapter on Heater-Shaker Module GEN1 on slot C1, 'B4': B4 of Sample Plate on Opentrons 96 Deep Well Heater-Shaker Adapter on Heater-Shaker Module GEN1 on slot C1, 'C4': C4 of Sample Plate on Opentrons 96 Deep Well Heater-Shaker Adapter on Heater-Shaker Module GEN1 on slot C1, 'D4': D4 of Sample Plate on Opentrons 96 Deep Well Heater-Shaker Adapter on Heater-Shaker Module GEN1 on slot C1, 'E4': E4 of Sample Plate on Opentrons 96 Deep Well Heater-Shaker Adapter on Heater-Shaker Module GEN1 on slot C1, 'F4': F4 of Sample Plate on Opentrons 96 Deep Well Heater-Shaker Adapter on Heater-Shaker Module GEN1 on slot C1, 'G4': G4 of Sample Plate on Opentrons 96 Deep Well Heater-Shaker Adapter on Heater-Shaker Module GEN1 on slot C1, 'H4': H4 of Sample Plate on Opentrons 96 Deep Well Heater-Shaker Adapter on Heater-Shaker Module GEN1 on slot C1, 'A5': A5 of Sample Plate on Opentrons 96 Deep Well Heater-Shaker Adapter on Heater-Shaker Module GEN1 on slot C1, 'B5': B5 of Sample Plate on Opentrons 96 Deep Well Heater-Shaker Adapter on Heater-Shaker Module GEN1 on slot C1, 'C5': C5 of Sample Plate on Opentrons 96 Deep Well Heater-Shaker Adapter on Heater-Shaker Module GEN1 on slot C1, 'D5': D5 of Sample Plate on Opentrons 96 Deep Well Heater-Shaker Adapter on Heater-Shaker Module GEN1 on slot C1, 'E5': E5 of Sample Plate on Opentrons 96 Deep Well Heater-Shaker Adapter on Heater-Shaker Module GEN1 on slot C1, 'F5': F5 of Sample Plate on Opentrons 96 Deep Well Heater-Shaker Adapter on Heater-Shaker Module GEN1 on slot C1, 'G5': G5 of Sample Plate on Opentrons 96 Deep Well Heater-Shaker Adapter on Heater-Shaker Module GEN1 on slot C1, 'H5': H5 of Sample Plate on Opentrons 96 Deep Well Heater-Shaker Adapter on Heater-Shaker Module GEN1 on slot C1, 'A6': A6 of Sample Plate on Opentrons 96 Deep Well Heater-Shaker Adapter on Heater-Shaker Module GEN1 on slot C1, 'B6': B6 of Sample Plate on Opentrons 96 Deep Well Heater-Shaker Adapter on Heater-Shaker Module GEN1 on slot C1, 'C6': C6 of Sample Plate on Opentrons 96 Deep Well Heater-Shaker Adapter on Heater-Shaker Module GEN1 on slot C1, 'D6': D6 of Sample Plate on Opentrons 96 Deep Well Heater-Shaker Adapter on Heater-Shaker Module GEN1 on slot C1, 'E6': E6 of Sample Plate on Opentrons 96 Deep Well Heater-Shaker Adapter on Heater-Shaker Module GEN1 on slot C1, 'F6': F6 of Sample Plate on Opentrons 96 Deep Well Heater-Shaker Adapter on Heater-Shaker Module GEN1 on slot C1, 'G6': G6 of Sample Plate on Opentrons 96 Deep Well Heater-Shaker Adapter on Heater-Shaker Module GEN1 on slot C1, 'H6': H6 of Sample Plate on Opentrons 96 Deep Well Heater-Shaker Adapter on Heater-Shaker Module GEN1 on slot C1, 'A7': A7 of Sample Plate on Opentrons 96 Deep Well Heater-Shaker Adapter on Heater-Shaker Module GEN1 on slot C1, 'B7': B7 of Sample Plate on Opentrons 96 Deep Well Heater-Shaker Adapter on Heater-Shaker Module GEN1 on slot C1, 'C7': C7 of Sample Plate on Opentrons 96 Deep Well Heater-Shaker Adapter on Heater-Shaker Module GEN1 on slot C1, 'D7': D7 of Sample Plate on Opentrons 96 Deep Well Heater-Shaker Adapter on Heater-Shaker Module GEN1 on slot C1, 'E7': E7 of Sample Plate on Opentrons 96 Deep Well Heater-Shaker Adapter on Heater-Shaker Module GEN1 on slot C1, 'F7': F7 of Sample Plate on Opentrons 96 Deep Well Heater-Shaker Adapter on Heater-Shaker Module GEN1 on slot C1, 'G7': G7 of Sample Plate on Opentrons 96 Deep Well Heater-Shaker Adapter on Heater-Shaker Module GEN1 on slot C1, 'H7': H7 of Sample Plate on Opentrons 96 Deep Well Heater-Shaker Adapter on Heater-Shaker Module GEN1 on slot C1, 'A8': A8 of Sample Plate on Opentrons 96 Deep Well Heater-Shaker Adapter on Heater-Shaker Module GEN1 on slot C1, 'B8': B8 of Sample Plate on Opentrons 96 Deep Well Heater-Shaker Adapter on Heater-Shaker Module GEN1 on slot C1, 'C8': C8 of Sample Plate on Opentrons 96 Deep Well Heater-Shaker Adapter on Heater-Shaker Module GEN1 on slot C1, 'D8': D8 of Sample Plate on Opentrons 96 Deep Well Heater-Shaker Adapter on Heater-Shaker Module GEN1 on slot C1, 'E8': E8 of Sample Plate on Opentrons 96 Deep Well Heater-Shaker Adapter on Heater-Shaker Module GEN1 on slot C1, 'F8': F8 of Sample Plate on Opentrons 96 Deep Well Heater-Shaker Adapter on Heater-Shaker Module GEN1 on slot C1, 'G8': G8 of Sample Plate on Opentrons 96 Deep Well Heater-Shaker Adapter on Heater-Shaker Module GEN1 on slot C1, 'H8': H8 of Sample Plate on Opentrons 96 Deep Well Heater-Shaker Adapter on Heater-Shaker Module GEN1 on slot C1, 'A9': A9 of Sample Plate on Opentrons 96 Deep Well Heater-Shaker Adapter on Heater-Shaker Module GEN1 on slot C1, 'B9': B9 of Sample Plate on Opentrons 96 Deep Well Heater-Shaker Adapter on Heater-Shaker Module GEN1 on slot C1, 'C9': C9 of Sample Plate on Opentrons 96 Deep Well Heater-Shaker Adapter on Heater-Shaker Module GEN1 on slot C1, 'D9': D9 of Sample Plate on Opentrons 96 Deep Well Heater-Shaker Adapter on Heater-Shaker Module GEN1 on slot C1, 'E9': E9 of Sample Plate on Opentrons 96 Deep Well Heater-Shaker Adapter on Heater-Shaker Module GEN1 on slot C1, 'F9': F9 of Sample Plate on Opentrons 96 Deep Well Heater-Shaker Adapter on Heater-Shaker Module GEN1 on slot C1, 'G9': G9 of Sample Plate on Opentrons 96 Deep Well Heater-Shaker Adapter on Heater-Shaker Module GEN1 on slot C1, 'H9': H9 of Sample Plate on Opentrons 96 Deep Well Heater-Shaker Adapter on Heater-Shaker Module GEN1 on slot C1, 'A10': A10 of Sample Plate on Opentrons 96 Deep Well Heater-Shaker Adapter on Heater-Shaker Module GEN1 on slot C1, 'B10': B10 of Sample Plate on Opentrons 96 Deep Well Heater-Shaker Adapter on Heater-Shaker Module GEN1 on slot C1, 'C10': C10 of Sample Plate on Opentrons 96 Deep Well Heater-Shaker Adapter on Heater-Shaker Module GEN1 on slot C1, 'D10': D10 of Sample Plate on Opentrons 96 Deep Well Heater-Shaker Adapter on Heater-Shaker Module GEN1 on slot C1, 'E10': E10 of Sample Plate on Opentrons 96 Deep Well Heater-Shaker Adapter on Heater-Shaker Module GEN1 on slot C1, 'F10': F10 of Sample Plate on Opentrons 96 Deep Well Heater-Shaker Adapter on Heater-Shaker Module GEN1 on slot C1, 'G10': G10 of Sample Plate on Opentrons 96 Deep Well Heater-Shaker Adapter on Heater-Shaker Module GEN1 on slot C1, 'H10': H10 of Sample Plate on Opentrons 96 Deep Well Heater-Shaker Adapter on Heater-Shaker Module GEN1 on slot C1, 'A11': A11 of Sample Plate on Opentrons 96 Deep Well Heater-Shaker Adapter on Heater-Shaker Module GEN1 on slot C1, 'B11': B11 of Sample Plate on Opentrons 96 Deep Well Heater-Shaker Adapter on Heater-Shaker Module GEN1 on slot C1, 'C11': C11 of Sample Plate on Opentrons 96 Deep Well Heater-Shaker Adapter on Heater-Shaker Module GEN1 on slot C1, 'D11': D11 of Sample Plate on Opentrons 96 Deep Well Heater-Shaker Adapter on Heater-Shaker Module GEN1 on slot C1, 'E11': E11 of Sample Plate on Opentrons 96 Deep Well Heater-Shaker Adapter on Heater-Shaker Module GEN1 on slot C1, 'F11': F11 of Sample Plate on Opentrons 96 Deep Well Heater-Shaker Adapter on Heater-Shaker Module GEN1 on slot C1, 'G11': G11 of Sample Plate on Opentrons 96 Deep Well Heater-Shaker Adapter on Heater-Shaker Module GEN1 on slot C1, 'H11': H11 of Sample Plate on Opentrons 96 Deep Well Heater-Shaker Adapter on Heater-Shaker Module GEN1 on slot C1, 'A12': A12 of Sample Plate on Opentrons 96 Deep Well Heater-Shaker Adapter on Heater-Shaker Module GEN1 on slot C1, 'B12': B12 of Sample Plate on Opentrons 96 Deep Well Heater-Shaker Adapter on Heater-Shaker Module GEN1 on slot C1, 'C12': C12 of Sample Plate on Opentrons 96 Deep Well Heater-Shaker Adapter on Heater-Shaker Module GEN1 on slot C1, 'D12': D12 of Sample Plate on Opentrons 96 Deep Well Heater-Shaker Adapter on Heater-Shaker Module GEN1 on slot C1, 'E12': E12 of Sample Plate on Opentrons 96 Deep Well Heater-Shaker Adapter on Heater-Shaker Module GEN1 on slot C1, 'F12': F12 of Sample Plate on Opentrons 96 Deep Well Heater-Shaker Adapter on Heater-Shaker Module GEN1 on slot C1, 'G12': G12 of Sample Plate on Opentrons 96 Deep Well Heater-Shaker Adapter on Heater-Shaker Module GEN1 on slot C1, 'H12': H12 of Sample Plate on Opentrons 96 Deep Well Heater-Shaker Adapter on Heater-Shaker Module GEN1 on slot C1}
Loading liquid into {'A1': A1 of Sample Plate on Opentrons 96 Deep Well Heater-Shaker Adapter on Heater-Shaker Module GEN1 on slot C1, 'B1': B1 of Sample Plate on Opentrons 96 Deep Well Heater-Shaker Adapter on Heater-Shaker Module GEN1 on slot C1, 'C1': C1 of Sample Plate on Opentrons 96 Deep Well Heater-Shaker Adapter on Heater-Shaker Module GEN1 on slot C1, 'D1': D1 of Sample Plate on Opentrons 96 Deep Well Heater-Shaker Adapter on Heater-Shaker Module GEN1 on slot C1, 'E1': E1 of Sample Plate on Opentrons 96 Deep Well Heater-Shaker Adapter on Heater-Shaker Module GEN1 on slot C1, 'F1': F1 of Sample Plate on Opentrons 96 Deep Well Heater-Shaker Adapter on Heater-Shaker Module GEN1 on slot C1, 'G1': G1 of Sample Plate on Opentrons 96 Deep Well Heater-Shaker Adapter on Heater-Shaker Module GEN1 on slot C1, 'H1': H1 of Sample Plate on Opentrons 96 Deep Well Heater-Shaker Adapter on Heater-Shaker Module GEN1 on slot C1, 'A2': A2 of Sample Plate on Opentrons 96 Deep Well Heater-Shaker Adapter on Heater-Shaker Module GEN1 on slot C1, 'B2': B2 of Sample Plate on Opentrons 96 Deep Well Heater-Shaker Adapter on Heater-Shaker Module GEN1 on slot C1, 'C2': C2 of Sample Plate on Opentrons 96 Deep Well Heater-Shaker Adapter on Heater-Shaker Module GEN1 on slot C1, 'D2': D2 of Sample Plate on Opentrons 96 Deep Well Heater-Shaker Adapter on Heater-Shaker Module GEN1 on slot C1, 'E2': E2 of Sample Plate on Opentrons 96 Deep Well Heater-Shaker Adapter on Heater-Shaker Module GEN1 on slot C1, 'F2': F2 of Sample Plate on Opentrons 96 Deep Well Heater-Shaker Adapter on Heater-Shaker Module GEN1 on slot C1, 'G2': G2 of Sample Plate on Opentrons 96 Deep Well Heater-Shaker Adapter on Heater-Shaker Module GEN1 on slot C1, 'H2': H2 of Sample Plate on Opentrons 96 Deep Well Heater-Shaker Adapter on Heater-Shaker Module GEN1 on slot C1, 'A3': A3 of Sample Plate on Opentrons 96 Deep Well Heater-Shaker Adapter on Heater-Shaker Module GEN1 on slot C1, 'B3': B3 of Sample Plate on Opentrons 96 Deep Well Heater-Shaker Adapter on Heater-Shaker Module GEN1 on slot C1, 'C3': C3 of Sample Plate on Opentrons 96 Deep Well Heater-Shaker Adapter on Heater-Shaker Module GEN1 on slot C1, 'D3': D3 of Sample Plate on Opentrons 96 Deep Well Heater-Shaker Adapter on Heater-Shaker Module GEN1 on slot C1, 'E3': E3 of Sample Plate on Opentrons 96 Deep Well Heater-Shaker Adapter on Heater-Shaker Module GEN1 on slot C1, 'F3': F3 of Sample Plate on Opentrons 96 Deep Well Heater-Shaker Adapter on Heater-Shaker Module GEN1 on slot C1, 'G3': G3 of Sample Plate on Opentrons 96 Deep Well Heater-Shaker Adapter on Heater-Shaker Module GEN1 on slot C1, 'H3': H3 of Sample Plate on Opentrons 96 Deep Well Heater-Shaker Adapter on Heater-Shaker Module GEN1 on slot C1, 'A4': A4 of Sample Plate on Opentrons 96 Deep Well Heater-Shaker Adapter on Heater-Shaker Module GEN1 on slot C1, 'B4': B4 of Sample Plate on Opentrons 96 Deep Well Heater-Shaker Adapter on Heater-Shaker Module GEN1 on slot C1, 'C4': C4 of Sample Plate on Opentrons 96 Deep Well Heater-Shaker Adapter on Heater-Shaker Module GEN1 on slot C1, 'D4': D4 of Sample Plate on Opentrons 96 Deep Well Heater-Shaker Adapter on Heater-Shaker Module GEN1 on slot C1, 'E4': E4 of Sample Plate on Opentrons 96 Deep Well Heater-Shaker Adapter on Heater-Shaker Module GEN1 on slot C1, 'F4': F4 of Sample Plate on Opentrons 96 Deep Well Heater-Shaker Adapter on Heater-Shaker Module GEN1 on slot C1, 'G4': G4 of Sample Plate on Opentrons 96 Deep Well Heater-Shaker Adapter on Heater-Shaker Module GEN1 on slot C1, 'H4': H4 of Sample Plate on Opentrons 96 Deep Well Heater-Shaker Adapter on Heater-Shaker Module GEN1 on slot C1, 'A5': A5 of Sample Plate on Opentrons 96 Deep Well Heater-Shaker Adapter on Heater-Shaker Module GEN1 on slot C1, 'B5': B5 of Sample Plate on Opentrons 96 Deep Well Heater-Shaker Adapter on Heater-Shaker Module GEN1 on slot C1, 'C5': C5 of Sample Plate on Opentrons 96 Deep Well Heater-Shaker Adapter on Heater-Shaker Module GEN1 on slot C1, 'D5': D5 of Sample Plate on Opentrons 96 Deep Well Heater-Shaker Adapter on Heater-Shaker Module GEN1 on slot C1, 'E5': E5 of Sample Plate on Opentrons 96 Deep Well Heater-Shaker Adapter on Heater-Shaker Module GEN1 on slot C1, 'F5': F5 of Sample Plate on Opentrons 96 Deep Well Heater-Shaker Adapter on Heater-Shaker Module GEN1 on slot C1, 'G5': G5 of Sample Plate on Opentrons 96 Deep Well Heater-Shaker Adapter on Heater-Shaker Module GEN1 on slot C1, 'H5': H5 of Sample Plate on Opentrons 96 Deep Well Heater-Shaker Adapter on Heater-Shaker Module GEN1 on slot C1, 'A6': A6 of Sample Plate on Opentrons 96 Deep Well Heater-Shaker Adapter on Heater-Shaker Module GEN1 on slot C1, 'B6': B6 of Sample Plate on Opentrons 96 Deep Well Heater-Shaker Adapter on Heater-Shaker Module GEN1 on slot C1, 'C6': C6 of Sample Plate on Opentrons 96 Deep Well Heater-Shaker Adapter on Heater-Shaker Module GEN1 on slot C1, 'D6': D6 of Sample Plate on Opentrons 96 Deep Well Heater-Shaker Adapter on Heater-Shaker Module GEN1 on slot C1, 'E6': E6 of Sample Plate on Opentrons 96 Deep Well Heater-Shaker Adapter on Heater-Shaker Module GEN1 on slot C1, 'F6': F6 of Sample Plate on Opentrons 96 Deep Well Heater-Shaker Adapter on Heater-Shaker Module GEN1 on slot C1, 'G6': G6 of Sample Plate on Opentrons 96 Deep Well Heater-Shaker Adapter on Heater-Shaker Module GEN1 on slot C1, 'H6': H6 of Sample Plate on Opentrons 96 Deep Well Heater-Shaker Adapter on Heater-Shaker Module GEN1 on slot C1, 'A7': A7 of Sample Plate on Opentrons 96 Deep Well Heater-Shaker Adapter on Heater-Shaker Module GEN1 on slot C1, 'B7': B7 of Sample Plate on Opentrons 96 Deep Well Heater-Shaker Adapter on Heater-Shaker Module GEN1 on slot C1, 'C7': C7 of Sample Plate on Opentrons 96 Deep Well Heater-Shaker Adapter on Heater-Shaker Module GEN1 on slot C1, 'D7': D7 of Sample Plate on Opentrons 96 Deep Well Heater-Shaker Adapter on Heater-Shaker Module GEN1 on slot C1, 'E7': E7 of Sample Plate on Opentrons 96 Deep Well Heater-Shaker Adapter on Heater-Shaker Module GEN1 on slot C1, 'F7': F7 of Sample Plate on Opentrons 96 Deep Well Heater-Shaker Adapter on Heater-Shaker Module GEN1 on slot C1, 'G7': G7 of Sample Plate on Opentrons 96 Deep Well Heater-Shaker Adapter on Heater-Shaker Module GEN1 on slot C1, 'H7': H7 of Sample Plate on Opentrons 96 Deep Well Heater-Shaker Adapter on Heater-Shaker Module GEN1 on slot C1, 'A8': A8 of Sample Plate on Opentrons 96 Deep Well Heater-Shaker Adapter on Heater-Shaker Module GEN1 on slot C1, 'B8': B8 of Sample Plate on Opentrons 96 Deep Well Heater-Shaker Adapter on Heater-Shaker Module GEN1 on slot C1, 'C8': C8 of Sample Plate on Opentrons 96 Deep Well Heater-Shaker Adapter on Heater-Shaker Module GEN1 on slot C1, 'D8': D8 of Sample Plate on Opentrons 96 Deep Well Heater-Shaker Adapter on Heater-Shaker Module GEN1 on slot C1, 'E8': E8 of Sample Plate on Opentrons 96 Deep Well Heater-Shaker Adapter on Heater-Shaker Module GEN1 on slot C1, 'F8': F8 of Sample Plate on Opentrons 96 Deep Well Heater-Shaker Adapter on Heater-Shaker Module GEN1 on slot C1, 'G8': G8 of Sample Plate on Opentrons 96 Deep Well Heater-Shaker Adapter on Heater-Shaker Module GEN1 on slot C1, 'H8': H8 of Sample Plate on Opentrons 96 Deep Well Heater-Shaker Adapter on Heater-Shaker Module GEN1 on slot C1, 'A9': A9 of Sample Plate on Opentrons 96 Deep Well Heater-Shaker Adapter on Heater-Shaker Module GEN1 on slot C1, 'B9': B9 of Sample Plate on Opentrons 96 Deep Well Heater-Shaker Adapter on Heater-Shaker Module GEN1 on slot C1, 'C9': C9 of Sample Plate on Opentrons 96 Deep Well Heater-Shaker Adapter on Heater-Shaker Module GEN1 on slot C1, 'D9': D9 of Sample Plate on Opentrons 96 Deep Well Heater-Shaker Adapter on Heater-Shaker Module GEN1 on slot C1, 'E9': E9 of Sample Plate on Opentrons 96 Deep Well Heater-Shaker Adapter on Heater-Shaker Module GEN1 on slot C1, 'F9': F9 of Sample Plate on Opentrons 96 Deep Well Heater-Shaker Adapter on Heater-Shaker Module GEN1 on slot C1, 'G9': G9 of Sample Plate on Opentrons 96 Deep Well Heater-Shaker Adapter on Heater-Shaker Module GEN1 on slot C1, 'H9': H9 of Sample Plate on Opentrons 96 Deep Well Heater-Shaker Adapter on Heater-Shaker Module GEN1 on slot C1, 'A10': A10 of Sample Plate on Opentrons 96 Deep Well Heater-Shaker Adapter on Heater-Shaker Module GEN1 on slot C1, 'B10': B10 of Sample Plate on Opentrons 96 Deep Well Heater-Shaker Adapter on Heater-Shaker Module GEN1 on slot C1, 'C10': C10 of Sample Plate on Opentrons 96 Deep Well Heater-Shaker Adapter on Heater-Shaker Module GEN1 on slot C1, 'D10': D10 of Sample Plate on Opentrons 96 Deep Well Heater-Shaker Adapter on Heater-Shaker Module GEN1 on slot C1, 'E10': E10 of Sample Plate on Opentrons 96 Deep Well Heater-Shaker Adapter on Heater-Shaker Module GEN1 on slot C1, 'F10': F10 of Sample Plate on Opentrons 96 Deep Well Heater-Shaker Adapter on Heater-Shaker Module GEN1 on slot C1, 'G10': G10 of Sample Plate on Opentrons 96 Deep Well Heater-Shaker Adapter on Heater-Shaker Module GEN1 on slot C1, 'H10': H10 of Sample Plate on Opentrons 96 Deep Well Heater-Shaker Adapter on Heater-Shaker Module GEN1 on slot C1, 'A11': A11 of Sample Plate on Opentrons 96 Deep Well Heater-Shaker Adapter on Heater-Shaker Module GEN1 on slot C1, 'B11': B11 of Sample Plate on Opentrons 96 Deep Well Heater-Shaker Adapter on Heater-Shaker Module GEN1 on slot C1, 'C11': C11 of Sample Plate on Opentrons 96 Deep Well Heater-Shaker Adapter on Heater-Shaker Module GEN1 on slot C1, 'D11': D11 of Sample Plate on Opentrons 96 Deep Well Heater-Shaker Adapter on Heater-Shaker Module GEN1 on slot C1, 'E11': E11 of Sample Plate on Opentrons 96 Deep Well Heater-Shaker Adapter on Heater-Shaker Module GEN1 on slot C1, 'F11': F11 of Sample Plate on Opentrons 96 Deep Well Heater-Shaker Adapter on Heater-Shaker Module GEN1 on slot C1, 'G11': G11 of Sample Plate on Opentrons 96 Deep Well Heater-Shaker Adapter on Heater-Shaker Module GEN1 on slot C1, 'H11': H11 of Sample Plate on Opentrons 96 Deep Well Heater-Shaker Adapter on Heater-Shaker Module GEN1 on slot C1, 'A12': A12 of Sample Plate on Opentrons 96 Deep Well Heater-Shaker Adapter on Heater-Shaker Module GEN1 on slot C1, 'B12': B12 of Sample Plate on Opentrons 96 Deep Well Heater-Shaker Adapter on Heater-Shaker Module GEN1 on slot C1, 'C12': C12 of Sample Plate on Opentrons 96 Deep Well Heater-Shaker Adapter on Heater-Shaker Module GEN1 on slot C1, 'D12': D12 of Sample Plate on Opentrons 96 Deep Well Heater-Shaker Adapter on Heater-Shaker Module GEN1 on slot C1, 'E12': E12 of Sample Plate on Opentrons 96 Deep Well Heater-Shaker Adapter on Heater-Shaker Module GEN1 on slot C1, 'F12': F12 of Sample Plate on Opentrons 96 Deep Well Heater-Shaker Adapter on Heater-Shaker Module GEN1 on slot C1, 'G12': G12 of Sample Plate on Opentrons 96 Deep Well Heater-Shaker Adapter on Heater-Shaker Module GEN1 on slot C1, 'H12': H12 of Sample Plate on Opentrons 96 Deep Well Heater-Shaker Adapter on Heater-Shaker Module GEN1 on slot C1}
Loading liquid into {'A1': A1 of Sample Plate on Opentrons 96 Deep Well Heater-Shaker Adapter on Heater-Shaker Module GEN1 on slot C1, 'B1': B1 of Sample Plate on Opentrons 96 Deep Well Heater-Shaker Adapter on Heater-Shaker Module GEN1 on slot C1, 'C1': C1 of Sample Plate on Opentrons 96 Deep Well Heater-Shaker Adapter on Heater-Shaker Module GEN1 on slot C1, 'D1': D1 of Sample Plate on Opentrons 96 Deep Well Heater-Shaker Adapter on Heater-Shaker Module GEN1 on slot C1, 'E1': E1 of Sample Plate on Opentrons 96 Deep Well Heater-Shaker Adapter on Heater-Shaker Module GEN1 on slot C1, 'F1': F1 of Sample Plate on Opentrons 96 Deep Well Heater-Shaker Adapter on Heater-Shaker Module GEN1 on slot C1, 'G1': G1 of Sample Plate on Opentrons 96 Deep Well Heater-Shaker Adapter on Heater-Shaker Module GEN1 on slot C1, 'H1': H1 of Sample Plate on Opentrons 96 Deep Well Heater-Shaker Adapter on Heater-Shaker Module GEN1 on slot C1, 'A2': A2 of Sample Plate on Opentrons 96 Deep Well Heater-Shaker Adapter on Heater-Shaker Module GEN1 on slot C1, 'B2': B2 of Sample Plate on Opentrons 96 Deep Well Heater-Shaker Adapter on Heater-Shaker Module GEN1 on slot C1, 'C2': C2 of Sample Plate on Opentrons 96 Deep Well Heater-Shaker Adapter on Heater-Shaker Module GEN1 on slot C1, 'D2': D2 of Sample Plate on Opentrons 96 Deep Well Heater-Shaker Adapter on Heater-Shaker Module GEN1 on slot C1, 'E2': E2 of Sample Plate on Opentrons 96 Deep Well Heater-Shaker Adapter on Heater-Shaker Module GEN1 on slot C1, 'F2': F2 of Sample Plate on Opentrons 96 Deep Well Heater-Shaker Adapter on Heater-Shaker Module GEN1 on slot C1, 'G2': G2 of Sample Plate on Opentrons 96 Deep Well Heater-Shaker Adapter on Heater-Shaker Module GEN1 on slot C1, 'H2': H2 of Sample Plate on Opentrons 96 Deep Well Heater-Shaker Adapter on Heater-Shaker Module GEN1 on slot C1, 'A3': A3 of Sample Plate on Opentrons 96 Deep Well Heater-Shaker Adapter on Heater-Shaker Module GEN1 on slot C1, 'B3': B3 of Sample Plate on Opentrons 96 Deep Well Heater-Shaker Adapter on Heater-Shaker Module GEN1 on slot C1, 'C3': C3 of Sample Plate on Opentrons 96 Deep Well Heater-Shaker Adapter on Heater-Shaker Module GEN1 on slot C1, 'D3': D3 of Sample Plate on Opentrons 96 Deep Well Heater-Shaker Adapter on Heater-Shaker Module GEN1 on slot C1, 'E3': E3 of Sample Plate on Opentrons 96 Deep Well Heater-Shaker Adapter on Heater-Shaker Module GEN1 on slot C1, 'F3': F3 of Sample Plate on Opentrons 96 Deep Well Heater-Shaker Adapter on Heater-Shaker Module GEN1 on slot C1, 'G3': G3 of Sample Plate on Opentrons 96 Deep Well Heater-Shaker Adapter on Heater-Shaker Module GEN1 on slot C1, 'H3': H3 of Sample Plate on Opentrons 96 Deep Well Heater-Shaker Adapter on Heater-Shaker Module GEN1 on slot C1, 'A4': A4 of Sample Plate on Opentrons 96 Deep Well Heater-Shaker Adapter on Heater-Shaker Module GEN1 on slot C1, 'B4': B4 of Sample Plate on Opentrons 96 Deep Well Heater-Shaker Adapter on Heater-Shaker Module GEN1 on slot C1, 'C4': C4 of Sample Plate on Opentrons 96 Deep Well Heater-Shaker Adapter on Heater-Shaker Module GEN1 on slot C1, 'D4': D4 of Sample Plate on Opentrons 96 Deep Well Heater-Shaker Adapter on Heater-Shaker Module GEN1 on slot C1, 'E4': E4 of Sample Plate on Opentrons 96 Deep Well Heater-Shaker Adapter on Heater-Shaker Module GEN1 on slot C1, 'F4': F4 of Sample Plate on Opentrons 96 Deep Well Heater-Shaker Adapter on Heater-Shaker Module GEN1 on slot C1, 'G4': G4 of Sample Plate on Opentrons 96 Deep Well Heater-Shaker Adapter on Heater-Shaker Module GEN1 on slot C1, 'H4': H4 of Sample Plate on Opentrons 96 Deep Well Heater-Shaker Adapter on Heater-Shaker Module GEN1 on slot C1, 'A5': A5 of Sample Plate on Opentrons 96 Deep Well Heater-Shaker Adapter on Heater-Shaker Module GEN1 on slot C1, 'B5': B5 of Sample Plate on Opentrons 96 Deep Well Heater-Shaker Adapter on Heater-Shaker Module GEN1 on slot C1, 'C5': C5 of Sample Plate on Opentrons 96 Deep Well Heater-Shaker Adapter on Heater-Shaker Module GEN1 on slot C1, 'D5': D5 of Sample Plate on Opentrons 96 Deep Well Heater-Shaker Adapter on Heater-Shaker Module GEN1 on slot C1, 'E5': E5 of Sample Plate on Opentrons 96 Deep Well Heater-Shaker Adapter on Heater-Shaker Module GEN1 on slot C1, 'F5': F5 of Sample Plate on Opentrons 96 Deep Well Heater-Shaker Adapter on Heater-Shaker Module GEN1 on slot C1, 'G5': G5 of Sample Plate on Opentrons 96 Deep Well Heater-Shaker Adapter on Heater-Shaker Module GEN1 on slot C1, 'H5': H5 of Sample Plate on Opentrons 96 Deep Well Heater-Shaker Adapter on Heater-Shaker Module GEN1 on slot C1, 'A6': A6 of Sample Plate on Opentrons 96 Deep Well Heater-Shaker Adapter on Heater-Shaker Module GEN1 on slot C1, 'B6': B6 of Sample Plate on Opentrons 96 Deep Well Heater-Shaker Adapter on Heater-Shaker Module GEN1 on slot C1, 'C6': C6 of Sample Plate on Opentrons 96 Deep Well Heater-Shaker Adapter on Heater-Shaker Module GEN1 on slot C1, 'D6': D6 of Sample Plate on Opentrons 96 Deep Well Heater-Shaker Adapter on Heater-Shaker Module GEN1 on slot C1, 'E6': E6 of Sample Plate on Opentrons 96 Deep Well Heater-Shaker Adapter on Heater-Shaker Module GEN1 on slot C1, 'F6': F6 of Sample Plate on Opentrons 96 Deep Well Heater-Shaker Adapter on Heater-Shaker Module GEN1 on slot C1, 'G6': G6 of Sample Plate on Opentrons 96 Deep Well Heater-Shaker Adapter on Heater-Shaker Module GEN1 on slot C1, 'H6': H6 of Sample Plate on Opentrons 96 Deep Well Heater-Shaker Adapter on Heater-Shaker Module GEN1 on slot C1, 'A7': A7 of Sample Plate on Opentrons 96 Deep Well Heater-Shaker Adapter on Heater-Shaker Module GEN1 on slot C1, 'B7': B7 of Sample Plate on Opentrons 96 Deep Well Heater-Shaker Adapter on Heater-Shaker Module GEN1 on slot C1, 'C7': C7 of Sample Plate on Opentrons 96 Deep Well Heater-Shaker Adapter on Heater-Shaker Module GEN1 on slot C1, 'D7': D7 of Sample Plate on Opentrons 96 Deep Well Heater-Shaker Adapter on Heater-Shaker Module GEN1 on slot C1, 'E7': E7 of Sample Plate on Opentrons 96 Deep Well Heater-Shaker Adapter on Heater-Shaker Module GEN1 on slot C1, 'F7': F7 of Sample Plate on Opentrons 96 Deep Well Heater-Shaker Adapter on Heater-Shaker Module GEN1 on slot C1, 'G7': G7 of Sample Plate on Opentrons 96 Deep Well Heater-Shaker Adapter on Heater-Shaker Module GEN1 on slot C1, 'H7': H7 of Sample Plate on Opentrons 96 Deep Well Heater-Shaker Adapter on Heater-Shaker Module GEN1 on slot C1, 'A8': A8 of Sample Plate on Opentrons 96 Deep Well Heater-Shaker Adapter on Heater-Shaker Module GEN1 on slot C1, 'B8': B8 of Sample Plate on Opentrons 96 Deep Well Heater-Shaker Adapter on Heater-Shaker Module GEN1 on slot C1, 'C8': C8 of Sample Plate on Opentrons 96 Deep Well Heater-Shaker Adapter on Heater-Shaker Module GEN1 on slot C1, 'D8': D8 of Sample Plate on Opentrons 96 Deep Well Heater-Shaker Adapter on Heater-Shaker Module GEN1 on slot C1, 'E8': E8 of Sample Plate on Opentrons 96 Deep Well Heater-Shaker Adapter on Heater-Shaker Module GEN1 on slot C1, 'F8': F8 of Sample Plate on Opentrons 96 Deep Well Heater-Shaker Adapter on Heater-Shaker Module GEN1 on slot C1, 'G8': G8 of Sample Plate on Opentrons 96 Deep Well Heater-Shaker Adapter on Heater-Shaker Module GEN1 on slot C1, 'H8': H8 of Sample Plate on Opentrons 96 Deep Well Heater-Shaker Adapter on Heater-Shaker Module GEN1 on slot C1, 'A9': A9 of Sample Plate on Opentrons 96 Deep Well Heater-Shaker Adapter on Heater-Shaker Module GEN1 on slot C1, 'B9': B9 of Sample Plate on Opentrons 96 Deep Well Heater-Shaker Adapter on Heater-Shaker Module GEN1 on slot C1, 'C9': C9 of Sample Plate on Opentrons 96 Deep Well Heater-Shaker Adapter on Heater-Shaker Module GEN1 on slot C1, 'D9': D9 of Sample Plate on Opentrons 96 Deep Well Heater-Shaker Adapter on Heater-Shaker Module GEN1 on slot C1, 'E9': E9 of Sample Plate on Opentrons 96 Deep Well Heater-Shaker Adapter on Heater-Shaker Module GEN1 on slot C1, 'F9': F9 of Sample Plate on Opentrons 96 Deep Well Heater-Shaker Adapter on Heater-Shaker Module GEN1 on slot C1, 'G9': G9 of Sample Plate on Opentrons 96 Deep Well Heater-Shaker Adapter on Heater-Shaker Module GEN1 on slot C1, 'H9': H9 of Sample Plate on Opentrons 96 Deep Well Heater-Shaker Adapter on Heater-Shaker Module GEN1 on slot C1, 'A10': A10 of Sample Plate on Opentrons 96 Deep Well Heater-Shaker Adapter on Heater-Shaker Module GEN1 on slot C1, 'B10': B10 of Sample Plate on Opentrons 96 Deep Well Heater-Shaker Adapter on Heater-Shaker Module GEN1 on slot C1, 'C10': C10 of Sample Plate on Opentrons 96 Deep Well Heater-Shaker Adapter on Heater-Shaker Module GEN1 on slot C1, 'D10': D10 of Sample Plate on Opentrons 96 Deep Well Heater-Shaker Adapter on Heater-Shaker Module GEN1 on slot C1, 'E10': E10 of Sample Plate on Opentrons 96 Deep Well Heater-Shaker Adapter on Heater-Shaker Module GEN1 on slot C1, 'F10': F10 of Sample Plate on Opentrons 96 Deep Well Heater-Shaker Adapter on Heater-Shaker Module GEN1 on slot C1, 'G10': G10 of Sample Plate on Opentrons 96 Deep Well Heater-Shaker Adapter on Heater-Shaker Module GEN1 on slot C1, 'H10': H10 of Sample Plate on Opentrons 96 Deep Well Heater-Shaker Adapter on Heater-Shaker Module GEN1 on slot C1, 'A11': A11 of Sample Plate on Opentrons 96 Deep Well Heater-Shaker Adapter on Heater-Shaker Module GEN1 on slot C1, 'B11': B11 of Sample Plate on Opentrons 96 Deep Well Heater-Shaker Adapter on Heater-Shaker Module GEN1 on slot C1, 'C11': C11 of Sample Plate on Opentrons 96 Deep Well Heater-Shaker Adapter on Heater-Shaker Module GEN1 on slot C1, 'D11': D11 of Sample Plate on Opentrons 96 Deep Well Heater-Shaker Adapter on Heater-Shaker Module GEN1 on slot C1, 'E11': E11 of Sample Plate on Opentrons 96 Deep Well Heater-Shaker Adapter on Heater-Shaker Module GEN1 on slot C1, 'F11': F11 of Sample Plate on Opentrons 96 Deep Well Heater-Shaker Adapter on Heater-Shaker Module GEN1 on slot C1, 'G11': G11 of Sample Plate on Opentrons 96 Deep Well Heater-Shaker Adapter on Heater-Shaker Module GEN1 on slot C1, 'H11': H11 of Sample Plate on Opentrons 96 Deep Well Heater-Shaker Adapter on Heater-Shaker Module GEN1 on slot C1, 'A12': A12 of Sample Plate on Opentrons 96 Deep Well Heater-Shaker Adapter on Heater-Shaker Module GEN1 on slot C1, 'B12': B12 of Sample Plate on Opentrons 96 Deep Well Heater-Shaker Adapter on Heater-Shaker Module GEN1 on slot C1, 'C12': C12 of Sample Plate on Opentrons 96 Deep Well Heater-Shaker Adapter on Heater-Shaker Module GEN1 on slot C1, 'D12': D12 of Sample Plate on Opentrons 96 Deep Well Heater-Shaker Adapter on Heater-Shaker Module GEN1 on slot C1, 'E12': E12 of Sample Plate on Opentrons 96 Deep Well Heater-Shaker Adapter on Heater-Shaker Module GEN1 on slot C1, 'F12': F12 of Sample Plate on Opentrons 96 Deep Well Heater-Shaker Adapter on Heater-Shaker Module GEN1 on slot C1, 'G12': G12 of Sample Plate on Opentrons 96 Deep Well Heater-Shaker Adapter on Heater-Shaker Module GEN1 on slot C1, 'H12': H12 of Sample Plate on Opentrons 96 Deep Well Heater-Shaker Adapter on Heater-Shaker Module GEN1 on slot C1}
Loading liquid into {'A1': A1 of Sample Plate on Opentrons 96 Deep Well Heater-Shaker Adapter on Heater-Shaker Module GEN1 on slot C1, 'B1': B1 of Sample Plate on Opentrons 96 Deep Well Heater-Shaker Adapter on Heater-Shaker Module GEN1 on slot C1, 'C1': C1 of Sample Plate on Opentrons 96 Deep Well Heater-Shaker Adapter on Heater-Shaker Module GEN1 on slot C1, 'D1': D1 of Sample Plate on Opentrons 96 Deep Well Heater-Shaker Adapter on Heater-Shaker Module GEN1 on slot C1, 'E1': E1 of Sample Plate on Opentrons 96 Deep Well Heater-Shaker Adapter on Heater-Shaker Module GEN1 on slot C1, 'F1': F1 of Sample Plate on Opentrons 96 Deep Well Heater-Shaker Adapter on Heater-Shaker Module GEN1 on slot C1, 'G1': G1 of Sample Plate on Opentrons 96 Deep Well Heater-Shaker Adapter on Heater-Shaker Module GEN1 on slot C1, 'H1': H1 of Sample Plate on Opentrons 96 Deep Well Heater-Shaker Adapter on Heater-Shaker Module GEN1 on slot C1, 'A2': A2 of Sample Plate on Opentrons 96 Deep Well Heater-Shaker Adapter on Heater-Shaker Module GEN1 on slot C1, 'B2': B2 of Sample Plate on Opentrons 96 Deep Well Heater-Shaker Adapter on Heater-Shaker Module GEN1 on slot C1, 'C2': C2 of Sample Plate on Opentrons 96 Deep Well Heater-Shaker Adapter on Heater-Shaker Module GEN1 on slot C1, 'D2': D2 of Sample Plate on Opentrons 96 Deep Well Heater-Shaker Adapter on Heater-Shaker Module GEN1 on slot C1, 'E2': E2 of Sample Plate on Opentrons 96 Deep Well Heater-Shaker Adapter on Heater-Shaker Module GEN1 on slot C1, 'F2': F2 of Sample Plate on Opentrons 96 Deep Well Heater-Shaker Adapter on Heater-Shaker Module GEN1 on slot C1, 'G2': G2 of Sample Plate on Opentrons 96 Deep Well Heater-Shaker Adapter on Heater-Shaker Module GEN1 on slot C1, 'H2': H2 of Sample Plate on Opentrons 96 Deep Well Heater-Shaker Adapter on Heater-Shaker Module GEN1 on slot C1, 'A3': A3 of Sample Plate on Opentrons 96 Deep Well Heater-Shaker Adapter on Heater-Shaker Module GEN1 on slot C1, 'B3': B3 of Sample Plate on Opentrons 96 Deep Well Heater-Shaker Adapter on Heater-Shaker Module GEN1 on slot C1, 'C3': C3 of Sample Plate on Opentrons 96 Deep Well Heater-Shaker Adapter on Heater-Shaker Module GEN1 on slot C1, 'D3': D3 of Sample Plate on Opentrons 96 Deep Well Heater-Shaker Adapter on Heater-Shaker Module GEN1 on slot C1, 'E3': E3 of Sample Plate on Opentrons 96 Deep Well Heater-Shaker Adapter on Heater-Shaker Module GEN1 on slot C1, 'F3': F3 of Sample Plate on Opentrons 96 Deep Well Heater-Shaker Adapter on Heater-Shaker Module GEN1 on slot C1, 'G3': G3 of Sample Plate on Opentrons 96 Deep Well Heater-Shaker Adapter on Heater-Shaker Module GEN1 on slot C1, 'H3': H3 of Sample Plate on Opentrons 96 Deep Well Heater-Shaker Adapter on Heater-Shaker Module GEN1 on slot C1, 'A4': A4 of Sample Plate on Opentrons 96 Deep Well Heater-Shaker Adapter on Heater-Shaker Module GEN1 on slot C1, 'B4': B4 of Sample Plate on Opentrons 96 Deep Well Heater-Shaker Adapter on Heater-Shaker Module GEN1 on slot C1, 'C4': C4 of Sample Plate on Opentrons 96 Deep Well Heater-Shaker Adapter on Heater-Shaker Module GEN1 on slot C1, 'D4': D4 of Sample Plate on Opentrons 96 Deep Well Heater-Shaker Adapter on Heater-Shaker Module GEN1 on slot C1, 'E4': E4 of Sample Plate on Opentrons 96 Deep Well Heater-Shaker Adapter on Heater-Shaker Module GEN1 on slot C1, 'F4': F4 of Sample Plate on Opentrons 96 Deep Well Heater-Shaker Adapter on Heater-Shaker Module GEN1 on slot C1, 'G4': G4 of Sample Plate on Opentrons 96 Deep Well Heater-Shaker Adapter on Heater-Shaker Module GEN1 on slot C1, 'H4': H4 of Sample Plate on Opentrons 96 Deep Well Heater-Shaker Adapter on Heater-Shaker Module GEN1 on slot C1, 'A5': A5 of Sample Plate on Opentrons 96 Deep Well Heater-Shaker Adapter on Heater-Shaker Module GEN1 on slot C1, 'B5': B5 of Sample Plate on Opentrons 96 Deep Well Heater-Shaker Adapter on Heater-Shaker Module GEN1 on slot C1, 'C5': C5 of Sample Plate on Opentrons 96 Deep Well Heater-Shaker Adapter on Heater-Shaker Module GEN1 on slot C1, 'D5': D5 of Sample Plate on Opentrons 96 Deep Well Heater-Shaker Adapter on Heater-Shaker Module GEN1 on slot C1, 'E5': E5 of Sample Plate on Opentrons 96 Deep Well Heater-Shaker Adapter on Heater-Shaker Module GEN1 on slot C1, 'F5': F5 of Sample Plate on Opentrons 96 Deep Well Heater-Shaker Adapter on Heater-Shaker Module GEN1 on slot C1, 'G5': G5 of Sample Plate on Opentrons 96 Deep Well Heater-Shaker Adapter on Heater-Shaker Module GEN1 on slot C1, 'H5': H5 of Sample Plate on Opentrons 96 Deep Well Heater-Shaker Adapter on Heater-Shaker Module GEN1 on slot C1, 'A6': A6 of Sample Plate on Opentrons 96 Deep Well Heater-Shaker Adapter on Heater-Shaker Module GEN1 on slot C1, 'B6': B6 of Sample Plate on Opentrons 96 Deep Well Heater-Shaker Adapter on Heater-Shaker Module GEN1 on slot C1, 'C6': C6 of Sample Plate on Opentrons 96 Deep Well Heater-Shaker Adapter on Heater-Shaker Module GEN1 on slot C1, 'D6': D6 of Sample Plate on Opentrons 96 Deep Well Heater-Shaker Adapter on Heater-Shaker Module GEN1 on slot C1, 'E6': E6 of Sample Plate on Opentrons 96 Deep Well Heater-Shaker Adapter on Heater-Shaker Module GEN1 on slot C1, 'F6': F6 of Sample Plate on Opentrons 96 Deep Well Heater-Shaker Adapter on Heater-Shaker Module GEN1 on slot C1, 'G6': G6 of Sample Plate on Opentrons 96 Deep Well Heater-Shaker Adapter on Heater-Shaker Module GEN1 on slot C1, 'H6': H6 of Sample Plate on Opentrons 96 Deep Well Heater-Shaker Adapter on Heater-Shaker Module GEN1 on slot C1, 'A7': A7 of Sample Plate on Opentrons 96 Deep Well Heater-Shaker Adapter on Heater-Shaker Module GEN1 on slot C1, 'B7': B7 of Sample Plate on Opentrons 96 Deep Well Heater-Shaker Adapter on Heater-Shaker Module GEN1 on slot C1, 'C7': C7 of Sample Plate on Opentrons 96 Deep Well Heater-Shaker Adapter on Heater-Shaker Module GEN1 on slot C1, 'D7': D7 of Sample Plate on Opentrons 96 Deep Well Heater-Shaker Adapter on Heater-Shaker Module GEN1 on slot C1, 'E7': E7 of Sample Plate on Opentrons 96 Deep Well Heater-Shaker Adapter on Heater-Shaker Module GEN1 on slot C1, 'F7': F7 of Sample Plate on Opentrons 96 Deep Well Heater-Shaker Adapter on Heater-Shaker Module GEN1 on slot C1, 'G7': G7 of Sample Plate on Opentrons 96 Deep Well Heater-Shaker Adapter on Heater-Shaker Module GEN1 on slot C1, 'H7': H7 of Sample Plate on Opentrons 96 Deep Well Heater-Shaker Adapter on Heater-Shaker Module GEN1 on slot C1, 'A8': A8 of Sample Plate on Opentrons 96 Deep Well Heater-Shaker Adapter on Heater-Shaker Module GEN1 on slot C1, 'B8': B8 of Sample Plate on Opentrons 96 Deep Well Heater-Shaker Adapter on Heater-Shaker Module GEN1 on slot C1, 'C8': C8 of Sample Plate on Opentrons 96 Deep Well Heater-Shaker Adapter on Heater-Shaker Module GEN1 on slot C1, 'D8': D8 of Sample Plate on Opentrons 96 Deep Well Heater-Shaker Adapter on Heater-Shaker Module GEN1 on slot C1, 'E8': E8 of Sample Plate on Opentrons 96 Deep Well Heater-Shaker Adapter on Heater-Shaker Module GEN1 on slot C1, 'F8': F8 of Sample Plate on Opentrons 96 Deep Well Heater-Shaker Adapter on Heater-Shaker Module GEN1 on slot C1, 'G8': G8 of Sample Plate on Opentrons 96 Deep Well Heater-Shaker Adapter on Heater-Shaker Module GEN1 on slot C1, 'H8': H8 of Sample Plate on Opentrons 96 Deep Well Heater-Shaker Adapter on Heater-Shaker Module GEN1 on slot C1, 'A9': A9 of Sample Plate on Opentrons 96 Deep Well Heater-Shaker Adapter on Heater-Shaker Module GEN1 on slot C1, 'B9': B9 of Sample Plate on Opentrons 96 Deep Well Heater-Shaker Adapter on Heater-Shaker Module GEN1 on slot C1, 'C9': C9 of Sample Plate on Opentrons 96 Deep Well Heater-Shaker Adapter on Heater-Shaker Module GEN1 on slot C1, 'D9': D9 of Sample Plate on Opentrons 96 Deep Well Heater-Shaker Adapter on Heater-Shaker Module GEN1 on slot C1, 'E9': E9 of Sample Plate on Opentrons 96 Deep Well Heater-Shaker Adapter on Heater-Shaker Module GEN1 on slot C1, 'F9': F9 of Sample Plate on Opentrons 96 Deep Well Heater-Shaker Adapter on Heater-Shaker Module GEN1 on slot C1, 'G9': G9 of Sample Plate on Opentrons 96 Deep Well Heater-Shaker Adapter on Heater-Shaker Module GEN1 on slot C1, 'H9': H9 of Sample Plate on Opentrons 96 Deep Well Heater-Shaker Adapter on Heater-Shaker Module GEN1 on slot C1, 'A10': A10 of Sample Plate on Opentrons 96 Deep Well Heater-Shaker Adapter on Heater-Shaker Module GEN1 on slot C1, 'B10': B10 of Sample Plate on Opentrons 96 Deep Well Heater-Shaker Adapter on Heater-Shaker Module GEN1 on slot C1, 'C10': C10 of Sample Plate on Opentrons 96 Deep Well Heater-Shaker Adapter on Heater-Shaker Module GEN1 on slot C1, 'D10': D10 of Sample Plate on Opentrons 96 Deep Well Heater-Shaker Adapter on Heater-Shaker Module GEN1 on slot C1, 'E10': E10 of Sample Plate on Opentrons 96 Deep Well Heater-Shaker Adapter on Heater-Shaker Module GEN1 on slot C1, 'F10': F10 of Sample Plate on Opentrons 96 Deep Well Heater-Shaker Adapter on Heater-Shaker Module GEN1 on slot C1, 'G10': G10 of Sample Plate on Opentrons 96 Deep Well Heater-Shaker Adapter on Heater-Shaker Module GEN1 on slot C1, 'H10': H10 of Sample Plate on Opentrons 96 Deep Well Heater-Shaker Adapter on Heater-Shaker Module GEN1 on slot C1, 'A11': A11 of Sample Plate on Opentrons 96 Deep Well Heater-Shaker Adapter on Heater-Shaker Module GEN1 on slot C1, 'B11': B11 of Sample Plate on Opentrons 96 Deep Well Heater-Shaker Adapter on Heater-Shaker Module GEN1 on slot C1, 'C11': C11 of Sample Plate on Opentrons 96 Deep Well Heater-Shaker Adapter on Heater-Shaker Module GEN1 on slot C1, 'D11': D11 of Sample Plate on Opentrons 96 Deep Well Heater-Shaker Adapter on Heater-Shaker Module GEN1 on slot C1, 'E11': E11 of Sample Plate on Opentrons 96 Deep Well Heater-Shaker Adapter on Heater-Shaker Module GEN1 on slot C1, 'F11': F11 of Sample Plate on Opentrons 96 Deep Well Heater-Shaker Adapter on Heater-Shaker Module GEN1 on slot C1, 'G11': G11 of Sample Plate on Opentrons 96 Deep Well Heater-Shaker Adapter on Heater-Shaker Module GEN1 on slot C1, 'H11': H11 of Sample Plate on Opentrons 96 Deep Well Heater-Shaker Adapter on Heater-Shaker Module GEN1 on slot C1, 'A12': A12 of Sample Plate on Opentrons 96 Deep Well Heater-Shaker Adapter on Heater-Shaker Module GEN1 on slot C1, 'B12': B12 of Sample Plate on Opentrons 96 Deep Well Heater-Shaker Adapter on Heater-Shaker Module GEN1 on slot C1, 'C12': C12 of Sample Plate on Opentrons 96 Deep Well Heater-Shaker Adapter on Heater-Shaker Module GEN1 on slot C1, 'D12': D12 of Sample Plate on Opentrons 96 Deep Well Heater-Shaker Adapter on Heater-Shaker Module GEN1 on slot C1, 'E12': E12 of Sample Plate on Opentrons 96 Deep Well Heater-Shaker Adapter on Heater-Shaker Module GEN1 on slot C1, 'F12': F12 of Sample Plate on Opentrons 96 Deep Well Heater-Shaker Adapter on Heater-Shaker Module GEN1 on slot C1, 'G12': G12 of Sample Plate on Opentrons 96 Deep Well Heater-Shaker Adapter on Heater-Shaker Module GEN1 on slot C1, 'H12': H12 of Sample Plate on Opentrons 96 Deep Well Heater-Shaker Adapter on Heater-Shaker Module GEN1 on slot C1}
Loading liquid into {'A1': A1 of Sample Plate on Opentrons 96 Deep Well Heater-Shaker Adapter on Heater-Shaker Module GEN1 on slot C1, 'B1': B1 of Sample Plate on Opentrons 96 Deep Well Heater-Shaker Adapter on Heater-Shaker Module GEN1 on slot C1, 'C1': C1 of Sample Plate on Opentrons 96 Deep Well Heater-Shaker Adapter on Heater-Shaker Module GEN1 on slot C1, 'D1': D1 of Sample Plate on Opentrons 96 Deep Well Heater-Shaker Adapter on Heater-Shaker Module GEN1 on slot C1, 'E1': E1 of Sample Plate on Opentrons 96 Deep Well Heater-Shaker Adapter on Heater-Shaker Module GEN1 on slot C1, 'F1': F1 of Sample Plate on Opentrons 96 Deep Well Heater-Shaker Adapter on Heater-Shaker Module GEN1 on slot C1, 'G1': G1 of Sample Plate on Opentrons 96 Deep Well Heater-Shaker Adapter on Heater-Shaker Module GEN1 on slot C1, 'H1': H1 of Sample Plate on Opentrons 96 Deep Well Heater-Shaker Adapter on Heater-Shaker Module GEN1 on slot C1, 'A2': A2 of Sample Plate on Opentrons 96 Deep Well Heater-Shaker Adapter on Heater-Shaker Module GEN1 on slot C1, 'B2': B2 of Sample Plate on Opentrons 96 Deep Well Heater-Shaker Adapter on Heater-Shaker Module GEN1 on slot C1, 'C2': C2 of Sample Plate on Opentrons 96 Deep Well Heater-Shaker Adapter on Heater-Shaker Module GEN1 on slot C1, 'D2': D2 of Sample Plate on Opentrons 96 Deep Well Heater-Shaker Adapter on Heater-Shaker Module GEN1 on slot C1, 'E2': E2 of Sample Plate on Opentrons 96 Deep Well Heater-Shaker Adapter on Heater-Shaker Module GEN1 on slot C1, 'F2': F2 of Sample Plate on Opentrons 96 Deep Well Heater-Shaker Adapter on Heater-Shaker Module GEN1 on slot C1, 'G2': G2 of Sample Plate on Opentrons 96 Deep Well Heater-Shaker Adapter on Heater-Shaker Module GEN1 on slot C1, 'H2': H2 of Sample Plate on Opentrons 96 Deep Well Heater-Shaker Adapter on Heater-Shaker Module GEN1 on slot C1, 'A3': A3 of Sample Plate on Opentrons 96 Deep Well Heater-Shaker Adapter on Heater-Shaker Module GEN1 on slot C1, 'B3': B3 of Sample Plate on Opentrons 96 Deep Well Heater-Shaker Adapter on Heater-Shaker Module GEN1 on slot C1, 'C3': C3 of Sample Plate on Opentrons 96 Deep Well Heater-Shaker Adapter on Heater-Shaker Module GEN1 on slot C1, 'D3': D3 of Sample Plate on Opentrons 96 Deep Well Heater-Shaker Adapter on Heater-Shaker Module GEN1 on slot C1, 'E3': E3 of Sample Plate on Opentrons 96 Deep Well Heater-Shaker Adapter on Heater-Shaker Module GEN1 on slot C1, 'F3': F3 of Sample Plate on Opentrons 96 Deep Well Heater-Shaker Adapter on Heater-Shaker Module GEN1 on slot C1, 'G3': G3 of Sample Plate on Opentrons 96 Deep Well Heater-Shaker Adapter on Heater-Shaker Module GEN1 on slot C1, 'H3': H3 of Sample Plate on Opentrons 96 Deep Well Heater-Shaker Adapter on Heater-Shaker Module GEN1 on slot C1, 'A4': A4 of Sample Plate on Opentrons 96 Deep Well Heater-Shaker Adapter on Heater-Shaker Module GEN1 on slot C1, 'B4': B4 of Sample Plate on Opentrons 96 Deep Well Heater-Shaker Adapter on Heater-Shaker Module GEN1 on slot C1, 'C4': C4 of Sample Plate on Opentrons 96 Deep Well Heater-Shaker Adapter on Heater-Shaker Module GEN1 on slot C1, 'D4': D4 of Sample Plate on Opentrons 96 Deep Well Heater-Shaker Adapter on Heater-Shaker Module GEN1 on slot C1, 'E4': E4 of Sample Plate on Opentrons 96 Deep Well Heater-Shaker Adapter on Heater-Shaker Module GEN1 on slot C1, 'F4': F4 of Sample Plate on Opentrons 96 Deep Well Heater-Shaker Adapter on Heater-Shaker Module GEN1 on slot C1, 'G4': G4 of Sample Plate on Opentrons 96 Deep Well Heater-Shaker Adapter on Heater-Shaker Module GEN1 on slot C1, 'H4': H4 of Sample Plate on Opentrons 96 Deep Well Heater-Shaker Adapter on Heater-Shaker Module GEN1 on slot C1, 'A5': A5 of Sample Plate on Opentrons 96 Deep Well Heater-Shaker Adapter on Heater-Shaker Module GEN1 on slot C1, 'B5': B5 of Sample Plate on Opentrons 96 Deep Well Heater-Shaker Adapter on Heater-Shaker Module GEN1 on slot C1, 'C5': C5 of Sample Plate on Opentrons 96 Deep Well Heater-Shaker Adapter on Heater-Shaker Module GEN1 on slot C1, 'D5': D5 of Sample Plate on Opentrons 96 Deep Well Heater-Shaker Adapter on Heater-Shaker Module GEN1 on slot C1, 'E5': E5 of Sample Plate on Opentrons 96 Deep Well Heater-Shaker Adapter on Heater-Shaker Module GEN1 on slot C1, 'F5': F5 of Sample Plate on Opentrons 96 Deep Well Heater-Shaker Adapter on Heater-Shaker Module GEN1 on slot C1, 'G5': G5 of Sample Plate on Opentrons 96 Deep Well Heater-Shaker Adapter on Heater-Shaker Module GEN1 on slot C1, 'H5': H5 of Sample Plate on Opentrons 96 Deep Well Heater-Shaker Adapter on Heater-Shaker Module GEN1 on slot C1, 'A6': A6 of Sample Plate on Opentrons 96 Deep Well Heater-Shaker Adapter on Heater-Shaker Module GEN1 on slot C1, 'B6': B6 of Sample Plate on Opentrons 96 Deep Well Heater-Shaker Adapter on Heater-Shaker Module GEN1 on slot C1, 'C6': C6 of Sample Plate on Opentrons 96 Deep Well Heater-Shaker Adapter on Heater-Shaker Module GEN1 on slot C1, 'D6': D6 of Sample Plate on Opentrons 96 Deep Well Heater-Shaker Adapter on Heater-Shaker Module GEN1 on slot C1, 'E6': E6 of Sample Plate on Opentrons 96 Deep Well Heater-Shaker Adapter on Heater-Shaker Module GEN1 on slot C1, 'F6': F6 of Sample Plate on Opentrons 96 Deep Well Heater-Shaker Adapter on Heater-Shaker Module GEN1 on slot C1, 'G6': G6 of Sample Plate on Opentrons 96 Deep Well Heater-Shaker Adapter on Heater-Shaker Module GEN1 on slot C1, 'H6': H6 of Sample Plate on Opentrons 96 Deep Well Heater-Shaker Adapter on Heater-Shaker Module GEN1 on slot C1, 'A7': A7 of Sample Plate on Opentrons 96 Deep Well Heater-Shaker Adapter on Heater-Shaker Module GEN1 on slot C1, 'B7': B7 of Sample Plate on Opentrons 96 Deep Well Heater-Shaker Adapter on Heater-Shaker Module GEN1 on slot C1, 'C7': C7 of Sample Plate on Opentrons 96 Deep Well Heater-Shaker Adapter on Heater-Shaker Module GEN1 on slot C1, 'D7': D7 of Sample Plate on Opentrons 96 Deep Well Heater-Shaker Adapter on Heater-Shaker Module GEN1 on slot C1, 'E7': E7 of Sample Plate on Opentrons 96 Deep Well Heater-Shaker Adapter on Heater-Shaker Module GEN1 on slot C1, 'F7': F7 of Sample Plate on Opentrons 96 Deep Well Heater-Shaker Adapter on Heater-Shaker Module GEN1 on slot C1, 'G7': G7 of Sample Plate on Opentrons 96 Deep Well Heater-Shaker Adapter on Heater-Shaker Module GEN1 on slot C1, 'H7': H7 of Sample Plate on Opentrons 96 Deep Well Heater-Shaker Adapter on Heater-Shaker Module GEN1 on slot C1, 'A8': A8 of Sample Plate on Opentrons 96 Deep Well Heater-Shaker Adapter on Heater-Shaker Module GEN1 on slot C1, 'B8': B8 of Sample Plate on Opentrons 96 Deep Well Heater-Shaker Adapter on Heater-Shaker Module GEN1 on slot C1, 'C8': C8 of Sample Plate on Opentrons 96 Deep Well Heater-Shaker Adapter on Heater-Shaker Module GEN1 on slot C1, 'D8': D8 of Sample Plate on Opentrons 96 Deep Well Heater-Shaker Adapter on Heater-Shaker Module GEN1 on slot C1, 'E8': E8 of Sample Plate on Opentrons 96 Deep Well Heater-Shaker Adapter on Heater-Shaker Module GEN1 on slot C1, 'F8': F8 of Sample Plate on Opentrons 96 Deep Well Heater-Shaker Adapter on Heater-Shaker Module GEN1 on slot C1, 'G8': G8 of Sample Plate on Opentrons 96 Deep Well Heater-Shaker Adapter on Heater-Shaker Module GEN1 on slot C1, 'H8': H8 of Sample Plate on Opentrons 96 Deep Well Heater-Shaker Adapter on Heater-Shaker Module GEN1 on slot C1, 'A9': A9 of Sample Plate on Opentrons 96 Deep Well Heater-Shaker Adapter on Heater-Shaker Module GEN1 on slot C1, 'B9': B9 of Sample Plate on Opentrons 96 Deep Well Heater-Shaker Adapter on Heater-Shaker Module GEN1 on slot C1, 'C9': C9 of Sample Plate on Opentrons 96 Deep Well Heater-Shaker Adapter on Heater-Shaker Module GEN1 on slot C1, 'D9': D9 of Sample Plate on Opentrons 96 Deep Well Heater-Shaker Adapter on Heater-Shaker Module GEN1 on slot C1, 'E9': E9 of Sample Plate on Opentrons 96 Deep Well Heater-Shaker Adapter on Heater-Shaker Module GEN1 on slot C1, 'F9': F9 of Sample Plate on Opentrons 96 Deep Well Heater-Shaker Adapter on Heater-Shaker Module GEN1 on slot C1, 'G9': G9 of Sample Plate on Opentrons 96 Deep Well Heater-Shaker Adapter on Heater-Shaker Module GEN1 on slot C1, 'H9': H9 of Sample Plate on Opentrons 96 Deep Well Heater-Shaker Adapter on Heater-Shaker Module GEN1 on slot C1, 'A10': A10 of Sample Plate on Opentrons 96 Deep Well Heater-Shaker Adapter on Heater-Shaker Module GEN1 on slot C1, 'B10': B10 of Sample Plate on Opentrons 96 Deep Well Heater-Shaker Adapter on Heater-Shaker Module GEN1 on slot C1, 'C10': C10 of Sample Plate on Opentrons 96 Deep Well Heater-Shaker Adapter on Heater-Shaker Module GEN1 on slot C1, 'D10': D10 of Sample Plate on Opentrons 96 Deep Well Heater-Shaker Adapter on Heater-Shaker Module GEN1 on slot C1, 'E10': E10 of Sample Plate on Opentrons 96 Deep Well Heater-Shaker Adapter on Heater-Shaker Module GEN1 on slot C1, 'F10': F10 of Sample Plate on Opentrons 96 Deep Well Heater-Shaker Adapter on Heater-Shaker Module GEN1 on slot C1, 'G10': G10 of Sample Plate on Opentrons 96 Deep Well Heater-Shaker Adapter on Heater-Shaker Module GEN1 on slot C1, 'H10': H10 of Sample Plate on Opentrons 96 Deep Well Heater-Shaker Adapter on Heater-Shaker Module GEN1 on slot C1, 'A11': A11 of Sample Plate on Opentrons 96 Deep Well Heater-Shaker Adapter on Heater-Shaker Module GEN1 on slot C1, 'B11': B11 of Sample Plate on Opentrons 96 Deep Well Heater-Shaker Adapter on Heater-Shaker Module GEN1 on slot C1, 'C11': C11 of Sample Plate on Opentrons 96 Deep Well Heater-Shaker Adapter on Heater-Shaker Module GEN1 on slot C1, 'D11': D11 of Sample Plate on Opentrons 96 Deep Well Heater-Shaker Adapter on Heater-Shaker Module GEN1 on slot C1, 'E11': E11 of Sample Plate on Opentrons 96 Deep Well Heater-Shaker Adapter on Heater-Shaker Module GEN1 on slot C1, 'F11': F11 of Sample Plate on Opentrons 96 Deep Well Heater-Shaker Adapter on Heater-Shaker Module GEN1 on slot C1, 'G11': G11 of Sample Plate on Opentrons 96 Deep Well Heater-Shaker Adapter on Heater-Shaker Module GEN1 on slot C1, 'H11': H11 of Sample Plate on Opentrons 96 Deep Well Heater-Shaker Adapter on Heater-Shaker Module GEN1 on slot C1, 'A12': A12 of Sample Plate on Opentrons 96 Deep Well Heater-Shaker Adapter on Heater-Shaker Module GEN1 on slot C1, 'B12': B12 of Sample Plate on Opentrons 96 Deep Well Heater-Shaker Adapter on Heater-Shaker Module GEN1 on slot C1, 'C12': C12 of Sample Plate on Opentrons 96 Deep Well Heater-Shaker Adapter on Heater-Shaker Module GEN1 on slot C1, 'D12': D12 of Sample Plate on Opentrons 96 Deep Well Heater-Shaker Adapter on Heater-Shaker Module GEN1 on slot C1, 'E12': E12 of Sample Plate on Opentrons 96 Deep Well Heater-Shaker Adapter on Heater-Shaker Module GEN1 on slot C1, 'F12': F12 of Sample Plate on Opentrons 96 Deep Well Heater-Shaker Adapter on Heater-Shaker Module GEN1 on slot C1, 'G12': G12 of Sample Plate on Opentrons 96 Deep Well Heater-Shaker Adapter on Heater-Shaker Module GEN1 on slot C1, 'H12': H12 of Sample Plate on Opentrons 96 Deep Well Heater-Shaker Adapter on Heater-Shaker Module GEN1 on slot C1}
Loading liquid into {'A1': A1 of Sample Plate on Opentrons 96 Deep Well Heater-Shaker Adapter on Heater-Shaker Module GEN1 on slot C1, 'B1': B1 of Sample Plate on Opentrons 96 Deep Well Heater-Shaker Adapter on Heater-Shaker Module GEN1 on slot C1, 'C1': C1 of Sample Plate on Opentrons 96 Deep Well Heater-Shaker Adapter on Heater-Shaker Module GEN1 on slot C1, 'D1': D1 of Sample Plate on Opentrons 96 Deep Well Heater-Shaker Adapter on Heater-Shaker Module GEN1 on slot C1, 'E1': E1 of Sample Plate on Opentrons 96 Deep Well Heater-Shaker Adapter on Heater-Shaker Module GEN1 on slot C1, 'F1': F1 of Sample Plate on Opentrons 96 Deep Well Heater-Shaker Adapter on Heater-Shaker Module GEN1 on slot C1, 'G1': G1 of Sample Plate on Opentrons 96 Deep Well Heater-Shaker Adapter on Heater-Shaker Module GEN1 on slot C1, 'H1': H1 of Sample Plate on Opentrons 96 Deep Well Heater-Shaker Adapter on Heater-Shaker Module GEN1 on slot C1, 'A2': A2 of Sample Plate on Opentrons 96 Deep Well Heater-Shaker Adapter on Heater-Shaker Module GEN1 on slot C1, 'B2': B2 of Sample Plate on Opentrons 96 Deep Well Heater-Shaker Adapter on Heater-Shaker Module GEN1 on slot C1, 'C2': C2 of Sample Plate on Opentrons 96 Deep Well Heater-Shaker Adapter on Heater-Shaker Module GEN1 on slot C1, 'D2': D2 of Sample Plate on Opentrons 96 Deep Well Heater-Shaker Adapter on Heater-Shaker Module GEN1 on slot C1, 'E2': E2 of Sample Plate on Opentrons 96 Deep Well Heater-Shaker Adapter on Heater-Shaker Module GEN1 on slot C1, 'F2': F2 of Sample Plate on Opentrons 96 Deep Well Heater-Shaker Adapter on Heater-Shaker Module GEN1 on slot C1, 'G2': G2 of Sample Plate on Opentrons 96 Deep Well Heater-Shaker Adapter on Heater-Shaker Module GEN1 on slot C1, 'H2': H2 of Sample Plate on Opentrons 96 Deep Well Heater-Shaker Adapter on Heater-Shaker Module GEN1 on slot C1, 'A3': A3 of Sample Plate on Opentrons 96 Deep Well Heater-Shaker Adapter on Heater-Shaker Module GEN1 on slot C1, 'B3': B3 of Sample Plate on Opentrons 96 Deep Well Heater-Shaker Adapter on Heater-Shaker Module GEN1 on slot C1, 'C3': C3 of Sample Plate on Opentrons 96 Deep Well Heater-Shaker Adapter on Heater-Shaker Module GEN1 on slot C1, 'D3': D3 of Sample Plate on Opentrons 96 Deep Well Heater-Shaker Adapter on Heater-Shaker Module GEN1 on slot C1, 'E3': E3 of Sample Plate on Opentrons 96 Deep Well Heater-Shaker Adapter on Heater-Shaker Module GEN1 on slot C1, 'F3': F3 of Sample Plate on Opentrons 96 Deep Well Heater-Shaker Adapter on Heater-Shaker Module GEN1 on slot C1, 'G3': G3 of Sample Plate on Opentrons 96 Deep Well Heater-Shaker Adapter on Heater-Shaker Module GEN1 on slot C1, 'H3': H3 of Sample Plate on Opentrons 96 Deep Well Heater-Shaker Adapter on Heater-Shaker Module GEN1 on slot C1, 'A4': A4 of Sample Plate on Opentrons 96 Deep Well Heater-Shaker Adapter on Heater-Shaker Module GEN1 on slot C1, 'B4': B4 of Sample Plate on Opentrons 96 Deep Well Heater-Shaker Adapter on Heater-Shaker Module GEN1 on slot C1, 'C4': C4 of Sample Plate on Opentrons 96 Deep Well Heater-Shaker Adapter on Heater-Shaker Module GEN1 on slot C1, 'D4': D4 of Sample Plate on Opentrons 96 Deep Well Heater-Shaker Adapter on Heater-Shaker Module GEN1 on slot C1, 'E4': E4 of Sample Plate on Opentrons 96 Deep Well Heater-Shaker Adapter on Heater-Shaker Module GEN1 on slot C1, 'F4': F4 of Sample Plate on Opentrons 96 Deep Well Heater-Shaker Adapter on Heater-Shaker Module GEN1 on slot C1, 'G4': G4 of Sample Plate on Opentrons 96 Deep Well Heater-Shaker Adapter on Heater-Shaker Module GEN1 on slot C1, 'H4': H4 of Sample Plate on Opentrons 96 Deep Well Heater-Shaker Adapter on Heater-Shaker Module GEN1 on slot C1, 'A5': A5 of Sample Plate on Opentrons 96 Deep Well Heater-Shaker Adapter on Heater-Shaker Module GEN1 on slot C1, 'B5': B5 of Sample Plate on Opentrons 96 Deep Well Heater-Shaker Adapter on Heater-Shaker Module GEN1 on slot C1, 'C5': C5 of Sample Plate on Opentrons 96 Deep Well Heater-Shaker Adapter on Heater-Shaker Module GEN1 on slot C1, 'D5': D5 of Sample Plate on Opentrons 96 Deep Well Heater-Shaker Adapter on Heater-Shaker Module GEN1 on slot C1, 'E5': E5 of Sample Plate on Opentrons 96 Deep Well Heater-Shaker Adapter on Heater-Shaker Module GEN1 on slot C1, 'F5': F5 of Sample Plate on Opentrons 96 Deep Well Heater-Shaker Adapter on Heater-Shaker Module GEN1 on slot C1, 'G5': G5 of Sample Plate on Opentrons 96 Deep Well Heater-Shaker Adapter on Heater-Shaker Module GEN1 on slot C1, 'H5': H5 of Sample Plate on Opentrons 96 Deep Well Heater-Shaker Adapter on Heater-Shaker Module GEN1 on slot C1, 'A6': A6 of Sample Plate on Opentrons 96 Deep Well Heater-Shaker Adapter on Heater-Shaker Module GEN1 on slot C1, 'B6': B6 of Sample Plate on Opentrons 96 Deep Well Heater-Shaker Adapter on Heater-Shaker Module GEN1 on slot C1, 'C6': C6 of Sample Plate on Opentrons 96 Deep Well Heater-Shaker Adapter on Heater-Shaker Module GEN1 on slot C1, 'D6': D6 of Sample Plate on Opentrons 96 Deep Well Heater-Shaker Adapter on Heater-Shaker Module GEN1 on slot C1, 'E6': E6 of Sample Plate on Opentrons 96 Deep Well Heater-Shaker Adapter on Heater-Shaker Module GEN1 on slot C1, 'F6': F6 of Sample Plate on Opentrons 96 Deep Well Heater-Shaker Adapter on Heater-Shaker Module GEN1 on slot C1, 'G6': G6 of Sample Plate on Opentrons 96 Deep Well Heater-Shaker Adapter on Heater-Shaker Module GEN1 on slot C1, 'H6': H6 of Sample Plate on Opentrons 96 Deep Well Heater-Shaker Adapter on Heater-Shaker Module GEN1 on slot C1, 'A7': A7 of Sample Plate on Opentrons 96 Deep Well Heater-Shaker Adapter on Heater-Shaker Module GEN1 on slot C1, 'B7': B7 of Sample Plate on Opentrons 96 Deep Well Heater-Shaker Adapter on Heater-Shaker Module GEN1 on slot C1, 'C7': C7 of Sample Plate on Opentrons 96 Deep Well Heater-Shaker Adapter on Heater-Shaker Module GEN1 on slot C1, 'D7': D7 of Sample Plate on Opentrons 96 Deep Well Heater-Shaker Adapter on Heater-Shaker Module GEN1 on slot C1, 'E7': E7 of Sample Plate on Opentrons 96 Deep Well Heater-Shaker Adapter on Heater-Shaker Module GEN1 on slot C1, 'F7': F7 of Sample Plate on Opentrons 96 Deep Well Heater-Shaker Adapter on Heater-Shaker Module GEN1 on slot C1, 'G7': G7 of Sample Plate on Opentrons 96 Deep Well Heater-Shaker Adapter on Heater-Shaker Module GEN1 on slot C1, 'H7': H7 of Sample Plate on Opentrons 96 Deep Well Heater-Shaker Adapter on Heater-Shaker Module GEN1 on slot C1, 'A8': A8 of Sample Plate on Opentrons 96 Deep Well Heater-Shaker Adapter on Heater-Shaker Module GEN1 on slot C1, 'B8': B8 of Sample Plate on Opentrons 96 Deep Well Heater-Shaker Adapter on Heater-Shaker Module GEN1 on slot C1, 'C8': C8 of Sample Plate on Opentrons 96 Deep Well Heater-Shaker Adapter on Heater-Shaker Module GEN1 on slot C1, 'D8': D8 of Sample Plate on Opentrons 96 Deep Well Heater-Shaker Adapter on Heater-Shaker Module GEN1 on slot C1, 'E8': E8 of Sample Plate on Opentrons 96 Deep Well Heater-Shaker Adapter on Heater-Shaker Module GEN1 on slot C1, 'F8': F8 of Sample Plate on Opentrons 96 Deep Well Heater-Shaker Adapter on Heater-Shaker Module GEN1 on slot C1, 'G8': G8 of Sample Plate on Opentrons 96 Deep Well Heater-Shaker Adapter on Heater-Shaker Module GEN1 on slot C1, 'H8': H8 of Sample Plate on Opentrons 96 Deep Well Heater-Shaker Adapter on Heater-Shaker Module GEN1 on slot C1, 'A9': A9 of Sample Plate on Opentrons 96 Deep Well Heater-Shaker Adapter on Heater-Shaker Module GEN1 on slot C1, 'B9': B9 of Sample Plate on Opentrons 96 Deep Well Heater-Shaker Adapter on Heater-Shaker Module GEN1 on slot C1, 'C9': C9 of Sample Plate on Opentrons 96 Deep Well Heater-Shaker Adapter on Heater-Shaker Module GEN1 on slot C1, 'D9': D9 of Sample Plate on Opentrons 96 Deep Well Heater-Shaker Adapter on Heater-Shaker Module GEN1 on slot C1, 'E9': E9 of Sample Plate on Opentrons 96 Deep Well Heater-Shaker Adapter on Heater-Shaker Module GEN1 on slot C1, 'F9': F9 of Sample Plate on Opentrons 96 Deep Well Heater-Shaker Adapter on Heater-Shaker Module GEN1 on slot C1, 'G9': G9 of Sample Plate on Opentrons 96 Deep Well Heater-Shaker Adapter on Heater-Shaker Module GEN1 on slot C1, 'H9': H9 of Sample Plate on Opentrons 96 Deep Well Heater-Shaker Adapter on Heater-Shaker Module GEN1 on slot C1, 'A10': A10 of Sample Plate on Opentrons 96 Deep Well Heater-Shaker Adapter on Heater-Shaker Module GEN1 on slot C1, 'B10': B10 of Sample Plate on Opentrons 96 Deep Well Heater-Shaker Adapter on Heater-Shaker Module GEN1 on slot C1, 'C10': C10 of Sample Plate on Opentrons 96 Deep Well Heater-Shaker Adapter on Heater-Shaker Module GEN1 on slot C1, 'D10': D10 of Sample Plate on Opentrons 96 Deep Well Heater-Shaker Adapter on Heater-Shaker Module GEN1 on slot C1, 'E10': E10 of Sample Plate on Opentrons 96 Deep Well Heater-Shaker Adapter on Heater-Shaker Module GEN1 on slot C1, 'F10': F10 of Sample Plate on Opentrons 96 Deep Well Heater-Shaker Adapter on Heater-Shaker Module GEN1 on slot C1, 'G10': G10 of Sample Plate on Opentrons 96 Deep Well Heater-Shaker Adapter on Heater-Shaker Module GEN1 on slot C1, 'H10': H10 of Sample Plate on Opentrons 96 Deep Well Heater-Shaker Adapter on Heater-Shaker Module GEN1 on slot C1, 'A11': A11 of Sample Plate on Opentrons 96 Deep Well Heater-Shaker Adapter on Heater-Shaker Module GEN1 on slot C1, 'B11': B11 of Sample Plate on Opentrons 96 Deep Well Heater-Shaker Adapter on Heater-Shaker Module GEN1 on slot C1, 'C11': C11 of Sample Plate on Opentrons 96 Deep Well Heater-Shaker Adapter on Heater-Shaker Module GEN1 on slot C1, 'D11': D11 of Sample Plate on Opentrons 96 Deep Well Heater-Shaker Adapter on Heater-Shaker Module GEN1 on slot C1, 'E11': E11 of Sample Plate on Opentrons 96 Deep Well Heater-Shaker Adapter on Heater-Shaker Module GEN1 on slot C1, 'F11': F11 of Sample Plate on Opentrons 96 Deep Well Heater-Shaker Adapter on Heater-Shaker Module GEN1 on slot C1, 'G11': G11 of Sample Plate on Opentrons 96 Deep Well Heater-Shaker Adapter on Heater-Shaker Module GEN1 on slot C1, 'H11': H11 of Sample Plate on Opentrons 96 Deep Well Heater-Shaker Adapter on Heater-Shaker Module GEN1 on slot C1, 'A12': A12 of Sample Plate on Opentrons 96 Deep Well Heater-Shaker Adapter on Heater-Shaker Module GEN1 on slot C1, 'B12': B12 of Sample Plate on Opentrons 96 Deep Well Heater-Shaker Adapter on Heater-Shaker Module GEN1 on slot C1, 'C12': C12 of Sample Plate on Opentrons 96 Deep Well Heater-Shaker Adapter on Heater-Shaker Module GEN1 on slot C1, 'D12': D12 of Sample Plate on Opentrons 96 Deep Well Heater-Shaker Adapter on Heater-Shaker Module GEN1 on slot C1, 'E12': E12 of Sample Plate on Opentrons 96 Deep Well Heater-Shaker Adapter on Heater-Shaker Module GEN1 on slot C1, 'F12': F12 of Sample Plate on Opentrons 96 Deep Well Heater-Shaker Adapter on Heater-Shaker Module GEN1 on slot C1, 'G12': G12 of Sample Plate on Opentrons 96 Deep Well Heater-Shaker Adapter on Heater-Shaker Module GEN1 on slot C1, 'H12': H12 of Sample Plate on Opentrons 96 Deep Well Heater-Shaker Adapter on Heater-Shaker Module GEN1 on slot C1}
Loading liquid into {'A1': A1 of Sample Plate on Opentrons 96 Deep Well Heater-Shaker Adapter on Heater-Shaker Module GEN1 on slot C1, 'B1': B1 of Sample Plate on Opentrons 96 Deep Well Heater-Shaker Adapter on Heater-Shaker Module GEN1 on slot C1, 'C1': C1 of Sample Plate on Opentrons 96 Deep Well Heater-Shaker Adapter on Heater-Shaker Module GEN1 on slot C1, 'D1': D1 of Sample Plate on Opentrons 96 Deep Well Heater-Shaker Adapter on Heater-Shaker Module GEN1 on slot C1, 'E1': E1 of Sample Plate on Opentrons 96 Deep Well Heater-Shaker Adapter on Heater-Shaker Module GEN1 on slot C1, 'F1': F1 of Sample Plate on Opentrons 96 Deep Well Heater-Shaker Adapter on Heater-Shaker Module GEN1 on slot C1, 'G1': G1 of Sample Plate on Opentrons 96 Deep Well Heater-Shaker Adapter on Heater-Shaker Module GEN1 on slot C1, 'H1': H1 of Sample Plate on Opentrons 96 Deep Well Heater-Shaker Adapter on Heater-Shaker Module GEN1 on slot C1, 'A2': A2 of Sample Plate on Opentrons 96 Deep Well Heater-Shaker Adapter on Heater-Shaker Module GEN1 on slot C1, 'B2': B2 of Sample Plate on Opentrons 96 Deep Well Heater-Shaker Adapter on Heater-Shaker Module GEN1 on slot C1, 'C2': C2 of Sample Plate on Opentrons 96 Deep Well Heater-Shaker Adapter on Heater-Shaker Module GEN1 on slot C1, 'D2': D2 of Sample Plate on Opentrons 96 Deep Well Heater-Shaker Adapter on Heater-Shaker Module GEN1 on slot C1, 'E2': E2 of Sample Plate on Opentrons 96 Deep Well Heater-Shaker Adapter on Heater-Shaker Module GEN1 on slot C1, 'F2': F2 of Sample Plate on Opentrons 96 Deep Well Heater-Shaker Adapter on Heater-Shaker Module GEN1 on slot C1, 'G2': G2 of Sample Plate on Opentrons 96 Deep Well Heater-Shaker Adapter on Heater-Shaker Module GEN1 on slot C1, 'H2': H2 of Sample Plate on Opentrons 96 Deep Well Heater-Shaker Adapter on Heater-Shaker Module GEN1 on slot C1, 'A3': A3 of Sample Plate on Opentrons 96 Deep Well Heater-Shaker Adapter on Heater-Shaker Module GEN1 on slot C1, 'B3': B3 of Sample Plate on Opentrons 96 Deep Well Heater-Shaker Adapter on Heater-Shaker Module GEN1 on slot C1, 'C3': C3 of Sample Plate on Opentrons 96 Deep Well Heater-Shaker Adapter on Heater-Shaker Module GEN1 on slot C1, 'D3': D3 of Sample Plate on Opentrons 96 Deep Well Heater-Shaker Adapter on Heater-Shaker Module GEN1 on slot C1, 'E3': E3 of Sample Plate on Opentrons 96 Deep Well Heater-Shaker Adapter on Heater-Shaker Module GEN1 on slot C1, 'F3': F3 of Sample Plate on Opentrons 96 Deep Well Heater-Shaker Adapter on Heater-Shaker Module GEN1 on slot C1, 'G3': G3 of Sample Plate on Opentrons 96 Deep Well Heater-Shaker Adapter on Heater-Shaker Module GEN1 on slot C1, 'H3': H3 of Sample Plate on Opentrons 96 Deep Well Heater-Shaker Adapter on Heater-Shaker Module GEN1 on slot C1, 'A4': A4 of Sample Plate on Opentrons 96 Deep Well Heater-Shaker Adapter on Heater-Shaker Module GEN1 on slot C1, 'B4': B4 of Sample Plate on Opentrons 96 Deep Well Heater-Shaker Adapter on Heater-Shaker Module GEN1 on slot C1, 'C4': C4 of Sample Plate on Opentrons 96 Deep Well Heater-Shaker Adapter on Heater-Shaker Module GEN1 on slot C1, 'D4': D4 of Sample Plate on Opentrons 96 Deep Well Heater-Shaker Adapter on Heater-Shaker Module GEN1 on slot C1, 'E4': E4 of Sample Plate on Opentrons 96 Deep Well Heater-Shaker Adapter on Heater-Shaker Module GEN1 on slot C1, 'F4': F4 of Sample Plate on Opentrons 96 Deep Well Heater-Shaker Adapter on Heater-Shaker Module GEN1 on slot C1, 'G4': G4 of Sample Plate on Opentrons 96 Deep Well Heater-Shaker Adapter on Heater-Shaker Module GEN1 on slot C1, 'H4': H4 of Sample Plate on Opentrons 96 Deep Well Heater-Shaker Adapter on Heater-Shaker Module GEN1 on slot C1, 'A5': A5 of Sample Plate on Opentrons 96 Deep Well Heater-Shaker Adapter on Heater-Shaker Module GEN1 on slot C1, 'B5': B5 of Sample Plate on Opentrons 96 Deep Well Heater-Shaker Adapter on Heater-Shaker Module GEN1 on slot C1, 'C5': C5 of Sample Plate on Opentrons 96 Deep Well Heater-Shaker Adapter on Heater-Shaker Module GEN1 on slot C1, 'D5': D5 of Sample Plate on Opentrons 96 Deep Well Heater-Shaker Adapter on Heater-Shaker Module GEN1 on slot C1, 'E5': E5 of Sample Plate on Opentrons 96 Deep Well Heater-Shaker Adapter on Heater-Shaker Module GEN1 on slot C1, 'F5': F5 of Sample Plate on Opentrons 96 Deep Well Heater-Shaker Adapter on Heater-Shaker Module GEN1 on slot C1, 'G5': G5 of Sample Plate on Opentrons 96 Deep Well Heater-Shaker Adapter on Heater-Shaker Module GEN1 on slot C1, 'H5': H5 of Sample Plate on Opentrons 96 Deep Well Heater-Shaker Adapter on Heater-Shaker Module GEN1 on slot C1, 'A6': A6 of Sample Plate on Opentrons 96 Deep Well Heater-Shaker Adapter on Heater-Shaker Module GEN1 on slot C1, 'B6': B6 of Sample Plate on Opentrons 96 Deep Well Heater-Shaker Adapter on Heater-Shaker Module GEN1 on slot C1, 'C6': C6 of Sample Plate on Opentrons 96 Deep Well Heater-Shaker Adapter on Heater-Shaker Module GEN1 on slot C1, 'D6': D6 of Sample Plate on Opentrons 96 Deep Well Heater-Shaker Adapter on Heater-Shaker Module GEN1 on slot C1, 'E6': E6 of Sample Plate on Opentrons 96 Deep Well Heater-Shaker Adapter on Heater-Shaker Module GEN1 on slot C1, 'F6': F6 of Sample Plate on Opentrons 96 Deep Well Heater-Shaker Adapter on Heater-Shaker Module GEN1 on slot C1, 'G6': G6 of Sample Plate on Opentrons 96 Deep Well Heater-Shaker Adapter on Heater-Shaker Module GEN1 on slot C1, 'H6': H6 of Sample Plate on Opentrons 96 Deep Well Heater-Shaker Adapter on Heater-Shaker Module GEN1 on slot C1, 'A7': A7 of Sample Plate on Opentrons 96 Deep Well Heater-Shaker Adapter on Heater-Shaker Module GEN1 on slot C1, 'B7': B7 of Sample Plate on Opentrons 96 Deep Well Heater-Shaker Adapter on Heater-Shaker Module GEN1 on slot C1, 'C7': C7 of Sample Plate on Opentrons 96 Deep Well Heater-Shaker Adapter on Heater-Shaker Module GEN1 on slot C1, 'D7': D7 of Sample Plate on Opentrons 96 Deep Well Heater-Shaker Adapter on Heater-Shaker Module GEN1 on slot C1, 'E7': E7 of Sample Plate on Opentrons 96 Deep Well Heater-Shaker Adapter on Heater-Shaker Module GEN1 on slot C1, 'F7': F7 of Sample Plate on Opentrons 96 Deep Well Heater-Shaker Adapter on Heater-Shaker Module GEN1 on slot C1, 'G7': G7 of Sample Plate on Opentrons 96 Deep Well Heater-Shaker Adapter on Heater-Shaker Module GEN1 on slot C1, 'H7': H7 of Sample Plate on Opentrons 96 Deep Well Heater-Shaker Adapter on Heater-Shaker Module GEN1 on slot C1, 'A8': A8 of Sample Plate on Opentrons 96 Deep Well Heater-Shaker Adapter on Heater-Shaker Module GEN1 on slot C1, 'B8': B8 of Sample Plate on Opentrons 96 Deep Well Heater-Shaker Adapter on Heater-Shaker Module GEN1 on slot C1, 'C8': C8 of Sample Plate on Opentrons 96 Deep Well Heater-Shaker Adapter on Heater-Shaker Module GEN1 on slot C1, 'D8': D8 of Sample Plate on Opentrons 96 Deep Well Heater-Shaker Adapter on Heater-Shaker Module GEN1 on slot C1, 'E8': E8 of Sample Plate on Opentrons 96 Deep Well Heater-Shaker Adapter on Heater-Shaker Module GEN1 on slot C1, 'F8': F8 of Sample Plate on Opentrons 96 Deep Well Heater-Shaker Adapter on Heater-Shaker Module GEN1 on slot C1, 'G8': G8 of Sample Plate on Opentrons 96 Deep Well Heater-Shaker Adapter on Heater-Shaker Module GEN1 on slot C1, 'H8': H8 of Sample Plate on Opentrons 96 Deep Well Heater-Shaker Adapter on Heater-Shaker Module GEN1 on slot C1, 'A9': A9 of Sample Plate on Opentrons 96 Deep Well Heater-Shaker Adapter on Heater-Shaker Module GEN1 on slot C1, 'B9': B9 of Sample Plate on Opentrons 96 Deep Well Heater-Shaker Adapter on Heater-Shaker Module GEN1 on slot C1, 'C9': C9 of Sample Plate on Opentrons 96 Deep Well Heater-Shaker Adapter on Heater-Shaker Module GEN1 on slot C1, 'D9': D9 of Sample Plate on Opentrons 96 Deep Well Heater-Shaker Adapter on Heater-Shaker Module GEN1 on slot C1, 'E9': E9 of Sample Plate on Opentrons 96 Deep Well Heater-Shaker Adapter on Heater-Shaker Module GEN1 on slot C1, 'F9': F9 of Sample Plate on Opentrons 96 Deep Well Heater-Shaker Adapter on Heater-Shaker Module GEN1 on slot C1, 'G9': G9 of Sample Plate on Opentrons 96 Deep Well Heater-Shaker Adapter on Heater-Shaker Module GEN1 on slot C1, 'H9': H9 of Sample Plate on Opentrons 96 Deep Well Heater-Shaker Adapter on Heater-Shaker Module GEN1 on slot C1, 'A10': A10 of Sample Plate on Opentrons 96 Deep Well Heater-Shaker Adapter on Heater-Shaker Module GEN1 on slot C1, 'B10': B10 of Sample Plate on Opentrons 96 Deep Well Heater-Shaker Adapter on Heater-Shaker Module GEN1 on slot C1, 'C10': C10 of Sample Plate on Opentrons 96 Deep Well Heater-Shaker Adapter on Heater-Shaker Module GEN1 on slot C1, 'D10': D10 of Sample Plate on Opentrons 96 Deep Well Heater-Shaker Adapter on Heater-Shaker Module GEN1 on slot C1, 'E10': E10 of Sample Plate on Opentrons 96 Deep Well Heater-Shaker Adapter on Heater-Shaker Module GEN1 on slot C1, 'F10': F10 of Sample Plate on Opentrons 96 Deep Well Heater-Shaker Adapter on Heater-Shaker Module GEN1 on slot C1, 'G10': G10 of Sample Plate on Opentrons 96 Deep Well Heater-Shaker Adapter on Heater-Shaker Module GEN1 on slot C1, 'H10': H10 of Sample Plate on Opentrons 96 Deep Well Heater-Shaker Adapter on Heater-Shaker Module GEN1 on slot C1, 'A11': A11 of Sample Plate on Opentrons 96 Deep Well Heater-Shaker Adapter on Heater-Shaker Module GEN1 on slot C1, 'B11': B11 of Sample Plate on Opentrons 96 Deep Well Heater-Shaker Adapter on Heater-Shaker Module GEN1 on slot C1, 'C11': C11 of Sample Plate on Opentrons 96 Deep Well Heater-Shaker Adapter on Heater-Shaker Module GEN1 on slot C1, 'D11': D11 of Sample Plate on Opentrons 96 Deep Well Heater-Shaker Adapter on Heater-Shaker Module GEN1 on slot C1, 'E11': E11 of Sample Plate on Opentrons 96 Deep Well Heater-Shaker Adapter on Heater-Shaker Module GEN1 on slot C1, 'F11': F11 of Sample Plate on Opentrons 96 Deep Well Heater-Shaker Adapter on Heater-Shaker Module GEN1 on slot C1, 'G11': G11 of Sample Plate on Opentrons 96 Deep Well Heater-Shaker Adapter on Heater-Shaker Module GEN1 on slot C1, 'H11': H11 of Sample Plate on Opentrons 96 Deep Well Heater-Shaker Adapter on Heater-Shaker Module GEN1 on slot C1, 'A12': A12 of Sample Plate on Opentrons 96 Deep Well Heater-Shaker Adapter on Heater-Shaker Module GEN1 on slot C1, 'B12': B12 of Sample Plate on Opentrons 96 Deep Well Heater-Shaker Adapter on Heater-Shaker Module GEN1 on slot C1, 'C12': C12 of Sample Plate on Opentrons 96 Deep Well Heater-Shaker Adapter on Heater-Shaker Module GEN1 on slot C1, 'D12': D12 of Sample Plate on Opentrons 96 Deep Well Heater-Shaker Adapter on Heater-Shaker Module GEN1 on slot C1, 'E12': E12 of Sample Plate on Opentrons 96 Deep Well Heater-Shaker Adapter on Heater-Shaker Module GEN1 on slot C1, 'F12': F12 of Sample Plate on Opentrons 96 Deep Well Heater-Shaker Adapter on Heater-Shaker Module GEN1 on slot C1, 'G12': G12 of Sample Plate on Opentrons 96 Deep Well Heater-Shaker Adapter on Heater-Shaker Module GEN1 on slot C1, 'H12': H12 of Sample Plate on Opentrons 96 Deep Well Heater-Shaker Adapter on Heater-Shaker Module GEN1 on slot C1}
Loading liquid into {'A1': A1 of Sample Plate on Opentrons 96 Deep Well Heater-Shaker Adapter on Heater-Shaker Module GEN1 on slot C1, 'B1': B1 of Sample Plate on Opentrons 96 Deep Well Heater-Shaker Adapter on Heater-Shaker Module GEN1 on slot C1, 'C1': C1 of Sample Plate on Opentrons 96 Deep Well Heater-Shaker Adapter on Heater-Shaker Module GEN1 on slot C1, 'D1': D1 of Sample Plate on Opentrons 96 Deep Well Heater-Shaker Adapter on Heater-Shaker Module GEN1 on slot C1, 'E1': E1 of Sample Plate on Opentrons 96 Deep Well Heater-Shaker Adapter on Heater-Shaker Module GEN1 on slot C1, 'F1': F1 of Sample Plate on Opentrons 96 Deep Well Heater-Shaker Adapter on Heater-Shaker Module GEN1 on slot C1, 'G1': G1 of Sample Plate on Opentrons 96 Deep Well Heater-Shaker Adapter on Heater-Shaker Module GEN1 on slot C1, 'H1': H1 of Sample Plate on Opentrons 96 Deep Well Heater-Shaker Adapter on Heater-Shaker Module GEN1 on slot C1, 'A2': A2 of Sample Plate on Opentrons 96 Deep Well Heater-Shaker Adapter on Heater-Shaker Module GEN1 on slot C1, 'B2': B2 of Sample Plate on Opentrons 96 Deep Well Heater-Shaker Adapter on Heater-Shaker Module GEN1 on slot C1, 'C2': C2 of Sample Plate on Opentrons 96 Deep Well Heater-Shaker Adapter on Heater-Shaker Module GEN1 on slot C1, 'D2': D2 of Sample Plate on Opentrons 96 Deep Well Heater-Shaker Adapter on Heater-Shaker Module GEN1 on slot C1, 'E2': E2 of Sample Plate on Opentrons 96 Deep Well Heater-Shaker Adapter on Heater-Shaker Module GEN1 on slot C1, 'F2': F2 of Sample Plate on Opentrons 96 Deep Well Heater-Shaker Adapter on Heater-Shaker Module GEN1 on slot C1, 'G2': G2 of Sample Plate on Opentrons 96 Deep Well Heater-Shaker Adapter on Heater-Shaker Module GEN1 on slot C1, 'H2': H2 of Sample Plate on Opentrons 96 Deep Well Heater-Shaker Adapter on Heater-Shaker Module GEN1 on slot C1, 'A3': A3 of Sample Plate on Opentrons 96 Deep Well Heater-Shaker Adapter on Heater-Shaker Module GEN1 on slot C1, 'B3': B3 of Sample Plate on Opentrons 96 Deep Well Heater-Shaker Adapter on Heater-Shaker Module GEN1 on slot C1, 'C3': C3 of Sample Plate on Opentrons 96 Deep Well Heater-Shaker Adapter on Heater-Shaker Module GEN1 on slot C1, 'D3': D3 of Sample Plate on Opentrons 96 Deep Well Heater-Shaker Adapter on Heater-Shaker Module GEN1 on slot C1, 'E3': E3 of Sample Plate on Opentrons 96 Deep Well Heater-Shaker Adapter on Heater-Shaker Module GEN1 on slot C1, 'F3': F3 of Sample Plate on Opentrons 96 Deep Well Heater-Shaker Adapter on Heater-Shaker Module GEN1 on slot C1, 'G3': G3 of Sample Plate on Opentrons 96 Deep Well Heater-Shaker Adapter on Heater-Shaker Module GEN1 on slot C1, 'H3': H3 of Sample Plate on Opentrons 96 Deep Well Heater-Shaker Adapter on Heater-Shaker Module GEN1 on slot C1, 'A4': A4 of Sample Plate on Opentrons 96 Deep Well Heater-Shaker Adapter on Heater-Shaker Module GEN1 on slot C1, 'B4': B4 of Sample Plate on Opentrons 96 Deep Well Heater-Shaker Adapter on Heater-Shaker Module GEN1 on slot C1, 'C4': C4 of Sample Plate on Opentrons 96 Deep Well Heater-Shaker Adapter on Heater-Shaker Module GEN1 on slot C1, 'D4': D4 of Sample Plate on Opentrons 96 Deep Well Heater-Shaker Adapter on Heater-Shaker Module GEN1 on slot C1, 'E4': E4 of Sample Plate on Opentrons 96 Deep Well Heater-Shaker Adapter on Heater-Shaker Module GEN1 on slot C1, 'F4': F4 of Sample Plate on Opentrons 96 Deep Well Heater-Shaker Adapter on Heater-Shaker Module GEN1 on slot C1, 'G4': G4 of Sample Plate on Opentrons 96 Deep Well Heater-Shaker Adapter on Heater-Shaker Module GEN1 on slot C1, 'H4': H4 of Sample Plate on Opentrons 96 Deep Well Heater-Shaker Adapter on Heater-Shaker Module GEN1 on slot C1, 'A5': A5 of Sample Plate on Opentrons 96 Deep Well Heater-Shaker Adapter on Heater-Shaker Module GEN1 on slot C1, 'B5': B5 of Sample Plate on Opentrons 96 Deep Well Heater-Shaker Adapter on Heater-Shaker Module GEN1 on slot C1, 'C5': C5 of Sample Plate on Opentrons 96 Deep Well Heater-Shaker Adapter on Heater-Shaker Module GEN1 on slot C1, 'D5': D5 of Sample Plate on Opentrons 96 Deep Well Heater-Shaker Adapter on Heater-Shaker Module GEN1 on slot C1, 'E5': E5 of Sample Plate on Opentrons 96 Deep Well Heater-Shaker Adapter on Heater-Shaker Module GEN1 on slot C1, 'F5': F5 of Sample Plate on Opentrons 96 Deep Well Heater-Shaker Adapter on Heater-Shaker Module GEN1 on slot C1, 'G5': G5 of Sample Plate on Opentrons 96 Deep Well Heater-Shaker Adapter on Heater-Shaker Module GEN1 on slot C1, 'H5': H5 of Sample Plate on Opentrons 96 Deep Well Heater-Shaker Adapter on Heater-Shaker Module GEN1 on slot C1, 'A6': A6 of Sample Plate on Opentrons 96 Deep Well Heater-Shaker Adapter on Heater-Shaker Module GEN1 on slot C1, 'B6': B6 of Sample Plate on Opentrons 96 Deep Well Heater-Shaker Adapter on Heater-Shaker Module GEN1 on slot C1, 'C6': C6 of Sample Plate on Opentrons 96 Deep Well Heater-Shaker Adapter on Heater-Shaker Module GEN1 on slot C1, 'D6': D6 of Sample Plate on Opentrons 96 Deep Well Heater-Shaker Adapter on Heater-Shaker Module GEN1 on slot C1, 'E6': E6 of Sample Plate on Opentrons 96 Deep Well Heater-Shaker Adapter on Heater-Shaker Module GEN1 on slot C1, 'F6': F6 of Sample Plate on Opentrons 96 Deep Well Heater-Shaker Adapter on Heater-Shaker Module GEN1 on slot C1, 'G6': G6 of Sample Plate on Opentrons 96 Deep Well Heater-Shaker Adapter on Heater-Shaker Module GEN1 on slot C1, 'H6': H6 of Sample Plate on Opentrons 96 Deep Well Heater-Shaker Adapter on Heater-Shaker Module GEN1 on slot C1, 'A7': A7 of Sample Plate on Opentrons 96 Deep Well Heater-Shaker Adapter on Heater-Shaker Module GEN1 on slot C1, 'B7': B7 of Sample Plate on Opentrons 96 Deep Well Heater-Shaker Adapter on Heater-Shaker Module GEN1 on slot C1, 'C7': C7 of Sample Plate on Opentrons 96 Deep Well Heater-Shaker Adapter on Heater-Shaker Module GEN1 on slot C1, 'D7': D7 of Sample Plate on Opentrons 96 Deep Well Heater-Shaker Adapter on Heater-Shaker Module GEN1 on slot C1, 'E7': E7 of Sample Plate on Opentrons 96 Deep Well Heater-Shaker Adapter on Heater-Shaker Module GEN1 on slot C1, 'F7': F7 of Sample Plate on Opentrons 96 Deep Well Heater-Shaker Adapter on Heater-Shaker Module GEN1 on slot C1, 'G7': G7 of Sample Plate on Opentrons 96 Deep Well Heater-Shaker Adapter on Heater-Shaker Module GEN1 on slot C1, 'H7': H7 of Sample Plate on Opentrons 96 Deep Well Heater-Shaker Adapter on Heater-Shaker Module GEN1 on slot C1, 'A8': A8 of Sample Plate on Opentrons 96 Deep Well Heater-Shaker Adapter on Heater-Shaker Module GEN1 on slot C1, 'B8': B8 of Sample Plate on Opentrons 96 Deep Well Heater-Shaker Adapter on Heater-Shaker Module GEN1 on slot C1, 'C8': C8 of Sample Plate on Opentrons 96 Deep Well Heater-Shaker Adapter on Heater-Shaker Module GEN1 on slot C1, 'D8': D8 of Sample Plate on Opentrons 96 Deep Well Heater-Shaker Adapter on Heater-Shaker Module GEN1 on slot C1, 'E8': E8 of Sample Plate on Opentrons 96 Deep Well Heater-Shaker Adapter on Heater-Shaker Module GEN1 on slot C1, 'F8': F8 of Sample Plate on Opentrons 96 Deep Well Heater-Shaker Adapter on Heater-Shaker Module GEN1 on slot C1, 'G8': G8 of Sample Plate on Opentrons 96 Deep Well Heater-Shaker Adapter on Heater-Shaker Module GEN1 on slot C1, 'H8': H8 of Sample Plate on Opentrons 96 Deep Well Heater-Shaker Adapter on Heater-Shaker Module GEN1 on slot C1, 'A9': A9 of Sample Plate on Opentrons 96 Deep Well Heater-Shaker Adapter on Heater-Shaker Module GEN1 on slot C1, 'B9': B9 of Sample Plate on Opentrons 96 Deep Well Heater-Shaker Adapter on Heater-Shaker Module GEN1 on slot C1, 'C9': C9 of Sample Plate on Opentrons 96 Deep Well Heater-Shaker Adapter on Heater-Shaker Module GEN1 on slot C1, 'D9': D9 of Sample Plate on Opentrons 96 Deep Well Heater-Shaker Adapter on Heater-Shaker Module GEN1 on slot C1, 'E9': E9 of Sample Plate on Opentrons 96 Deep Well Heater-Shaker Adapter on Heater-Shaker Module GEN1 on slot C1, 'F9': F9 of Sample Plate on Opentrons 96 Deep Well Heater-Shaker Adapter on Heater-Shaker Module GEN1 on slot C1, 'G9': G9 of Sample Plate on Opentrons 96 Deep Well Heater-Shaker Adapter on Heater-Shaker Module GEN1 on slot C1, 'H9': H9 of Sample Plate on Opentrons 96 Deep Well Heater-Shaker Adapter on Heater-Shaker Module GEN1 on slot C1, 'A10': A10 of Sample Plate on Opentrons 96 Deep Well Heater-Shaker Adapter on Heater-Shaker Module GEN1 on slot C1, 'B10': B10 of Sample Plate on Opentrons 96 Deep Well Heater-Shaker Adapter on Heater-Shaker Module GEN1 on slot C1, 'C10': C10 of Sample Plate on Opentrons 96 Deep Well Heater-Shaker Adapter on Heater-Shaker Module GEN1 on slot C1, 'D10': D10 of Sample Plate on Opentrons 96 Deep Well Heater-Shaker Adapter on Heater-Shaker Module GEN1 on slot C1, 'E10': E10 of Sample Plate on Opentrons 96 Deep Well Heater-Shaker Adapter on Heater-Shaker Module GEN1 on slot C1, 'F10': F10 of Sample Plate on Opentrons 96 Deep Well Heater-Shaker Adapter on Heater-Shaker Module GEN1 on slot C1, 'G10': G10 of Sample Plate on Opentrons 96 Deep Well Heater-Shaker Adapter on Heater-Shaker Module GEN1 on slot C1, 'H10': H10 of Sample Plate on Opentrons 96 Deep Well Heater-Shaker Adapter on Heater-Shaker Module GEN1 on slot C1, 'A11': A11 of Sample Plate on Opentrons 96 Deep Well Heater-Shaker Adapter on Heater-Shaker Module GEN1 on slot C1, 'B11': B11 of Sample Plate on Opentrons 96 Deep Well Heater-Shaker Adapter on Heater-Shaker Module GEN1 on slot C1, 'C11': C11 of Sample Plate on Opentrons 96 Deep Well Heater-Shaker Adapter on Heater-Shaker Module GEN1 on slot C1, 'D11': D11 of Sample Plate on Opentrons 96 Deep Well Heater-Shaker Adapter on Heater-Shaker Module GEN1 on slot C1, 'E11': E11 of Sample Plate on Opentrons 96 Deep Well Heater-Shaker Adapter on Heater-Shaker Module GEN1 on slot C1, 'F11': F11 of Sample Plate on Opentrons 96 Deep Well Heater-Shaker Adapter on Heater-Shaker Module GEN1 on slot C1, 'G11': G11 of Sample Plate on Opentrons 96 Deep Well Heater-Shaker Adapter on Heater-Shaker Module GEN1 on slot C1, 'H11': H11 of Sample Plate on Opentrons 96 Deep Well Heater-Shaker Adapter on Heater-Shaker Module GEN1 on slot C1, 'A12': A12 of Sample Plate on Opentrons 96 Deep Well Heater-Shaker Adapter on Heater-Shaker Module GEN1 on slot C1, 'B12': B12 of Sample Plate on Opentrons 96 Deep Well Heater-Shaker Adapter on Heater-Shaker Module GEN1 on slot C1, 'C12': C12 of Sample Plate on Opentrons 96 Deep Well Heater-Shaker Adapter on Heater-Shaker Module GEN1 on slot C1, 'D12': D12 of Sample Plate on Opentrons 96 Deep Well Heater-Shaker Adapter on Heater-Shaker Module GEN1 on slot C1, 'E12': E12 of Sample Plate on Opentrons 96 Deep Well Heater-Shaker Adapter on Heater-Shaker Module GEN1 on slot C1, 'F12': F12 of Sample Plate on Opentrons 96 Deep Well Heater-Shaker Adapter on Heater-Shaker Module GEN1 on slot C1, 'G12': G12 of Sample Plate on Opentrons 96 Deep Well Heater-Shaker Adapter on Heater-Shaker Module GEN1 on slot C1, 'H12': H12 of Sample Plate on Opentrons 96 Deep Well Heater-Shaker Adapter on Heater-Shaker Module GEN1 on slot C1}
Loading liquid into {'A1': A1 of Sample Plate on Opentrons 96 Deep Well Heater-Shaker Adapter on Heater-Shaker Module GEN1 on slot C1, 'B1': B1 of Sample Plate on Opentrons 96 Deep Well Heater-Shaker Adapter on Heater-Shaker Module GEN1 on slot C1, 'C1': C1 of Sample Plate on Opentrons 96 Deep Well Heater-Shaker Adapter on Heater-Shaker Module GEN1 on slot C1, 'D1': D1 of Sample Plate on Opentrons 96 Deep Well Heater-Shaker Adapter on Heater-Shaker Module GEN1 on slot C1, 'E1': E1 of Sample Plate on Opentrons 96 Deep Well Heater-Shaker Adapter on Heater-Shaker Module GEN1 on slot C1, 'F1': F1 of Sample Plate on Opentrons 96 Deep Well Heater-Shaker Adapter on Heater-Shaker Module GEN1 on slot C1, 'G1': G1 of Sample Plate on Opentrons 96 Deep Well Heater-Shaker Adapter on Heater-Shaker Module GEN1 on slot C1, 'H1': H1 of Sample Plate on Opentrons 96 Deep Well Heater-Shaker Adapter on Heater-Shaker Module GEN1 on slot C1, 'A2': A2 of Sample Plate on Opentrons 96 Deep Well Heater-Shaker Adapter on Heater-Shaker Module GEN1 on slot C1, 'B2': B2 of Sample Plate on Opentrons 96 Deep Well Heater-Shaker Adapter on Heater-Shaker Module GEN1 on slot C1, 'C2': C2 of Sample Plate on Opentrons 96 Deep Well Heater-Shaker Adapter on Heater-Shaker Module GEN1 on slot C1, 'D2': D2 of Sample Plate on Opentrons 96 Deep Well Heater-Shaker Adapter on Heater-Shaker Module GEN1 on slot C1, 'E2': E2 of Sample Plate on Opentrons 96 Deep Well Heater-Shaker Adapter on Heater-Shaker Module GEN1 on slot C1, 'F2': F2 of Sample Plate on Opentrons 96 Deep Well Heater-Shaker Adapter on Heater-Shaker Module GEN1 on slot C1, 'G2': G2 of Sample Plate on Opentrons 96 Deep Well Heater-Shaker Adapter on Heater-Shaker Module GEN1 on slot C1, 'H2': H2 of Sample Plate on Opentrons 96 Deep Well Heater-Shaker Adapter on Heater-Shaker Module GEN1 on slot C1, 'A3': A3 of Sample Plate on Opentrons 96 Deep Well Heater-Shaker Adapter on Heater-Shaker Module GEN1 on slot C1, 'B3': B3 of Sample Plate on Opentrons 96 Deep Well Heater-Shaker Adapter on Heater-Shaker Module GEN1 on slot C1, 'C3': C3 of Sample Plate on Opentrons 96 Deep Well Heater-Shaker Adapter on Heater-Shaker Module GEN1 on slot C1, 'D3': D3 of Sample Plate on Opentrons 96 Deep Well Heater-Shaker Adapter on Heater-Shaker Module GEN1 on slot C1, 'E3': E3 of Sample Plate on Opentrons 96 Deep Well Heater-Shaker Adapter on Heater-Shaker Module GEN1 on slot C1, 'F3': F3 of Sample Plate on Opentrons 96 Deep Well Heater-Shaker Adapter on Heater-Shaker Module GEN1 on slot C1, 'G3': G3 of Sample Plate on Opentrons 96 Deep Well Heater-Shaker Adapter on Heater-Shaker Module GEN1 on slot C1, 'H3': H3 of Sample Plate on Opentrons 96 Deep Well Heater-Shaker Adapter on Heater-Shaker Module GEN1 on slot C1, 'A4': A4 of Sample Plate on Opentrons 96 Deep Well Heater-Shaker Adapter on Heater-Shaker Module GEN1 on slot C1, 'B4': B4 of Sample Plate on Opentrons 96 Deep Well Heater-Shaker Adapter on Heater-Shaker Module GEN1 on slot C1, 'C4': C4 of Sample Plate on Opentrons 96 Deep Well Heater-Shaker Adapter on Heater-Shaker Module GEN1 on slot C1, 'D4': D4 of Sample Plate on Opentrons 96 Deep Well Heater-Shaker Adapter on Heater-Shaker Module GEN1 on slot C1, 'E4': E4 of Sample Plate on Opentrons 96 Deep Well Heater-Shaker Adapter on Heater-Shaker Module GEN1 on slot C1, 'F4': F4 of Sample Plate on Opentrons 96 Deep Well Heater-Shaker Adapter on Heater-Shaker Module GEN1 on slot C1, 'G4': G4 of Sample Plate on Opentrons 96 Deep Well Heater-Shaker Adapter on Heater-Shaker Module GEN1 on slot C1, 'H4': H4 of Sample Plate on Opentrons 96 Deep Well Heater-Shaker Adapter on Heater-Shaker Module GEN1 on slot C1, 'A5': A5 of Sample Plate on Opentrons 96 Deep Well Heater-Shaker Adapter on Heater-Shaker Module GEN1 on slot C1, 'B5': B5 of Sample Plate on Opentrons 96 Deep Well Heater-Shaker Adapter on Heater-Shaker Module GEN1 on slot C1, 'C5': C5 of Sample Plate on Opentrons 96 Deep Well Heater-Shaker Adapter on Heater-Shaker Module GEN1 on slot C1, 'D5': D5 of Sample Plate on Opentrons 96 Deep Well Heater-Shaker Adapter on Heater-Shaker Module GEN1 on slot C1, 'E5': E5 of Sample Plate on Opentrons 96 Deep Well Heater-Shaker Adapter on Heater-Shaker Module GEN1 on slot C1, 'F5': F5 of Sample Plate on Opentrons 96 Deep Well Heater-Shaker Adapter on Heater-Shaker Module GEN1 on slot C1, 'G5': G5 of Sample Plate on Opentrons 96 Deep Well Heater-Shaker Adapter on Heater-Shaker Module GEN1 on slot C1, 'H5': H5 of Sample Plate on Opentrons 96 Deep Well Heater-Shaker Adapter on Heater-Shaker Module GEN1 on slot C1, 'A6': A6 of Sample Plate on Opentrons 96 Deep Well Heater-Shaker Adapter on Heater-Shaker Module GEN1 on slot C1, 'B6': B6 of Sample Plate on Opentrons 96 Deep Well Heater-Shaker Adapter on Heater-Shaker Module GEN1 on slot C1, 'C6': C6 of Sample Plate on Opentrons 96 Deep Well Heater-Shaker Adapter on Heater-Shaker Module GEN1 on slot C1, 'D6': D6 of Sample Plate on Opentrons 96 Deep Well Heater-Shaker Adapter on Heater-Shaker Module GEN1 on slot C1, 'E6': E6 of Sample Plate on Opentrons 96 Deep Well Heater-Shaker Adapter on Heater-Shaker Module GEN1 on slot C1, 'F6': F6 of Sample Plate on Opentrons 96 Deep Well Heater-Shaker Adapter on Heater-Shaker Module GEN1 on slot C1, 'G6': G6 of Sample Plate on Opentrons 96 Deep Well Heater-Shaker Adapter on Heater-Shaker Module GEN1 on slot C1, 'H6': H6 of Sample Plate on Opentrons 96 Deep Well Heater-Shaker Adapter on Heater-Shaker Module GEN1 on slot C1, 'A7': A7 of Sample Plate on Opentrons 96 Deep Well Heater-Shaker Adapter on Heater-Shaker Module GEN1 on slot C1, 'B7': B7 of Sample Plate on Opentrons 96 Deep Well Heater-Shaker Adapter on Heater-Shaker Module GEN1 on slot C1, 'C7': C7 of Sample Plate on Opentrons 96 Deep Well Heater-Shaker Adapter on Heater-Shaker Module GEN1 on slot C1, 'D7': D7 of Sample Plate on Opentrons 96 Deep Well Heater-Shaker Adapter on Heater-Shaker Module GEN1 on slot C1, 'E7': E7 of Sample Plate on Opentrons 96 Deep Well Heater-Shaker Adapter on Heater-Shaker Module GEN1 on slot C1, 'F7': F7 of Sample Plate on Opentrons 96 Deep Well Heater-Shaker Adapter on Heater-Shaker Module GEN1 on slot C1, 'G7': G7 of Sample Plate on Opentrons 96 Deep Well Heater-Shaker Adapter on Heater-Shaker Module GEN1 on slot C1, 'H7': H7 of Sample Plate on Opentrons 96 Deep Well Heater-Shaker Adapter on Heater-Shaker Module GEN1 on slot C1, 'A8': A8 of Sample Plate on Opentrons 96 Deep Well Heater-Shaker Adapter on Heater-Shaker Module GEN1 on slot C1, 'B8': B8 of Sample Plate on Opentrons 96 Deep Well Heater-Shaker Adapter on Heater-Shaker Module GEN1 on slot C1, 'C8': C8 of Sample Plate on Opentrons 96 Deep Well Heater-Shaker Adapter on Heater-Shaker Module GEN1 on slot C1, 'D8': D8 of Sample Plate on Opentrons 96 Deep Well Heater-Shaker Adapter on Heater-Shaker Module GEN1 on slot C1, 'E8': E8 of Sample Plate on Opentrons 96 Deep Well Heater-Shaker Adapter on Heater-Shaker Module GEN1 on slot C1, 'F8': F8 of Sample Plate on Opentrons 96 Deep Well Heater-Shaker Adapter on Heater-Shaker Module GEN1 on slot C1, 'G8': G8 of Sample Plate on Opentrons 96 Deep Well Heater-Shaker Adapter on Heater-Shaker Module GEN1 on slot C1, 'H8': H8 of Sample Plate on Opentrons 96 Deep Well Heater-Shaker Adapter on Heater-Shaker Module GEN1 on slot C1, 'A9': A9 of Sample Plate on Opentrons 96 Deep Well Heater-Shaker Adapter on Heater-Shaker Module GEN1 on slot C1, 'B9': B9 of Sample Plate on Opentrons 96 Deep Well Heater-Shaker Adapter on Heater-Shaker Module GEN1 on slot C1, 'C9': C9 of Sample Plate on Opentrons 96 Deep Well Heater-Shaker Adapter on Heater-Shaker Module GEN1 on slot C1, 'D9': D9 of Sample Plate on Opentrons 96 Deep Well Heater-Shaker Adapter on Heater-Shaker Module GEN1 on slot C1, 'E9': E9 of Sample Plate on Opentrons 96 Deep Well Heater-Shaker Adapter on Heater-Shaker Module GEN1 on slot C1, 'F9': F9 of Sample Plate on Opentrons 96 Deep Well Heater-Shaker Adapter on Heater-Shaker Module GEN1 on slot C1, 'G9': G9 of Sample Plate on Opentrons 96 Deep Well Heater-Shaker Adapter on Heater-Shaker Module GEN1 on slot C1, 'H9': H9 of Sample Plate on Opentrons 96 Deep Well Heater-Shaker Adapter on Heater-Shaker Module GEN1 on slot C1, 'A10': A10 of Sample Plate on Opentrons 96 Deep Well Heater-Shaker Adapter on Heater-Shaker Module GEN1 on slot C1, 'B10': B10 of Sample Plate on Opentrons 96 Deep Well Heater-Shaker Adapter on Heater-Shaker Module GEN1 on slot C1, 'C10': C10 of Sample Plate on Opentrons 96 Deep Well Heater-Shaker Adapter on Heater-Shaker Module GEN1 on slot C1, 'D10': D10 of Sample Plate on Opentrons 96 Deep Well Heater-Shaker Adapter on Heater-Shaker Module GEN1 on slot C1, 'E10': E10 of Sample Plate on Opentrons 96 Deep Well Heater-Shaker Adapter on Heater-Shaker Module GEN1 on slot C1, 'F10': F10 of Sample Plate on Opentrons 96 Deep Well Heater-Shaker Adapter on Heater-Shaker Module GEN1 on slot C1, 'G10': G10 of Sample Plate on Opentrons 96 Deep Well Heater-Shaker Adapter on Heater-Shaker Module GEN1 on slot C1, 'H10': H10 of Sample Plate on Opentrons 96 Deep Well Heater-Shaker Adapter on Heater-Shaker Module GEN1 on slot C1, 'A11': A11 of Sample Plate on Opentrons 96 Deep Well Heater-Shaker Adapter on Heater-Shaker Module GEN1 on slot C1, 'B11': B11 of Sample Plate on Opentrons 96 Deep Well Heater-Shaker Adapter on Heater-Shaker Module GEN1 on slot C1, 'C11': C11 of Sample Plate on Opentrons 96 Deep Well Heater-Shaker Adapter on Heater-Shaker Module GEN1 on slot C1, 'D11': D11 of Sample Plate on Opentrons 96 Deep Well Heater-Shaker Adapter on Heater-Shaker Module GEN1 on slot C1, 'E11': E11 of Sample Plate on Opentrons 96 Deep Well Heater-Shaker Adapter on Heater-Shaker Module GEN1 on slot C1, 'F11': F11 of Sample Plate on Opentrons 96 Deep Well Heater-Shaker Adapter on Heater-Shaker Module GEN1 on slot C1, 'G11': G11 of Sample Plate on Opentrons 96 Deep Well Heater-Shaker Adapter on Heater-Shaker Module GEN1 on slot C1, 'H11': H11 of Sample Plate on Opentrons 96 Deep Well Heater-Shaker Adapter on Heater-Shaker Module GEN1 on slot C1, 'A12': A12 of Sample Plate on Opentrons 96 Deep Well Heater-Shaker Adapter on Heater-Shaker Module GEN1 on slot C1, 'B12': B12 of Sample Plate on Opentrons 96 Deep Well Heater-Shaker Adapter on Heater-Shaker Module GEN1 on slot C1, 'C12': C12 of Sample Plate on Opentrons 96 Deep Well Heater-Shaker Adapter on Heater-Shaker Module GEN1 on slot C1, 'D12': D12 of Sample Plate on Opentrons 96 Deep Well Heater-Shaker Adapter on Heater-Shaker Module GEN1 on slot C1, 'E12': E12 of Sample Plate on Opentrons 96 Deep Well Heater-Shaker Adapter on Heater-Shaker Module GEN1 on slot C1, 'F12': F12 of Sample Plate on Opentrons 96 Deep Well Heater-Shaker Adapter on Heater-Shaker Module GEN1 on slot C1, 'G12': G12 of Sample Plate on Opentrons 96 Deep Well Heater-Shaker Adapter on Heater-Shaker Module GEN1 on slot C1, 'H12': H12 of Sample Plate on Opentrons 96 Deep Well Heater-Shaker Adapter on Heater-Shaker Module GEN1 on slot C1}
Loading liquid into {'A1': A1 of Sample Plate on Opentrons 96 Deep Well Heater-Shaker Adapter on Heater-Shaker Module GEN1 on slot C1, 'B1': B1 of Sample Plate on Opentrons 96 Deep Well Heater-Shaker Adapter on Heater-Shaker Module GEN1 on slot C1, 'C1': C1 of Sample Plate on Opentrons 96 Deep Well Heater-Shaker Adapter on Heater-Shaker Module GEN1 on slot C1, 'D1': D1 of Sample Plate on Opentrons 96 Deep Well Heater-Shaker Adapter on Heater-Shaker Module GEN1 on slot C1, 'E1': E1 of Sample Plate on Opentrons 96 Deep Well Heater-Shaker Adapter on Heater-Shaker Module GEN1 on slot C1, 'F1': F1 of Sample Plate on Opentrons 96 Deep Well Heater-Shaker Adapter on Heater-Shaker Module GEN1 on slot C1, 'G1': G1 of Sample Plate on Opentrons 96 Deep Well Heater-Shaker Adapter on Heater-Shaker Module GEN1 on slot C1, 'H1': H1 of Sample Plate on Opentrons 96 Deep Well Heater-Shaker Adapter on Heater-Shaker Module GEN1 on slot C1, 'A2': A2 of Sample Plate on Opentrons 96 Deep Well Heater-Shaker Adapter on Heater-Shaker Module GEN1 on slot C1, 'B2': B2 of Sample Plate on Opentrons 96 Deep Well Heater-Shaker Adapter on Heater-Shaker Module GEN1 on slot C1, 'C2': C2 of Sample Plate on Opentrons 96 Deep Well Heater-Shaker Adapter on Heater-Shaker Module GEN1 on slot C1, 'D2': D2 of Sample Plate on Opentrons 96 Deep Well Heater-Shaker Adapter on Heater-Shaker Module GEN1 on slot C1, 'E2': E2 of Sample Plate on Opentrons 96 Deep Well Heater-Shaker Adapter on Heater-Shaker Module GEN1 on slot C1, 'F2': F2 of Sample Plate on Opentrons 96 Deep Well Heater-Shaker Adapter on Heater-Shaker Module GEN1 on slot C1, 'G2': G2 of Sample Plate on Opentrons 96 Deep Well Heater-Shaker Adapter on Heater-Shaker Module GEN1 on slot C1, 'H2': H2 of Sample Plate on Opentrons 96 Deep Well Heater-Shaker Adapter on Heater-Shaker Module GEN1 on slot C1, 'A3': A3 of Sample Plate on Opentrons 96 Deep Well Heater-Shaker Adapter on Heater-Shaker Module GEN1 on slot C1, 'B3': B3 of Sample Plate on Opentrons 96 Deep Well Heater-Shaker Adapter on Heater-Shaker Module GEN1 on slot C1, 'C3': C3 of Sample Plate on Opentrons 96 Deep Well Heater-Shaker Adapter on Heater-Shaker Module GEN1 on slot C1, 'D3': D3 of Sample Plate on Opentrons 96 Deep Well Heater-Shaker Adapter on Heater-Shaker Module GEN1 on slot C1, 'E3': E3 of Sample Plate on Opentrons 96 Deep Well Heater-Shaker Adapter on Heater-Shaker Module GEN1 on slot C1, 'F3': F3 of Sample Plate on Opentrons 96 Deep Well Heater-Shaker Adapter on Heater-Shaker Module GEN1 on slot C1, 'G3': G3 of Sample Plate on Opentrons 96 Deep Well Heater-Shaker Adapter on Heater-Shaker Module GEN1 on slot C1, 'H3': H3 of Sample Plate on Opentrons 96 Deep Well Heater-Shaker Adapter on Heater-Shaker Module GEN1 on slot C1, 'A4': A4 of Sample Plate on Opentrons 96 Deep Well Heater-Shaker Adapter on Heater-Shaker Module GEN1 on slot C1, 'B4': B4 of Sample Plate on Opentrons 96 Deep Well Heater-Shaker Adapter on Heater-Shaker Module GEN1 on slot C1, 'C4': C4 of Sample Plate on Opentrons 96 Deep Well Heater-Shaker Adapter on Heater-Shaker Module GEN1 on slot C1, 'D4': D4 of Sample Plate on Opentrons 96 Deep Well Heater-Shaker Adapter on Heater-Shaker Module GEN1 on slot C1, 'E4': E4 of Sample Plate on Opentrons 96 Deep Well Heater-Shaker Adapter on Heater-Shaker Module GEN1 on slot C1, 'F4': F4 of Sample Plate on Opentrons 96 Deep Well Heater-Shaker Adapter on Heater-Shaker Module GEN1 on slot C1, 'G4': G4 of Sample Plate on Opentrons 96 Deep Well Heater-Shaker Adapter on Heater-Shaker Module GEN1 on slot C1, 'H4': H4 of Sample Plate on Opentrons 96 Deep Well Heater-Shaker Adapter on Heater-Shaker Module GEN1 on slot C1, 'A5': A5 of Sample Plate on Opentrons 96 Deep Well Heater-Shaker Adapter on Heater-Shaker Module GEN1 on slot C1, 'B5': B5 of Sample Plate on Opentrons 96 Deep Well Heater-Shaker Adapter on Heater-Shaker Module GEN1 on slot C1, 'C5': C5 of Sample Plate on Opentrons 96 Deep Well Heater-Shaker Adapter on Heater-Shaker Module GEN1 on slot C1, 'D5': D5 of Sample Plate on Opentrons 96 Deep Well Heater-Shaker Adapter on Heater-Shaker Module GEN1 on slot C1, 'E5': E5 of Sample Plate on Opentrons 96 Deep Well Heater-Shaker Adapter on Heater-Shaker Module GEN1 on slot C1, 'F5': F5 of Sample Plate on Opentrons 96 Deep Well Heater-Shaker Adapter on Heater-Shaker Module GEN1 on slot C1, 'G5': G5 of Sample Plate on Opentrons 96 Deep Well Heater-Shaker Adapter on Heater-Shaker Module GEN1 on slot C1, 'H5': H5 of Sample Plate on Opentrons 96 Deep Well Heater-Shaker Adapter on Heater-Shaker Module GEN1 on slot C1, 'A6': A6 of Sample Plate on Opentrons 96 Deep Well Heater-Shaker Adapter on Heater-Shaker Module GEN1 on slot C1, 'B6': B6 of Sample Plate on Opentrons 96 Deep Well Heater-Shaker Adapter on Heater-Shaker Module GEN1 on slot C1, 'C6': C6 of Sample Plate on Opentrons 96 Deep Well Heater-Shaker Adapter on Heater-Shaker Module GEN1 on slot C1, 'D6': D6 of Sample Plate on Opentrons 96 Deep Well Heater-Shaker Adapter on Heater-Shaker Module GEN1 on slot C1, 'E6': E6 of Sample Plate on Opentrons 96 Deep Well Heater-Shaker Adapter on Heater-Shaker Module GEN1 on slot C1, 'F6': F6 of Sample Plate on Opentrons 96 Deep Well Heater-Shaker Adapter on Heater-Shaker Module GEN1 on slot C1, 'G6': G6 of Sample Plate on Opentrons 96 Deep Well Heater-Shaker Adapter on Heater-Shaker Module GEN1 on slot C1, 'H6': H6 of Sample Plate on Opentrons 96 Deep Well Heater-Shaker Adapter on Heater-Shaker Module GEN1 on slot C1, 'A7': A7 of Sample Plate on Opentrons 96 Deep Well Heater-Shaker Adapter on Heater-Shaker Module GEN1 on slot C1, 'B7': B7 of Sample Plate on Opentrons 96 Deep Well Heater-Shaker Adapter on Heater-Shaker Module GEN1 on slot C1, 'C7': C7 of Sample Plate on Opentrons 96 Deep Well Heater-Shaker Adapter on Heater-Shaker Module GEN1 on slot C1, 'D7': D7 of Sample Plate on Opentrons 96 Deep Well Heater-Shaker Adapter on Heater-Shaker Module GEN1 on slot C1, 'E7': E7 of Sample Plate on Opentrons 96 Deep Well Heater-Shaker Adapter on Heater-Shaker Module GEN1 on slot C1, 'F7': F7 of Sample Plate on Opentrons 96 Deep Well Heater-Shaker Adapter on Heater-Shaker Module GEN1 on slot C1, 'G7': G7 of Sample Plate on Opentrons 96 Deep Well Heater-Shaker Adapter on Heater-Shaker Module GEN1 on slot C1, 'H7': H7 of Sample Plate on Opentrons 96 Deep Well Heater-Shaker Adapter on Heater-Shaker Module GEN1 on slot C1, 'A8': A8 of Sample Plate on Opentrons 96 Deep Well Heater-Shaker Adapter on Heater-Shaker Module GEN1 on slot C1, 'B8': B8 of Sample Plate on Opentrons 96 Deep Well Heater-Shaker Adapter on Heater-Shaker Module GEN1 on slot C1, 'C8': C8 of Sample Plate on Opentrons 96 Deep Well Heater-Shaker Adapter on Heater-Shaker Module GEN1 on slot C1, 'D8': D8 of Sample Plate on Opentrons 96 Deep Well Heater-Shaker Adapter on Heater-Shaker Module GEN1 on slot C1, 'E8': E8 of Sample Plate on Opentrons 96 Deep Well Heater-Shaker Adapter on Heater-Shaker Module GEN1 on slot C1, 'F8': F8 of Sample Plate on Opentrons 96 Deep Well Heater-Shaker Adapter on Heater-Shaker Module GEN1 on slot C1, 'G8': G8 of Sample Plate on Opentrons 96 Deep Well Heater-Shaker Adapter on Heater-Shaker Module GEN1 on slot C1, 'H8': H8 of Sample Plate on Opentrons 96 Deep Well Heater-Shaker Adapter on Heater-Shaker Module GEN1 on slot C1, 'A9': A9 of Sample Plate on Opentrons 96 Deep Well Heater-Shaker Adapter on Heater-Shaker Module GEN1 on slot C1, 'B9': B9 of Sample Plate on Opentrons 96 Deep Well Heater-Shaker Adapter on Heater-Shaker Module GEN1 on slot C1, 'C9': C9 of Sample Plate on Opentrons 96 Deep Well Heater-Shaker Adapter on Heater-Shaker Module GEN1 on slot C1, 'D9': D9 of Sample Plate on Opentrons 96 Deep Well Heater-Shaker Adapter on Heater-Shaker Module GEN1 on slot C1, 'E9': E9 of Sample Plate on Opentrons 96 Deep Well Heater-Shaker Adapter on Heater-Shaker Module GEN1 on slot C1, 'F9': F9 of Sample Plate on Opentrons 96 Deep Well Heater-Shaker Adapter on Heater-Shaker Module GEN1 on slot C1, 'G9': G9 of Sample Plate on Opentrons 96 Deep Well Heater-Shaker Adapter on Heater-Shaker Module GEN1 on slot C1, 'H9': H9 of Sample Plate on Opentrons 96 Deep Well Heater-Shaker Adapter on Heater-Shaker Module GEN1 on slot C1, 'A10': A10 of Sample Plate on Opentrons 96 Deep Well Heater-Shaker Adapter on Heater-Shaker Module GEN1 on slot C1, 'B10': B10 of Sample Plate on Opentrons 96 Deep Well Heater-Shaker Adapter on Heater-Shaker Module GEN1 on slot C1, 'C10': C10 of Sample Plate on Opentrons 96 Deep Well Heater-Shaker Adapter on Heater-Shaker Module GEN1 on slot C1, 'D10': D10 of Sample Plate on Opentrons 96 Deep Well Heater-Shaker Adapter on Heater-Shaker Module GEN1 on slot C1, 'E10': E10 of Sample Plate on Opentrons 96 Deep Well Heater-Shaker Adapter on Heater-Shaker Module GEN1 on slot C1, 'F10': F10 of Sample Plate on Opentrons 96 Deep Well Heater-Shaker Adapter on Heater-Shaker Module GEN1 on slot C1, 'G10': G10 of Sample Plate on Opentrons 96 Deep Well Heater-Shaker Adapter on Heater-Shaker Module GEN1 on slot C1, 'H10': H10 of Sample Plate on Opentrons 96 Deep Well Heater-Shaker Adapter on Heater-Shaker Module GEN1 on slot C1, 'A11': A11 of Sample Plate on Opentrons 96 Deep Well Heater-Shaker Adapter on Heater-Shaker Module GEN1 on slot C1, 'B11': B11 of Sample Plate on Opentrons 96 Deep Well Heater-Shaker Adapter on Heater-Shaker Module GEN1 on slot C1, 'C11': C11 of Sample Plate on Opentrons 96 Deep Well Heater-Shaker Adapter on Heater-Shaker Module GEN1 on slot C1, 'D11': D11 of Sample Plate on Opentrons 96 Deep Well Heater-Shaker Adapter on Heater-Shaker Module GEN1 on slot C1, 'E11': E11 of Sample Plate on Opentrons 96 Deep Well Heater-Shaker Adapter on Heater-Shaker Module GEN1 on slot C1, 'F11': F11 of Sample Plate on Opentrons 96 Deep Well Heater-Shaker Adapter on Heater-Shaker Module GEN1 on slot C1, 'G11': G11 of Sample Plate on Opentrons 96 Deep Well Heater-Shaker Adapter on Heater-Shaker Module GEN1 on slot C1, 'H11': H11 of Sample Plate on Opentrons 96 Deep Well Heater-Shaker Adapter on Heater-Shaker Module GEN1 on slot C1, 'A12': A12 of Sample Plate on Opentrons 96 Deep Well Heater-Shaker Adapter on Heater-Shaker Module GEN1 on slot C1, 'B12': B12 of Sample Plate on Opentrons 96 Deep Well Heater-Shaker Adapter on Heater-Shaker Module GEN1 on slot C1, 'C12': C12 of Sample Plate on Opentrons 96 Deep Well Heater-Shaker Adapter on Heater-Shaker Module GEN1 on slot C1, 'D12': D12 of Sample Plate on Opentrons 96 Deep Well Heater-Shaker Adapter on Heater-Shaker Module GEN1 on slot C1, 'E12': E12 of Sample Plate on Opentrons 96 Deep Well Heater-Shaker Adapter on Heater-Shaker Module GEN1 on slot C1, 'F12': F12 of Sample Plate on Opentrons 96 Deep Well Heater-Shaker Adapter on Heater-Shaker Module GEN1 on slot C1, 'G12': G12 of Sample Plate on Opentrons 96 Deep Well Heater-Shaker Adapter on Heater-Shaker Module GEN1 on slot C1, 'H12': H12 of Sample Plate on Opentrons 96 Deep Well Heater-Shaker Adapter on Heater-Shaker Module GEN1 on slot C1}
Loading liquid into {'A1': A1 of Sample Plate on Opentrons 96 Deep Well Heater-Shaker Adapter on Heater-Shaker Module GEN1 on slot C1, 'B1': B1 of Sample Plate on Opentrons 96 Deep Well Heater-Shaker Adapter on Heater-Shaker Module GEN1 on slot C1, 'C1': C1 of Sample Plate on Opentrons 96 Deep Well Heater-Shaker Adapter on Heater-Shaker Module GEN1 on slot C1, 'D1': D1 of Sample Plate on Opentrons 96 Deep Well Heater-Shaker Adapter on Heater-Shaker Module GEN1 on slot C1, 'E1': E1 of Sample Plate on Opentrons 96 Deep Well Heater-Shaker Adapter on Heater-Shaker Module GEN1 on slot C1, 'F1': F1 of Sample Plate on Opentrons 96 Deep Well Heater-Shaker Adapter on Heater-Shaker Module GEN1 on slot C1, 'G1': G1 of Sample Plate on Opentrons 96 Deep Well Heater-Shaker Adapter on Heater-Shaker Module GEN1 on slot C1, 'H1': H1 of Sample Plate on Opentrons 96 Deep Well Heater-Shaker Adapter on Heater-Shaker Module GEN1 on slot C1, 'A2': A2 of Sample Plate on Opentrons 96 Deep Well Heater-Shaker Adapter on Heater-Shaker Module GEN1 on slot C1, 'B2': B2 of Sample Plate on Opentrons 96 Deep Well Heater-Shaker Adapter on Heater-Shaker Module GEN1 on slot C1, 'C2': C2 of Sample Plate on Opentrons 96 Deep Well Heater-Shaker Adapter on Heater-Shaker Module GEN1 on slot C1, 'D2': D2 of Sample Plate on Opentrons 96 Deep Well Heater-Shaker Adapter on Heater-Shaker Module GEN1 on slot C1, 'E2': E2 of Sample Plate on Opentrons 96 Deep Well Heater-Shaker Adapter on Heater-Shaker Module GEN1 on slot C1, 'F2': F2 of Sample Plate on Opentrons 96 Deep Well Heater-Shaker Adapter on Heater-Shaker Module GEN1 on slot C1, 'G2': G2 of Sample Plate on Opentrons 96 Deep Well Heater-Shaker Adapter on Heater-Shaker Module GEN1 on slot C1, 'H2': H2 of Sample Plate on Opentrons 96 Deep Well Heater-Shaker Adapter on Heater-Shaker Module GEN1 on slot C1, 'A3': A3 of Sample Plate on Opentrons 96 Deep Well Heater-Shaker Adapter on Heater-Shaker Module GEN1 on slot C1, 'B3': B3 of Sample Plate on Opentrons 96 Deep Well Heater-Shaker Adapter on Heater-Shaker Module GEN1 on slot C1, 'C3': C3 of Sample Plate on Opentrons 96 Deep Well Heater-Shaker Adapter on Heater-Shaker Module GEN1 on slot C1, 'D3': D3 of Sample Plate on Opentrons 96 Deep Well Heater-Shaker Adapter on Heater-Shaker Module GEN1 on slot C1, 'E3': E3 of Sample Plate on Opentrons 96 Deep Well Heater-Shaker Adapter on Heater-Shaker Module GEN1 on slot C1, 'F3': F3 of Sample Plate on Opentrons 96 Deep Well Heater-Shaker Adapter on Heater-Shaker Module GEN1 on slot C1, 'G3': G3 of Sample Plate on Opentrons 96 Deep Well Heater-Shaker Adapter on Heater-Shaker Module GEN1 on slot C1, 'H3': H3 of Sample Plate on Opentrons 96 Deep Well Heater-Shaker Adapter on Heater-Shaker Module GEN1 on slot C1, 'A4': A4 of Sample Plate on Opentrons 96 Deep Well Heater-Shaker Adapter on Heater-Shaker Module GEN1 on slot C1, 'B4': B4 of Sample Plate on Opentrons 96 Deep Well Heater-Shaker Adapter on Heater-Shaker Module GEN1 on slot C1, 'C4': C4 of Sample Plate on Opentrons 96 Deep Well Heater-Shaker Adapter on Heater-Shaker Module GEN1 on slot C1, 'D4': D4 of Sample Plate on Opentrons 96 Deep Well Heater-Shaker Adapter on Heater-Shaker Module GEN1 on slot C1, 'E4': E4 of Sample Plate on Opentrons 96 Deep Well Heater-Shaker Adapter on Heater-Shaker Module GEN1 on slot C1, 'F4': F4 of Sample Plate on Opentrons 96 Deep Well Heater-Shaker Adapter on Heater-Shaker Module GEN1 on slot C1, 'G4': G4 of Sample Plate on Opentrons 96 Deep Well Heater-Shaker Adapter on Heater-Shaker Module GEN1 on slot C1, 'H4': H4 of Sample Plate on Opentrons 96 Deep Well Heater-Shaker Adapter on Heater-Shaker Module GEN1 on slot C1, 'A5': A5 of Sample Plate on Opentrons 96 Deep Well Heater-Shaker Adapter on Heater-Shaker Module GEN1 on slot C1, 'B5': B5 of Sample Plate on Opentrons 96 Deep Well Heater-Shaker Adapter on Heater-Shaker Module GEN1 on slot C1, 'C5': C5 of Sample Plate on Opentrons 96 Deep Well Heater-Shaker Adapter on Heater-Shaker Module GEN1 on slot C1, 'D5': D5 of Sample Plate on Opentrons 96 Deep Well Heater-Shaker Adapter on Heater-Shaker Module GEN1 on slot C1, 'E5': E5 of Sample Plate on Opentrons 96 Deep Well Heater-Shaker Adapter on Heater-Shaker Module GEN1 on slot C1, 'F5': F5 of Sample Plate on Opentrons 96 Deep Well Heater-Shaker Adapter on Heater-Shaker Module GEN1 on slot C1, 'G5': G5 of Sample Plate on Opentrons 96 Deep Well Heater-Shaker Adapter on Heater-Shaker Module GEN1 on slot C1, 'H5': H5 of Sample Plate on Opentrons 96 Deep Well Heater-Shaker Adapter on Heater-Shaker Module GEN1 on slot C1, 'A6': A6 of Sample Plate on Opentrons 96 Deep Well Heater-Shaker Adapter on Heater-Shaker Module GEN1 on slot C1, 'B6': B6 of Sample Plate on Opentrons 96 Deep Well Heater-Shaker Adapter on Heater-Shaker Module GEN1 on slot C1, 'C6': C6 of Sample Plate on Opentrons 96 Deep Well Heater-Shaker Adapter on Heater-Shaker Module GEN1 on slot C1, 'D6': D6 of Sample Plate on Opentrons 96 Deep Well Heater-Shaker Adapter on Heater-Shaker Module GEN1 on slot C1, 'E6': E6 of Sample Plate on Opentrons 96 Deep Well Heater-Shaker Adapter on Heater-Shaker Module GEN1 on slot C1, 'F6': F6 of Sample Plate on Opentrons 96 Deep Well Heater-Shaker Adapter on Heater-Shaker Module GEN1 on slot C1, 'G6': G6 of Sample Plate on Opentrons 96 Deep Well Heater-Shaker Adapter on Heater-Shaker Module GEN1 on slot C1, 'H6': H6 of Sample Plate on Opentrons 96 Deep Well Heater-Shaker Adapter on Heater-Shaker Module GEN1 on slot C1, 'A7': A7 of Sample Plate on Opentrons 96 Deep Well Heater-Shaker Adapter on Heater-Shaker Module GEN1 on slot C1, 'B7': B7 of Sample Plate on Opentrons 96 Deep Well Heater-Shaker Adapter on Heater-Shaker Module GEN1 on slot C1, 'C7': C7 of Sample Plate on Opentrons 96 Deep Well Heater-Shaker Adapter on Heater-Shaker Module GEN1 on slot C1, 'D7': D7 of Sample Plate on Opentrons 96 Deep Well Heater-Shaker Adapter on Heater-Shaker Module GEN1 on slot C1, 'E7': E7 of Sample Plate on Opentrons 96 Deep Well Heater-Shaker Adapter on Heater-Shaker Module GEN1 on slot C1, 'F7': F7 of Sample Plate on Opentrons 96 Deep Well Heater-Shaker Adapter on Heater-Shaker Module GEN1 on slot C1, 'G7': G7 of Sample Plate on Opentrons 96 Deep Well Heater-Shaker Adapter on Heater-Shaker Module GEN1 on slot C1, 'H7': H7 of Sample Plate on Opentrons 96 Deep Well Heater-Shaker Adapter on Heater-Shaker Module GEN1 on slot C1, 'A8': A8 of Sample Plate on Opentrons 96 Deep Well Heater-Shaker Adapter on Heater-Shaker Module GEN1 on slot C1, 'B8': B8 of Sample Plate on Opentrons 96 Deep Well Heater-Shaker Adapter on Heater-Shaker Module GEN1 on slot C1, 'C8': C8 of Sample Plate on Opentrons 96 Deep Well Heater-Shaker Adapter on Heater-Shaker Module GEN1 on slot C1, 'D8': D8 of Sample Plate on Opentrons 96 Deep Well Heater-Shaker Adapter on Heater-Shaker Module GEN1 on slot C1, 'E8': E8 of Sample Plate on Opentrons 96 Deep Well Heater-Shaker Adapter on Heater-Shaker Module GEN1 on slot C1, 'F8': F8 of Sample Plate on Opentrons 96 Deep Well Heater-Shaker Adapter on Heater-Shaker Module GEN1 on slot C1, 'G8': G8 of Sample Plate on Opentrons 96 Deep Well Heater-Shaker Adapter on Heater-Shaker Module GEN1 on slot C1, 'H8': H8 of Sample Plate on Opentrons 96 Deep Well Heater-Shaker Adapter on Heater-Shaker Module GEN1 on slot C1, 'A9': A9 of Sample Plate on Opentrons 96 Deep Well Heater-Shaker Adapter on Heater-Shaker Module GEN1 on slot C1, 'B9': B9 of Sample Plate on Opentrons 96 Deep Well Heater-Shaker Adapter on Heater-Shaker Module GEN1 on slot C1, 'C9': C9 of Sample Plate on Opentrons 96 Deep Well Heater-Shaker Adapter on Heater-Shaker Module GEN1 on slot C1, 'D9': D9 of Sample Plate on Opentrons 96 Deep Well Heater-Shaker Adapter on Heater-Shaker Module GEN1 on slot C1, 'E9': E9 of Sample Plate on Opentrons 96 Deep Well Heater-Shaker Adapter on Heater-Shaker Module GEN1 on slot C1, 'F9': F9 of Sample Plate on Opentrons 96 Deep Well Heater-Shaker Adapter on Heater-Shaker Module GEN1 on slot C1, 'G9': G9 of Sample Plate on Opentrons 96 Deep Well Heater-Shaker Adapter on Heater-Shaker Module GEN1 on slot C1, 'H9': H9 of Sample Plate on Opentrons 96 Deep Well Heater-Shaker Adapter on Heater-Shaker Module GEN1 on slot C1, 'A10': A10 of Sample Plate on Opentrons 96 Deep Well Heater-Shaker Adapter on Heater-Shaker Module GEN1 on slot C1, 'B10': B10 of Sample Plate on Opentrons 96 Deep Well Heater-Shaker Adapter on Heater-Shaker Module GEN1 on slot C1, 'C10': C10 of Sample Plate on Opentrons 96 Deep Well Heater-Shaker Adapter on Heater-Shaker Module GEN1 on slot C1, 'D10': D10 of Sample Plate on Opentrons 96 Deep Well Heater-Shaker Adapter on Heater-Shaker Module GEN1 on slot C1, 'E10': E10 of Sample Plate on Opentrons 96 Deep Well Heater-Shaker Adapter on Heater-Shaker Module GEN1 on slot C1, 'F10': F10 of Sample Plate on Opentrons 96 Deep Well Heater-Shaker Adapter on Heater-Shaker Module GEN1 on slot C1, 'G10': G10 of Sample Plate on Opentrons 96 Deep Well Heater-Shaker Adapter on Heater-Shaker Module GEN1 on slot C1, 'H10': H10 of Sample Plate on Opentrons 96 Deep Well Heater-Shaker Adapter on Heater-Shaker Module GEN1 on slot C1, 'A11': A11 of Sample Plate on Opentrons 96 Deep Well Heater-Shaker Adapter on Heater-Shaker Module GEN1 on slot C1, 'B11': B11 of Sample Plate on Opentrons 96 Deep Well Heater-Shaker Adapter on Heater-Shaker Module GEN1 on slot C1, 'C11': C11 of Sample Plate on Opentrons 96 Deep Well Heater-Shaker Adapter on Heater-Shaker Module GEN1 on slot C1, 'D11': D11 of Sample Plate on Opentrons 96 Deep Well Heater-Shaker Adapter on Heater-Shaker Module GEN1 on slot C1, 'E11': E11 of Sample Plate on Opentrons 96 Deep Well Heater-Shaker Adapter on Heater-Shaker Module GEN1 on slot C1, 'F11': F11 of Sample Plate on Opentrons 96 Deep Well Heater-Shaker Adapter on Heater-Shaker Module GEN1 on slot C1, 'G11': G11 of Sample Plate on Opentrons 96 Deep Well Heater-Shaker Adapter on Heater-Shaker Module GEN1 on slot C1, 'H11': H11 of Sample Plate on Opentrons 96 Deep Well Heater-Shaker Adapter on Heater-Shaker Module GEN1 on slot C1, 'A12': A12 of Sample Plate on Opentrons 96 Deep Well Heater-Shaker Adapter on Heater-Shaker Module GEN1 on slot C1, 'B12': B12 of Sample Plate on Opentrons 96 Deep Well Heater-Shaker Adapter on Heater-Shaker Module GEN1 on slot C1, 'C12': C12 of Sample Plate on Opentrons 96 Deep Well Heater-Shaker Adapter on Heater-Shaker Module GEN1 on slot C1, 'D12': D12 of Sample Plate on Opentrons 96 Deep Well Heater-Shaker Adapter on Heater-Shaker Module GEN1 on slot C1, 'E12': E12 of Sample Plate on Opentrons 96 Deep Well Heater-Shaker Adapter on Heater-Shaker Module GEN1 on slot C1, 'F12': F12 of Sample Plate on Opentrons 96 Deep Well Heater-Shaker Adapter on Heater-Shaker Module GEN1 on slot C1, 'G12': G12 of Sample Plate on Opentrons 96 Deep Well Heater-Shaker Adapter on Heater-Shaker Module GEN1 on slot C1, 'H12': H12 of Sample Plate on Opentrons 96 Deep Well Heater-Shaker Adapter on Heater-Shaker Module GEN1 on slot C1}
Loading liquid into {'A1': A1 of Sample Plate on Opentrons 96 Deep Well Heater-Shaker Adapter on Heater-Shaker Module GEN1 on slot C1, 'B1': B1 of Sample Plate on Opentrons 96 Deep Well Heater-Shaker Adapter on Heater-Shaker Module GEN1 on slot C1, 'C1': C1 of Sample Plate on Opentrons 96 Deep Well Heater-Shaker Adapter on Heater-Shaker Module GEN1 on slot C1, 'D1': D1 of Sample Plate on Opentrons 96 Deep Well Heater-Shaker Adapter on Heater-Shaker Module GEN1 on slot C1, 'E1': E1 of Sample Plate on Opentrons 96 Deep Well Heater-Shaker Adapter on Heater-Shaker Module GEN1 on slot C1, 'F1': F1 of Sample Plate on Opentrons 96 Deep Well Heater-Shaker Adapter on Heater-Shaker Module GEN1 on slot C1, 'G1': G1 of Sample Plate on Opentrons 96 Deep Well Heater-Shaker Adapter on Heater-Shaker Module GEN1 on slot C1, 'H1': H1 of Sample Plate on Opentrons 96 Deep Well Heater-Shaker Adapter on Heater-Shaker Module GEN1 on slot C1, 'A2': A2 of Sample Plate on Opentrons 96 Deep Well Heater-Shaker Adapter on Heater-Shaker Module GEN1 on slot C1, 'B2': B2 of Sample Plate on Opentrons 96 Deep Well Heater-Shaker Adapter on Heater-Shaker Module GEN1 on slot C1, 'C2': C2 of Sample Plate on Opentrons 96 Deep Well Heater-Shaker Adapter on Heater-Shaker Module GEN1 on slot C1, 'D2': D2 of Sample Plate on Opentrons 96 Deep Well Heater-Shaker Adapter on Heater-Shaker Module GEN1 on slot C1, 'E2': E2 of Sample Plate on Opentrons 96 Deep Well Heater-Shaker Adapter on Heater-Shaker Module GEN1 on slot C1, 'F2': F2 of Sample Plate on Opentrons 96 Deep Well Heater-Shaker Adapter on Heater-Shaker Module GEN1 on slot C1, 'G2': G2 of Sample Plate on Opentrons 96 Deep Well Heater-Shaker Adapter on Heater-Shaker Module GEN1 on slot C1, 'H2': H2 of Sample Plate on Opentrons 96 Deep Well Heater-Shaker Adapter on Heater-Shaker Module GEN1 on slot C1, 'A3': A3 of Sample Plate on Opentrons 96 Deep Well Heater-Shaker Adapter on Heater-Shaker Module GEN1 on slot C1, 'B3': B3 of Sample Plate on Opentrons 96 Deep Well Heater-Shaker Adapter on Heater-Shaker Module GEN1 on slot C1, 'C3': C3 of Sample Plate on Opentrons 96 Deep Well Heater-Shaker Adapter on Heater-Shaker Module GEN1 on slot C1, 'D3': D3 of Sample Plate on Opentrons 96 Deep Well Heater-Shaker Adapter on Heater-Shaker Module GEN1 on slot C1, 'E3': E3 of Sample Plate on Opentrons 96 Deep Well Heater-Shaker Adapter on Heater-Shaker Module GEN1 on slot C1, 'F3': F3 of Sample Plate on Opentrons 96 Deep Well Heater-Shaker Adapter on Heater-Shaker Module GEN1 on slot C1, 'G3': G3 of Sample Plate on Opentrons 96 Deep Well Heater-Shaker Adapter on Heater-Shaker Module GEN1 on slot C1, 'H3': H3 of Sample Plate on Opentrons 96 Deep Well Heater-Shaker Adapter on Heater-Shaker Module GEN1 on slot C1, 'A4': A4 of Sample Plate on Opentrons 96 Deep Well Heater-Shaker Adapter on Heater-Shaker Module GEN1 on slot C1, 'B4': B4 of Sample Plate on Opentrons 96 Deep Well Heater-Shaker Adapter on Heater-Shaker Module GEN1 on slot C1, 'C4': C4 of Sample Plate on Opentrons 96 Deep Well Heater-Shaker Adapter on Heater-Shaker Module GEN1 on slot C1, 'D4': D4 of Sample Plate on Opentrons 96 Deep Well Heater-Shaker Adapter on Heater-Shaker Module GEN1 on slot C1, 'E4': E4 of Sample Plate on Opentrons 96 Deep Well Heater-Shaker Adapter on Heater-Shaker Module GEN1 on slot C1, 'F4': F4 of Sample Plate on Opentrons 96 Deep Well Heater-Shaker Adapter on Heater-Shaker Module GEN1 on slot C1, 'G4': G4 of Sample Plate on Opentrons 96 Deep Well Heater-Shaker Adapter on Heater-Shaker Module GEN1 on slot C1, 'H4': H4 of Sample Plate on Opentrons 96 Deep Well Heater-Shaker Adapter on Heater-Shaker Module GEN1 on slot C1, 'A5': A5 of Sample Plate on Opentrons 96 Deep Well Heater-Shaker Adapter on Heater-Shaker Module GEN1 on slot C1, 'B5': B5 of Sample Plate on Opentrons 96 Deep Well Heater-Shaker Adapter on Heater-Shaker Module GEN1 on slot C1, 'C5': C5 of Sample Plate on Opentrons 96 Deep Well Heater-Shaker Adapter on Heater-Shaker Module GEN1 on slot C1, 'D5': D5 of Sample Plate on Opentrons 96 Deep Well Heater-Shaker Adapter on Heater-Shaker Module GEN1 on slot C1, 'E5': E5 of Sample Plate on Opentrons 96 Deep Well Heater-Shaker Adapter on Heater-Shaker Module GEN1 on slot C1, 'F5': F5 of Sample Plate on Opentrons 96 Deep Well Heater-Shaker Adapter on Heater-Shaker Module GEN1 on slot C1, 'G5': G5 of Sample Plate on Opentrons 96 Deep Well Heater-Shaker Adapter on Heater-Shaker Module GEN1 on slot C1, 'H5': H5 of Sample Plate on Opentrons 96 Deep Well Heater-Shaker Adapter on Heater-Shaker Module GEN1 on slot C1, 'A6': A6 of Sample Plate on Opentrons 96 Deep Well Heater-Shaker Adapter on Heater-Shaker Module GEN1 on slot C1, 'B6': B6 of Sample Plate on Opentrons 96 Deep Well Heater-Shaker Adapter on Heater-Shaker Module GEN1 on slot C1, 'C6': C6 of Sample Plate on Opentrons 96 Deep Well Heater-Shaker Adapter on Heater-Shaker Module GEN1 on slot C1, 'D6': D6 of Sample Plate on Opentrons 96 Deep Well Heater-Shaker Adapter on Heater-Shaker Module GEN1 on slot C1, 'E6': E6 of Sample Plate on Opentrons 96 Deep Well Heater-Shaker Adapter on Heater-Shaker Module GEN1 on slot C1, 'F6': F6 of Sample Plate on Opentrons 96 Deep Well Heater-Shaker Adapter on Heater-Shaker Module GEN1 on slot C1, 'G6': G6 of Sample Plate on Opentrons 96 Deep Well Heater-Shaker Adapter on Heater-Shaker Module GEN1 on slot C1, 'H6': H6 of Sample Plate on Opentrons 96 Deep Well Heater-Shaker Adapter on Heater-Shaker Module GEN1 on slot C1, 'A7': A7 of Sample Plate on Opentrons 96 Deep Well Heater-Shaker Adapter on Heater-Shaker Module GEN1 on slot C1, 'B7': B7 of Sample Plate on Opentrons 96 Deep Well Heater-Shaker Adapter on Heater-Shaker Module GEN1 on slot C1, 'C7': C7 of Sample Plate on Opentrons 96 Deep Well Heater-Shaker Adapter on Heater-Shaker Module GEN1 on slot C1, 'D7': D7 of Sample Plate on Opentrons 96 Deep Well Heater-Shaker Adapter on Heater-Shaker Module GEN1 on slot C1, 'E7': E7 of Sample Plate on Opentrons 96 Deep Well Heater-Shaker Adapter on Heater-Shaker Module GEN1 on slot C1, 'F7': F7 of Sample Plate on Opentrons 96 Deep Well Heater-Shaker Adapter on Heater-Shaker Module GEN1 on slot C1, 'G7': G7 of Sample Plate on Opentrons 96 Deep Well Heater-Shaker Adapter on Heater-Shaker Module GEN1 on slot C1, 'H7': H7 of Sample Plate on Opentrons 96 Deep Well Heater-Shaker Adapter on Heater-Shaker Module GEN1 on slot C1, 'A8': A8 of Sample Plate on Opentrons 96 Deep Well Heater-Shaker Adapter on Heater-Shaker Module GEN1 on slot C1, 'B8': B8 of Sample Plate on Opentrons 96 Deep Well Heater-Shaker Adapter on Heater-Shaker Module GEN1 on slot C1, 'C8': C8 of Sample Plate on Opentrons 96 Deep Well Heater-Shaker Adapter on Heater-Shaker Module GEN1 on slot C1, 'D8': D8 of Sample Plate on Opentrons 96 Deep Well Heater-Shaker Adapter on Heater-Shaker Module GEN1 on slot C1, 'E8': E8 of Sample Plate on Opentrons 96 Deep Well Heater-Shaker Adapter on Heater-Shaker Module GEN1 on slot C1, 'F8': F8 of Sample Plate on Opentrons 96 Deep Well Heater-Shaker Adapter on Heater-Shaker Module GEN1 on slot C1, 'G8': G8 of Sample Plate on Opentrons 96 Deep Well Heater-Shaker Adapter on Heater-Shaker Module GEN1 on slot C1, 'H8': H8 of Sample Plate on Opentrons 96 Deep Well Heater-Shaker Adapter on Heater-Shaker Module GEN1 on slot C1, 'A9': A9 of Sample Plate on Opentrons 96 Deep Well Heater-Shaker Adapter on Heater-Shaker Module GEN1 on slot C1, 'B9': B9 of Sample Plate on Opentrons 96 Deep Well Heater-Shaker Adapter on Heater-Shaker Module GEN1 on slot C1, 'C9': C9 of Sample Plate on Opentrons 96 Deep Well Heater-Shaker Adapter on Heater-Shaker Module GEN1 on slot C1, 'D9': D9 of Sample Plate on Opentrons 96 Deep Well Heater-Shaker Adapter on Heater-Shaker Module GEN1 on slot C1, 'E9': E9 of Sample Plate on Opentrons 96 Deep Well Heater-Shaker Adapter on Heater-Shaker Module GEN1 on slot C1, 'F9': F9 of Sample Plate on Opentrons 96 Deep Well Heater-Shaker Adapter on Heater-Shaker Module GEN1 on slot C1, 'G9': G9 of Sample Plate on Opentrons 96 Deep Well Heater-Shaker Adapter on Heater-Shaker Module GEN1 on slot C1, 'H9': H9 of Sample Plate on Opentrons 96 Deep Well Heater-Shaker Adapter on Heater-Shaker Module GEN1 on slot C1, 'A10': A10 of Sample Plate on Opentrons 96 Deep Well Heater-Shaker Adapter on Heater-Shaker Module GEN1 on slot C1, 'B10': B10 of Sample Plate on Opentrons 96 Deep Well Heater-Shaker Adapter on Heater-Shaker Module GEN1 on slot C1, 'C10': C10 of Sample Plate on Opentrons 96 Deep Well Heater-Shaker Adapter on Heater-Shaker Module GEN1 on slot C1, 'D10': D10 of Sample Plate on Opentrons 96 Deep Well Heater-Shaker Adapter on Heater-Shaker Module GEN1 on slot C1, 'E10': E10 of Sample Plate on Opentrons 96 Deep Well Heater-Shaker Adapter on Heater-Shaker Module GEN1 on slot C1, 'F10': F10 of Sample Plate on Opentrons 96 Deep Well Heater-Shaker Adapter on Heater-Shaker Module GEN1 on slot C1, 'G10': G10 of Sample Plate on Opentrons 96 Deep Well Heater-Shaker Adapter on Heater-Shaker Module GEN1 on slot C1, 'H10': H10 of Sample Plate on Opentrons 96 Deep Well Heater-Shaker Adapter on Heater-Shaker Module GEN1 on slot C1, 'A11': A11 of Sample Plate on Opentrons 96 Deep Well Heater-Shaker Adapter on Heater-Shaker Module GEN1 on slot C1, 'B11': B11 of Sample Plate on Opentrons 96 Deep Well Heater-Shaker Adapter on Heater-Shaker Module GEN1 on slot C1, 'C11': C11 of Sample Plate on Opentrons 96 Deep Well Heater-Shaker Adapter on Heater-Shaker Module GEN1 on slot C1, 'D11': D11 of Sample Plate on Opentrons 96 Deep Well Heater-Shaker Adapter on Heater-Shaker Module GEN1 on slot C1, 'E11': E11 of Sample Plate on Opentrons 96 Deep Well Heater-Shaker Adapter on Heater-Shaker Module GEN1 on slot C1, 'F11': F11 of Sample Plate on Opentrons 96 Deep Well Heater-Shaker Adapter on Heater-Shaker Module GEN1 on slot C1, 'G11': G11 of Sample Plate on Opentrons 96 Deep Well Heater-Shaker Adapter on Heater-Shaker Module GEN1 on slot C1, 'H11': H11 of Sample Plate on Opentrons 96 Deep Well Heater-Shaker Adapter on Heater-Shaker Module GEN1 on slot C1, 'A12': A12 of Sample Plate on Opentrons 96 Deep Well Heater-Shaker Adapter on Heater-Shaker Module GEN1 on slot C1, 'B12': B12 of Sample Plate on Opentrons 96 Deep Well Heater-Shaker Adapter on Heater-Shaker Module GEN1 on slot C1, 'C12': C12 of Sample Plate on Opentrons 96 Deep Well Heater-Shaker Adapter on Heater-Shaker Module GEN1 on slot C1, 'D12': D12 of Sample Plate on Opentrons 96 Deep Well Heater-Shaker Adapter on Heater-Shaker Module GEN1 on slot C1, 'E12': E12 of Sample Plate on Opentrons 96 Deep Well Heater-Shaker Adapter on Heater-Shaker Module GEN1 on slot C1, 'F12': F12 of Sample Plate on Opentrons 96 Deep Well Heater-Shaker Adapter on Heater-Shaker Module GEN1 on slot C1, 'G12': G12 of Sample Plate on Opentrons 96 Deep Well Heater-Shaker Adapter on Heater-Shaker Module GEN1 on slot C1, 'H12': H12 of Sample Plate on Opentrons 96 Deep Well Heater-Shaker Adapter on Heater-Shaker Module GEN1 on slot C1}
Loading liquid into {'A1': A1 of Sample Plate on Opentrons 96 Deep Well Heater-Shaker Adapter on Heater-Shaker Module GEN1 on slot C1, 'B1': B1 of Sample Plate on Opentrons 96 Deep Well Heater-Shaker Adapter on Heater-Shaker Module GEN1 on slot C1, 'C1': C1 of Sample Plate on Opentrons 96 Deep Well Heater-Shaker Adapter on Heater-Shaker Module GEN1 on slot C1, 'D1': D1 of Sample Plate on Opentrons 96 Deep Well Heater-Shaker Adapter on Heater-Shaker Module GEN1 on slot C1, 'E1': E1 of Sample Plate on Opentrons 96 Deep Well Heater-Shaker Adapter on Heater-Shaker Module GEN1 on slot C1, 'F1': F1 of Sample Plate on Opentrons 96 Deep Well Heater-Shaker Adapter on Heater-Shaker Module GEN1 on slot C1, 'G1': G1 of Sample Plate on Opentrons 96 Deep Well Heater-Shaker Adapter on Heater-Shaker Module GEN1 on slot C1, 'H1': H1 of Sample Plate on Opentrons 96 Deep Well Heater-Shaker Adapter on Heater-Shaker Module GEN1 on slot C1, 'A2': A2 of Sample Plate on Opentrons 96 Deep Well Heater-Shaker Adapter on Heater-Shaker Module GEN1 on slot C1, 'B2': B2 of Sample Plate on Opentrons 96 Deep Well Heater-Shaker Adapter on Heater-Shaker Module GEN1 on slot C1, 'C2': C2 of Sample Plate on Opentrons 96 Deep Well Heater-Shaker Adapter on Heater-Shaker Module GEN1 on slot C1, 'D2': D2 of Sample Plate on Opentrons 96 Deep Well Heater-Shaker Adapter on Heater-Shaker Module GEN1 on slot C1, 'E2': E2 of Sample Plate on Opentrons 96 Deep Well Heater-Shaker Adapter on Heater-Shaker Module GEN1 on slot C1, 'F2': F2 of Sample Plate on Opentrons 96 Deep Well Heater-Shaker Adapter on Heater-Shaker Module GEN1 on slot C1, 'G2': G2 of Sample Plate on Opentrons 96 Deep Well Heater-Shaker Adapter on Heater-Shaker Module GEN1 on slot C1, 'H2': H2 of Sample Plate on Opentrons 96 Deep Well Heater-Shaker Adapter on Heater-Shaker Module GEN1 on slot C1, 'A3': A3 of Sample Plate on Opentrons 96 Deep Well Heater-Shaker Adapter on Heater-Shaker Module GEN1 on slot C1, 'B3': B3 of Sample Plate on Opentrons 96 Deep Well Heater-Shaker Adapter on Heater-Shaker Module GEN1 on slot C1, 'C3': C3 of Sample Plate on Opentrons 96 Deep Well Heater-Shaker Adapter on Heater-Shaker Module GEN1 on slot C1, 'D3': D3 of Sample Plate on Opentrons 96 Deep Well Heater-Shaker Adapter on Heater-Shaker Module GEN1 on slot C1, 'E3': E3 of Sample Plate on Opentrons 96 Deep Well Heater-Shaker Adapter on Heater-Shaker Module GEN1 on slot C1, 'F3': F3 of Sample Plate on Opentrons 96 Deep Well Heater-Shaker Adapter on Heater-Shaker Module GEN1 on slot C1, 'G3': G3 of Sample Plate on Opentrons 96 Deep Well Heater-Shaker Adapter on Heater-Shaker Module GEN1 on slot C1, 'H3': H3 of Sample Plate on Opentrons 96 Deep Well Heater-Shaker Adapter on Heater-Shaker Module GEN1 on slot C1, 'A4': A4 of Sample Plate on Opentrons 96 Deep Well Heater-Shaker Adapter on Heater-Shaker Module GEN1 on slot C1, 'B4': B4 of Sample Plate on Opentrons 96 Deep Well Heater-Shaker Adapter on Heater-Shaker Module GEN1 on slot C1, 'C4': C4 of Sample Plate on Opentrons 96 Deep Well Heater-Shaker Adapter on Heater-Shaker Module GEN1 on slot C1, 'D4': D4 of Sample Plate on Opentrons 96 Deep Well Heater-Shaker Adapter on Heater-Shaker Module GEN1 on slot C1, 'E4': E4 of Sample Plate on Opentrons 96 Deep Well Heater-Shaker Adapter on Heater-Shaker Module GEN1 on slot C1, 'F4': F4 of Sample Plate on Opentrons 96 Deep Well Heater-Shaker Adapter on Heater-Shaker Module GEN1 on slot C1, 'G4': G4 of Sample Plate on Opentrons 96 Deep Well Heater-Shaker Adapter on Heater-Shaker Module GEN1 on slot C1, 'H4': H4 of Sample Plate on Opentrons 96 Deep Well Heater-Shaker Adapter on Heater-Shaker Module GEN1 on slot C1, 'A5': A5 of Sample Plate on Opentrons 96 Deep Well Heater-Shaker Adapter on Heater-Shaker Module GEN1 on slot C1, 'B5': B5 of Sample Plate on Opentrons 96 Deep Well Heater-Shaker Adapter on Heater-Shaker Module GEN1 on slot C1, 'C5': C5 of Sample Plate on Opentrons 96 Deep Well Heater-Shaker Adapter on Heater-Shaker Module GEN1 on slot C1, 'D5': D5 of Sample Plate on Opentrons 96 Deep Well Heater-Shaker Adapter on Heater-Shaker Module GEN1 on slot C1, 'E5': E5 of Sample Plate on Opentrons 96 Deep Well Heater-Shaker Adapter on Heater-Shaker Module GEN1 on slot C1, 'F5': F5 of Sample Plate on Opentrons 96 Deep Well Heater-Shaker Adapter on Heater-Shaker Module GEN1 on slot C1, 'G5': G5 of Sample Plate on Opentrons 96 Deep Well Heater-Shaker Adapter on Heater-Shaker Module GEN1 on slot C1, 'H5': H5 of Sample Plate on Opentrons 96 Deep Well Heater-Shaker Adapter on Heater-Shaker Module GEN1 on slot C1, 'A6': A6 of Sample Plate on Opentrons 96 Deep Well Heater-Shaker Adapter on Heater-Shaker Module GEN1 on slot C1, 'B6': B6 of Sample Plate on Opentrons 96 Deep Well Heater-Shaker Adapter on Heater-Shaker Module GEN1 on slot C1, 'C6': C6 of Sample Plate on Opentrons 96 Deep Well Heater-Shaker Adapter on Heater-Shaker Module GEN1 on slot C1, 'D6': D6 of Sample Plate on Opentrons 96 Deep Well Heater-Shaker Adapter on Heater-Shaker Module GEN1 on slot C1, 'E6': E6 of Sample Plate on Opentrons 96 Deep Well Heater-Shaker Adapter on Heater-Shaker Module GEN1 on slot C1, 'F6': F6 of Sample Plate on Opentrons 96 Deep Well Heater-Shaker Adapter on Heater-Shaker Module GEN1 on slot C1, 'G6': G6 of Sample Plate on Opentrons 96 Deep Well Heater-Shaker Adapter on Heater-Shaker Module GEN1 on slot C1, 'H6': H6 of Sample Plate on Opentrons 96 Deep Well Heater-Shaker Adapter on Heater-Shaker Module GEN1 on slot C1, 'A7': A7 of Sample Plate on Opentrons 96 Deep Well Heater-Shaker Adapter on Heater-Shaker Module GEN1 on slot C1, 'B7': B7 of Sample Plate on Opentrons 96 Deep Well Heater-Shaker Adapter on Heater-Shaker Module GEN1 on slot C1, 'C7': C7 of Sample Plate on Opentrons 96 Deep Well Heater-Shaker Adapter on Heater-Shaker Module GEN1 on slot C1, 'D7': D7 of Sample Plate on Opentrons 96 Deep Well Heater-Shaker Adapter on Heater-Shaker Module GEN1 on slot C1, 'E7': E7 of Sample Plate on Opentrons 96 Deep Well Heater-Shaker Adapter on Heater-Shaker Module GEN1 on slot C1, 'F7': F7 of Sample Plate on Opentrons 96 Deep Well Heater-Shaker Adapter on Heater-Shaker Module GEN1 on slot C1, 'G7': G7 of Sample Plate on Opentrons 96 Deep Well Heater-Shaker Adapter on Heater-Shaker Module GEN1 on slot C1, 'H7': H7 of Sample Plate on Opentrons 96 Deep Well Heater-Shaker Adapter on Heater-Shaker Module GEN1 on slot C1, 'A8': A8 of Sample Plate on Opentrons 96 Deep Well Heater-Shaker Adapter on Heater-Shaker Module GEN1 on slot C1, 'B8': B8 of Sample Plate on Opentrons 96 Deep Well Heater-Shaker Adapter on Heater-Shaker Module GEN1 on slot C1, 'C8': C8 of Sample Plate on Opentrons 96 Deep Well Heater-Shaker Adapter on Heater-Shaker Module GEN1 on slot C1, 'D8': D8 of Sample Plate on Opentrons 96 Deep Well Heater-Shaker Adapter on Heater-Shaker Module GEN1 on slot C1, 'E8': E8 of Sample Plate on Opentrons 96 Deep Well Heater-Shaker Adapter on Heater-Shaker Module GEN1 on slot C1, 'F8': F8 of Sample Plate on Opentrons 96 Deep Well Heater-Shaker Adapter on Heater-Shaker Module GEN1 on slot C1, 'G8': G8 of Sample Plate on Opentrons 96 Deep Well Heater-Shaker Adapter on Heater-Shaker Module GEN1 on slot C1, 'H8': H8 of Sample Plate on Opentrons 96 Deep Well Heater-Shaker Adapter on Heater-Shaker Module GEN1 on slot C1, 'A9': A9 of Sample Plate on Opentrons 96 Deep Well Heater-Shaker Adapter on Heater-Shaker Module GEN1 on slot C1, 'B9': B9 of Sample Plate on Opentrons 96 Deep Well Heater-Shaker Adapter on Heater-Shaker Module GEN1 on slot C1, 'C9': C9 of Sample Plate on Opentrons 96 Deep Well Heater-Shaker Adapter on Heater-Shaker Module GEN1 on slot C1, 'D9': D9 of Sample Plate on Opentrons 96 Deep Well Heater-Shaker Adapter on Heater-Shaker Module GEN1 on slot C1, 'E9': E9 of Sample Plate on Opentrons 96 Deep Well Heater-Shaker Adapter on Heater-Shaker Module GEN1 on slot C1, 'F9': F9 of Sample Plate on Opentrons 96 Deep Well Heater-Shaker Adapter on Heater-Shaker Module GEN1 on slot C1, 'G9': G9 of Sample Plate on Opentrons 96 Deep Well Heater-Shaker Adapter on Heater-Shaker Module GEN1 on slot C1, 'H9': H9 of Sample Plate on Opentrons 96 Deep Well Heater-Shaker Adapter on Heater-Shaker Module GEN1 on slot C1, 'A10': A10 of Sample Plate on Opentrons 96 Deep Well Heater-Shaker Adapter on Heater-Shaker Module GEN1 on slot C1, 'B10': B10 of Sample Plate on Opentrons 96 Deep Well Heater-Shaker Adapter on Heater-Shaker Module GEN1 on slot C1, 'C10': C10 of Sample Plate on Opentrons 96 Deep Well Heater-Shaker Adapter on Heater-Shaker Module GEN1 on slot C1, 'D10': D10 of Sample Plate on Opentrons 96 Deep Well Heater-Shaker Adapter on Heater-Shaker Module GEN1 on slot C1, 'E10': E10 of Sample Plate on Opentrons 96 Deep Well Heater-Shaker Adapter on Heater-Shaker Module GEN1 on slot C1, 'F10': F10 of Sample Plate on Opentrons 96 Deep Well Heater-Shaker Adapter on Heater-Shaker Module GEN1 on slot C1, 'G10': G10 of Sample Plate on Opentrons 96 Deep Well Heater-Shaker Adapter on Heater-Shaker Module GEN1 on slot C1, 'H10': H10 of Sample Plate on Opentrons 96 Deep Well Heater-Shaker Adapter on Heater-Shaker Module GEN1 on slot C1, 'A11': A11 of Sample Plate on Opentrons 96 Deep Well Heater-Shaker Adapter on Heater-Shaker Module GEN1 on slot C1, 'B11': B11 of Sample Plate on Opentrons 96 Deep Well Heater-Shaker Adapter on Heater-Shaker Module GEN1 on slot C1, 'C11': C11 of Sample Plate on Opentrons 96 Deep Well Heater-Shaker Adapter on Heater-Shaker Module GEN1 on slot C1, 'D11': D11 of Sample Plate on Opentrons 96 Deep Well Heater-Shaker Adapter on Heater-Shaker Module GEN1 on slot C1, 'E11': E11 of Sample Plate on Opentrons 96 Deep Well Heater-Shaker Adapter on Heater-Shaker Module GEN1 on slot C1, 'F11': F11 of Sample Plate on Opentrons 96 Deep Well Heater-Shaker Adapter on Heater-Shaker Module GEN1 on slot C1, 'G11': G11 of Sample Plate on Opentrons 96 Deep Well Heater-Shaker Adapter on Heater-Shaker Module GEN1 on slot C1, 'H11': H11 of Sample Plate on Opentrons 96 Deep Well Heater-Shaker Adapter on Heater-Shaker Module GEN1 on slot C1, 'A12': A12 of Sample Plate on Opentrons 96 Deep Well Heater-Shaker Adapter on Heater-Shaker Module GEN1 on slot C1, 'B12': B12 of Sample Plate on Opentrons 96 Deep Well Heater-Shaker Adapter on Heater-Shaker Module GEN1 on slot C1, 'C12': C12 of Sample Plate on Opentrons 96 Deep Well Heater-Shaker Adapter on Heater-Shaker Module GEN1 on slot C1, 'D12': D12 of Sample Plate on Opentrons 96 Deep Well Heater-Shaker Adapter on Heater-Shaker Module GEN1 on slot C1, 'E12': E12 of Sample Plate on Opentrons 96 Deep Well Heater-Shaker Adapter on Heater-Shaker Module GEN1 on slot C1, 'F12': F12 of Sample Plate on Opentrons 96 Deep Well Heater-Shaker Adapter on Heater-Shaker Module GEN1 on slot C1, 'G12': G12 of Sample Plate on Opentrons 96 Deep Well Heater-Shaker Adapter on Heater-Shaker Module GEN1 on slot C1, 'H12': H12 of Sample Plate on Opentrons 96 Deep Well Heater-Shaker Adapter on Heater-Shaker Module GEN1 on slot C1}
Loading liquid into {'A1': A1 of Sample Plate on Opentrons 96 Deep Well Heater-Shaker Adapter on Heater-Shaker Module GEN1 on slot C1, 'B1': B1 of Sample Plate on Opentrons 96 Deep Well Heater-Shaker Adapter on Heater-Shaker Module GEN1 on slot C1, 'C1': C1 of Sample Plate on Opentrons 96 Deep Well Heater-Shaker Adapter on Heater-Shaker Module GEN1 on slot C1, 'D1': D1 of Sample Plate on Opentrons 96 Deep Well Heater-Shaker Adapter on Heater-Shaker Module GEN1 on slot C1, 'E1': E1 of Sample Plate on Opentrons 96 Deep Well Heater-Shaker Adapter on Heater-Shaker Module GEN1 on slot C1, 'F1': F1 of Sample Plate on Opentrons 96 Deep Well Heater-Shaker Adapter on Heater-Shaker Module GEN1 on slot C1, 'G1': G1 of Sample Plate on Opentrons 96 Deep Well Heater-Shaker Adapter on Heater-Shaker Module GEN1 on slot C1, 'H1': H1 of Sample Plate on Opentrons 96 Deep Well Heater-Shaker Adapter on Heater-Shaker Module GEN1 on slot C1, 'A2': A2 of Sample Plate on Opentrons 96 Deep Well Heater-Shaker Adapter on Heater-Shaker Module GEN1 on slot C1, 'B2': B2 of Sample Plate on Opentrons 96 Deep Well Heater-Shaker Adapter on Heater-Shaker Module GEN1 on slot C1, 'C2': C2 of Sample Plate on Opentrons 96 Deep Well Heater-Shaker Adapter on Heater-Shaker Module GEN1 on slot C1, 'D2': D2 of Sample Plate on Opentrons 96 Deep Well Heater-Shaker Adapter on Heater-Shaker Module GEN1 on slot C1, 'E2': E2 of Sample Plate on Opentrons 96 Deep Well Heater-Shaker Adapter on Heater-Shaker Module GEN1 on slot C1, 'F2': F2 of Sample Plate on Opentrons 96 Deep Well Heater-Shaker Adapter on Heater-Shaker Module GEN1 on slot C1, 'G2': G2 of Sample Plate on Opentrons 96 Deep Well Heater-Shaker Adapter on Heater-Shaker Module GEN1 on slot C1, 'H2': H2 of Sample Plate on Opentrons 96 Deep Well Heater-Shaker Adapter on Heater-Shaker Module GEN1 on slot C1, 'A3': A3 of Sample Plate on Opentrons 96 Deep Well Heater-Shaker Adapter on Heater-Shaker Module GEN1 on slot C1, 'B3': B3 of Sample Plate on Opentrons 96 Deep Well Heater-Shaker Adapter on Heater-Shaker Module GEN1 on slot C1, 'C3': C3 of Sample Plate on Opentrons 96 Deep Well Heater-Shaker Adapter on Heater-Shaker Module GEN1 on slot C1, 'D3': D3 of Sample Plate on Opentrons 96 Deep Well Heater-Shaker Adapter on Heater-Shaker Module GEN1 on slot C1, 'E3': E3 of Sample Plate on Opentrons 96 Deep Well Heater-Shaker Adapter on Heater-Shaker Module GEN1 on slot C1, 'F3': F3 of Sample Plate on Opentrons 96 Deep Well Heater-Shaker Adapter on Heater-Shaker Module GEN1 on slot C1, 'G3': G3 of Sample Plate on Opentrons 96 Deep Well Heater-Shaker Adapter on Heater-Shaker Module GEN1 on slot C1, 'H3': H3 of Sample Plate on Opentrons 96 Deep Well Heater-Shaker Adapter on Heater-Shaker Module GEN1 on slot C1, 'A4': A4 of Sample Plate on Opentrons 96 Deep Well Heater-Shaker Adapter on Heater-Shaker Module GEN1 on slot C1, 'B4': B4 of Sample Plate on Opentrons 96 Deep Well Heater-Shaker Adapter on Heater-Shaker Module GEN1 on slot C1, 'C4': C4 of Sample Plate on Opentrons 96 Deep Well Heater-Shaker Adapter on Heater-Shaker Module GEN1 on slot C1, 'D4': D4 of Sample Plate on Opentrons 96 Deep Well Heater-Shaker Adapter on Heater-Shaker Module GEN1 on slot C1, 'E4': E4 of Sample Plate on Opentrons 96 Deep Well Heater-Shaker Adapter on Heater-Shaker Module GEN1 on slot C1, 'F4': F4 of Sample Plate on Opentrons 96 Deep Well Heater-Shaker Adapter on Heater-Shaker Module GEN1 on slot C1, 'G4': G4 of Sample Plate on Opentrons 96 Deep Well Heater-Shaker Adapter on Heater-Shaker Module GEN1 on slot C1, 'H4': H4 of Sample Plate on Opentrons 96 Deep Well Heater-Shaker Adapter on Heater-Shaker Module GEN1 on slot C1, 'A5': A5 of Sample Plate on Opentrons 96 Deep Well Heater-Shaker Adapter on Heater-Shaker Module GEN1 on slot C1, 'B5': B5 of Sample Plate on Opentrons 96 Deep Well Heater-Shaker Adapter on Heater-Shaker Module GEN1 on slot C1, 'C5': C5 of Sample Plate on Opentrons 96 Deep Well Heater-Shaker Adapter on Heater-Shaker Module GEN1 on slot C1, 'D5': D5 of Sample Plate on Opentrons 96 Deep Well Heater-Shaker Adapter on Heater-Shaker Module GEN1 on slot C1, 'E5': E5 of Sample Plate on Opentrons 96 Deep Well Heater-Shaker Adapter on Heater-Shaker Module GEN1 on slot C1, 'F5': F5 of Sample Plate on Opentrons 96 Deep Well Heater-Shaker Adapter on Heater-Shaker Module GEN1 on slot C1, 'G5': G5 of Sample Plate on Opentrons 96 Deep Well Heater-Shaker Adapter on Heater-Shaker Module GEN1 on slot C1, 'H5': H5 of Sample Plate on Opentrons 96 Deep Well Heater-Shaker Adapter on Heater-Shaker Module GEN1 on slot C1, 'A6': A6 of Sample Plate on Opentrons 96 Deep Well Heater-Shaker Adapter on Heater-Shaker Module GEN1 on slot C1, 'B6': B6 of Sample Plate on Opentrons 96 Deep Well Heater-Shaker Adapter on Heater-Shaker Module GEN1 on slot C1, 'C6': C6 of Sample Plate on Opentrons 96 Deep Well Heater-Shaker Adapter on Heater-Shaker Module GEN1 on slot C1, 'D6': D6 of Sample Plate on Opentrons 96 Deep Well Heater-Shaker Adapter on Heater-Shaker Module GEN1 on slot C1, 'E6': E6 of Sample Plate on Opentrons 96 Deep Well Heater-Shaker Adapter on Heater-Shaker Module GEN1 on slot C1, 'F6': F6 of Sample Plate on Opentrons 96 Deep Well Heater-Shaker Adapter on Heater-Shaker Module GEN1 on slot C1, 'G6': G6 of Sample Plate on Opentrons 96 Deep Well Heater-Shaker Adapter on Heater-Shaker Module GEN1 on slot C1, 'H6': H6 of Sample Plate on Opentrons 96 Deep Well Heater-Shaker Adapter on Heater-Shaker Module GEN1 on slot C1, 'A7': A7 of Sample Plate on Opentrons 96 Deep Well Heater-Shaker Adapter on Heater-Shaker Module GEN1 on slot C1, 'B7': B7 of Sample Plate on Opentrons 96 Deep Well Heater-Shaker Adapter on Heater-Shaker Module GEN1 on slot C1, 'C7': C7 of Sample Plate on Opentrons 96 Deep Well Heater-Shaker Adapter on Heater-Shaker Module GEN1 on slot C1, 'D7': D7 of Sample Plate on Opentrons 96 Deep Well Heater-Shaker Adapter on Heater-Shaker Module GEN1 on slot C1, 'E7': E7 of Sample Plate on Opentrons 96 Deep Well Heater-Shaker Adapter on Heater-Shaker Module GEN1 on slot C1, 'F7': F7 of Sample Plate on Opentrons 96 Deep Well Heater-Shaker Adapter on Heater-Shaker Module GEN1 on slot C1, 'G7': G7 of Sample Plate on Opentrons 96 Deep Well Heater-Shaker Adapter on Heater-Shaker Module GEN1 on slot C1, 'H7': H7 of Sample Plate on Opentrons 96 Deep Well Heater-Shaker Adapter on Heater-Shaker Module GEN1 on slot C1, 'A8': A8 of Sample Plate on Opentrons 96 Deep Well Heater-Shaker Adapter on Heater-Shaker Module GEN1 on slot C1, 'B8': B8 of Sample Plate on Opentrons 96 Deep Well Heater-Shaker Adapter on Heater-Shaker Module GEN1 on slot C1, 'C8': C8 of Sample Plate on Opentrons 96 Deep Well Heater-Shaker Adapter on Heater-Shaker Module GEN1 on slot C1, 'D8': D8 of Sample Plate on Opentrons 96 Deep Well Heater-Shaker Adapter on Heater-Shaker Module GEN1 on slot C1, 'E8': E8 of Sample Plate on Opentrons 96 Deep Well Heater-Shaker Adapter on Heater-Shaker Module GEN1 on slot C1, 'F8': F8 of Sample Plate on Opentrons 96 Deep Well Heater-Shaker Adapter on Heater-Shaker Module GEN1 on slot C1, 'G8': G8 of Sample Plate on Opentrons 96 Deep Well Heater-Shaker Adapter on Heater-Shaker Module GEN1 on slot C1, 'H8': H8 of Sample Plate on Opentrons 96 Deep Well Heater-Shaker Adapter on Heater-Shaker Module GEN1 on slot C1, 'A9': A9 of Sample Plate on Opentrons 96 Deep Well Heater-Shaker Adapter on Heater-Shaker Module GEN1 on slot C1, 'B9': B9 of Sample Plate on Opentrons 96 Deep Well Heater-Shaker Adapter on Heater-Shaker Module GEN1 on slot C1, 'C9': C9 of Sample Plate on Opentrons 96 Deep Well Heater-Shaker Adapter on Heater-Shaker Module GEN1 on slot C1, 'D9': D9 of Sample Plate on Opentrons 96 Deep Well Heater-Shaker Adapter on Heater-Shaker Module GEN1 on slot C1, 'E9': E9 of Sample Plate on Opentrons 96 Deep Well Heater-Shaker Adapter on Heater-Shaker Module GEN1 on slot C1, 'F9': F9 of Sample Plate on Opentrons 96 Deep Well Heater-Shaker Adapter on Heater-Shaker Module GEN1 on slot C1, 'G9': G9 of Sample Plate on Opentrons 96 Deep Well Heater-Shaker Adapter on Heater-Shaker Module GEN1 on slot C1, 'H9': H9 of Sample Plate on Opentrons 96 Deep Well Heater-Shaker Adapter on Heater-Shaker Module GEN1 on slot C1, 'A10': A10 of Sample Plate on Opentrons 96 Deep Well Heater-Shaker Adapter on Heater-Shaker Module GEN1 on slot C1, 'B10': B10 of Sample Plate on Opentrons 96 Deep Well Heater-Shaker Adapter on Heater-Shaker Module GEN1 on slot C1, 'C10': C10 of Sample Plate on Opentrons 96 Deep Well Heater-Shaker Adapter on Heater-Shaker Module GEN1 on slot C1, 'D10': D10 of Sample Plate on Opentrons 96 Deep Well Heater-Shaker Adapter on Heater-Shaker Module GEN1 on slot C1, 'E10': E10 of Sample Plate on Opentrons 96 Deep Well Heater-Shaker Adapter on Heater-Shaker Module GEN1 on slot C1, 'F10': F10 of Sample Plate on Opentrons 96 Deep Well Heater-Shaker Adapter on Heater-Shaker Module GEN1 on slot C1, 'G10': G10 of Sample Plate on Opentrons 96 Deep Well Heater-Shaker Adapter on Heater-Shaker Module GEN1 on slot C1, 'H10': H10 of Sample Plate on Opentrons 96 Deep Well Heater-Shaker Adapter on Heater-Shaker Module GEN1 on slot C1, 'A11': A11 of Sample Plate on Opentrons 96 Deep Well Heater-Shaker Adapter on Heater-Shaker Module GEN1 on slot C1, 'B11': B11 of Sample Plate on Opentrons 96 Deep Well Heater-Shaker Adapter on Heater-Shaker Module GEN1 on slot C1, 'C11': C11 of Sample Plate on Opentrons 96 Deep Well Heater-Shaker Adapter on Heater-Shaker Module GEN1 on slot C1, 'D11': D11 of Sample Plate on Opentrons 96 Deep Well Heater-Shaker Adapter on Heater-Shaker Module GEN1 on slot C1, 'E11': E11 of Sample Plate on Opentrons 96 Deep Well Heater-Shaker Adapter on Heater-Shaker Module GEN1 on slot C1, 'F11': F11 of Sample Plate on Opentrons 96 Deep Well Heater-Shaker Adapter on Heater-Shaker Module GEN1 on slot C1, 'G11': G11 of Sample Plate on Opentrons 96 Deep Well Heater-Shaker Adapter on Heater-Shaker Module GEN1 on slot C1, 'H11': H11 of Sample Plate on Opentrons 96 Deep Well Heater-Shaker Adapter on Heater-Shaker Module GEN1 on slot C1, 'A12': A12 of Sample Plate on Opentrons 96 Deep Well Heater-Shaker Adapter on Heater-Shaker Module GEN1 on slot C1, 'B12': B12 of Sample Plate on Opentrons 96 Deep Well Heater-Shaker Adapter on Heater-Shaker Module GEN1 on slot C1, 'C12': C12 of Sample Plate on Opentrons 96 Deep Well Heater-Shaker Adapter on Heater-Shaker Module GEN1 on slot C1, 'D12': D12 of Sample Plate on Opentrons 96 Deep Well Heater-Shaker Adapter on Heater-Shaker Module GEN1 on slot C1, 'E12': E12 of Sample Plate on Opentrons 96 Deep Well Heater-Shaker Adapter on Heater-Shaker Module GEN1 on slot C1, 'F12': F12 of Sample Plate on Opentrons 96 Deep Well Heater-Shaker Adapter on Heater-Shaker Module GEN1 on slot C1, 'G12': G12 of Sample Plate on Opentrons 96 Deep Well Heater-Shaker Adapter on Heater-Shaker Module GEN1 on slot C1, 'H12': H12 of Sample Plate on Opentrons 96 Deep Well Heater-Shaker Adapter on Heater-Shaker Module GEN1 on slot C1}
Loading liquid into {'A1': A1 of Sample Plate on Opentrons 96 Deep Well Heater-Shaker Adapter on Heater-Shaker Module GEN1 on slot C1, 'B1': B1 of Sample Plate on Opentrons 96 Deep Well Heater-Shaker Adapter on Heater-Shaker Module GEN1 on slot C1, 'C1': C1 of Sample Plate on Opentrons 96 Deep Well Heater-Shaker Adapter on Heater-Shaker Module GEN1 on slot C1, 'D1': D1 of Sample Plate on Opentrons 96 Deep Well Heater-Shaker Adapter on Heater-Shaker Module GEN1 on slot C1, 'E1': E1 of Sample Plate on Opentrons 96 Deep Well Heater-Shaker Adapter on Heater-Shaker Module GEN1 on slot C1, 'F1': F1 of Sample Plate on Opentrons 96 Deep Well Heater-Shaker Adapter on Heater-Shaker Module GEN1 on slot C1, 'G1': G1 of Sample Plate on Opentrons 96 Deep Well Heater-Shaker Adapter on Heater-Shaker Module GEN1 on slot C1, 'H1': H1 of Sample Plate on Opentrons 96 Deep Well Heater-Shaker Adapter on Heater-Shaker Module GEN1 on slot C1, 'A2': A2 of Sample Plate on Opentrons 96 Deep Well Heater-Shaker Adapter on Heater-Shaker Module GEN1 on slot C1, 'B2': B2 of Sample Plate on Opentrons 96 Deep Well Heater-Shaker Adapter on Heater-Shaker Module GEN1 on slot C1, 'C2': C2 of Sample Plate on Opentrons 96 Deep Well Heater-Shaker Adapter on Heater-Shaker Module GEN1 on slot C1, 'D2': D2 of Sample Plate on Opentrons 96 Deep Well Heater-Shaker Adapter on Heater-Shaker Module GEN1 on slot C1, 'E2': E2 of Sample Plate on Opentrons 96 Deep Well Heater-Shaker Adapter on Heater-Shaker Module GEN1 on slot C1, 'F2': F2 of Sample Plate on Opentrons 96 Deep Well Heater-Shaker Adapter on Heater-Shaker Module GEN1 on slot C1, 'G2': G2 of Sample Plate on Opentrons 96 Deep Well Heater-Shaker Adapter on Heater-Shaker Module GEN1 on slot C1, 'H2': H2 of Sample Plate on Opentrons 96 Deep Well Heater-Shaker Adapter on Heater-Shaker Module GEN1 on slot C1, 'A3': A3 of Sample Plate on Opentrons 96 Deep Well Heater-Shaker Adapter on Heater-Shaker Module GEN1 on slot C1, 'B3': B3 of Sample Plate on Opentrons 96 Deep Well Heater-Shaker Adapter on Heater-Shaker Module GEN1 on slot C1, 'C3': C3 of Sample Plate on Opentrons 96 Deep Well Heater-Shaker Adapter on Heater-Shaker Module GEN1 on slot C1, 'D3': D3 of Sample Plate on Opentrons 96 Deep Well Heater-Shaker Adapter on Heater-Shaker Module GEN1 on slot C1, 'E3': E3 of Sample Plate on Opentrons 96 Deep Well Heater-Shaker Adapter on Heater-Shaker Module GEN1 on slot C1, 'F3': F3 of Sample Plate on Opentrons 96 Deep Well Heater-Shaker Adapter on Heater-Shaker Module GEN1 on slot C1, 'G3': G3 of Sample Plate on Opentrons 96 Deep Well Heater-Shaker Adapter on Heater-Shaker Module GEN1 on slot C1, 'H3': H3 of Sample Plate on Opentrons 96 Deep Well Heater-Shaker Adapter on Heater-Shaker Module GEN1 on slot C1, 'A4': A4 of Sample Plate on Opentrons 96 Deep Well Heater-Shaker Adapter on Heater-Shaker Module GEN1 on slot C1, 'B4': B4 of Sample Plate on Opentrons 96 Deep Well Heater-Shaker Adapter on Heater-Shaker Module GEN1 on slot C1, 'C4': C4 of Sample Plate on Opentrons 96 Deep Well Heater-Shaker Adapter on Heater-Shaker Module GEN1 on slot C1, 'D4': D4 of Sample Plate on Opentrons 96 Deep Well Heater-Shaker Adapter on Heater-Shaker Module GEN1 on slot C1, 'E4': E4 of Sample Plate on Opentrons 96 Deep Well Heater-Shaker Adapter on Heater-Shaker Module GEN1 on slot C1, 'F4': F4 of Sample Plate on Opentrons 96 Deep Well Heater-Shaker Adapter on Heater-Shaker Module GEN1 on slot C1, 'G4': G4 of Sample Plate on Opentrons 96 Deep Well Heater-Shaker Adapter on Heater-Shaker Module GEN1 on slot C1, 'H4': H4 of Sample Plate on Opentrons 96 Deep Well Heater-Shaker Adapter on Heater-Shaker Module GEN1 on slot C1, 'A5': A5 of Sample Plate on Opentrons 96 Deep Well Heater-Shaker Adapter on Heater-Shaker Module GEN1 on slot C1, 'B5': B5 of Sample Plate on Opentrons 96 Deep Well Heater-Shaker Adapter on Heater-Shaker Module GEN1 on slot C1, 'C5': C5 of Sample Plate on Opentrons 96 Deep Well Heater-Shaker Adapter on Heater-Shaker Module GEN1 on slot C1, 'D5': D5 of Sample Plate on Opentrons 96 Deep Well Heater-Shaker Adapter on Heater-Shaker Module GEN1 on slot C1, 'E5': E5 of Sample Plate on Opentrons 96 Deep Well Heater-Shaker Adapter on Heater-Shaker Module GEN1 on slot C1, 'F5': F5 of Sample Plate on Opentrons 96 Deep Well Heater-Shaker Adapter on Heater-Shaker Module GEN1 on slot C1, 'G5': G5 of Sample Plate on Opentrons 96 Deep Well Heater-Shaker Adapter on Heater-Shaker Module GEN1 on slot C1, 'H5': H5 of Sample Plate on Opentrons 96 Deep Well Heater-Shaker Adapter on Heater-Shaker Module GEN1 on slot C1, 'A6': A6 of Sample Plate on Opentrons 96 Deep Well Heater-Shaker Adapter on Heater-Shaker Module GEN1 on slot C1, 'B6': B6 of Sample Plate on Opentrons 96 Deep Well Heater-Shaker Adapter on Heater-Shaker Module GEN1 on slot C1, 'C6': C6 of Sample Plate on Opentrons 96 Deep Well Heater-Shaker Adapter on Heater-Shaker Module GEN1 on slot C1, 'D6': D6 of Sample Plate on Opentrons 96 Deep Well Heater-Shaker Adapter on Heater-Shaker Module GEN1 on slot C1, 'E6': E6 of Sample Plate on Opentrons 96 Deep Well Heater-Shaker Adapter on Heater-Shaker Module GEN1 on slot C1, 'F6': F6 of Sample Plate on Opentrons 96 Deep Well Heater-Shaker Adapter on Heater-Shaker Module GEN1 on slot C1, 'G6': G6 of Sample Plate on Opentrons 96 Deep Well Heater-Shaker Adapter on Heater-Shaker Module GEN1 on slot C1, 'H6': H6 of Sample Plate on Opentrons 96 Deep Well Heater-Shaker Adapter on Heater-Shaker Module GEN1 on slot C1, 'A7': A7 of Sample Plate on Opentrons 96 Deep Well Heater-Shaker Adapter on Heater-Shaker Module GEN1 on slot C1, 'B7': B7 of Sample Plate on Opentrons 96 Deep Well Heater-Shaker Adapter on Heater-Shaker Module GEN1 on slot C1, 'C7': C7 of Sample Plate on Opentrons 96 Deep Well Heater-Shaker Adapter on Heater-Shaker Module GEN1 on slot C1, 'D7': D7 of Sample Plate on Opentrons 96 Deep Well Heater-Shaker Adapter on Heater-Shaker Module GEN1 on slot C1, 'E7': E7 of Sample Plate on Opentrons 96 Deep Well Heater-Shaker Adapter on Heater-Shaker Module GEN1 on slot C1, 'F7': F7 of Sample Plate on Opentrons 96 Deep Well Heater-Shaker Adapter on Heater-Shaker Module GEN1 on slot C1, 'G7': G7 of Sample Plate on Opentrons 96 Deep Well Heater-Shaker Adapter on Heater-Shaker Module GEN1 on slot C1, 'H7': H7 of Sample Plate on Opentrons 96 Deep Well Heater-Shaker Adapter on Heater-Shaker Module GEN1 on slot C1, 'A8': A8 of Sample Plate on Opentrons 96 Deep Well Heater-Shaker Adapter on Heater-Shaker Module GEN1 on slot C1, 'B8': B8 of Sample Plate on Opentrons 96 Deep Well Heater-Shaker Adapter on Heater-Shaker Module GEN1 on slot C1, 'C8': C8 of Sample Plate on Opentrons 96 Deep Well Heater-Shaker Adapter on Heater-Shaker Module GEN1 on slot C1, 'D8': D8 of Sample Plate on Opentrons 96 Deep Well Heater-Shaker Adapter on Heater-Shaker Module GEN1 on slot C1, 'E8': E8 of Sample Plate on Opentrons 96 Deep Well Heater-Shaker Adapter on Heater-Shaker Module GEN1 on slot C1, 'F8': F8 of Sample Plate on Opentrons 96 Deep Well Heater-Shaker Adapter on Heater-Shaker Module GEN1 on slot C1, 'G8': G8 of Sample Plate on Opentrons 96 Deep Well Heater-Shaker Adapter on Heater-Shaker Module GEN1 on slot C1, 'H8': H8 of Sample Plate on Opentrons 96 Deep Well Heater-Shaker Adapter on Heater-Shaker Module GEN1 on slot C1, 'A9': A9 of Sample Plate on Opentrons 96 Deep Well Heater-Shaker Adapter on Heater-Shaker Module GEN1 on slot C1, 'B9': B9 of Sample Plate on Opentrons 96 Deep Well Heater-Shaker Adapter on Heater-Shaker Module GEN1 on slot C1, 'C9': C9 of Sample Plate on Opentrons 96 Deep Well Heater-Shaker Adapter on Heater-Shaker Module GEN1 on slot C1, 'D9': D9 of Sample Plate on Opentrons 96 Deep Well Heater-Shaker Adapter on Heater-Shaker Module GEN1 on slot C1, 'E9': E9 of Sample Plate on Opentrons 96 Deep Well Heater-Shaker Adapter on Heater-Shaker Module GEN1 on slot C1, 'F9': F9 of Sample Plate on Opentrons 96 Deep Well Heater-Shaker Adapter on Heater-Shaker Module GEN1 on slot C1, 'G9': G9 of Sample Plate on Opentrons 96 Deep Well Heater-Shaker Adapter on Heater-Shaker Module GEN1 on slot C1, 'H9': H9 of Sample Plate on Opentrons 96 Deep Well Heater-Shaker Adapter on Heater-Shaker Module GEN1 on slot C1, 'A10': A10 of Sample Plate on Opentrons 96 Deep Well Heater-Shaker Adapter on Heater-Shaker Module GEN1 on slot C1, 'B10': B10 of Sample Plate on Opentrons 96 Deep Well Heater-Shaker Adapter on Heater-Shaker Module GEN1 on slot C1, 'C10': C10 of Sample Plate on Opentrons 96 Deep Well Heater-Shaker Adapter on Heater-Shaker Module GEN1 on slot C1, 'D10': D10 of Sample Plate on Opentrons 96 Deep Well Heater-Shaker Adapter on Heater-Shaker Module GEN1 on slot C1, 'E10': E10 of Sample Plate on Opentrons 96 Deep Well Heater-Shaker Adapter on Heater-Shaker Module GEN1 on slot C1, 'F10': F10 of Sample Plate on Opentrons 96 Deep Well Heater-Shaker Adapter on Heater-Shaker Module GEN1 on slot C1, 'G10': G10 of Sample Plate on Opentrons 96 Deep Well Heater-Shaker Adapter on Heater-Shaker Module GEN1 on slot C1, 'H10': H10 of Sample Plate on Opentrons 96 Deep Well Heater-Shaker Adapter on Heater-Shaker Module GEN1 on slot C1, 'A11': A11 of Sample Plate on Opentrons 96 Deep Well Heater-Shaker Adapter on Heater-Shaker Module GEN1 on slot C1, 'B11': B11 of Sample Plate on Opentrons 96 Deep Well Heater-Shaker Adapter on Heater-Shaker Module GEN1 on slot C1, 'C11': C11 of Sample Plate on Opentrons 96 Deep Well Heater-Shaker Adapter on Heater-Shaker Module GEN1 on slot C1, 'D11': D11 of Sample Plate on Opentrons 96 Deep Well Heater-Shaker Adapter on Heater-Shaker Module GEN1 on slot C1, 'E11': E11 of Sample Plate on Opentrons 96 Deep Well Heater-Shaker Adapter on Heater-Shaker Module GEN1 on slot C1, 'F11': F11 of Sample Plate on Opentrons 96 Deep Well Heater-Shaker Adapter on Heater-Shaker Module GEN1 on slot C1, 'G11': G11 of Sample Plate on Opentrons 96 Deep Well Heater-Shaker Adapter on Heater-Shaker Module GEN1 on slot C1, 'H11': H11 of Sample Plate on Opentrons 96 Deep Well Heater-Shaker Adapter on Heater-Shaker Module GEN1 on slot C1, 'A12': A12 of Sample Plate on Opentrons 96 Deep Well Heater-Shaker Adapter on Heater-Shaker Module GEN1 on slot C1, 'B12': B12 of Sample Plate on Opentrons 96 Deep Well Heater-Shaker Adapter on Heater-Shaker Module GEN1 on slot C1, 'C12': C12 of Sample Plate on Opentrons 96 Deep Well Heater-Shaker Adapter on Heater-Shaker Module GEN1 on slot C1, 'D12': D12 of Sample Plate on Opentrons 96 Deep Well Heater-Shaker Adapter on Heater-Shaker Module GEN1 on slot C1, 'E12': E12 of Sample Plate on Opentrons 96 Deep Well Heater-Shaker Adapter on Heater-Shaker Module GEN1 on slot C1, 'F12': F12 of Sample Plate on Opentrons 96 Deep Well Heater-Shaker Adapter on Heater-Shaker Module GEN1 on slot C1, 'G12': G12 of Sample Plate on Opentrons 96 Deep Well Heater-Shaker Adapter on Heater-Shaker Module GEN1 on slot C1, 'H12': H12 of Sample Plate on Opentrons 96 Deep Well Heater-Shaker Adapter on Heater-Shaker Module GEN1 on slot C1}
Loading liquid into {'A1': A1 of Sample Plate on Opentrons 96 Deep Well Heater-Shaker Adapter on Heater-Shaker Module GEN1 on slot C1, 'B1': B1 of Sample Plate on Opentrons 96 Deep Well Heater-Shaker Adapter on Heater-Shaker Module GEN1 on slot C1, 'C1': C1 of Sample Plate on Opentrons 96 Deep Well Heater-Shaker Adapter on Heater-Shaker Module GEN1 on slot C1, 'D1': D1 of Sample Plate on Opentrons 96 Deep Well Heater-Shaker Adapter on Heater-Shaker Module GEN1 on slot C1, 'E1': E1 of Sample Plate on Opentrons 96 Deep Well Heater-Shaker Adapter on Heater-Shaker Module GEN1 on slot C1, 'F1': F1 of Sample Plate on Opentrons 96 Deep Well Heater-Shaker Adapter on Heater-Shaker Module GEN1 on slot C1, 'G1': G1 of Sample Plate on Opentrons 96 Deep Well Heater-Shaker Adapter on Heater-Shaker Module GEN1 on slot C1, 'H1': H1 of Sample Plate on Opentrons 96 Deep Well Heater-Shaker Adapter on Heater-Shaker Module GEN1 on slot C1, 'A2': A2 of Sample Plate on Opentrons 96 Deep Well Heater-Shaker Adapter on Heater-Shaker Module GEN1 on slot C1, 'B2': B2 of Sample Plate on Opentrons 96 Deep Well Heater-Shaker Adapter on Heater-Shaker Module GEN1 on slot C1, 'C2': C2 of Sample Plate on Opentrons 96 Deep Well Heater-Shaker Adapter on Heater-Shaker Module GEN1 on slot C1, 'D2': D2 of Sample Plate on Opentrons 96 Deep Well Heater-Shaker Adapter on Heater-Shaker Module GEN1 on slot C1, 'E2': E2 of Sample Plate on Opentrons 96 Deep Well Heater-Shaker Adapter on Heater-Shaker Module GEN1 on slot C1, 'F2': F2 of Sample Plate on Opentrons 96 Deep Well Heater-Shaker Adapter on Heater-Shaker Module GEN1 on slot C1, 'G2': G2 of Sample Plate on Opentrons 96 Deep Well Heater-Shaker Adapter on Heater-Shaker Module GEN1 on slot C1, 'H2': H2 of Sample Plate on Opentrons 96 Deep Well Heater-Shaker Adapter on Heater-Shaker Module GEN1 on slot C1, 'A3': A3 of Sample Plate on Opentrons 96 Deep Well Heater-Shaker Adapter on Heater-Shaker Module GEN1 on slot C1, 'B3': B3 of Sample Plate on Opentrons 96 Deep Well Heater-Shaker Adapter on Heater-Shaker Module GEN1 on slot C1, 'C3': C3 of Sample Plate on Opentrons 96 Deep Well Heater-Shaker Adapter on Heater-Shaker Module GEN1 on slot C1, 'D3': D3 of Sample Plate on Opentrons 96 Deep Well Heater-Shaker Adapter on Heater-Shaker Module GEN1 on slot C1, 'E3': E3 of Sample Plate on Opentrons 96 Deep Well Heater-Shaker Adapter on Heater-Shaker Module GEN1 on slot C1, 'F3': F3 of Sample Plate on Opentrons 96 Deep Well Heater-Shaker Adapter on Heater-Shaker Module GEN1 on slot C1, 'G3': G3 of Sample Plate on Opentrons 96 Deep Well Heater-Shaker Adapter on Heater-Shaker Module GEN1 on slot C1, 'H3': H3 of Sample Plate on Opentrons 96 Deep Well Heater-Shaker Adapter on Heater-Shaker Module GEN1 on slot C1, 'A4': A4 of Sample Plate on Opentrons 96 Deep Well Heater-Shaker Adapter on Heater-Shaker Module GEN1 on slot C1, 'B4': B4 of Sample Plate on Opentrons 96 Deep Well Heater-Shaker Adapter on Heater-Shaker Module GEN1 on slot C1, 'C4': C4 of Sample Plate on Opentrons 96 Deep Well Heater-Shaker Adapter on Heater-Shaker Module GEN1 on slot C1, 'D4': D4 of Sample Plate on Opentrons 96 Deep Well Heater-Shaker Adapter on Heater-Shaker Module GEN1 on slot C1, 'E4': E4 of Sample Plate on Opentrons 96 Deep Well Heater-Shaker Adapter on Heater-Shaker Module GEN1 on slot C1, 'F4': F4 of Sample Plate on Opentrons 96 Deep Well Heater-Shaker Adapter on Heater-Shaker Module GEN1 on slot C1, 'G4': G4 of Sample Plate on Opentrons 96 Deep Well Heater-Shaker Adapter on Heater-Shaker Module GEN1 on slot C1, 'H4': H4 of Sample Plate on Opentrons 96 Deep Well Heater-Shaker Adapter on Heater-Shaker Module GEN1 on slot C1, 'A5': A5 of Sample Plate on Opentrons 96 Deep Well Heater-Shaker Adapter on Heater-Shaker Module GEN1 on slot C1, 'B5': B5 of Sample Plate on Opentrons 96 Deep Well Heater-Shaker Adapter on Heater-Shaker Module GEN1 on slot C1, 'C5': C5 of Sample Plate on Opentrons 96 Deep Well Heater-Shaker Adapter on Heater-Shaker Module GEN1 on slot C1, 'D5': D5 of Sample Plate on Opentrons 96 Deep Well Heater-Shaker Adapter on Heater-Shaker Module GEN1 on slot C1, 'E5': E5 of Sample Plate on Opentrons 96 Deep Well Heater-Shaker Adapter on Heater-Shaker Module GEN1 on slot C1, 'F5': F5 of Sample Plate on Opentrons 96 Deep Well Heater-Shaker Adapter on Heater-Shaker Module GEN1 on slot C1, 'G5': G5 of Sample Plate on Opentrons 96 Deep Well Heater-Shaker Adapter on Heater-Shaker Module GEN1 on slot C1, 'H5': H5 of Sample Plate on Opentrons 96 Deep Well Heater-Shaker Adapter on Heater-Shaker Module GEN1 on slot C1, 'A6': A6 of Sample Plate on Opentrons 96 Deep Well Heater-Shaker Adapter on Heater-Shaker Module GEN1 on slot C1, 'B6': B6 of Sample Plate on Opentrons 96 Deep Well Heater-Shaker Adapter on Heater-Shaker Module GEN1 on slot C1, 'C6': C6 of Sample Plate on Opentrons 96 Deep Well Heater-Shaker Adapter on Heater-Shaker Module GEN1 on slot C1, 'D6': D6 of Sample Plate on Opentrons 96 Deep Well Heater-Shaker Adapter on Heater-Shaker Module GEN1 on slot C1, 'E6': E6 of Sample Plate on Opentrons 96 Deep Well Heater-Shaker Adapter on Heater-Shaker Module GEN1 on slot C1, 'F6': F6 of Sample Plate on Opentrons 96 Deep Well Heater-Shaker Adapter on Heater-Shaker Module GEN1 on slot C1, 'G6': G6 of Sample Plate on Opentrons 96 Deep Well Heater-Shaker Adapter on Heater-Shaker Module GEN1 on slot C1, 'H6': H6 of Sample Plate on Opentrons 96 Deep Well Heater-Shaker Adapter on Heater-Shaker Module GEN1 on slot C1, 'A7': A7 of Sample Plate on Opentrons 96 Deep Well Heater-Shaker Adapter on Heater-Shaker Module GEN1 on slot C1, 'B7': B7 of Sample Plate on Opentrons 96 Deep Well Heater-Shaker Adapter on Heater-Shaker Module GEN1 on slot C1, 'C7': C7 of Sample Plate on Opentrons 96 Deep Well Heater-Shaker Adapter on Heater-Shaker Module GEN1 on slot C1, 'D7': D7 of Sample Plate on Opentrons 96 Deep Well Heater-Shaker Adapter on Heater-Shaker Module GEN1 on slot C1, 'E7': E7 of Sample Plate on Opentrons 96 Deep Well Heater-Shaker Adapter on Heater-Shaker Module GEN1 on slot C1, 'F7': F7 of Sample Plate on Opentrons 96 Deep Well Heater-Shaker Adapter on Heater-Shaker Module GEN1 on slot C1, 'G7': G7 of Sample Plate on Opentrons 96 Deep Well Heater-Shaker Adapter on Heater-Shaker Module GEN1 on slot C1, 'H7': H7 of Sample Plate on Opentrons 96 Deep Well Heater-Shaker Adapter on Heater-Shaker Module GEN1 on slot C1, 'A8': A8 of Sample Plate on Opentrons 96 Deep Well Heater-Shaker Adapter on Heater-Shaker Module GEN1 on slot C1, 'B8': B8 of Sample Plate on Opentrons 96 Deep Well Heater-Shaker Adapter on Heater-Shaker Module GEN1 on slot C1, 'C8': C8 of Sample Plate on Opentrons 96 Deep Well Heater-Shaker Adapter on Heater-Shaker Module GEN1 on slot C1, 'D8': D8 of Sample Plate on Opentrons 96 Deep Well Heater-Shaker Adapter on Heater-Shaker Module GEN1 on slot C1, 'E8': E8 of Sample Plate on Opentrons 96 Deep Well Heater-Shaker Adapter on Heater-Shaker Module GEN1 on slot C1, 'F8': F8 of Sample Plate on Opentrons 96 Deep Well Heater-Shaker Adapter on Heater-Shaker Module GEN1 on slot C1, 'G8': G8 of Sample Plate on Opentrons 96 Deep Well Heater-Shaker Adapter on Heater-Shaker Module GEN1 on slot C1, 'H8': H8 of Sample Plate on Opentrons 96 Deep Well Heater-Shaker Adapter on Heater-Shaker Module GEN1 on slot C1, 'A9': A9 of Sample Plate on Opentrons 96 Deep Well Heater-Shaker Adapter on Heater-Shaker Module GEN1 on slot C1, 'B9': B9 of Sample Plate on Opentrons 96 Deep Well Heater-Shaker Adapter on Heater-Shaker Module GEN1 on slot C1, 'C9': C9 of Sample Plate on Opentrons 96 Deep Well Heater-Shaker Adapter on Heater-Shaker Module GEN1 on slot C1, 'D9': D9 of Sample Plate on Opentrons 96 Deep Well Heater-Shaker Adapter on Heater-Shaker Module GEN1 on slot C1, 'E9': E9 of Sample Plate on Opentrons 96 Deep Well Heater-Shaker Adapter on Heater-Shaker Module GEN1 on slot C1, 'F9': F9 of Sample Plate on Opentrons 96 Deep Well Heater-Shaker Adapter on Heater-Shaker Module GEN1 on slot C1, 'G9': G9 of Sample Plate on Opentrons 96 Deep Well Heater-Shaker Adapter on Heater-Shaker Module GEN1 on slot C1, 'H9': H9 of Sample Plate on Opentrons 96 Deep Well Heater-Shaker Adapter on Heater-Shaker Module GEN1 on slot C1, 'A10': A10 of Sample Plate on Opentrons 96 Deep Well Heater-Shaker Adapter on Heater-Shaker Module GEN1 on slot C1, 'B10': B10 of Sample Plate on Opentrons 96 Deep Well Heater-Shaker Adapter on Heater-Shaker Module GEN1 on slot C1, 'C10': C10 of Sample Plate on Opentrons 96 Deep Well Heater-Shaker Adapter on Heater-Shaker Module GEN1 on slot C1, 'D10': D10 of Sample Plate on Opentrons 96 Deep Well Heater-Shaker Adapter on Heater-Shaker Module GEN1 on slot C1, 'E10': E10 of Sample Plate on Opentrons 96 Deep Well Heater-Shaker Adapter on Heater-Shaker Module GEN1 on slot C1, 'F10': F10 of Sample Plate on Opentrons 96 Deep Well Heater-Shaker Adapter on Heater-Shaker Module GEN1 on slot C1, 'G10': G10 of Sample Plate on Opentrons 96 Deep Well Heater-Shaker Adapter on Heater-Shaker Module GEN1 on slot C1, 'H10': H10 of Sample Plate on Opentrons 96 Deep Well Heater-Shaker Adapter on Heater-Shaker Module GEN1 on slot C1, 'A11': A11 of Sample Plate on Opentrons 96 Deep Well Heater-Shaker Adapter on Heater-Shaker Module GEN1 on slot C1, 'B11': B11 of Sample Plate on Opentrons 96 Deep Well Heater-Shaker Adapter on Heater-Shaker Module GEN1 on slot C1, 'C11': C11 of Sample Plate on Opentrons 96 Deep Well Heater-Shaker Adapter on Heater-Shaker Module GEN1 on slot C1, 'D11': D11 of Sample Plate on Opentrons 96 Deep Well Heater-Shaker Adapter on Heater-Shaker Module GEN1 on slot C1, 'E11': E11 of Sample Plate on Opentrons 96 Deep Well Heater-Shaker Adapter on Heater-Shaker Module GEN1 on slot C1, 'F11': F11 of Sample Plate on Opentrons 96 Deep Well Heater-Shaker Adapter on Heater-Shaker Module GEN1 on slot C1, 'G11': G11 of Sample Plate on Opentrons 96 Deep Well Heater-Shaker Adapter on Heater-Shaker Module GEN1 on slot C1, 'H11': H11 of Sample Plate on Opentrons 96 Deep Well Heater-Shaker Adapter on Heater-Shaker Module GEN1 on slot C1, 'A12': A12 of Sample Plate on Opentrons 96 Deep Well Heater-Shaker Adapter on Heater-Shaker Module GEN1 on slot C1, 'B12': B12 of Sample Plate on Opentrons 96 Deep Well Heater-Shaker Adapter on Heater-Shaker Module GEN1 on slot C1, 'C12': C12 of Sample Plate on Opentrons 96 Deep Well Heater-Shaker Adapter on Heater-Shaker Module GEN1 on slot C1, 'D12': D12 of Sample Plate on Opentrons 96 Deep Well Heater-Shaker Adapter on Heater-Shaker Module GEN1 on slot C1, 'E12': E12 of Sample Plate on Opentrons 96 Deep Well Heater-Shaker Adapter on Heater-Shaker Module GEN1 on slot C1, 'F12': F12 of Sample Plate on Opentrons 96 Deep Well Heater-Shaker Adapter on Heater-Shaker Module GEN1 on slot C1, 'G12': G12 of Sample Plate on Opentrons 96 Deep Well Heater-Shaker Adapter on Heater-Shaker Module GEN1 on slot C1, 'H12': H12 of Sample Plate on Opentrons 96 Deep Well Heater-Shaker Adapter on Heater-Shaker Module GEN1 on slot C1}
Loading liquid into {'A1': A1 of Sample Plate on Opentrons 96 Deep Well Heater-Shaker Adapter on Heater-Shaker Module GEN1 on slot C1, 'B1': B1 of Sample Plate on Opentrons 96 Deep Well Heater-Shaker Adapter on Heater-Shaker Module GEN1 on slot C1, 'C1': C1 of Sample Plate on Opentrons 96 Deep Well Heater-Shaker Adapter on Heater-Shaker Module GEN1 on slot C1, 'D1': D1 of Sample Plate on Opentrons 96 Deep Well Heater-Shaker Adapter on Heater-Shaker Module GEN1 on slot C1, 'E1': E1 of Sample Plate on Opentrons 96 Deep Well Heater-Shaker Adapter on Heater-Shaker Module GEN1 on slot C1, 'F1': F1 of Sample Plate on Opentrons 96 Deep Well Heater-Shaker Adapter on Heater-Shaker Module GEN1 on slot C1, 'G1': G1 of Sample Plate on Opentrons 96 Deep Well Heater-Shaker Adapter on Heater-Shaker Module GEN1 on slot C1, 'H1': H1 of Sample Plate on Opentrons 96 Deep Well Heater-Shaker Adapter on Heater-Shaker Module GEN1 on slot C1, 'A2': A2 of Sample Plate on Opentrons 96 Deep Well Heater-Shaker Adapter on Heater-Shaker Module GEN1 on slot C1, 'B2': B2 of Sample Plate on Opentrons 96 Deep Well Heater-Shaker Adapter on Heater-Shaker Module GEN1 on slot C1, 'C2': C2 of Sample Plate on Opentrons 96 Deep Well Heater-Shaker Adapter on Heater-Shaker Module GEN1 on slot C1, 'D2': D2 of Sample Plate on Opentrons 96 Deep Well Heater-Shaker Adapter on Heater-Shaker Module GEN1 on slot C1, 'E2': E2 of Sample Plate on Opentrons 96 Deep Well Heater-Shaker Adapter on Heater-Shaker Module GEN1 on slot C1, 'F2': F2 of Sample Plate on Opentrons 96 Deep Well Heater-Shaker Adapter on Heater-Shaker Module GEN1 on slot C1, 'G2': G2 of Sample Plate on Opentrons 96 Deep Well Heater-Shaker Adapter on Heater-Shaker Module GEN1 on slot C1, 'H2': H2 of Sample Plate on Opentrons 96 Deep Well Heater-Shaker Adapter on Heater-Shaker Module GEN1 on slot C1, 'A3': A3 of Sample Plate on Opentrons 96 Deep Well Heater-Shaker Adapter on Heater-Shaker Module GEN1 on slot C1, 'B3': B3 of Sample Plate on Opentrons 96 Deep Well Heater-Shaker Adapter on Heater-Shaker Module GEN1 on slot C1, 'C3': C3 of Sample Plate on Opentrons 96 Deep Well Heater-Shaker Adapter on Heater-Shaker Module GEN1 on slot C1, 'D3': D3 of Sample Plate on Opentrons 96 Deep Well Heater-Shaker Adapter on Heater-Shaker Module GEN1 on slot C1, 'E3': E3 of Sample Plate on Opentrons 96 Deep Well Heater-Shaker Adapter on Heater-Shaker Module GEN1 on slot C1, 'F3': F3 of Sample Plate on Opentrons 96 Deep Well Heater-Shaker Adapter on Heater-Shaker Module GEN1 on slot C1, 'G3': G3 of Sample Plate on Opentrons 96 Deep Well Heater-Shaker Adapter on Heater-Shaker Module GEN1 on slot C1, 'H3': H3 of Sample Plate on Opentrons 96 Deep Well Heater-Shaker Adapter on Heater-Shaker Module GEN1 on slot C1, 'A4': A4 of Sample Plate on Opentrons 96 Deep Well Heater-Shaker Adapter on Heater-Shaker Module GEN1 on slot C1, 'B4': B4 of Sample Plate on Opentrons 96 Deep Well Heater-Shaker Adapter on Heater-Shaker Module GEN1 on slot C1, 'C4': C4 of Sample Plate on Opentrons 96 Deep Well Heater-Shaker Adapter on Heater-Shaker Module GEN1 on slot C1, 'D4': D4 of Sample Plate on Opentrons 96 Deep Well Heater-Shaker Adapter on Heater-Shaker Module GEN1 on slot C1, 'E4': E4 of Sample Plate on Opentrons 96 Deep Well Heater-Shaker Adapter on Heater-Shaker Module GEN1 on slot C1, 'F4': F4 of Sample Plate on Opentrons 96 Deep Well Heater-Shaker Adapter on Heater-Shaker Module GEN1 on slot C1, 'G4': G4 of Sample Plate on Opentrons 96 Deep Well Heater-Shaker Adapter on Heater-Shaker Module GEN1 on slot C1, 'H4': H4 of Sample Plate on Opentrons 96 Deep Well Heater-Shaker Adapter on Heater-Shaker Module GEN1 on slot C1, 'A5': A5 of Sample Plate on Opentrons 96 Deep Well Heater-Shaker Adapter on Heater-Shaker Module GEN1 on slot C1, 'B5': B5 of Sample Plate on Opentrons 96 Deep Well Heater-Shaker Adapter on Heater-Shaker Module GEN1 on slot C1, 'C5': C5 of Sample Plate on Opentrons 96 Deep Well Heater-Shaker Adapter on Heater-Shaker Module GEN1 on slot C1, 'D5': D5 of Sample Plate on Opentrons 96 Deep Well Heater-Shaker Adapter on Heater-Shaker Module GEN1 on slot C1, 'E5': E5 of Sample Plate on Opentrons 96 Deep Well Heater-Shaker Adapter on Heater-Shaker Module GEN1 on slot C1, 'F5': F5 of Sample Plate on Opentrons 96 Deep Well Heater-Shaker Adapter on Heater-Shaker Module GEN1 on slot C1, 'G5': G5 of Sample Plate on Opentrons 96 Deep Well Heater-Shaker Adapter on Heater-Shaker Module GEN1 on slot C1, 'H5': H5 of Sample Plate on Opentrons 96 Deep Well Heater-Shaker Adapter on Heater-Shaker Module GEN1 on slot C1, 'A6': A6 of Sample Plate on Opentrons 96 Deep Well Heater-Shaker Adapter on Heater-Shaker Module GEN1 on slot C1, 'B6': B6 of Sample Plate on Opentrons 96 Deep Well Heater-Shaker Adapter on Heater-Shaker Module GEN1 on slot C1, 'C6': C6 of Sample Plate on Opentrons 96 Deep Well Heater-Shaker Adapter on Heater-Shaker Module GEN1 on slot C1, 'D6': D6 of Sample Plate on Opentrons 96 Deep Well Heater-Shaker Adapter on Heater-Shaker Module GEN1 on slot C1, 'E6': E6 of Sample Plate on Opentrons 96 Deep Well Heater-Shaker Adapter on Heater-Shaker Module GEN1 on slot C1, 'F6': F6 of Sample Plate on Opentrons 96 Deep Well Heater-Shaker Adapter on Heater-Shaker Module GEN1 on slot C1, 'G6': G6 of Sample Plate on Opentrons 96 Deep Well Heater-Shaker Adapter on Heater-Shaker Module GEN1 on slot C1, 'H6': H6 of Sample Plate on Opentrons 96 Deep Well Heater-Shaker Adapter on Heater-Shaker Module GEN1 on slot C1, 'A7': A7 of Sample Plate on Opentrons 96 Deep Well Heater-Shaker Adapter on Heater-Shaker Module GEN1 on slot C1, 'B7': B7 of Sample Plate on Opentrons 96 Deep Well Heater-Shaker Adapter on Heater-Shaker Module GEN1 on slot C1, 'C7': C7 of Sample Plate on Opentrons 96 Deep Well Heater-Shaker Adapter on Heater-Shaker Module GEN1 on slot C1, 'D7': D7 of Sample Plate on Opentrons 96 Deep Well Heater-Shaker Adapter on Heater-Shaker Module GEN1 on slot C1, 'E7': E7 of Sample Plate on Opentrons 96 Deep Well Heater-Shaker Adapter on Heater-Shaker Module GEN1 on slot C1, 'F7': F7 of Sample Plate on Opentrons 96 Deep Well Heater-Shaker Adapter on Heater-Shaker Module GEN1 on slot C1, 'G7': G7 of Sample Plate on Opentrons 96 Deep Well Heater-Shaker Adapter on Heater-Shaker Module GEN1 on slot C1, 'H7': H7 of Sample Plate on Opentrons 96 Deep Well Heater-Shaker Adapter on Heater-Shaker Module GEN1 on slot C1, 'A8': A8 of Sample Plate on Opentrons 96 Deep Well Heater-Shaker Adapter on Heater-Shaker Module GEN1 on slot C1, 'B8': B8 of Sample Plate on Opentrons 96 Deep Well Heater-Shaker Adapter on Heater-Shaker Module GEN1 on slot C1, 'C8': C8 of Sample Plate on Opentrons 96 Deep Well Heater-Shaker Adapter on Heater-Shaker Module GEN1 on slot C1, 'D8': D8 of Sample Plate on Opentrons 96 Deep Well Heater-Shaker Adapter on Heater-Shaker Module GEN1 on slot C1, 'E8': E8 of Sample Plate on Opentrons 96 Deep Well Heater-Shaker Adapter on Heater-Shaker Module GEN1 on slot C1, 'F8': F8 of Sample Plate on Opentrons 96 Deep Well Heater-Shaker Adapter on Heater-Shaker Module GEN1 on slot C1, 'G8': G8 of Sample Plate on Opentrons 96 Deep Well Heater-Shaker Adapter on Heater-Shaker Module GEN1 on slot C1, 'H8': H8 of Sample Plate on Opentrons 96 Deep Well Heater-Shaker Adapter on Heater-Shaker Module GEN1 on slot C1, 'A9': A9 of Sample Plate on Opentrons 96 Deep Well Heater-Shaker Adapter on Heater-Shaker Module GEN1 on slot C1, 'B9': B9 of Sample Plate on Opentrons 96 Deep Well Heater-Shaker Adapter on Heater-Shaker Module GEN1 on slot C1, 'C9': C9 of Sample Plate on Opentrons 96 Deep Well Heater-Shaker Adapter on Heater-Shaker Module GEN1 on slot C1, 'D9': D9 of Sample Plate on Opentrons 96 Deep Well Heater-Shaker Adapter on Heater-Shaker Module GEN1 on slot C1, 'E9': E9 of Sample Plate on Opentrons 96 Deep Well Heater-Shaker Adapter on Heater-Shaker Module GEN1 on slot C1, 'F9': F9 of Sample Plate on Opentrons 96 Deep Well Heater-Shaker Adapter on Heater-Shaker Module GEN1 on slot C1, 'G9': G9 of Sample Plate on Opentrons 96 Deep Well Heater-Shaker Adapter on Heater-Shaker Module GEN1 on slot C1, 'H9': H9 of Sample Plate on Opentrons 96 Deep Well Heater-Shaker Adapter on Heater-Shaker Module GEN1 on slot C1, 'A10': A10 of Sample Plate on Opentrons 96 Deep Well Heater-Shaker Adapter on Heater-Shaker Module GEN1 on slot C1, 'B10': B10 of Sample Plate on Opentrons 96 Deep Well Heater-Shaker Adapter on Heater-Shaker Module GEN1 on slot C1, 'C10': C10 of Sample Plate on Opentrons 96 Deep Well Heater-Shaker Adapter on Heater-Shaker Module GEN1 on slot C1, 'D10': D10 of Sample Plate on Opentrons 96 Deep Well Heater-Shaker Adapter on Heater-Shaker Module GEN1 on slot C1, 'E10': E10 of Sample Plate on Opentrons 96 Deep Well Heater-Shaker Adapter on Heater-Shaker Module GEN1 on slot C1, 'F10': F10 of Sample Plate on Opentrons 96 Deep Well Heater-Shaker Adapter on Heater-Shaker Module GEN1 on slot C1, 'G10': G10 of Sample Plate on Opentrons 96 Deep Well Heater-Shaker Adapter on Heater-Shaker Module GEN1 on slot C1, 'H10': H10 of Sample Plate on Opentrons 96 Deep Well Heater-Shaker Adapter on Heater-Shaker Module GEN1 on slot C1, 'A11': A11 of Sample Plate on Opentrons 96 Deep Well Heater-Shaker Adapter on Heater-Shaker Module GEN1 on slot C1, 'B11': B11 of Sample Plate on Opentrons 96 Deep Well Heater-Shaker Adapter on Heater-Shaker Module GEN1 on slot C1, 'C11': C11 of Sample Plate on Opentrons 96 Deep Well Heater-Shaker Adapter on Heater-Shaker Module GEN1 on slot C1, 'D11': D11 of Sample Plate on Opentrons 96 Deep Well Heater-Shaker Adapter on Heater-Shaker Module GEN1 on slot C1, 'E11': E11 of Sample Plate on Opentrons 96 Deep Well Heater-Shaker Adapter on Heater-Shaker Module GEN1 on slot C1, 'F11': F11 of Sample Plate on Opentrons 96 Deep Well Heater-Shaker Adapter on Heater-Shaker Module GEN1 on slot C1, 'G11': G11 of Sample Plate on Opentrons 96 Deep Well Heater-Shaker Adapter on Heater-Shaker Module GEN1 on slot C1, 'H11': H11 of Sample Plate on Opentrons 96 Deep Well Heater-Shaker Adapter on Heater-Shaker Module GEN1 on slot C1, 'A12': A12 of Sample Plate on Opentrons 96 Deep Well Heater-Shaker Adapter on Heater-Shaker Module GEN1 on slot C1, 'B12': B12 of Sample Plate on Opentrons 96 Deep Well Heater-Shaker Adapter on Heater-Shaker Module GEN1 on slot C1, 'C12': C12 of Sample Plate on Opentrons 96 Deep Well Heater-Shaker Adapter on Heater-Shaker Module GEN1 on slot C1, 'D12': D12 of Sample Plate on Opentrons 96 Deep Well Heater-Shaker Adapter on Heater-Shaker Module GEN1 on slot C1, 'E12': E12 of Sample Plate on Opentrons 96 Deep Well Heater-Shaker Adapter on Heater-Shaker Module GEN1 on slot C1, 'F12': F12 of Sample Plate on Opentrons 96 Deep Well Heater-Shaker Adapter on Heater-Shaker Module GEN1 on slot C1, 'G12': G12 of Sample Plate on Opentrons 96 Deep Well Heater-Shaker Adapter on Heater-Shaker Module GEN1 on slot C1, 'H12': H12 of Sample Plate on Opentrons 96 Deep Well Heater-Shaker Adapter on Heater-Shaker Module GEN1 on slot C1}
Loading liquid into {'A1': A1 of Sample Plate on Opentrons 96 Deep Well Heater-Shaker Adapter on Heater-Shaker Module GEN1 on slot C1, 'B1': B1 of Sample Plate on Opentrons 96 Deep Well Heater-Shaker Adapter on Heater-Shaker Module GEN1 on slot C1, 'C1': C1 of Sample Plate on Opentrons 96 Deep Well Heater-Shaker Adapter on Heater-Shaker Module GEN1 on slot C1, 'D1': D1 of Sample Plate on Opentrons 96 Deep Well Heater-Shaker Adapter on Heater-Shaker Module GEN1 on slot C1, 'E1': E1 of Sample Plate on Opentrons 96 Deep Well Heater-Shaker Adapter on Heater-Shaker Module GEN1 on slot C1, 'F1': F1 of Sample Plate on Opentrons 96 Deep Well Heater-Shaker Adapter on Heater-Shaker Module GEN1 on slot C1, 'G1': G1 of Sample Plate on Opentrons 96 Deep Well Heater-Shaker Adapter on Heater-Shaker Module GEN1 on slot C1, 'H1': H1 of Sample Plate on Opentrons 96 Deep Well Heater-Shaker Adapter on Heater-Shaker Module GEN1 on slot C1, 'A2': A2 of Sample Plate on Opentrons 96 Deep Well Heater-Shaker Adapter on Heater-Shaker Module GEN1 on slot C1, 'B2': B2 of Sample Plate on Opentrons 96 Deep Well Heater-Shaker Adapter on Heater-Shaker Module GEN1 on slot C1, 'C2': C2 of Sample Plate on Opentrons 96 Deep Well Heater-Shaker Adapter on Heater-Shaker Module GEN1 on slot C1, 'D2': D2 of Sample Plate on Opentrons 96 Deep Well Heater-Shaker Adapter on Heater-Shaker Module GEN1 on slot C1, 'E2': E2 of Sample Plate on Opentrons 96 Deep Well Heater-Shaker Adapter on Heater-Shaker Module GEN1 on slot C1, 'F2': F2 of Sample Plate on Opentrons 96 Deep Well Heater-Shaker Adapter on Heater-Shaker Module GEN1 on slot C1, 'G2': G2 of Sample Plate on Opentrons 96 Deep Well Heater-Shaker Adapter on Heater-Shaker Module GEN1 on slot C1, 'H2': H2 of Sample Plate on Opentrons 96 Deep Well Heater-Shaker Adapter on Heater-Shaker Module GEN1 on slot C1, 'A3': A3 of Sample Plate on Opentrons 96 Deep Well Heater-Shaker Adapter on Heater-Shaker Module GEN1 on slot C1, 'B3': B3 of Sample Plate on Opentrons 96 Deep Well Heater-Shaker Adapter on Heater-Shaker Module GEN1 on slot C1, 'C3': C3 of Sample Plate on Opentrons 96 Deep Well Heater-Shaker Adapter on Heater-Shaker Module GEN1 on slot C1, 'D3': D3 of Sample Plate on Opentrons 96 Deep Well Heater-Shaker Adapter on Heater-Shaker Module GEN1 on slot C1, 'E3': E3 of Sample Plate on Opentrons 96 Deep Well Heater-Shaker Adapter on Heater-Shaker Module GEN1 on slot C1, 'F3': F3 of Sample Plate on Opentrons 96 Deep Well Heater-Shaker Adapter on Heater-Shaker Module GEN1 on slot C1, 'G3': G3 of Sample Plate on Opentrons 96 Deep Well Heater-Shaker Adapter on Heater-Shaker Module GEN1 on slot C1, 'H3': H3 of Sample Plate on Opentrons 96 Deep Well Heater-Shaker Adapter on Heater-Shaker Module GEN1 on slot C1, 'A4': A4 of Sample Plate on Opentrons 96 Deep Well Heater-Shaker Adapter on Heater-Shaker Module GEN1 on slot C1, 'B4': B4 of Sample Plate on Opentrons 96 Deep Well Heater-Shaker Adapter on Heater-Shaker Module GEN1 on slot C1, 'C4': C4 of Sample Plate on Opentrons 96 Deep Well Heater-Shaker Adapter on Heater-Shaker Module GEN1 on slot C1, 'D4': D4 of Sample Plate on Opentrons 96 Deep Well Heater-Shaker Adapter on Heater-Shaker Module GEN1 on slot C1, 'E4': E4 of Sample Plate on Opentrons 96 Deep Well Heater-Shaker Adapter on Heater-Shaker Module GEN1 on slot C1, 'F4': F4 of Sample Plate on Opentrons 96 Deep Well Heater-Shaker Adapter on Heater-Shaker Module GEN1 on slot C1, 'G4': G4 of Sample Plate on Opentrons 96 Deep Well Heater-Shaker Adapter on Heater-Shaker Module GEN1 on slot C1, 'H4': H4 of Sample Plate on Opentrons 96 Deep Well Heater-Shaker Adapter on Heater-Shaker Module GEN1 on slot C1, 'A5': A5 of Sample Plate on Opentrons 96 Deep Well Heater-Shaker Adapter on Heater-Shaker Module GEN1 on slot C1, 'B5': B5 of Sample Plate on Opentrons 96 Deep Well Heater-Shaker Adapter on Heater-Shaker Module GEN1 on slot C1, 'C5': C5 of Sample Plate on Opentrons 96 Deep Well Heater-Shaker Adapter on Heater-Shaker Module GEN1 on slot C1, 'D5': D5 of Sample Plate on Opentrons 96 Deep Well Heater-Shaker Adapter on Heater-Shaker Module GEN1 on slot C1, 'E5': E5 of Sample Plate on Opentrons 96 Deep Well Heater-Shaker Adapter on Heater-Shaker Module GEN1 on slot C1, 'F5': F5 of Sample Plate on Opentrons 96 Deep Well Heater-Shaker Adapter on Heater-Shaker Module GEN1 on slot C1, 'G5': G5 of Sample Plate on Opentrons 96 Deep Well Heater-Shaker Adapter on Heater-Shaker Module GEN1 on slot C1, 'H5': H5 of Sample Plate on Opentrons 96 Deep Well Heater-Shaker Adapter on Heater-Shaker Module GEN1 on slot C1, 'A6': A6 of Sample Plate on Opentrons 96 Deep Well Heater-Shaker Adapter on Heater-Shaker Module GEN1 on slot C1, 'B6': B6 of Sample Plate on Opentrons 96 Deep Well Heater-Shaker Adapter on Heater-Shaker Module GEN1 on slot C1, 'C6': C6 of Sample Plate on Opentrons 96 Deep Well Heater-Shaker Adapter on Heater-Shaker Module GEN1 on slot C1, 'D6': D6 of Sample Plate on Opentrons 96 Deep Well Heater-Shaker Adapter on Heater-Shaker Module GEN1 on slot C1, 'E6': E6 of Sample Plate on Opentrons 96 Deep Well Heater-Shaker Adapter on Heater-Shaker Module GEN1 on slot C1, 'F6': F6 of Sample Plate on Opentrons 96 Deep Well Heater-Shaker Adapter on Heater-Shaker Module GEN1 on slot C1, 'G6': G6 of Sample Plate on Opentrons 96 Deep Well Heater-Shaker Adapter on Heater-Shaker Module GEN1 on slot C1, 'H6': H6 of Sample Plate on Opentrons 96 Deep Well Heater-Shaker Adapter on Heater-Shaker Module GEN1 on slot C1, 'A7': A7 of Sample Plate on Opentrons 96 Deep Well Heater-Shaker Adapter on Heater-Shaker Module GEN1 on slot C1, 'B7': B7 of Sample Plate on Opentrons 96 Deep Well Heater-Shaker Adapter on Heater-Shaker Module GEN1 on slot C1, 'C7': C7 of Sample Plate on Opentrons 96 Deep Well Heater-Shaker Adapter on Heater-Shaker Module GEN1 on slot C1, 'D7': D7 of Sample Plate on Opentrons 96 Deep Well Heater-Shaker Adapter on Heater-Shaker Module GEN1 on slot C1, 'E7': E7 of Sample Plate on Opentrons 96 Deep Well Heater-Shaker Adapter on Heater-Shaker Module GEN1 on slot C1, 'F7': F7 of Sample Plate on Opentrons 96 Deep Well Heater-Shaker Adapter on Heater-Shaker Module GEN1 on slot C1, 'G7': G7 of Sample Plate on Opentrons 96 Deep Well Heater-Shaker Adapter on Heater-Shaker Module GEN1 on slot C1, 'H7': H7 of Sample Plate on Opentrons 96 Deep Well Heater-Shaker Adapter on Heater-Shaker Module GEN1 on slot C1, 'A8': A8 of Sample Plate on Opentrons 96 Deep Well Heater-Shaker Adapter on Heater-Shaker Module GEN1 on slot C1, 'B8': B8 of Sample Plate on Opentrons 96 Deep Well Heater-Shaker Adapter on Heater-Shaker Module GEN1 on slot C1, 'C8': C8 of Sample Plate on Opentrons 96 Deep Well Heater-Shaker Adapter on Heater-Shaker Module GEN1 on slot C1, 'D8': D8 of Sample Plate on Opentrons 96 Deep Well Heater-Shaker Adapter on Heater-Shaker Module GEN1 on slot C1, 'E8': E8 of Sample Plate on Opentrons 96 Deep Well Heater-Shaker Adapter on Heater-Shaker Module GEN1 on slot C1, 'F8': F8 of Sample Plate on Opentrons 96 Deep Well Heater-Shaker Adapter on Heater-Shaker Module GEN1 on slot C1, 'G8': G8 of Sample Plate on Opentrons 96 Deep Well Heater-Shaker Adapter on Heater-Shaker Module GEN1 on slot C1, 'H8': H8 of Sample Plate on Opentrons 96 Deep Well Heater-Shaker Adapter on Heater-Shaker Module GEN1 on slot C1, 'A9': A9 of Sample Plate on Opentrons 96 Deep Well Heater-Shaker Adapter on Heater-Shaker Module GEN1 on slot C1, 'B9': B9 of Sample Plate on Opentrons 96 Deep Well Heater-Shaker Adapter on Heater-Shaker Module GEN1 on slot C1, 'C9': C9 of Sample Plate on Opentrons 96 Deep Well Heater-Shaker Adapter on Heater-Shaker Module GEN1 on slot C1, 'D9': D9 of Sample Plate on Opentrons 96 Deep Well Heater-Shaker Adapter on Heater-Shaker Module GEN1 on slot C1, 'E9': E9 of Sample Plate on Opentrons 96 Deep Well Heater-Shaker Adapter on Heater-Shaker Module GEN1 on slot C1, 'F9': F9 of Sample Plate on Opentrons 96 Deep Well Heater-Shaker Adapter on Heater-Shaker Module GEN1 on slot C1, 'G9': G9 of Sample Plate on Opentrons 96 Deep Well Heater-Shaker Adapter on Heater-Shaker Module GEN1 on slot C1, 'H9': H9 of Sample Plate on Opentrons 96 Deep Well Heater-Shaker Adapter on Heater-Shaker Module GEN1 on slot C1, 'A10': A10 of Sample Plate on Opentrons 96 Deep Well Heater-Shaker Adapter on Heater-Shaker Module GEN1 on slot C1, 'B10': B10 of Sample Plate on Opentrons 96 Deep Well Heater-Shaker Adapter on Heater-Shaker Module GEN1 on slot C1, 'C10': C10 of Sample Plate on Opentrons 96 Deep Well Heater-Shaker Adapter on Heater-Shaker Module GEN1 on slot C1, 'D10': D10 of Sample Plate on Opentrons 96 Deep Well Heater-Shaker Adapter on Heater-Shaker Module GEN1 on slot C1, 'E10': E10 of Sample Plate on Opentrons 96 Deep Well Heater-Shaker Adapter on Heater-Shaker Module GEN1 on slot C1, 'F10': F10 of Sample Plate on Opentrons 96 Deep Well Heater-Shaker Adapter on Heater-Shaker Module GEN1 on slot C1, 'G10': G10 of Sample Plate on Opentrons 96 Deep Well Heater-Shaker Adapter on Heater-Shaker Module GEN1 on slot C1, 'H10': H10 of Sample Plate on Opentrons 96 Deep Well Heater-Shaker Adapter on Heater-Shaker Module GEN1 on slot C1, 'A11': A11 of Sample Plate on Opentrons 96 Deep Well Heater-Shaker Adapter on Heater-Shaker Module GEN1 on slot C1, 'B11': B11 of Sample Plate on Opentrons 96 Deep Well Heater-Shaker Adapter on Heater-Shaker Module GEN1 on slot C1, 'C11': C11 of Sample Plate on Opentrons 96 Deep Well Heater-Shaker Adapter on Heater-Shaker Module GEN1 on slot C1, 'D11': D11 of Sample Plate on Opentrons 96 Deep Well Heater-Shaker Adapter on Heater-Shaker Module GEN1 on slot C1, 'E11': E11 of Sample Plate on Opentrons 96 Deep Well Heater-Shaker Adapter on Heater-Shaker Module GEN1 on slot C1, 'F11': F11 of Sample Plate on Opentrons 96 Deep Well Heater-Shaker Adapter on Heater-Shaker Module GEN1 on slot C1, 'G11': G11 of Sample Plate on Opentrons 96 Deep Well Heater-Shaker Adapter on Heater-Shaker Module GEN1 on slot C1, 'H11': H11 of Sample Plate on Opentrons 96 Deep Well Heater-Shaker Adapter on Heater-Shaker Module GEN1 on slot C1, 'A12': A12 of Sample Plate on Opentrons 96 Deep Well Heater-Shaker Adapter on Heater-Shaker Module GEN1 on slot C1, 'B12': B12 of Sample Plate on Opentrons 96 Deep Well Heater-Shaker Adapter on Heater-Shaker Module GEN1 on slot C1, 'C12': C12 of Sample Plate on Opentrons 96 Deep Well Heater-Shaker Adapter on Heater-Shaker Module GEN1 on slot C1, 'D12': D12 of Sample Plate on Opentrons 96 Deep Well Heater-Shaker Adapter on Heater-Shaker Module GEN1 on slot C1, 'E12': E12 of Sample Plate on Opentrons 96 Deep Well Heater-Shaker Adapter on Heater-Shaker Module GEN1 on slot C1, 'F12': F12 of Sample Plate on Opentrons 96 Deep Well Heater-Shaker Adapter on Heater-Shaker Module GEN1 on slot C1, 'G12': G12 of Sample Plate on Opentrons 96 Deep Well Heater-Shaker Adapter on Heater-Shaker Module GEN1 on slot C1, 'H12': H12 of Sample Plate on Opentrons 96 Deep Well Heater-Shaker Adapter on Heater-Shaker Module GEN1 on slot C1}
Loading liquid into {'A1': A1 of Sample Plate on Opentrons 96 Deep Well Heater-Shaker Adapter on Heater-Shaker Module GEN1 on slot C1, 'B1': B1 of Sample Plate on Opentrons 96 Deep Well Heater-Shaker Adapter on Heater-Shaker Module GEN1 on slot C1, 'C1': C1 of Sample Plate on Opentrons 96 Deep Well Heater-Shaker Adapter on Heater-Shaker Module GEN1 on slot C1, 'D1': D1 of Sample Plate on Opentrons 96 Deep Well Heater-Shaker Adapter on Heater-Shaker Module GEN1 on slot C1, 'E1': E1 of Sample Plate on Opentrons 96 Deep Well Heater-Shaker Adapter on Heater-Shaker Module GEN1 on slot C1, 'F1': F1 of Sample Plate on Opentrons 96 Deep Well Heater-Shaker Adapter on Heater-Shaker Module GEN1 on slot C1, 'G1': G1 of Sample Plate on Opentrons 96 Deep Well Heater-Shaker Adapter on Heater-Shaker Module GEN1 on slot C1, 'H1': H1 of Sample Plate on Opentrons 96 Deep Well Heater-Shaker Adapter on Heater-Shaker Module GEN1 on slot C1, 'A2': A2 of Sample Plate on Opentrons 96 Deep Well Heater-Shaker Adapter on Heater-Shaker Module GEN1 on slot C1, 'B2': B2 of Sample Plate on Opentrons 96 Deep Well Heater-Shaker Adapter on Heater-Shaker Module GEN1 on slot C1, 'C2': C2 of Sample Plate on Opentrons 96 Deep Well Heater-Shaker Adapter on Heater-Shaker Module GEN1 on slot C1, 'D2': D2 of Sample Plate on Opentrons 96 Deep Well Heater-Shaker Adapter on Heater-Shaker Module GEN1 on slot C1, 'E2': E2 of Sample Plate on Opentrons 96 Deep Well Heater-Shaker Adapter on Heater-Shaker Module GEN1 on slot C1, 'F2': F2 of Sample Plate on Opentrons 96 Deep Well Heater-Shaker Adapter on Heater-Shaker Module GEN1 on slot C1, 'G2': G2 of Sample Plate on Opentrons 96 Deep Well Heater-Shaker Adapter on Heater-Shaker Module GEN1 on slot C1, 'H2': H2 of Sample Plate on Opentrons 96 Deep Well Heater-Shaker Adapter on Heater-Shaker Module GEN1 on slot C1, 'A3': A3 of Sample Plate on Opentrons 96 Deep Well Heater-Shaker Adapter on Heater-Shaker Module GEN1 on slot C1, 'B3': B3 of Sample Plate on Opentrons 96 Deep Well Heater-Shaker Adapter on Heater-Shaker Module GEN1 on slot C1, 'C3': C3 of Sample Plate on Opentrons 96 Deep Well Heater-Shaker Adapter on Heater-Shaker Module GEN1 on slot C1, 'D3': D3 of Sample Plate on Opentrons 96 Deep Well Heater-Shaker Adapter on Heater-Shaker Module GEN1 on slot C1, 'E3': E3 of Sample Plate on Opentrons 96 Deep Well Heater-Shaker Adapter on Heater-Shaker Module GEN1 on slot C1, 'F3': F3 of Sample Plate on Opentrons 96 Deep Well Heater-Shaker Adapter on Heater-Shaker Module GEN1 on slot C1, 'G3': G3 of Sample Plate on Opentrons 96 Deep Well Heater-Shaker Adapter on Heater-Shaker Module GEN1 on slot C1, 'H3': H3 of Sample Plate on Opentrons 96 Deep Well Heater-Shaker Adapter on Heater-Shaker Module GEN1 on slot C1, 'A4': A4 of Sample Plate on Opentrons 96 Deep Well Heater-Shaker Adapter on Heater-Shaker Module GEN1 on slot C1, 'B4': B4 of Sample Plate on Opentrons 96 Deep Well Heater-Shaker Adapter on Heater-Shaker Module GEN1 on slot C1, 'C4': C4 of Sample Plate on Opentrons 96 Deep Well Heater-Shaker Adapter on Heater-Shaker Module GEN1 on slot C1, 'D4': D4 of Sample Plate on Opentrons 96 Deep Well Heater-Shaker Adapter on Heater-Shaker Module GEN1 on slot C1, 'E4': E4 of Sample Plate on Opentrons 96 Deep Well Heater-Shaker Adapter on Heater-Shaker Module GEN1 on slot C1, 'F4': F4 of Sample Plate on Opentrons 96 Deep Well Heater-Shaker Adapter on Heater-Shaker Module GEN1 on slot C1, 'G4': G4 of Sample Plate on Opentrons 96 Deep Well Heater-Shaker Adapter on Heater-Shaker Module GEN1 on slot C1, 'H4': H4 of Sample Plate on Opentrons 96 Deep Well Heater-Shaker Adapter on Heater-Shaker Module GEN1 on slot C1, 'A5': A5 of Sample Plate on Opentrons 96 Deep Well Heater-Shaker Adapter on Heater-Shaker Module GEN1 on slot C1, 'B5': B5 of Sample Plate on Opentrons 96 Deep Well Heater-Shaker Adapter on Heater-Shaker Module GEN1 on slot C1, 'C5': C5 of Sample Plate on Opentrons 96 Deep Well Heater-Shaker Adapter on Heater-Shaker Module GEN1 on slot C1, 'D5': D5 of Sample Plate on Opentrons 96 Deep Well Heater-Shaker Adapter on Heater-Shaker Module GEN1 on slot C1, 'E5': E5 of Sample Plate on Opentrons 96 Deep Well Heater-Shaker Adapter on Heater-Shaker Module GEN1 on slot C1, 'F5': F5 of Sample Plate on Opentrons 96 Deep Well Heater-Shaker Adapter on Heater-Shaker Module GEN1 on slot C1, 'G5': G5 of Sample Plate on Opentrons 96 Deep Well Heater-Shaker Adapter on Heater-Shaker Module GEN1 on slot C1, 'H5': H5 of Sample Plate on Opentrons 96 Deep Well Heater-Shaker Adapter on Heater-Shaker Module GEN1 on slot C1, 'A6': A6 of Sample Plate on Opentrons 96 Deep Well Heater-Shaker Adapter on Heater-Shaker Module GEN1 on slot C1, 'B6': B6 of Sample Plate on Opentrons 96 Deep Well Heater-Shaker Adapter on Heater-Shaker Module GEN1 on slot C1, 'C6': C6 of Sample Plate on Opentrons 96 Deep Well Heater-Shaker Adapter on Heater-Shaker Module GEN1 on slot C1, 'D6': D6 of Sample Plate on Opentrons 96 Deep Well Heater-Shaker Adapter on Heater-Shaker Module GEN1 on slot C1, 'E6': E6 of Sample Plate on Opentrons 96 Deep Well Heater-Shaker Adapter on Heater-Shaker Module GEN1 on slot C1, 'F6': F6 of Sample Plate on Opentrons 96 Deep Well Heater-Shaker Adapter on Heater-Shaker Module GEN1 on slot C1, 'G6': G6 of Sample Plate on Opentrons 96 Deep Well Heater-Shaker Adapter on Heater-Shaker Module GEN1 on slot C1, 'H6': H6 of Sample Plate on Opentrons 96 Deep Well Heater-Shaker Adapter on Heater-Shaker Module GEN1 on slot C1, 'A7': A7 of Sample Plate on Opentrons 96 Deep Well Heater-Shaker Adapter on Heater-Shaker Module GEN1 on slot C1, 'B7': B7 of Sample Plate on Opentrons 96 Deep Well Heater-Shaker Adapter on Heater-Shaker Module GEN1 on slot C1, 'C7': C7 of Sample Plate on Opentrons 96 Deep Well Heater-Shaker Adapter on Heater-Shaker Module GEN1 on slot C1, 'D7': D7 of Sample Plate on Opentrons 96 Deep Well Heater-Shaker Adapter on Heater-Shaker Module GEN1 on slot C1, 'E7': E7 of Sample Plate on Opentrons 96 Deep Well Heater-Shaker Adapter on Heater-Shaker Module GEN1 on slot C1, 'F7': F7 of Sample Plate on Opentrons 96 Deep Well Heater-Shaker Adapter on Heater-Shaker Module GEN1 on slot C1, 'G7': G7 of Sample Plate on Opentrons 96 Deep Well Heater-Shaker Adapter on Heater-Shaker Module GEN1 on slot C1, 'H7': H7 of Sample Plate on Opentrons 96 Deep Well Heater-Shaker Adapter on Heater-Shaker Module GEN1 on slot C1, 'A8': A8 of Sample Plate on Opentrons 96 Deep Well Heater-Shaker Adapter on Heater-Shaker Module GEN1 on slot C1, 'B8': B8 of Sample Plate on Opentrons 96 Deep Well Heater-Shaker Adapter on Heater-Shaker Module GEN1 on slot C1, 'C8': C8 of Sample Plate on Opentrons 96 Deep Well Heater-Shaker Adapter on Heater-Shaker Module GEN1 on slot C1, 'D8': D8 of Sample Plate on Opentrons 96 Deep Well Heater-Shaker Adapter on Heater-Shaker Module GEN1 on slot C1, 'E8': E8 of Sample Plate on Opentrons 96 Deep Well Heater-Shaker Adapter on Heater-Shaker Module GEN1 on slot C1, 'F8': F8 of Sample Plate on Opentrons 96 Deep Well Heater-Shaker Adapter on Heater-Shaker Module GEN1 on slot C1, 'G8': G8 of Sample Plate on Opentrons 96 Deep Well Heater-Shaker Adapter on Heater-Shaker Module GEN1 on slot C1, 'H8': H8 of Sample Plate on Opentrons 96 Deep Well Heater-Shaker Adapter on Heater-Shaker Module GEN1 on slot C1, 'A9': A9 of Sample Plate on Opentrons 96 Deep Well Heater-Shaker Adapter on Heater-Shaker Module GEN1 on slot C1, 'B9': B9 of Sample Plate on Opentrons 96 Deep Well Heater-Shaker Adapter on Heater-Shaker Module GEN1 on slot C1, 'C9': C9 of Sample Plate on Opentrons 96 Deep Well Heater-Shaker Adapter on Heater-Shaker Module GEN1 on slot C1, 'D9': D9 of Sample Plate on Opentrons 96 Deep Well Heater-Shaker Adapter on Heater-Shaker Module GEN1 on slot C1, 'E9': E9 of Sample Plate on Opentrons 96 Deep Well Heater-Shaker Adapter on Heater-Shaker Module GEN1 on slot C1, 'F9': F9 of Sample Plate on Opentrons 96 Deep Well Heater-Shaker Adapter on Heater-Shaker Module GEN1 on slot C1, 'G9': G9 of Sample Plate on Opentrons 96 Deep Well Heater-Shaker Adapter on Heater-Shaker Module GEN1 on slot C1, 'H9': H9 of Sample Plate on Opentrons 96 Deep Well Heater-Shaker Adapter on Heater-Shaker Module GEN1 on slot C1, 'A10': A10 of Sample Plate on Opentrons 96 Deep Well Heater-Shaker Adapter on Heater-Shaker Module GEN1 on slot C1, 'B10': B10 of Sample Plate on Opentrons 96 Deep Well Heater-Shaker Adapter on Heater-Shaker Module GEN1 on slot C1, 'C10': C10 of Sample Plate on Opentrons 96 Deep Well Heater-Shaker Adapter on Heater-Shaker Module GEN1 on slot C1, 'D10': D10 of Sample Plate on Opentrons 96 Deep Well Heater-Shaker Adapter on Heater-Shaker Module GEN1 on slot C1, 'E10': E10 of Sample Plate on Opentrons 96 Deep Well Heater-Shaker Adapter on Heater-Shaker Module GEN1 on slot C1, 'F10': F10 of Sample Plate on Opentrons 96 Deep Well Heater-Shaker Adapter on Heater-Shaker Module GEN1 on slot C1, 'G10': G10 of Sample Plate on Opentrons 96 Deep Well Heater-Shaker Adapter on Heater-Shaker Module GEN1 on slot C1, 'H10': H10 of Sample Plate on Opentrons 96 Deep Well Heater-Shaker Adapter on Heater-Shaker Module GEN1 on slot C1, 'A11': A11 of Sample Plate on Opentrons 96 Deep Well Heater-Shaker Adapter on Heater-Shaker Module GEN1 on slot C1, 'B11': B11 of Sample Plate on Opentrons 96 Deep Well Heater-Shaker Adapter on Heater-Shaker Module GEN1 on slot C1, 'C11': C11 of Sample Plate on Opentrons 96 Deep Well Heater-Shaker Adapter on Heater-Shaker Module GEN1 on slot C1, 'D11': D11 of Sample Plate on Opentrons 96 Deep Well Heater-Shaker Adapter on Heater-Shaker Module GEN1 on slot C1, 'E11': E11 of Sample Plate on Opentrons 96 Deep Well Heater-Shaker Adapter on Heater-Shaker Module GEN1 on slot C1, 'F11': F11 of Sample Plate on Opentrons 96 Deep Well Heater-Shaker Adapter on Heater-Shaker Module GEN1 on slot C1, 'G11': G11 of Sample Plate on Opentrons 96 Deep Well Heater-Shaker Adapter on Heater-Shaker Module GEN1 on slot C1, 'H11': H11 of Sample Plate on Opentrons 96 Deep Well Heater-Shaker Adapter on Heater-Shaker Module GEN1 on slot C1, 'A12': A12 of Sample Plate on Opentrons 96 Deep Well Heater-Shaker Adapter on Heater-Shaker Module GEN1 on slot C1, 'B12': B12 of Sample Plate on Opentrons 96 Deep Well Heater-Shaker Adapter on Heater-Shaker Module GEN1 on slot C1, 'C12': C12 of Sample Plate on Opentrons 96 Deep Well Heater-Shaker Adapter on Heater-Shaker Module GEN1 on slot C1, 'D12': D12 of Sample Plate on Opentrons 96 Deep Well Heater-Shaker Adapter on Heater-Shaker Module GEN1 on slot C1, 'E12': E12 of Sample Plate on Opentrons 96 Deep Well Heater-Shaker Adapter on Heater-Shaker Module GEN1 on slot C1, 'F12': F12 of Sample Plate on Opentrons 96 Deep Well Heater-Shaker Adapter on Heater-Shaker Module GEN1 on slot C1, 'G12': G12 of Sample Plate on Opentrons 96 Deep Well Heater-Shaker Adapter on Heater-Shaker Module GEN1 on slot C1, 'H12': H12 of Sample Plate on Opentrons 96 Deep Well Heater-Shaker Adapter on Heater-Shaker Module GEN1 on slot C1}
Loading liquid into {'A1': A1 of Sample Plate on Opentrons 96 Deep Well Heater-Shaker Adapter on Heater-Shaker Module GEN1 on slot C1, 'B1': B1 of Sample Plate on Opentrons 96 Deep Well Heater-Shaker Adapter on Heater-Shaker Module GEN1 on slot C1, 'C1': C1 of Sample Plate on Opentrons 96 Deep Well Heater-Shaker Adapter on Heater-Shaker Module GEN1 on slot C1, 'D1': D1 of Sample Plate on Opentrons 96 Deep Well Heater-Shaker Adapter on Heater-Shaker Module GEN1 on slot C1, 'E1': E1 of Sample Plate on Opentrons 96 Deep Well Heater-Shaker Adapter on Heater-Shaker Module GEN1 on slot C1, 'F1': F1 of Sample Plate on Opentrons 96 Deep Well Heater-Shaker Adapter on Heater-Shaker Module GEN1 on slot C1, 'G1': G1 of Sample Plate on Opentrons 96 Deep Well Heater-Shaker Adapter on Heater-Shaker Module GEN1 on slot C1, 'H1': H1 of Sample Plate on Opentrons 96 Deep Well Heater-Shaker Adapter on Heater-Shaker Module GEN1 on slot C1, 'A2': A2 of Sample Plate on Opentrons 96 Deep Well Heater-Shaker Adapter on Heater-Shaker Module GEN1 on slot C1, 'B2': B2 of Sample Plate on Opentrons 96 Deep Well Heater-Shaker Adapter on Heater-Shaker Module GEN1 on slot C1, 'C2': C2 of Sample Plate on Opentrons 96 Deep Well Heater-Shaker Adapter on Heater-Shaker Module GEN1 on slot C1, 'D2': D2 of Sample Plate on Opentrons 96 Deep Well Heater-Shaker Adapter on Heater-Shaker Module GEN1 on slot C1, 'E2': E2 of Sample Plate on Opentrons 96 Deep Well Heater-Shaker Adapter on Heater-Shaker Module GEN1 on slot C1, 'F2': F2 of Sample Plate on Opentrons 96 Deep Well Heater-Shaker Adapter on Heater-Shaker Module GEN1 on slot C1, 'G2': G2 of Sample Plate on Opentrons 96 Deep Well Heater-Shaker Adapter on Heater-Shaker Module GEN1 on slot C1, 'H2': H2 of Sample Plate on Opentrons 96 Deep Well Heater-Shaker Adapter on Heater-Shaker Module GEN1 on slot C1, 'A3': A3 of Sample Plate on Opentrons 96 Deep Well Heater-Shaker Adapter on Heater-Shaker Module GEN1 on slot C1, 'B3': B3 of Sample Plate on Opentrons 96 Deep Well Heater-Shaker Adapter on Heater-Shaker Module GEN1 on slot C1, 'C3': C3 of Sample Plate on Opentrons 96 Deep Well Heater-Shaker Adapter on Heater-Shaker Module GEN1 on slot C1, 'D3': D3 of Sample Plate on Opentrons 96 Deep Well Heater-Shaker Adapter on Heater-Shaker Module GEN1 on slot C1, 'E3': E3 of Sample Plate on Opentrons 96 Deep Well Heater-Shaker Adapter on Heater-Shaker Module GEN1 on slot C1, 'F3': F3 of Sample Plate on Opentrons 96 Deep Well Heater-Shaker Adapter on Heater-Shaker Module GEN1 on slot C1, 'G3': G3 of Sample Plate on Opentrons 96 Deep Well Heater-Shaker Adapter on Heater-Shaker Module GEN1 on slot C1, 'H3': H3 of Sample Plate on Opentrons 96 Deep Well Heater-Shaker Adapter on Heater-Shaker Module GEN1 on slot C1, 'A4': A4 of Sample Plate on Opentrons 96 Deep Well Heater-Shaker Adapter on Heater-Shaker Module GEN1 on slot C1, 'B4': B4 of Sample Plate on Opentrons 96 Deep Well Heater-Shaker Adapter on Heater-Shaker Module GEN1 on slot C1, 'C4': C4 of Sample Plate on Opentrons 96 Deep Well Heater-Shaker Adapter on Heater-Shaker Module GEN1 on slot C1, 'D4': D4 of Sample Plate on Opentrons 96 Deep Well Heater-Shaker Adapter on Heater-Shaker Module GEN1 on slot C1, 'E4': E4 of Sample Plate on Opentrons 96 Deep Well Heater-Shaker Adapter on Heater-Shaker Module GEN1 on slot C1, 'F4': F4 of Sample Plate on Opentrons 96 Deep Well Heater-Shaker Adapter on Heater-Shaker Module GEN1 on slot C1, 'G4': G4 of Sample Plate on Opentrons 96 Deep Well Heater-Shaker Adapter on Heater-Shaker Module GEN1 on slot C1, 'H4': H4 of Sample Plate on Opentrons 96 Deep Well Heater-Shaker Adapter on Heater-Shaker Module GEN1 on slot C1, 'A5': A5 of Sample Plate on Opentrons 96 Deep Well Heater-Shaker Adapter on Heater-Shaker Module GEN1 on slot C1, 'B5': B5 of Sample Plate on Opentrons 96 Deep Well Heater-Shaker Adapter on Heater-Shaker Module GEN1 on slot C1, 'C5': C5 of Sample Plate on Opentrons 96 Deep Well Heater-Shaker Adapter on Heater-Shaker Module GEN1 on slot C1, 'D5': D5 of Sample Plate on Opentrons 96 Deep Well Heater-Shaker Adapter on Heater-Shaker Module GEN1 on slot C1, 'E5': E5 of Sample Plate on Opentrons 96 Deep Well Heater-Shaker Adapter on Heater-Shaker Module GEN1 on slot C1, 'F5': F5 of Sample Plate on Opentrons 96 Deep Well Heater-Shaker Adapter on Heater-Shaker Module GEN1 on slot C1, 'G5': G5 of Sample Plate on Opentrons 96 Deep Well Heater-Shaker Adapter on Heater-Shaker Module GEN1 on slot C1, 'H5': H5 of Sample Plate on Opentrons 96 Deep Well Heater-Shaker Adapter on Heater-Shaker Module GEN1 on slot C1, 'A6': A6 of Sample Plate on Opentrons 96 Deep Well Heater-Shaker Adapter on Heater-Shaker Module GEN1 on slot C1, 'B6': B6 of Sample Plate on Opentrons 96 Deep Well Heater-Shaker Adapter on Heater-Shaker Module GEN1 on slot C1, 'C6': C6 of Sample Plate on Opentrons 96 Deep Well Heater-Shaker Adapter on Heater-Shaker Module GEN1 on slot C1, 'D6': D6 of Sample Plate on Opentrons 96 Deep Well Heater-Shaker Adapter on Heater-Shaker Module GEN1 on slot C1, 'E6': E6 of Sample Plate on Opentrons 96 Deep Well Heater-Shaker Adapter on Heater-Shaker Module GEN1 on slot C1, 'F6': F6 of Sample Plate on Opentrons 96 Deep Well Heater-Shaker Adapter on Heater-Shaker Module GEN1 on slot C1, 'G6': G6 of Sample Plate on Opentrons 96 Deep Well Heater-Shaker Adapter on Heater-Shaker Module GEN1 on slot C1, 'H6': H6 of Sample Plate on Opentrons 96 Deep Well Heater-Shaker Adapter on Heater-Shaker Module GEN1 on slot C1, 'A7': A7 of Sample Plate on Opentrons 96 Deep Well Heater-Shaker Adapter on Heater-Shaker Module GEN1 on slot C1, 'B7': B7 of Sample Plate on Opentrons 96 Deep Well Heater-Shaker Adapter on Heater-Shaker Module GEN1 on slot C1, 'C7': C7 of Sample Plate on Opentrons 96 Deep Well Heater-Shaker Adapter on Heater-Shaker Module GEN1 on slot C1, 'D7': D7 of Sample Plate on Opentrons 96 Deep Well Heater-Shaker Adapter on Heater-Shaker Module GEN1 on slot C1, 'E7': E7 of Sample Plate on Opentrons 96 Deep Well Heater-Shaker Adapter on Heater-Shaker Module GEN1 on slot C1, 'F7': F7 of Sample Plate on Opentrons 96 Deep Well Heater-Shaker Adapter on Heater-Shaker Module GEN1 on slot C1, 'G7': G7 of Sample Plate on Opentrons 96 Deep Well Heater-Shaker Adapter on Heater-Shaker Module GEN1 on slot C1, 'H7': H7 of Sample Plate on Opentrons 96 Deep Well Heater-Shaker Adapter on Heater-Shaker Module GEN1 on slot C1, 'A8': A8 of Sample Plate on Opentrons 96 Deep Well Heater-Shaker Adapter on Heater-Shaker Module GEN1 on slot C1, 'B8': B8 of Sample Plate on Opentrons 96 Deep Well Heater-Shaker Adapter on Heater-Shaker Module GEN1 on slot C1, 'C8': C8 of Sample Plate on Opentrons 96 Deep Well Heater-Shaker Adapter on Heater-Shaker Module GEN1 on slot C1, 'D8': D8 of Sample Plate on Opentrons 96 Deep Well Heater-Shaker Adapter on Heater-Shaker Module GEN1 on slot C1, 'E8': E8 of Sample Plate on Opentrons 96 Deep Well Heater-Shaker Adapter on Heater-Shaker Module GEN1 on slot C1, 'F8': F8 of Sample Plate on Opentrons 96 Deep Well Heater-Shaker Adapter on Heater-Shaker Module GEN1 on slot C1, 'G8': G8 of Sample Plate on Opentrons 96 Deep Well Heater-Shaker Adapter on Heater-Shaker Module GEN1 on slot C1, 'H8': H8 of Sample Plate on Opentrons 96 Deep Well Heater-Shaker Adapter on Heater-Shaker Module GEN1 on slot C1, 'A9': A9 of Sample Plate on Opentrons 96 Deep Well Heater-Shaker Adapter on Heater-Shaker Module GEN1 on slot C1, 'B9': B9 of Sample Plate on Opentrons 96 Deep Well Heater-Shaker Adapter on Heater-Shaker Module GEN1 on slot C1, 'C9': C9 of Sample Plate on Opentrons 96 Deep Well Heater-Shaker Adapter on Heater-Shaker Module GEN1 on slot C1, 'D9': D9 of Sample Plate on Opentrons 96 Deep Well Heater-Shaker Adapter on Heater-Shaker Module GEN1 on slot C1, 'E9': E9 of Sample Plate on Opentrons 96 Deep Well Heater-Shaker Adapter on Heater-Shaker Module GEN1 on slot C1, 'F9': F9 of Sample Plate on Opentrons 96 Deep Well Heater-Shaker Adapter on Heater-Shaker Module GEN1 on slot C1, 'G9': G9 of Sample Plate on Opentrons 96 Deep Well Heater-Shaker Adapter on Heater-Shaker Module GEN1 on slot C1, 'H9': H9 of Sample Plate on Opentrons 96 Deep Well Heater-Shaker Adapter on Heater-Shaker Module GEN1 on slot C1, 'A10': A10 of Sample Plate on Opentrons 96 Deep Well Heater-Shaker Adapter on Heater-Shaker Module GEN1 on slot C1, 'B10': B10 of Sample Plate on Opentrons 96 Deep Well Heater-Shaker Adapter on Heater-Shaker Module GEN1 on slot C1, 'C10': C10 of Sample Plate on Opentrons 96 Deep Well Heater-Shaker Adapter on Heater-Shaker Module GEN1 on slot C1, 'D10': D10 of Sample Plate on Opentrons 96 Deep Well Heater-Shaker Adapter on Heater-Shaker Module GEN1 on slot C1, 'E10': E10 of Sample Plate on Opentrons 96 Deep Well Heater-Shaker Adapter on Heater-Shaker Module GEN1 on slot C1, 'F10': F10 of Sample Plate on Opentrons 96 Deep Well Heater-Shaker Adapter on Heater-Shaker Module GEN1 on slot C1, 'G10': G10 of Sample Plate on Opentrons 96 Deep Well Heater-Shaker Adapter on Heater-Shaker Module GEN1 on slot C1, 'H10': H10 of Sample Plate on Opentrons 96 Deep Well Heater-Shaker Adapter on Heater-Shaker Module GEN1 on slot C1, 'A11': A11 of Sample Plate on Opentrons 96 Deep Well Heater-Shaker Adapter on Heater-Shaker Module GEN1 on slot C1, 'B11': B11 of Sample Plate on Opentrons 96 Deep Well Heater-Shaker Adapter on Heater-Shaker Module GEN1 on slot C1, 'C11': C11 of Sample Plate on Opentrons 96 Deep Well Heater-Shaker Adapter on Heater-Shaker Module GEN1 on slot C1, 'D11': D11 of Sample Plate on Opentrons 96 Deep Well Heater-Shaker Adapter on Heater-Shaker Module GEN1 on slot C1, 'E11': E11 of Sample Plate on Opentrons 96 Deep Well Heater-Shaker Adapter on Heater-Shaker Module GEN1 on slot C1, 'F11': F11 of Sample Plate on Opentrons 96 Deep Well Heater-Shaker Adapter on Heater-Shaker Module GEN1 on slot C1, 'G11': G11 of Sample Plate on Opentrons 96 Deep Well Heater-Shaker Adapter on Heater-Shaker Module GEN1 on slot C1, 'H11': H11 of Sample Plate on Opentrons 96 Deep Well Heater-Shaker Adapter on Heater-Shaker Module GEN1 on slot C1, 'A12': A12 of Sample Plate on Opentrons 96 Deep Well Heater-Shaker Adapter on Heater-Shaker Module GEN1 on slot C1, 'B12': B12 of Sample Plate on Opentrons 96 Deep Well Heater-Shaker Adapter on Heater-Shaker Module GEN1 on slot C1, 'C12': C12 of Sample Plate on Opentrons 96 Deep Well Heater-Shaker Adapter on Heater-Shaker Module GEN1 on slot C1, 'D12': D12 of Sample Plate on Opentrons 96 Deep Well Heater-Shaker Adapter on Heater-Shaker Module GEN1 on slot C1, 'E12': E12 of Sample Plate on Opentrons 96 Deep Well Heater-Shaker Adapter on Heater-Shaker Module GEN1 on slot C1, 'F12': F12 of Sample Plate on Opentrons 96 Deep Well Heater-Shaker Adapter on Heater-Shaker Module GEN1 on slot C1, 'G12': G12 of Sample Plate on Opentrons 96 Deep Well Heater-Shaker Adapter on Heater-Shaker Module GEN1 on slot C1, 'H12': H12 of Sample Plate on Opentrons 96 Deep Well Heater-Shaker Adapter on Heater-Shaker Module GEN1 on slot C1}
Loading liquid into {'A1': A1 of Sample Plate on Opentrons 96 Deep Well Heater-Shaker Adapter on Heater-Shaker Module GEN1 on slot C1, 'B1': B1 of Sample Plate on Opentrons 96 Deep Well Heater-Shaker Adapter on Heater-Shaker Module GEN1 on slot C1, 'C1': C1 of Sample Plate on Opentrons 96 Deep Well Heater-Shaker Adapter on Heater-Shaker Module GEN1 on slot C1, 'D1': D1 of Sample Plate on Opentrons 96 Deep Well Heater-Shaker Adapter on Heater-Shaker Module GEN1 on slot C1, 'E1': E1 of Sample Plate on Opentrons 96 Deep Well Heater-Shaker Adapter on Heater-Shaker Module GEN1 on slot C1, 'F1': F1 of Sample Plate on Opentrons 96 Deep Well Heater-Shaker Adapter on Heater-Shaker Module GEN1 on slot C1, 'G1': G1 of Sample Plate on Opentrons 96 Deep Well Heater-Shaker Adapter on Heater-Shaker Module GEN1 on slot C1, 'H1': H1 of Sample Plate on Opentrons 96 Deep Well Heater-Shaker Adapter on Heater-Shaker Module GEN1 on slot C1, 'A2': A2 of Sample Plate on Opentrons 96 Deep Well Heater-Shaker Adapter on Heater-Shaker Module GEN1 on slot C1, 'B2': B2 of Sample Plate on Opentrons 96 Deep Well Heater-Shaker Adapter on Heater-Shaker Module GEN1 on slot C1, 'C2': C2 of Sample Plate on Opentrons 96 Deep Well Heater-Shaker Adapter on Heater-Shaker Module GEN1 on slot C1, 'D2': D2 of Sample Plate on Opentrons 96 Deep Well Heater-Shaker Adapter on Heater-Shaker Module GEN1 on slot C1, 'E2': E2 of Sample Plate on Opentrons 96 Deep Well Heater-Shaker Adapter on Heater-Shaker Module GEN1 on slot C1, 'F2': F2 of Sample Plate on Opentrons 96 Deep Well Heater-Shaker Adapter on Heater-Shaker Module GEN1 on slot C1, 'G2': G2 of Sample Plate on Opentrons 96 Deep Well Heater-Shaker Adapter on Heater-Shaker Module GEN1 on slot C1, 'H2': H2 of Sample Plate on Opentrons 96 Deep Well Heater-Shaker Adapter on Heater-Shaker Module GEN1 on slot C1, 'A3': A3 of Sample Plate on Opentrons 96 Deep Well Heater-Shaker Adapter on Heater-Shaker Module GEN1 on slot C1, 'B3': B3 of Sample Plate on Opentrons 96 Deep Well Heater-Shaker Adapter on Heater-Shaker Module GEN1 on slot C1, 'C3': C3 of Sample Plate on Opentrons 96 Deep Well Heater-Shaker Adapter on Heater-Shaker Module GEN1 on slot C1, 'D3': D3 of Sample Plate on Opentrons 96 Deep Well Heater-Shaker Adapter on Heater-Shaker Module GEN1 on slot C1, 'E3': E3 of Sample Plate on Opentrons 96 Deep Well Heater-Shaker Adapter on Heater-Shaker Module GEN1 on slot C1, 'F3': F3 of Sample Plate on Opentrons 96 Deep Well Heater-Shaker Adapter on Heater-Shaker Module GEN1 on slot C1, 'G3': G3 of Sample Plate on Opentrons 96 Deep Well Heater-Shaker Adapter on Heater-Shaker Module GEN1 on slot C1, 'H3': H3 of Sample Plate on Opentrons 96 Deep Well Heater-Shaker Adapter on Heater-Shaker Module GEN1 on slot C1, 'A4': A4 of Sample Plate on Opentrons 96 Deep Well Heater-Shaker Adapter on Heater-Shaker Module GEN1 on slot C1, 'B4': B4 of Sample Plate on Opentrons 96 Deep Well Heater-Shaker Adapter on Heater-Shaker Module GEN1 on slot C1, 'C4': C4 of Sample Plate on Opentrons 96 Deep Well Heater-Shaker Adapter on Heater-Shaker Module GEN1 on slot C1, 'D4': D4 of Sample Plate on Opentrons 96 Deep Well Heater-Shaker Adapter on Heater-Shaker Module GEN1 on slot C1, 'E4': E4 of Sample Plate on Opentrons 96 Deep Well Heater-Shaker Adapter on Heater-Shaker Module GEN1 on slot C1, 'F4': F4 of Sample Plate on Opentrons 96 Deep Well Heater-Shaker Adapter on Heater-Shaker Module GEN1 on slot C1, 'G4': G4 of Sample Plate on Opentrons 96 Deep Well Heater-Shaker Adapter on Heater-Shaker Module GEN1 on slot C1, 'H4': H4 of Sample Plate on Opentrons 96 Deep Well Heater-Shaker Adapter on Heater-Shaker Module GEN1 on slot C1, 'A5': A5 of Sample Plate on Opentrons 96 Deep Well Heater-Shaker Adapter on Heater-Shaker Module GEN1 on slot C1, 'B5': B5 of Sample Plate on Opentrons 96 Deep Well Heater-Shaker Adapter on Heater-Shaker Module GEN1 on slot C1, 'C5': C5 of Sample Plate on Opentrons 96 Deep Well Heater-Shaker Adapter on Heater-Shaker Module GEN1 on slot C1, 'D5': D5 of Sample Plate on Opentrons 96 Deep Well Heater-Shaker Adapter on Heater-Shaker Module GEN1 on slot C1, 'E5': E5 of Sample Plate on Opentrons 96 Deep Well Heater-Shaker Adapter on Heater-Shaker Module GEN1 on slot C1, 'F5': F5 of Sample Plate on Opentrons 96 Deep Well Heater-Shaker Adapter on Heater-Shaker Module GEN1 on slot C1, 'G5': G5 of Sample Plate on Opentrons 96 Deep Well Heater-Shaker Adapter on Heater-Shaker Module GEN1 on slot C1, 'H5': H5 of Sample Plate on Opentrons 96 Deep Well Heater-Shaker Adapter on Heater-Shaker Module GEN1 on slot C1, 'A6': A6 of Sample Plate on Opentrons 96 Deep Well Heater-Shaker Adapter on Heater-Shaker Module GEN1 on slot C1, 'B6': B6 of Sample Plate on Opentrons 96 Deep Well Heater-Shaker Adapter on Heater-Shaker Module GEN1 on slot C1, 'C6': C6 of Sample Plate on Opentrons 96 Deep Well Heater-Shaker Adapter on Heater-Shaker Module GEN1 on slot C1, 'D6': D6 of Sample Plate on Opentrons 96 Deep Well Heater-Shaker Adapter on Heater-Shaker Module GEN1 on slot C1, 'E6': E6 of Sample Plate on Opentrons 96 Deep Well Heater-Shaker Adapter on Heater-Shaker Module GEN1 on slot C1, 'F6': F6 of Sample Plate on Opentrons 96 Deep Well Heater-Shaker Adapter on Heater-Shaker Module GEN1 on slot C1, 'G6': G6 of Sample Plate on Opentrons 96 Deep Well Heater-Shaker Adapter on Heater-Shaker Module GEN1 on slot C1, 'H6': H6 of Sample Plate on Opentrons 96 Deep Well Heater-Shaker Adapter on Heater-Shaker Module GEN1 on slot C1, 'A7': A7 of Sample Plate on Opentrons 96 Deep Well Heater-Shaker Adapter on Heater-Shaker Module GEN1 on slot C1, 'B7': B7 of Sample Plate on Opentrons 96 Deep Well Heater-Shaker Adapter on Heater-Shaker Module GEN1 on slot C1, 'C7': C7 of Sample Plate on Opentrons 96 Deep Well Heater-Shaker Adapter on Heater-Shaker Module GEN1 on slot C1, 'D7': D7 of Sample Plate on Opentrons 96 Deep Well Heater-Shaker Adapter on Heater-Shaker Module GEN1 on slot C1, 'E7': E7 of Sample Plate on Opentrons 96 Deep Well Heater-Shaker Adapter on Heater-Shaker Module GEN1 on slot C1, 'F7': F7 of Sample Plate on Opentrons 96 Deep Well Heater-Shaker Adapter on Heater-Shaker Module GEN1 on slot C1, 'G7': G7 of Sample Plate on Opentrons 96 Deep Well Heater-Shaker Adapter on Heater-Shaker Module GEN1 on slot C1, 'H7': H7 of Sample Plate on Opentrons 96 Deep Well Heater-Shaker Adapter on Heater-Shaker Module GEN1 on slot C1, 'A8': A8 of Sample Plate on Opentrons 96 Deep Well Heater-Shaker Adapter on Heater-Shaker Module GEN1 on slot C1, 'B8': B8 of Sample Plate on Opentrons 96 Deep Well Heater-Shaker Adapter on Heater-Shaker Module GEN1 on slot C1, 'C8': C8 of Sample Plate on Opentrons 96 Deep Well Heater-Shaker Adapter on Heater-Shaker Module GEN1 on slot C1, 'D8': D8 of Sample Plate on Opentrons 96 Deep Well Heater-Shaker Adapter on Heater-Shaker Module GEN1 on slot C1, 'E8': E8 of Sample Plate on Opentrons 96 Deep Well Heater-Shaker Adapter on Heater-Shaker Module GEN1 on slot C1, 'F8': F8 of Sample Plate on Opentrons 96 Deep Well Heater-Shaker Adapter on Heater-Shaker Module GEN1 on slot C1, 'G8': G8 of Sample Plate on Opentrons 96 Deep Well Heater-Shaker Adapter on Heater-Shaker Module GEN1 on slot C1, 'H8': H8 of Sample Plate on Opentrons 96 Deep Well Heater-Shaker Adapter on Heater-Shaker Module GEN1 on slot C1, 'A9': A9 of Sample Plate on Opentrons 96 Deep Well Heater-Shaker Adapter on Heater-Shaker Module GEN1 on slot C1, 'B9': B9 of Sample Plate on Opentrons 96 Deep Well Heater-Shaker Adapter on Heater-Shaker Module GEN1 on slot C1, 'C9': C9 of Sample Plate on Opentrons 96 Deep Well Heater-Shaker Adapter on Heater-Shaker Module GEN1 on slot C1, 'D9': D9 of Sample Plate on Opentrons 96 Deep Well Heater-Shaker Adapter on Heater-Shaker Module GEN1 on slot C1, 'E9': E9 of Sample Plate on Opentrons 96 Deep Well Heater-Shaker Adapter on Heater-Shaker Module GEN1 on slot C1, 'F9': F9 of Sample Plate on Opentrons 96 Deep Well Heater-Shaker Adapter on Heater-Shaker Module GEN1 on slot C1, 'G9': G9 of Sample Plate on Opentrons 96 Deep Well Heater-Shaker Adapter on Heater-Shaker Module GEN1 on slot C1, 'H9': H9 of Sample Plate on Opentrons 96 Deep Well Heater-Shaker Adapter on Heater-Shaker Module GEN1 on slot C1, 'A10': A10 of Sample Plate on Opentrons 96 Deep Well Heater-Shaker Adapter on Heater-Shaker Module GEN1 on slot C1, 'B10': B10 of Sample Plate on Opentrons 96 Deep Well Heater-Shaker Adapter on Heater-Shaker Module GEN1 on slot C1, 'C10': C10 of Sample Plate on Opentrons 96 Deep Well Heater-Shaker Adapter on Heater-Shaker Module GEN1 on slot C1, 'D10': D10 of Sample Plate on Opentrons 96 Deep Well Heater-Shaker Adapter on Heater-Shaker Module GEN1 on slot C1, 'E10': E10 of Sample Plate on Opentrons 96 Deep Well Heater-Shaker Adapter on Heater-Shaker Module GEN1 on slot C1, 'F10': F10 of Sample Plate on Opentrons 96 Deep Well Heater-Shaker Adapter on Heater-Shaker Module GEN1 on slot C1, 'G10': G10 of Sample Plate on Opentrons 96 Deep Well Heater-Shaker Adapter on Heater-Shaker Module GEN1 on slot C1, 'H10': H10 of Sample Plate on Opentrons 96 Deep Well Heater-Shaker Adapter on Heater-Shaker Module GEN1 on slot C1, 'A11': A11 of Sample Plate on Opentrons 96 Deep Well Heater-Shaker Adapter on Heater-Shaker Module GEN1 on slot C1, 'B11': B11 of Sample Plate on Opentrons 96 Deep Well Heater-Shaker Adapter on Heater-Shaker Module GEN1 on slot C1, 'C11': C11 of Sample Plate on Opentrons 96 Deep Well Heater-Shaker Adapter on Heater-Shaker Module GEN1 on slot C1, 'D11': D11 of Sample Plate on Opentrons 96 Deep Well Heater-Shaker Adapter on Heater-Shaker Module GEN1 on slot C1, 'E11': E11 of Sample Plate on Opentrons 96 Deep Well Heater-Shaker Adapter on Heater-Shaker Module GEN1 on slot C1, 'F11': F11 of Sample Plate on Opentrons 96 Deep Well Heater-Shaker Adapter on Heater-Shaker Module GEN1 on slot C1, 'G11': G11 of Sample Plate on Opentrons 96 Deep Well Heater-Shaker Adapter on Heater-Shaker Module GEN1 on slot C1, 'H11': H11 of Sample Plate on Opentrons 96 Deep Well Heater-Shaker Adapter on Heater-Shaker Module GEN1 on slot C1, 'A12': A12 of Sample Plate on Opentrons 96 Deep Well Heater-Shaker Adapter on Heater-Shaker Module GEN1 on slot C1, 'B12': B12 of Sample Plate on Opentrons 96 Deep Well Heater-Shaker Adapter on Heater-Shaker Module GEN1 on slot C1, 'C12': C12 of Sample Plate on Opentrons 96 Deep Well Heater-Shaker Adapter on Heater-Shaker Module GEN1 on slot C1, 'D12': D12 of Sample Plate on Opentrons 96 Deep Well Heater-Shaker Adapter on Heater-Shaker Module GEN1 on slot C1, 'E12': E12 of Sample Plate on Opentrons 96 Deep Well Heater-Shaker Adapter on Heater-Shaker Module GEN1 on slot C1, 'F12': F12 of Sample Plate on Opentrons 96 Deep Well Heater-Shaker Adapter on Heater-Shaker Module GEN1 on slot C1, 'G12': G12 of Sample Plate on Opentrons 96 Deep Well Heater-Shaker Adapter on Heater-Shaker Module GEN1 on slot C1, 'H12': H12 of Sample Plate on Opentrons 96 Deep Well Heater-Shaker Adapter on Heater-Shaker Module GEN1 on slot C1}
Loading liquid into {'A1': A1 of Sample Plate on Opentrons 96 Deep Well Heater-Shaker Adapter on Heater-Shaker Module GEN1 on slot C1, 'B1': B1 of Sample Plate on Opentrons 96 Deep Well Heater-Shaker Adapter on Heater-Shaker Module GEN1 on slot C1, 'C1': C1 of Sample Plate on Opentrons 96 Deep Well Heater-Shaker Adapter on Heater-Shaker Module GEN1 on slot C1, 'D1': D1 of Sample Plate on Opentrons 96 Deep Well Heater-Shaker Adapter on Heater-Shaker Module GEN1 on slot C1, 'E1': E1 of Sample Plate on Opentrons 96 Deep Well Heater-Shaker Adapter on Heater-Shaker Module GEN1 on slot C1, 'F1': F1 of Sample Plate on Opentrons 96 Deep Well Heater-Shaker Adapter on Heater-Shaker Module GEN1 on slot C1, 'G1': G1 of Sample Plate on Opentrons 96 Deep Well Heater-Shaker Adapter on Heater-Shaker Module GEN1 on slot C1, 'H1': H1 of Sample Plate on Opentrons 96 Deep Well Heater-Shaker Adapter on Heater-Shaker Module GEN1 on slot C1, 'A2': A2 of Sample Plate on Opentrons 96 Deep Well Heater-Shaker Adapter on Heater-Shaker Module GEN1 on slot C1, 'B2': B2 of Sample Plate on Opentrons 96 Deep Well Heater-Shaker Adapter on Heater-Shaker Module GEN1 on slot C1, 'C2': C2 of Sample Plate on Opentrons 96 Deep Well Heater-Shaker Adapter on Heater-Shaker Module GEN1 on slot C1, 'D2': D2 of Sample Plate on Opentrons 96 Deep Well Heater-Shaker Adapter on Heater-Shaker Module GEN1 on slot C1, 'E2': E2 of Sample Plate on Opentrons 96 Deep Well Heater-Shaker Adapter on Heater-Shaker Module GEN1 on slot C1, 'F2': F2 of Sample Plate on Opentrons 96 Deep Well Heater-Shaker Adapter on Heater-Shaker Module GEN1 on slot C1, 'G2': G2 of Sample Plate on Opentrons 96 Deep Well Heater-Shaker Adapter on Heater-Shaker Module GEN1 on slot C1, 'H2': H2 of Sample Plate on Opentrons 96 Deep Well Heater-Shaker Adapter on Heater-Shaker Module GEN1 on slot C1, 'A3': A3 of Sample Plate on Opentrons 96 Deep Well Heater-Shaker Adapter on Heater-Shaker Module GEN1 on slot C1, 'B3': B3 of Sample Plate on Opentrons 96 Deep Well Heater-Shaker Adapter on Heater-Shaker Module GEN1 on slot C1, 'C3': C3 of Sample Plate on Opentrons 96 Deep Well Heater-Shaker Adapter on Heater-Shaker Module GEN1 on slot C1, 'D3': D3 of Sample Plate on Opentrons 96 Deep Well Heater-Shaker Adapter on Heater-Shaker Module GEN1 on slot C1, 'E3': E3 of Sample Plate on Opentrons 96 Deep Well Heater-Shaker Adapter on Heater-Shaker Module GEN1 on slot C1, 'F3': F3 of Sample Plate on Opentrons 96 Deep Well Heater-Shaker Adapter on Heater-Shaker Module GEN1 on slot C1, 'G3': G3 of Sample Plate on Opentrons 96 Deep Well Heater-Shaker Adapter on Heater-Shaker Module GEN1 on slot C1, 'H3': H3 of Sample Plate on Opentrons 96 Deep Well Heater-Shaker Adapter on Heater-Shaker Module GEN1 on slot C1, 'A4': A4 of Sample Plate on Opentrons 96 Deep Well Heater-Shaker Adapter on Heater-Shaker Module GEN1 on slot C1, 'B4': B4 of Sample Plate on Opentrons 96 Deep Well Heater-Shaker Adapter on Heater-Shaker Module GEN1 on slot C1, 'C4': C4 of Sample Plate on Opentrons 96 Deep Well Heater-Shaker Adapter on Heater-Shaker Module GEN1 on slot C1, 'D4': D4 of Sample Plate on Opentrons 96 Deep Well Heater-Shaker Adapter on Heater-Shaker Module GEN1 on slot C1, 'E4': E4 of Sample Plate on Opentrons 96 Deep Well Heater-Shaker Adapter on Heater-Shaker Module GEN1 on slot C1, 'F4': F4 of Sample Plate on Opentrons 96 Deep Well Heater-Shaker Adapter on Heater-Shaker Module GEN1 on slot C1, 'G4': G4 of Sample Plate on Opentrons 96 Deep Well Heater-Shaker Adapter on Heater-Shaker Module GEN1 on slot C1, 'H4': H4 of Sample Plate on Opentrons 96 Deep Well Heater-Shaker Adapter on Heater-Shaker Module GEN1 on slot C1, 'A5': A5 of Sample Plate on Opentrons 96 Deep Well Heater-Shaker Adapter on Heater-Shaker Module GEN1 on slot C1, 'B5': B5 of Sample Plate on Opentrons 96 Deep Well Heater-Shaker Adapter on Heater-Shaker Module GEN1 on slot C1, 'C5': C5 of Sample Plate on Opentrons 96 Deep Well Heater-Shaker Adapter on Heater-Shaker Module GEN1 on slot C1, 'D5': D5 of Sample Plate on Opentrons 96 Deep Well Heater-Shaker Adapter on Heater-Shaker Module GEN1 on slot C1, 'E5': E5 of Sample Plate on Opentrons 96 Deep Well Heater-Shaker Adapter on Heater-Shaker Module GEN1 on slot C1, 'F5': F5 of Sample Plate on Opentrons 96 Deep Well Heater-Shaker Adapter on Heater-Shaker Module GEN1 on slot C1, 'G5': G5 of Sample Plate on Opentrons 96 Deep Well Heater-Shaker Adapter on Heater-Shaker Module GEN1 on slot C1, 'H5': H5 of Sample Plate on Opentrons 96 Deep Well Heater-Shaker Adapter on Heater-Shaker Module GEN1 on slot C1, 'A6': A6 of Sample Plate on Opentrons 96 Deep Well Heater-Shaker Adapter on Heater-Shaker Module GEN1 on slot C1, 'B6': B6 of Sample Plate on Opentrons 96 Deep Well Heater-Shaker Adapter on Heater-Shaker Module GEN1 on slot C1, 'C6': C6 of Sample Plate on Opentrons 96 Deep Well Heater-Shaker Adapter on Heater-Shaker Module GEN1 on slot C1, 'D6': D6 of Sample Plate on Opentrons 96 Deep Well Heater-Shaker Adapter on Heater-Shaker Module GEN1 on slot C1, 'E6': E6 of Sample Plate on Opentrons 96 Deep Well Heater-Shaker Adapter on Heater-Shaker Module GEN1 on slot C1, 'F6': F6 of Sample Plate on Opentrons 96 Deep Well Heater-Shaker Adapter on Heater-Shaker Module GEN1 on slot C1, 'G6': G6 of Sample Plate on Opentrons 96 Deep Well Heater-Shaker Adapter on Heater-Shaker Module GEN1 on slot C1, 'H6': H6 of Sample Plate on Opentrons 96 Deep Well Heater-Shaker Adapter on Heater-Shaker Module GEN1 on slot C1, 'A7': A7 of Sample Plate on Opentrons 96 Deep Well Heater-Shaker Adapter on Heater-Shaker Module GEN1 on slot C1, 'B7': B7 of Sample Plate on Opentrons 96 Deep Well Heater-Shaker Adapter on Heater-Shaker Module GEN1 on slot C1, 'C7': C7 of Sample Plate on Opentrons 96 Deep Well Heater-Shaker Adapter on Heater-Shaker Module GEN1 on slot C1, 'D7': D7 of Sample Plate on Opentrons 96 Deep Well Heater-Shaker Adapter on Heater-Shaker Module GEN1 on slot C1, 'E7': E7 of Sample Plate on Opentrons 96 Deep Well Heater-Shaker Adapter on Heater-Shaker Module GEN1 on slot C1, 'F7': F7 of Sample Plate on Opentrons 96 Deep Well Heater-Shaker Adapter on Heater-Shaker Module GEN1 on slot C1, 'G7': G7 of Sample Plate on Opentrons 96 Deep Well Heater-Shaker Adapter on Heater-Shaker Module GEN1 on slot C1, 'H7': H7 of Sample Plate on Opentrons 96 Deep Well Heater-Shaker Adapter on Heater-Shaker Module GEN1 on slot C1, 'A8': A8 of Sample Plate on Opentrons 96 Deep Well Heater-Shaker Adapter on Heater-Shaker Module GEN1 on slot C1, 'B8': B8 of Sample Plate on Opentrons 96 Deep Well Heater-Shaker Adapter on Heater-Shaker Module GEN1 on slot C1, 'C8': C8 of Sample Plate on Opentrons 96 Deep Well Heater-Shaker Adapter on Heater-Shaker Module GEN1 on slot C1, 'D8': D8 of Sample Plate on Opentrons 96 Deep Well Heater-Shaker Adapter on Heater-Shaker Module GEN1 on slot C1, 'E8': E8 of Sample Plate on Opentrons 96 Deep Well Heater-Shaker Adapter on Heater-Shaker Module GEN1 on slot C1, 'F8': F8 of Sample Plate on Opentrons 96 Deep Well Heater-Shaker Adapter on Heater-Shaker Module GEN1 on slot C1, 'G8': G8 of Sample Plate on Opentrons 96 Deep Well Heater-Shaker Adapter on Heater-Shaker Module GEN1 on slot C1, 'H8': H8 of Sample Plate on Opentrons 96 Deep Well Heater-Shaker Adapter on Heater-Shaker Module GEN1 on slot C1, 'A9': A9 of Sample Plate on Opentrons 96 Deep Well Heater-Shaker Adapter on Heater-Shaker Module GEN1 on slot C1, 'B9': B9 of Sample Plate on Opentrons 96 Deep Well Heater-Shaker Adapter on Heater-Shaker Module GEN1 on slot C1, 'C9': C9 of Sample Plate on Opentrons 96 Deep Well Heater-Shaker Adapter on Heater-Shaker Module GEN1 on slot C1, 'D9': D9 of Sample Plate on Opentrons 96 Deep Well Heater-Shaker Adapter on Heater-Shaker Module GEN1 on slot C1, 'E9': E9 of Sample Plate on Opentrons 96 Deep Well Heater-Shaker Adapter on Heater-Shaker Module GEN1 on slot C1, 'F9': F9 of Sample Plate on Opentrons 96 Deep Well Heater-Shaker Adapter on Heater-Shaker Module GEN1 on slot C1, 'G9': G9 of Sample Plate on Opentrons 96 Deep Well Heater-Shaker Adapter on Heater-Shaker Module GEN1 on slot C1, 'H9': H9 of Sample Plate on Opentrons 96 Deep Well Heater-Shaker Adapter on Heater-Shaker Module GEN1 on slot C1, 'A10': A10 of Sample Plate on Opentrons 96 Deep Well Heater-Shaker Adapter on Heater-Shaker Module GEN1 on slot C1, 'B10': B10 of Sample Plate on Opentrons 96 Deep Well Heater-Shaker Adapter on Heater-Shaker Module GEN1 on slot C1, 'C10': C10 of Sample Plate on Opentrons 96 Deep Well Heater-Shaker Adapter on Heater-Shaker Module GEN1 on slot C1, 'D10': D10 of Sample Plate on Opentrons 96 Deep Well Heater-Shaker Adapter on Heater-Shaker Module GEN1 on slot C1, 'E10': E10 of Sample Plate on Opentrons 96 Deep Well Heater-Shaker Adapter on Heater-Shaker Module GEN1 on slot C1, 'F10': F10 of Sample Plate on Opentrons 96 Deep Well Heater-Shaker Adapter on Heater-Shaker Module GEN1 on slot C1, 'G10': G10 of Sample Plate on Opentrons 96 Deep Well Heater-Shaker Adapter on Heater-Shaker Module GEN1 on slot C1, 'H10': H10 of Sample Plate on Opentrons 96 Deep Well Heater-Shaker Adapter on Heater-Shaker Module GEN1 on slot C1, 'A11': A11 of Sample Plate on Opentrons 96 Deep Well Heater-Shaker Adapter on Heater-Shaker Module GEN1 on slot C1, 'B11': B11 of Sample Plate on Opentrons 96 Deep Well Heater-Shaker Adapter on Heater-Shaker Module GEN1 on slot C1, 'C11': C11 of Sample Plate on Opentrons 96 Deep Well Heater-Shaker Adapter on Heater-Shaker Module GEN1 on slot C1, 'D11': D11 of Sample Plate on Opentrons 96 Deep Well Heater-Shaker Adapter on Heater-Shaker Module GEN1 on slot C1, 'E11': E11 of Sample Plate on Opentrons 96 Deep Well Heater-Shaker Adapter on Heater-Shaker Module GEN1 on slot C1, 'F11': F11 of Sample Plate on Opentrons 96 Deep Well Heater-Shaker Adapter on Heater-Shaker Module GEN1 on slot C1, 'G11': G11 of Sample Plate on Opentrons 96 Deep Well Heater-Shaker Adapter on Heater-Shaker Module GEN1 on slot C1, 'H11': H11 of Sample Plate on Opentrons 96 Deep Well Heater-Shaker Adapter on Heater-Shaker Module GEN1 on slot C1, 'A12': A12 of Sample Plate on Opentrons 96 Deep Well Heater-Shaker Adapter on Heater-Shaker Module GEN1 on slot C1, 'B12': B12 of Sample Plate on Opentrons 96 Deep Well Heater-Shaker Adapter on Heater-Shaker Module GEN1 on slot C1, 'C12': C12 of Sample Plate on Opentrons 96 Deep Well Heater-Shaker Adapter on Heater-Shaker Module GEN1 on slot C1, 'D12': D12 of Sample Plate on Opentrons 96 Deep Well Heater-Shaker Adapter on Heater-Shaker Module GEN1 on slot C1, 'E12': E12 of Sample Plate on Opentrons 96 Deep Well Heater-Shaker Adapter on Heater-Shaker Module GEN1 on slot C1, 'F12': F12 of Sample Plate on Opentrons 96 Deep Well Heater-Shaker Adapter on Heater-Shaker Module GEN1 on slot C1, 'G12': G12 of Sample Plate on Opentrons 96 Deep Well Heater-Shaker Adapter on Heater-Shaker Module GEN1 on slot C1, 'H12': H12 of Sample Plate on Opentrons 96 Deep Well Heater-Shaker Adapter on Heater-Shaker Module GEN1 on slot C1}
Loading liquid into {'A1': A1 of Sample Plate on Opentrons 96 Deep Well Heater-Shaker Adapter on Heater-Shaker Module GEN1 on slot C1, 'B1': B1 of Sample Plate on Opentrons 96 Deep Well Heater-Shaker Adapter on Heater-Shaker Module GEN1 on slot C1, 'C1': C1 of Sample Plate on Opentrons 96 Deep Well Heater-Shaker Adapter on Heater-Shaker Module GEN1 on slot C1, 'D1': D1 of Sample Plate on Opentrons 96 Deep Well Heater-Shaker Adapter on Heater-Shaker Module GEN1 on slot C1, 'E1': E1 of Sample Plate on Opentrons 96 Deep Well Heater-Shaker Adapter on Heater-Shaker Module GEN1 on slot C1, 'F1': F1 of Sample Plate on Opentrons 96 Deep Well Heater-Shaker Adapter on Heater-Shaker Module GEN1 on slot C1, 'G1': G1 of Sample Plate on Opentrons 96 Deep Well Heater-Shaker Adapter on Heater-Shaker Module GEN1 on slot C1, 'H1': H1 of Sample Plate on Opentrons 96 Deep Well Heater-Shaker Adapter on Heater-Shaker Module GEN1 on slot C1, 'A2': A2 of Sample Plate on Opentrons 96 Deep Well Heater-Shaker Adapter on Heater-Shaker Module GEN1 on slot C1, 'B2': B2 of Sample Plate on Opentrons 96 Deep Well Heater-Shaker Adapter on Heater-Shaker Module GEN1 on slot C1, 'C2': C2 of Sample Plate on Opentrons 96 Deep Well Heater-Shaker Adapter on Heater-Shaker Module GEN1 on slot C1, 'D2': D2 of Sample Plate on Opentrons 96 Deep Well Heater-Shaker Adapter on Heater-Shaker Module GEN1 on slot C1, 'E2': E2 of Sample Plate on Opentrons 96 Deep Well Heater-Shaker Adapter on Heater-Shaker Module GEN1 on slot C1, 'F2': F2 of Sample Plate on Opentrons 96 Deep Well Heater-Shaker Adapter on Heater-Shaker Module GEN1 on slot C1, 'G2': G2 of Sample Plate on Opentrons 96 Deep Well Heater-Shaker Adapter on Heater-Shaker Module GEN1 on slot C1, 'H2': H2 of Sample Plate on Opentrons 96 Deep Well Heater-Shaker Adapter on Heater-Shaker Module GEN1 on slot C1, 'A3': A3 of Sample Plate on Opentrons 96 Deep Well Heater-Shaker Adapter on Heater-Shaker Module GEN1 on slot C1, 'B3': B3 of Sample Plate on Opentrons 96 Deep Well Heater-Shaker Adapter on Heater-Shaker Module GEN1 on slot C1, 'C3': C3 of Sample Plate on Opentrons 96 Deep Well Heater-Shaker Adapter on Heater-Shaker Module GEN1 on slot C1, 'D3': D3 of Sample Plate on Opentrons 96 Deep Well Heater-Shaker Adapter on Heater-Shaker Module GEN1 on slot C1, 'E3': E3 of Sample Plate on Opentrons 96 Deep Well Heater-Shaker Adapter on Heater-Shaker Module GEN1 on slot C1, 'F3': F3 of Sample Plate on Opentrons 96 Deep Well Heater-Shaker Adapter on Heater-Shaker Module GEN1 on slot C1, 'G3': G3 of Sample Plate on Opentrons 96 Deep Well Heater-Shaker Adapter on Heater-Shaker Module GEN1 on slot C1, 'H3': H3 of Sample Plate on Opentrons 96 Deep Well Heater-Shaker Adapter on Heater-Shaker Module GEN1 on slot C1, 'A4': A4 of Sample Plate on Opentrons 96 Deep Well Heater-Shaker Adapter on Heater-Shaker Module GEN1 on slot C1, 'B4': B4 of Sample Plate on Opentrons 96 Deep Well Heater-Shaker Adapter on Heater-Shaker Module GEN1 on slot C1, 'C4': C4 of Sample Plate on Opentrons 96 Deep Well Heater-Shaker Adapter on Heater-Shaker Module GEN1 on slot C1, 'D4': D4 of Sample Plate on Opentrons 96 Deep Well Heater-Shaker Adapter on Heater-Shaker Module GEN1 on slot C1, 'E4': E4 of Sample Plate on Opentrons 96 Deep Well Heater-Shaker Adapter on Heater-Shaker Module GEN1 on slot C1, 'F4': F4 of Sample Plate on Opentrons 96 Deep Well Heater-Shaker Adapter on Heater-Shaker Module GEN1 on slot C1, 'G4': G4 of Sample Plate on Opentrons 96 Deep Well Heater-Shaker Adapter on Heater-Shaker Module GEN1 on slot C1, 'H4': H4 of Sample Plate on Opentrons 96 Deep Well Heater-Shaker Adapter on Heater-Shaker Module GEN1 on slot C1, 'A5': A5 of Sample Plate on Opentrons 96 Deep Well Heater-Shaker Adapter on Heater-Shaker Module GEN1 on slot C1, 'B5': B5 of Sample Plate on Opentrons 96 Deep Well Heater-Shaker Adapter on Heater-Shaker Module GEN1 on slot C1, 'C5': C5 of Sample Plate on Opentrons 96 Deep Well Heater-Shaker Adapter on Heater-Shaker Module GEN1 on slot C1, 'D5': D5 of Sample Plate on Opentrons 96 Deep Well Heater-Shaker Adapter on Heater-Shaker Module GEN1 on slot C1, 'E5': E5 of Sample Plate on Opentrons 96 Deep Well Heater-Shaker Adapter on Heater-Shaker Module GEN1 on slot C1, 'F5': F5 of Sample Plate on Opentrons 96 Deep Well Heater-Shaker Adapter on Heater-Shaker Module GEN1 on slot C1, 'G5': G5 of Sample Plate on Opentrons 96 Deep Well Heater-Shaker Adapter on Heater-Shaker Module GEN1 on slot C1, 'H5': H5 of Sample Plate on Opentrons 96 Deep Well Heater-Shaker Adapter on Heater-Shaker Module GEN1 on slot C1, 'A6': A6 of Sample Plate on Opentrons 96 Deep Well Heater-Shaker Adapter on Heater-Shaker Module GEN1 on slot C1, 'B6': B6 of Sample Plate on Opentrons 96 Deep Well Heater-Shaker Adapter on Heater-Shaker Module GEN1 on slot C1, 'C6': C6 of Sample Plate on Opentrons 96 Deep Well Heater-Shaker Adapter on Heater-Shaker Module GEN1 on slot C1, 'D6': D6 of Sample Plate on Opentrons 96 Deep Well Heater-Shaker Adapter on Heater-Shaker Module GEN1 on slot C1, 'E6': E6 of Sample Plate on Opentrons 96 Deep Well Heater-Shaker Adapter on Heater-Shaker Module GEN1 on slot C1, 'F6': F6 of Sample Plate on Opentrons 96 Deep Well Heater-Shaker Adapter on Heater-Shaker Module GEN1 on slot C1, 'G6': G6 of Sample Plate on Opentrons 96 Deep Well Heater-Shaker Adapter on Heater-Shaker Module GEN1 on slot C1, 'H6': H6 of Sample Plate on Opentrons 96 Deep Well Heater-Shaker Adapter on Heater-Shaker Module GEN1 on slot C1, 'A7': A7 of Sample Plate on Opentrons 96 Deep Well Heater-Shaker Adapter on Heater-Shaker Module GEN1 on slot C1, 'B7': B7 of Sample Plate on Opentrons 96 Deep Well Heater-Shaker Adapter on Heater-Shaker Module GEN1 on slot C1, 'C7': C7 of Sample Plate on Opentrons 96 Deep Well Heater-Shaker Adapter on Heater-Shaker Module GEN1 on slot C1, 'D7': D7 of Sample Plate on Opentrons 96 Deep Well Heater-Shaker Adapter on Heater-Shaker Module GEN1 on slot C1, 'E7': E7 of Sample Plate on Opentrons 96 Deep Well Heater-Shaker Adapter on Heater-Shaker Module GEN1 on slot C1, 'F7': F7 of Sample Plate on Opentrons 96 Deep Well Heater-Shaker Adapter on Heater-Shaker Module GEN1 on slot C1, 'G7': G7 of Sample Plate on Opentrons 96 Deep Well Heater-Shaker Adapter on Heater-Shaker Module GEN1 on slot C1, 'H7': H7 of Sample Plate on Opentrons 96 Deep Well Heater-Shaker Adapter on Heater-Shaker Module GEN1 on slot C1, 'A8': A8 of Sample Plate on Opentrons 96 Deep Well Heater-Shaker Adapter on Heater-Shaker Module GEN1 on slot C1, 'B8': B8 of Sample Plate on Opentrons 96 Deep Well Heater-Shaker Adapter on Heater-Shaker Module GEN1 on slot C1, 'C8': C8 of Sample Plate on Opentrons 96 Deep Well Heater-Shaker Adapter on Heater-Shaker Module GEN1 on slot C1, 'D8': D8 of Sample Plate on Opentrons 96 Deep Well Heater-Shaker Adapter on Heater-Shaker Module GEN1 on slot C1, 'E8': E8 of Sample Plate on Opentrons 96 Deep Well Heater-Shaker Adapter on Heater-Shaker Module GEN1 on slot C1, 'F8': F8 of Sample Plate on Opentrons 96 Deep Well Heater-Shaker Adapter on Heater-Shaker Module GEN1 on slot C1, 'G8': G8 of Sample Plate on Opentrons 96 Deep Well Heater-Shaker Adapter on Heater-Shaker Module GEN1 on slot C1, 'H8': H8 of Sample Plate on Opentrons 96 Deep Well Heater-Shaker Adapter on Heater-Shaker Module GEN1 on slot C1, 'A9': A9 of Sample Plate on Opentrons 96 Deep Well Heater-Shaker Adapter on Heater-Shaker Module GEN1 on slot C1, 'B9': B9 of Sample Plate on Opentrons 96 Deep Well Heater-Shaker Adapter on Heater-Shaker Module GEN1 on slot C1, 'C9': C9 of Sample Plate on Opentrons 96 Deep Well Heater-Shaker Adapter on Heater-Shaker Module GEN1 on slot C1, 'D9': D9 of Sample Plate on Opentrons 96 Deep Well Heater-Shaker Adapter on Heater-Shaker Module GEN1 on slot C1, 'E9': E9 of Sample Plate on Opentrons 96 Deep Well Heater-Shaker Adapter on Heater-Shaker Module GEN1 on slot C1, 'F9': F9 of Sample Plate on Opentrons 96 Deep Well Heater-Shaker Adapter on Heater-Shaker Module GEN1 on slot C1, 'G9': G9 of Sample Plate on Opentrons 96 Deep Well Heater-Shaker Adapter on Heater-Shaker Module GEN1 on slot C1, 'H9': H9 of Sample Plate on Opentrons 96 Deep Well Heater-Shaker Adapter on Heater-Shaker Module GEN1 on slot C1, 'A10': A10 of Sample Plate on Opentrons 96 Deep Well Heater-Shaker Adapter on Heater-Shaker Module GEN1 on slot C1, 'B10': B10 of Sample Plate on Opentrons 96 Deep Well Heater-Shaker Adapter on Heater-Shaker Module GEN1 on slot C1, 'C10': C10 of Sample Plate on Opentrons 96 Deep Well Heater-Shaker Adapter on Heater-Shaker Module GEN1 on slot C1, 'D10': D10 of Sample Plate on Opentrons 96 Deep Well Heater-Shaker Adapter on Heater-Shaker Module GEN1 on slot C1, 'E10': E10 of Sample Plate on Opentrons 96 Deep Well Heater-Shaker Adapter on Heater-Shaker Module GEN1 on slot C1, 'F10': F10 of Sample Plate on Opentrons 96 Deep Well Heater-Shaker Adapter on Heater-Shaker Module GEN1 on slot C1, 'G10': G10 of Sample Plate on Opentrons 96 Deep Well Heater-Shaker Adapter on Heater-Shaker Module GEN1 on slot C1, 'H10': H10 of Sample Plate on Opentrons 96 Deep Well Heater-Shaker Adapter on Heater-Shaker Module GEN1 on slot C1, 'A11': A11 of Sample Plate on Opentrons 96 Deep Well Heater-Shaker Adapter on Heater-Shaker Module GEN1 on slot C1, 'B11': B11 of Sample Plate on Opentrons 96 Deep Well Heater-Shaker Adapter on Heater-Shaker Module GEN1 on slot C1, 'C11': C11 of Sample Plate on Opentrons 96 Deep Well Heater-Shaker Adapter on Heater-Shaker Module GEN1 on slot C1, 'D11': D11 of Sample Plate on Opentrons 96 Deep Well Heater-Shaker Adapter on Heater-Shaker Module GEN1 on slot C1, 'E11': E11 of Sample Plate on Opentrons 96 Deep Well Heater-Shaker Adapter on Heater-Shaker Module GEN1 on slot C1, 'F11': F11 of Sample Plate on Opentrons 96 Deep Well Heater-Shaker Adapter on Heater-Shaker Module GEN1 on slot C1, 'G11': G11 of Sample Plate on Opentrons 96 Deep Well Heater-Shaker Adapter on Heater-Shaker Module GEN1 on slot C1, 'H11': H11 of Sample Plate on Opentrons 96 Deep Well Heater-Shaker Adapter on Heater-Shaker Module GEN1 on slot C1, 'A12': A12 of Sample Plate on Opentrons 96 Deep Well Heater-Shaker Adapter on Heater-Shaker Module GEN1 on slot C1, 'B12': B12 of Sample Plate on Opentrons 96 Deep Well Heater-Shaker Adapter on Heater-Shaker Module GEN1 on slot C1, 'C12': C12 of Sample Plate on Opentrons 96 Deep Well Heater-Shaker Adapter on Heater-Shaker Module GEN1 on slot C1, 'D12': D12 of Sample Plate on Opentrons 96 Deep Well Heater-Shaker Adapter on Heater-Shaker Module GEN1 on slot C1, 'E12': E12 of Sample Plate on Opentrons 96 Deep Well Heater-Shaker Adapter on Heater-Shaker Module GEN1 on slot C1, 'F12': F12 of Sample Plate on Opentrons 96 Deep Well Heater-Shaker Adapter on Heater-Shaker Module GEN1 on slot C1, 'G12': G12 of Sample Plate on Opentrons 96 Deep Well Heater-Shaker Adapter on Heater-Shaker Module GEN1 on slot C1, 'H12': H12 of Sample Plate on Opentrons 96 Deep Well Heater-Shaker Adapter on Heater-Shaker Module GEN1 on slot C1}
Loading liquid into {'A1': A1 of Sample Plate on Opentrons 96 Deep Well Heater-Shaker Adapter on Heater-Shaker Module GEN1 on slot C1, 'B1': B1 of Sample Plate on Opentrons 96 Deep Well Heater-Shaker Adapter on Heater-Shaker Module GEN1 on slot C1, 'C1': C1 of Sample Plate on Opentrons 96 Deep Well Heater-Shaker Adapter on Heater-Shaker Module GEN1 on slot C1, 'D1': D1 of Sample Plate on Opentrons 96 Deep Well Heater-Shaker Adapter on Heater-Shaker Module GEN1 on slot C1, 'E1': E1 of Sample Plate on Opentrons 96 Deep Well Heater-Shaker Adapter on Heater-Shaker Module GEN1 on slot C1, 'F1': F1 of Sample Plate on Opentrons 96 Deep Well Heater-Shaker Adapter on Heater-Shaker Module GEN1 on slot C1, 'G1': G1 of Sample Plate on Opentrons 96 Deep Well Heater-Shaker Adapter on Heater-Shaker Module GEN1 on slot C1, 'H1': H1 of Sample Plate on Opentrons 96 Deep Well Heater-Shaker Adapter on Heater-Shaker Module GEN1 on slot C1, 'A2': A2 of Sample Plate on Opentrons 96 Deep Well Heater-Shaker Adapter on Heater-Shaker Module GEN1 on slot C1, 'B2': B2 of Sample Plate on Opentrons 96 Deep Well Heater-Shaker Adapter on Heater-Shaker Module GEN1 on slot C1, 'C2': C2 of Sample Plate on Opentrons 96 Deep Well Heater-Shaker Adapter on Heater-Shaker Module GEN1 on slot C1, 'D2': D2 of Sample Plate on Opentrons 96 Deep Well Heater-Shaker Adapter on Heater-Shaker Module GEN1 on slot C1, 'E2': E2 of Sample Plate on Opentrons 96 Deep Well Heater-Shaker Adapter on Heater-Shaker Module GEN1 on slot C1, 'F2': F2 of Sample Plate on Opentrons 96 Deep Well Heater-Shaker Adapter on Heater-Shaker Module GEN1 on slot C1, 'G2': G2 of Sample Plate on Opentrons 96 Deep Well Heater-Shaker Adapter on Heater-Shaker Module GEN1 on slot C1, 'H2': H2 of Sample Plate on Opentrons 96 Deep Well Heater-Shaker Adapter on Heater-Shaker Module GEN1 on slot C1, 'A3': A3 of Sample Plate on Opentrons 96 Deep Well Heater-Shaker Adapter on Heater-Shaker Module GEN1 on slot C1, 'B3': B3 of Sample Plate on Opentrons 96 Deep Well Heater-Shaker Adapter on Heater-Shaker Module GEN1 on slot C1, 'C3': C3 of Sample Plate on Opentrons 96 Deep Well Heater-Shaker Adapter on Heater-Shaker Module GEN1 on slot C1, 'D3': D3 of Sample Plate on Opentrons 96 Deep Well Heater-Shaker Adapter on Heater-Shaker Module GEN1 on slot C1, 'E3': E3 of Sample Plate on Opentrons 96 Deep Well Heater-Shaker Adapter on Heater-Shaker Module GEN1 on slot C1, 'F3': F3 of Sample Plate on Opentrons 96 Deep Well Heater-Shaker Adapter on Heater-Shaker Module GEN1 on slot C1, 'G3': G3 of Sample Plate on Opentrons 96 Deep Well Heater-Shaker Adapter on Heater-Shaker Module GEN1 on slot C1, 'H3': H3 of Sample Plate on Opentrons 96 Deep Well Heater-Shaker Adapter on Heater-Shaker Module GEN1 on slot C1, 'A4': A4 of Sample Plate on Opentrons 96 Deep Well Heater-Shaker Adapter on Heater-Shaker Module GEN1 on slot C1, 'B4': B4 of Sample Plate on Opentrons 96 Deep Well Heater-Shaker Adapter on Heater-Shaker Module GEN1 on slot C1, 'C4': C4 of Sample Plate on Opentrons 96 Deep Well Heater-Shaker Adapter on Heater-Shaker Module GEN1 on slot C1, 'D4': D4 of Sample Plate on Opentrons 96 Deep Well Heater-Shaker Adapter on Heater-Shaker Module GEN1 on slot C1, 'E4': E4 of Sample Plate on Opentrons 96 Deep Well Heater-Shaker Adapter on Heater-Shaker Module GEN1 on slot C1, 'F4': F4 of Sample Plate on Opentrons 96 Deep Well Heater-Shaker Adapter on Heater-Shaker Module GEN1 on slot C1, 'G4': G4 of Sample Plate on Opentrons 96 Deep Well Heater-Shaker Adapter on Heater-Shaker Module GEN1 on slot C1, 'H4': H4 of Sample Plate on Opentrons 96 Deep Well Heater-Shaker Adapter on Heater-Shaker Module GEN1 on slot C1, 'A5': A5 of Sample Plate on Opentrons 96 Deep Well Heater-Shaker Adapter on Heater-Shaker Module GEN1 on slot C1, 'B5': B5 of Sample Plate on Opentrons 96 Deep Well Heater-Shaker Adapter on Heater-Shaker Module GEN1 on slot C1, 'C5': C5 of Sample Plate on Opentrons 96 Deep Well Heater-Shaker Adapter on Heater-Shaker Module GEN1 on slot C1, 'D5': D5 of Sample Plate on Opentrons 96 Deep Well Heater-Shaker Adapter on Heater-Shaker Module GEN1 on slot C1, 'E5': E5 of Sample Plate on Opentrons 96 Deep Well Heater-Shaker Adapter on Heater-Shaker Module GEN1 on slot C1, 'F5': F5 of Sample Plate on Opentrons 96 Deep Well Heater-Shaker Adapter on Heater-Shaker Module GEN1 on slot C1, 'G5': G5 of Sample Plate on Opentrons 96 Deep Well Heater-Shaker Adapter on Heater-Shaker Module GEN1 on slot C1, 'H5': H5 of Sample Plate on Opentrons 96 Deep Well Heater-Shaker Adapter on Heater-Shaker Module GEN1 on slot C1, 'A6': A6 of Sample Plate on Opentrons 96 Deep Well Heater-Shaker Adapter on Heater-Shaker Module GEN1 on slot C1, 'B6': B6 of Sample Plate on Opentrons 96 Deep Well Heater-Shaker Adapter on Heater-Shaker Module GEN1 on slot C1, 'C6': C6 of Sample Plate on Opentrons 96 Deep Well Heater-Shaker Adapter on Heater-Shaker Module GEN1 on slot C1, 'D6': D6 of Sample Plate on Opentrons 96 Deep Well Heater-Shaker Adapter on Heater-Shaker Module GEN1 on slot C1, 'E6': E6 of Sample Plate on Opentrons 96 Deep Well Heater-Shaker Adapter on Heater-Shaker Module GEN1 on slot C1, 'F6': F6 of Sample Plate on Opentrons 96 Deep Well Heater-Shaker Adapter on Heater-Shaker Module GEN1 on slot C1, 'G6': G6 of Sample Plate on Opentrons 96 Deep Well Heater-Shaker Adapter on Heater-Shaker Module GEN1 on slot C1, 'H6': H6 of Sample Plate on Opentrons 96 Deep Well Heater-Shaker Adapter on Heater-Shaker Module GEN1 on slot C1, 'A7': A7 of Sample Plate on Opentrons 96 Deep Well Heater-Shaker Adapter on Heater-Shaker Module GEN1 on slot C1, 'B7': B7 of Sample Plate on Opentrons 96 Deep Well Heater-Shaker Adapter on Heater-Shaker Module GEN1 on slot C1, 'C7': C7 of Sample Plate on Opentrons 96 Deep Well Heater-Shaker Adapter on Heater-Shaker Module GEN1 on slot C1, 'D7': D7 of Sample Plate on Opentrons 96 Deep Well Heater-Shaker Adapter on Heater-Shaker Module GEN1 on slot C1, 'E7': E7 of Sample Plate on Opentrons 96 Deep Well Heater-Shaker Adapter on Heater-Shaker Module GEN1 on slot C1, 'F7': F7 of Sample Plate on Opentrons 96 Deep Well Heater-Shaker Adapter on Heater-Shaker Module GEN1 on slot C1, 'G7': G7 of Sample Plate on Opentrons 96 Deep Well Heater-Shaker Adapter on Heater-Shaker Module GEN1 on slot C1, 'H7': H7 of Sample Plate on Opentrons 96 Deep Well Heater-Shaker Adapter on Heater-Shaker Module GEN1 on slot C1, 'A8': A8 of Sample Plate on Opentrons 96 Deep Well Heater-Shaker Adapter on Heater-Shaker Module GEN1 on slot C1, 'B8': B8 of Sample Plate on Opentrons 96 Deep Well Heater-Shaker Adapter on Heater-Shaker Module GEN1 on slot C1, 'C8': C8 of Sample Plate on Opentrons 96 Deep Well Heater-Shaker Adapter on Heater-Shaker Module GEN1 on slot C1, 'D8': D8 of Sample Plate on Opentrons 96 Deep Well Heater-Shaker Adapter on Heater-Shaker Module GEN1 on slot C1, 'E8': E8 of Sample Plate on Opentrons 96 Deep Well Heater-Shaker Adapter on Heater-Shaker Module GEN1 on slot C1, 'F8': F8 of Sample Plate on Opentrons 96 Deep Well Heater-Shaker Adapter on Heater-Shaker Module GEN1 on slot C1, 'G8': G8 of Sample Plate on Opentrons 96 Deep Well Heater-Shaker Adapter on Heater-Shaker Module GEN1 on slot C1, 'H8': H8 of Sample Plate on Opentrons 96 Deep Well Heater-Shaker Adapter on Heater-Shaker Module GEN1 on slot C1, 'A9': A9 of Sample Plate on Opentrons 96 Deep Well Heater-Shaker Adapter on Heater-Shaker Module GEN1 on slot C1, 'B9': B9 of Sample Plate on Opentrons 96 Deep Well Heater-Shaker Adapter on Heater-Shaker Module GEN1 on slot C1, 'C9': C9 of Sample Plate on Opentrons 96 Deep Well Heater-Shaker Adapter on Heater-Shaker Module GEN1 on slot C1, 'D9': D9 of Sample Plate on Opentrons 96 Deep Well Heater-Shaker Adapter on Heater-Shaker Module GEN1 on slot C1, 'E9': E9 of Sample Plate on Opentrons 96 Deep Well Heater-Shaker Adapter on Heater-Shaker Module GEN1 on slot C1, 'F9': F9 of Sample Plate on Opentrons 96 Deep Well Heater-Shaker Adapter on Heater-Shaker Module GEN1 on slot C1, 'G9': G9 of Sample Plate on Opentrons 96 Deep Well Heater-Shaker Adapter on Heater-Shaker Module GEN1 on slot C1, 'H9': H9 of Sample Plate on Opentrons 96 Deep Well Heater-Shaker Adapter on Heater-Shaker Module GEN1 on slot C1, 'A10': A10 of Sample Plate on Opentrons 96 Deep Well Heater-Shaker Adapter on Heater-Shaker Module GEN1 on slot C1, 'B10': B10 of Sample Plate on Opentrons 96 Deep Well Heater-Shaker Adapter on Heater-Shaker Module GEN1 on slot C1, 'C10': C10 of Sample Plate on Opentrons 96 Deep Well Heater-Shaker Adapter on Heater-Shaker Module GEN1 on slot C1, 'D10': D10 of Sample Plate on Opentrons 96 Deep Well Heater-Shaker Adapter on Heater-Shaker Module GEN1 on slot C1, 'E10': E10 of Sample Plate on Opentrons 96 Deep Well Heater-Shaker Adapter on Heater-Shaker Module GEN1 on slot C1, 'F10': F10 of Sample Plate on Opentrons 96 Deep Well Heater-Shaker Adapter on Heater-Shaker Module GEN1 on slot C1, 'G10': G10 of Sample Plate on Opentrons 96 Deep Well Heater-Shaker Adapter on Heater-Shaker Module GEN1 on slot C1, 'H10': H10 of Sample Plate on Opentrons 96 Deep Well Heater-Shaker Adapter on Heater-Shaker Module GEN1 on slot C1, 'A11': A11 of Sample Plate on Opentrons 96 Deep Well Heater-Shaker Adapter on Heater-Shaker Module GEN1 on slot C1, 'B11': B11 of Sample Plate on Opentrons 96 Deep Well Heater-Shaker Adapter on Heater-Shaker Module GEN1 on slot C1, 'C11': C11 of Sample Plate on Opentrons 96 Deep Well Heater-Shaker Adapter on Heater-Shaker Module GEN1 on slot C1, 'D11': D11 of Sample Plate on Opentrons 96 Deep Well Heater-Shaker Adapter on Heater-Shaker Module GEN1 on slot C1, 'E11': E11 of Sample Plate on Opentrons 96 Deep Well Heater-Shaker Adapter on Heater-Shaker Module GEN1 on slot C1, 'F11': F11 of Sample Plate on Opentrons 96 Deep Well Heater-Shaker Adapter on Heater-Shaker Module GEN1 on slot C1, 'G11': G11 of Sample Plate on Opentrons 96 Deep Well Heater-Shaker Adapter on Heater-Shaker Module GEN1 on slot C1, 'H11': H11 of Sample Plate on Opentrons 96 Deep Well Heater-Shaker Adapter on Heater-Shaker Module GEN1 on slot C1, 'A12': A12 of Sample Plate on Opentrons 96 Deep Well Heater-Shaker Adapter on Heater-Shaker Module GEN1 on slot C1, 'B12': B12 of Sample Plate on Opentrons 96 Deep Well Heater-Shaker Adapter on Heater-Shaker Module GEN1 on slot C1, 'C12': C12 of Sample Plate on Opentrons 96 Deep Well Heater-Shaker Adapter on Heater-Shaker Module GEN1 on slot C1, 'D12': D12 of Sample Plate on Opentrons 96 Deep Well Heater-Shaker Adapter on Heater-Shaker Module GEN1 on slot C1, 'E12': E12 of Sample Plate on Opentrons 96 Deep Well Heater-Shaker Adapter on Heater-Shaker Module GEN1 on slot C1, 'F12': F12 of Sample Plate on Opentrons 96 Deep Well Heater-Shaker Adapter on Heater-Shaker Module GEN1 on slot C1, 'G12': G12 of Sample Plate on Opentrons 96 Deep Well Heater-Shaker Adapter on Heater-Shaker Module GEN1 on slot C1, 'H12': H12 of Sample Plate on Opentrons 96 Deep Well Heater-Shaker Adapter on Heater-Shaker Module GEN1 on slot C1}
Loading liquid into {'A1': A1 of Sample Plate on Opentrons 96 Deep Well Heater-Shaker Adapter on Heater-Shaker Module GEN1 on slot C1, 'B1': B1 of Sample Plate on Opentrons 96 Deep Well Heater-Shaker Adapter on Heater-Shaker Module GEN1 on slot C1, 'C1': C1 of Sample Plate on Opentrons 96 Deep Well Heater-Shaker Adapter on Heater-Shaker Module GEN1 on slot C1, 'D1': D1 of Sample Plate on Opentrons 96 Deep Well Heater-Shaker Adapter on Heater-Shaker Module GEN1 on slot C1, 'E1': E1 of Sample Plate on Opentrons 96 Deep Well Heater-Shaker Adapter on Heater-Shaker Module GEN1 on slot C1, 'F1': F1 of Sample Plate on Opentrons 96 Deep Well Heater-Shaker Adapter on Heater-Shaker Module GEN1 on slot C1, 'G1': G1 of Sample Plate on Opentrons 96 Deep Well Heater-Shaker Adapter on Heater-Shaker Module GEN1 on slot C1, 'H1': H1 of Sample Plate on Opentrons 96 Deep Well Heater-Shaker Adapter on Heater-Shaker Module GEN1 on slot C1, 'A2': A2 of Sample Plate on Opentrons 96 Deep Well Heater-Shaker Adapter on Heater-Shaker Module GEN1 on slot C1, 'B2': B2 of Sample Plate on Opentrons 96 Deep Well Heater-Shaker Adapter on Heater-Shaker Module GEN1 on slot C1, 'C2': C2 of Sample Plate on Opentrons 96 Deep Well Heater-Shaker Adapter on Heater-Shaker Module GEN1 on slot C1, 'D2': D2 of Sample Plate on Opentrons 96 Deep Well Heater-Shaker Adapter on Heater-Shaker Module GEN1 on slot C1, 'E2': E2 of Sample Plate on Opentrons 96 Deep Well Heater-Shaker Adapter on Heater-Shaker Module GEN1 on slot C1, 'F2': F2 of Sample Plate on Opentrons 96 Deep Well Heater-Shaker Adapter on Heater-Shaker Module GEN1 on slot C1, 'G2': G2 of Sample Plate on Opentrons 96 Deep Well Heater-Shaker Adapter on Heater-Shaker Module GEN1 on slot C1, 'H2': H2 of Sample Plate on Opentrons 96 Deep Well Heater-Shaker Adapter on Heater-Shaker Module GEN1 on slot C1, 'A3': A3 of Sample Plate on Opentrons 96 Deep Well Heater-Shaker Adapter on Heater-Shaker Module GEN1 on slot C1, 'B3': B3 of Sample Plate on Opentrons 96 Deep Well Heater-Shaker Adapter on Heater-Shaker Module GEN1 on slot C1, 'C3': C3 of Sample Plate on Opentrons 96 Deep Well Heater-Shaker Adapter on Heater-Shaker Module GEN1 on slot C1, 'D3': D3 of Sample Plate on Opentrons 96 Deep Well Heater-Shaker Adapter on Heater-Shaker Module GEN1 on slot C1, 'E3': E3 of Sample Plate on Opentrons 96 Deep Well Heater-Shaker Adapter on Heater-Shaker Module GEN1 on slot C1, 'F3': F3 of Sample Plate on Opentrons 96 Deep Well Heater-Shaker Adapter on Heater-Shaker Module GEN1 on slot C1, 'G3': G3 of Sample Plate on Opentrons 96 Deep Well Heater-Shaker Adapter on Heater-Shaker Module GEN1 on slot C1, 'H3': H3 of Sample Plate on Opentrons 96 Deep Well Heater-Shaker Adapter on Heater-Shaker Module GEN1 on slot C1, 'A4': A4 of Sample Plate on Opentrons 96 Deep Well Heater-Shaker Adapter on Heater-Shaker Module GEN1 on slot C1, 'B4': B4 of Sample Plate on Opentrons 96 Deep Well Heater-Shaker Adapter on Heater-Shaker Module GEN1 on slot C1, 'C4': C4 of Sample Plate on Opentrons 96 Deep Well Heater-Shaker Adapter on Heater-Shaker Module GEN1 on slot C1, 'D4': D4 of Sample Plate on Opentrons 96 Deep Well Heater-Shaker Adapter on Heater-Shaker Module GEN1 on slot C1, 'E4': E4 of Sample Plate on Opentrons 96 Deep Well Heater-Shaker Adapter on Heater-Shaker Module GEN1 on slot C1, 'F4': F4 of Sample Plate on Opentrons 96 Deep Well Heater-Shaker Adapter on Heater-Shaker Module GEN1 on slot C1, 'G4': G4 of Sample Plate on Opentrons 96 Deep Well Heater-Shaker Adapter on Heater-Shaker Module GEN1 on slot C1, 'H4': H4 of Sample Plate on Opentrons 96 Deep Well Heater-Shaker Adapter on Heater-Shaker Module GEN1 on slot C1, 'A5': A5 of Sample Plate on Opentrons 96 Deep Well Heater-Shaker Adapter on Heater-Shaker Module GEN1 on slot C1, 'B5': B5 of Sample Plate on Opentrons 96 Deep Well Heater-Shaker Adapter on Heater-Shaker Module GEN1 on slot C1, 'C5': C5 of Sample Plate on Opentrons 96 Deep Well Heater-Shaker Adapter on Heater-Shaker Module GEN1 on slot C1, 'D5': D5 of Sample Plate on Opentrons 96 Deep Well Heater-Shaker Adapter on Heater-Shaker Module GEN1 on slot C1, 'E5': E5 of Sample Plate on Opentrons 96 Deep Well Heater-Shaker Adapter on Heater-Shaker Module GEN1 on slot C1, 'F5': F5 of Sample Plate on Opentrons 96 Deep Well Heater-Shaker Adapter on Heater-Shaker Module GEN1 on slot C1, 'G5': G5 of Sample Plate on Opentrons 96 Deep Well Heater-Shaker Adapter on Heater-Shaker Module GEN1 on slot C1, 'H5': H5 of Sample Plate on Opentrons 96 Deep Well Heater-Shaker Adapter on Heater-Shaker Module GEN1 on slot C1, 'A6': A6 of Sample Plate on Opentrons 96 Deep Well Heater-Shaker Adapter on Heater-Shaker Module GEN1 on slot C1, 'B6': B6 of Sample Plate on Opentrons 96 Deep Well Heater-Shaker Adapter on Heater-Shaker Module GEN1 on slot C1, 'C6': C6 of Sample Plate on Opentrons 96 Deep Well Heater-Shaker Adapter on Heater-Shaker Module GEN1 on slot C1, 'D6': D6 of Sample Plate on Opentrons 96 Deep Well Heater-Shaker Adapter on Heater-Shaker Module GEN1 on slot C1, 'E6': E6 of Sample Plate on Opentrons 96 Deep Well Heater-Shaker Adapter on Heater-Shaker Module GEN1 on slot C1, 'F6': F6 of Sample Plate on Opentrons 96 Deep Well Heater-Shaker Adapter on Heater-Shaker Module GEN1 on slot C1, 'G6': G6 of Sample Plate on Opentrons 96 Deep Well Heater-Shaker Adapter on Heater-Shaker Module GEN1 on slot C1, 'H6': H6 of Sample Plate on Opentrons 96 Deep Well Heater-Shaker Adapter on Heater-Shaker Module GEN1 on slot C1, 'A7': A7 of Sample Plate on Opentrons 96 Deep Well Heater-Shaker Adapter on Heater-Shaker Module GEN1 on slot C1, 'B7': B7 of Sample Plate on Opentrons 96 Deep Well Heater-Shaker Adapter on Heater-Shaker Module GEN1 on slot C1, 'C7': C7 of Sample Plate on Opentrons 96 Deep Well Heater-Shaker Adapter on Heater-Shaker Module GEN1 on slot C1, 'D7': D7 of Sample Plate on Opentrons 96 Deep Well Heater-Shaker Adapter on Heater-Shaker Module GEN1 on slot C1, 'E7': E7 of Sample Plate on Opentrons 96 Deep Well Heater-Shaker Adapter on Heater-Shaker Module GEN1 on slot C1, 'F7': F7 of Sample Plate on Opentrons 96 Deep Well Heater-Shaker Adapter on Heater-Shaker Module GEN1 on slot C1, 'G7': G7 of Sample Plate on Opentrons 96 Deep Well Heater-Shaker Adapter on Heater-Shaker Module GEN1 on slot C1, 'H7': H7 of Sample Plate on Opentrons 96 Deep Well Heater-Shaker Adapter on Heater-Shaker Module GEN1 on slot C1, 'A8': A8 of Sample Plate on Opentrons 96 Deep Well Heater-Shaker Adapter on Heater-Shaker Module GEN1 on slot C1, 'B8': B8 of Sample Plate on Opentrons 96 Deep Well Heater-Shaker Adapter on Heater-Shaker Module GEN1 on slot C1, 'C8': C8 of Sample Plate on Opentrons 96 Deep Well Heater-Shaker Adapter on Heater-Shaker Module GEN1 on slot C1, 'D8': D8 of Sample Plate on Opentrons 96 Deep Well Heater-Shaker Adapter on Heater-Shaker Module GEN1 on slot C1, 'E8': E8 of Sample Plate on Opentrons 96 Deep Well Heater-Shaker Adapter on Heater-Shaker Module GEN1 on slot C1, 'F8': F8 of Sample Plate on Opentrons 96 Deep Well Heater-Shaker Adapter on Heater-Shaker Module GEN1 on slot C1, 'G8': G8 of Sample Plate on Opentrons 96 Deep Well Heater-Shaker Adapter on Heater-Shaker Module GEN1 on slot C1, 'H8': H8 of Sample Plate on Opentrons 96 Deep Well Heater-Shaker Adapter on Heater-Shaker Module GEN1 on slot C1, 'A9': A9 of Sample Plate on Opentrons 96 Deep Well Heater-Shaker Adapter on Heater-Shaker Module GEN1 on slot C1, 'B9': B9 of Sample Plate on Opentrons 96 Deep Well Heater-Shaker Adapter on Heater-Shaker Module GEN1 on slot C1, 'C9': C9 of Sample Plate on Opentrons 96 Deep Well Heater-Shaker Adapter on Heater-Shaker Module GEN1 on slot C1, 'D9': D9 of Sample Plate on Opentrons 96 Deep Well Heater-Shaker Adapter on Heater-Shaker Module GEN1 on slot C1, 'E9': E9 of Sample Plate on Opentrons 96 Deep Well Heater-Shaker Adapter on Heater-Shaker Module GEN1 on slot C1, 'F9': F9 of Sample Plate on Opentrons 96 Deep Well Heater-Shaker Adapter on Heater-Shaker Module GEN1 on slot C1, 'G9': G9 of Sample Plate on Opentrons 96 Deep Well Heater-Shaker Adapter on Heater-Shaker Module GEN1 on slot C1, 'H9': H9 of Sample Plate on Opentrons 96 Deep Well Heater-Shaker Adapter on Heater-Shaker Module GEN1 on slot C1, 'A10': A10 of Sample Plate on Opentrons 96 Deep Well Heater-Shaker Adapter on Heater-Shaker Module GEN1 on slot C1, 'B10': B10 of Sample Plate on Opentrons 96 Deep Well Heater-Shaker Adapter on Heater-Shaker Module GEN1 on slot C1, 'C10': C10 of Sample Plate on Opentrons 96 Deep Well Heater-Shaker Adapter on Heater-Shaker Module GEN1 on slot C1, 'D10': D10 of Sample Plate on Opentrons 96 Deep Well Heater-Shaker Adapter on Heater-Shaker Module GEN1 on slot C1, 'E10': E10 of Sample Plate on Opentrons 96 Deep Well Heater-Shaker Adapter on Heater-Shaker Module GEN1 on slot C1, 'F10': F10 of Sample Plate on Opentrons 96 Deep Well Heater-Shaker Adapter on Heater-Shaker Module GEN1 on slot C1, 'G10': G10 of Sample Plate on Opentrons 96 Deep Well Heater-Shaker Adapter on Heater-Shaker Module GEN1 on slot C1, 'H10': H10 of Sample Plate on Opentrons 96 Deep Well Heater-Shaker Adapter on Heater-Shaker Module GEN1 on slot C1, 'A11': A11 of Sample Plate on Opentrons 96 Deep Well Heater-Shaker Adapter on Heater-Shaker Module GEN1 on slot C1, 'B11': B11 of Sample Plate on Opentrons 96 Deep Well Heater-Shaker Adapter on Heater-Shaker Module GEN1 on slot C1, 'C11': C11 of Sample Plate on Opentrons 96 Deep Well Heater-Shaker Adapter on Heater-Shaker Module GEN1 on slot C1, 'D11': D11 of Sample Plate on Opentrons 96 Deep Well Heater-Shaker Adapter on Heater-Shaker Module GEN1 on slot C1, 'E11': E11 of Sample Plate on Opentrons 96 Deep Well Heater-Shaker Adapter on Heater-Shaker Module GEN1 on slot C1, 'F11': F11 of Sample Plate on Opentrons 96 Deep Well Heater-Shaker Adapter on Heater-Shaker Module GEN1 on slot C1, 'G11': G11 of Sample Plate on Opentrons 96 Deep Well Heater-Shaker Adapter on Heater-Shaker Module GEN1 on slot C1, 'H11': H11 of Sample Plate on Opentrons 96 Deep Well Heater-Shaker Adapter on Heater-Shaker Module GEN1 on slot C1, 'A12': A12 of Sample Plate on Opentrons 96 Deep Well Heater-Shaker Adapter on Heater-Shaker Module GEN1 on slot C1, 'B12': B12 of Sample Plate on Opentrons 96 Deep Well Heater-Shaker Adapter on Heater-Shaker Module GEN1 on slot C1, 'C12': C12 of Sample Plate on Opentrons 96 Deep Well Heater-Shaker Adapter on Heater-Shaker Module GEN1 on slot C1, 'D12': D12 of Sample Plate on Opentrons 96 Deep Well Heater-Shaker Adapter on Heater-Shaker Module GEN1 on slot C1, 'E12': E12 of Sample Plate on Opentrons 96 Deep Well Heater-Shaker Adapter on Heater-Shaker Module GEN1 on slot C1, 'F12': F12 of Sample Plate on Opentrons 96 Deep Well Heater-Shaker Adapter on Heater-Shaker Module GEN1 on slot C1, 'G12': G12 of Sample Plate on Opentrons 96 Deep Well Heater-Shaker Adapter on Heater-Shaker Module GEN1 on slot C1, 'H12': H12 of Sample Plate on Opentrons 96 Deep Well Heater-Shaker Adapter on Heater-Shaker Module GEN1 on slot C1}
Loading liquid into {'A1': A1 of Sample Plate on Opentrons 96 Deep Well Heater-Shaker Adapter on Heater-Shaker Module GEN1 on slot C1, 'B1': B1 of Sample Plate on Opentrons 96 Deep Well Heater-Shaker Adapter on Heater-Shaker Module GEN1 on slot C1, 'C1': C1 of Sample Plate on Opentrons 96 Deep Well Heater-Shaker Adapter on Heater-Shaker Module GEN1 on slot C1, 'D1': D1 of Sample Plate on Opentrons 96 Deep Well Heater-Shaker Adapter on Heater-Shaker Module GEN1 on slot C1, 'E1': E1 of Sample Plate on Opentrons 96 Deep Well Heater-Shaker Adapter on Heater-Shaker Module GEN1 on slot C1, 'F1': F1 of Sample Plate on Opentrons 96 Deep Well Heater-Shaker Adapter on Heater-Shaker Module GEN1 on slot C1, 'G1': G1 of Sample Plate on Opentrons 96 Deep Well Heater-Shaker Adapter on Heater-Shaker Module GEN1 on slot C1, 'H1': H1 of Sample Plate on Opentrons 96 Deep Well Heater-Shaker Adapter on Heater-Shaker Module GEN1 on slot C1, 'A2': A2 of Sample Plate on Opentrons 96 Deep Well Heater-Shaker Adapter on Heater-Shaker Module GEN1 on slot C1, 'B2': B2 of Sample Plate on Opentrons 96 Deep Well Heater-Shaker Adapter on Heater-Shaker Module GEN1 on slot C1, 'C2': C2 of Sample Plate on Opentrons 96 Deep Well Heater-Shaker Adapter on Heater-Shaker Module GEN1 on slot C1, 'D2': D2 of Sample Plate on Opentrons 96 Deep Well Heater-Shaker Adapter on Heater-Shaker Module GEN1 on slot C1, 'E2': E2 of Sample Plate on Opentrons 96 Deep Well Heater-Shaker Adapter on Heater-Shaker Module GEN1 on slot C1, 'F2': F2 of Sample Plate on Opentrons 96 Deep Well Heater-Shaker Adapter on Heater-Shaker Module GEN1 on slot C1, 'G2': G2 of Sample Plate on Opentrons 96 Deep Well Heater-Shaker Adapter on Heater-Shaker Module GEN1 on slot C1, 'H2': H2 of Sample Plate on Opentrons 96 Deep Well Heater-Shaker Adapter on Heater-Shaker Module GEN1 on slot C1, 'A3': A3 of Sample Plate on Opentrons 96 Deep Well Heater-Shaker Adapter on Heater-Shaker Module GEN1 on slot C1, 'B3': B3 of Sample Plate on Opentrons 96 Deep Well Heater-Shaker Adapter on Heater-Shaker Module GEN1 on slot C1, 'C3': C3 of Sample Plate on Opentrons 96 Deep Well Heater-Shaker Adapter on Heater-Shaker Module GEN1 on slot C1, 'D3': D3 of Sample Plate on Opentrons 96 Deep Well Heater-Shaker Adapter on Heater-Shaker Module GEN1 on slot C1, 'E3': E3 of Sample Plate on Opentrons 96 Deep Well Heater-Shaker Adapter on Heater-Shaker Module GEN1 on slot C1, 'F3': F3 of Sample Plate on Opentrons 96 Deep Well Heater-Shaker Adapter on Heater-Shaker Module GEN1 on slot C1, 'G3': G3 of Sample Plate on Opentrons 96 Deep Well Heater-Shaker Adapter on Heater-Shaker Module GEN1 on slot C1, 'H3': H3 of Sample Plate on Opentrons 96 Deep Well Heater-Shaker Adapter on Heater-Shaker Module GEN1 on slot C1, 'A4': A4 of Sample Plate on Opentrons 96 Deep Well Heater-Shaker Adapter on Heater-Shaker Module GEN1 on slot C1, 'B4': B4 of Sample Plate on Opentrons 96 Deep Well Heater-Shaker Adapter on Heater-Shaker Module GEN1 on slot C1, 'C4': C4 of Sample Plate on Opentrons 96 Deep Well Heater-Shaker Adapter on Heater-Shaker Module GEN1 on slot C1, 'D4': D4 of Sample Plate on Opentrons 96 Deep Well Heater-Shaker Adapter on Heater-Shaker Module GEN1 on slot C1, 'E4': E4 of Sample Plate on Opentrons 96 Deep Well Heater-Shaker Adapter on Heater-Shaker Module GEN1 on slot C1, 'F4': F4 of Sample Plate on Opentrons 96 Deep Well Heater-Shaker Adapter on Heater-Shaker Module GEN1 on slot C1, 'G4': G4 of Sample Plate on Opentrons 96 Deep Well Heater-Shaker Adapter on Heater-Shaker Module GEN1 on slot C1, 'H4': H4 of Sample Plate on Opentrons 96 Deep Well Heater-Shaker Adapter on Heater-Shaker Module GEN1 on slot C1, 'A5': A5 of Sample Plate on Opentrons 96 Deep Well Heater-Shaker Adapter on Heater-Shaker Module GEN1 on slot C1, 'B5': B5 of Sample Plate on Opentrons 96 Deep Well Heater-Shaker Adapter on Heater-Shaker Module GEN1 on slot C1, 'C5': C5 of Sample Plate on Opentrons 96 Deep Well Heater-Shaker Adapter on Heater-Shaker Module GEN1 on slot C1, 'D5': D5 of Sample Plate on Opentrons 96 Deep Well Heater-Shaker Adapter on Heater-Shaker Module GEN1 on slot C1, 'E5': E5 of Sample Plate on Opentrons 96 Deep Well Heater-Shaker Adapter on Heater-Shaker Module GEN1 on slot C1, 'F5': F5 of Sample Plate on Opentrons 96 Deep Well Heater-Shaker Adapter on Heater-Shaker Module GEN1 on slot C1, 'G5': G5 of Sample Plate on Opentrons 96 Deep Well Heater-Shaker Adapter on Heater-Shaker Module GEN1 on slot C1, 'H5': H5 of Sample Plate on Opentrons 96 Deep Well Heater-Shaker Adapter on Heater-Shaker Module GEN1 on slot C1, 'A6': A6 of Sample Plate on Opentrons 96 Deep Well Heater-Shaker Adapter on Heater-Shaker Module GEN1 on slot C1, 'B6': B6 of Sample Plate on Opentrons 96 Deep Well Heater-Shaker Adapter on Heater-Shaker Module GEN1 on slot C1, 'C6': C6 of Sample Plate on Opentrons 96 Deep Well Heater-Shaker Adapter on Heater-Shaker Module GEN1 on slot C1, 'D6': D6 of Sample Plate on Opentrons 96 Deep Well Heater-Shaker Adapter on Heater-Shaker Module GEN1 on slot C1, 'E6': E6 of Sample Plate on Opentrons 96 Deep Well Heater-Shaker Adapter on Heater-Shaker Module GEN1 on slot C1, 'F6': F6 of Sample Plate on Opentrons 96 Deep Well Heater-Shaker Adapter on Heater-Shaker Module GEN1 on slot C1, 'G6': G6 of Sample Plate on Opentrons 96 Deep Well Heater-Shaker Adapter on Heater-Shaker Module GEN1 on slot C1, 'H6': H6 of Sample Plate on Opentrons 96 Deep Well Heater-Shaker Adapter on Heater-Shaker Module GEN1 on slot C1, 'A7': A7 of Sample Plate on Opentrons 96 Deep Well Heater-Shaker Adapter on Heater-Shaker Module GEN1 on slot C1, 'B7': B7 of Sample Plate on Opentrons 96 Deep Well Heater-Shaker Adapter on Heater-Shaker Module GEN1 on slot C1, 'C7': C7 of Sample Plate on Opentrons 96 Deep Well Heater-Shaker Adapter on Heater-Shaker Module GEN1 on slot C1, 'D7': D7 of Sample Plate on Opentrons 96 Deep Well Heater-Shaker Adapter on Heater-Shaker Module GEN1 on slot C1, 'E7': E7 of Sample Plate on Opentrons 96 Deep Well Heater-Shaker Adapter on Heater-Shaker Module GEN1 on slot C1, 'F7': F7 of Sample Plate on Opentrons 96 Deep Well Heater-Shaker Adapter on Heater-Shaker Module GEN1 on slot C1, 'G7': G7 of Sample Plate on Opentrons 96 Deep Well Heater-Shaker Adapter on Heater-Shaker Module GEN1 on slot C1, 'H7': H7 of Sample Plate on Opentrons 96 Deep Well Heater-Shaker Adapter on Heater-Shaker Module GEN1 on slot C1, 'A8': A8 of Sample Plate on Opentrons 96 Deep Well Heater-Shaker Adapter on Heater-Shaker Module GEN1 on slot C1, 'B8': B8 of Sample Plate on Opentrons 96 Deep Well Heater-Shaker Adapter on Heater-Shaker Module GEN1 on slot C1, 'C8': C8 of Sample Plate on Opentrons 96 Deep Well Heater-Shaker Adapter on Heater-Shaker Module GEN1 on slot C1, 'D8': D8 of Sample Plate on Opentrons 96 Deep Well Heater-Shaker Adapter on Heater-Shaker Module GEN1 on slot C1, 'E8': E8 of Sample Plate on Opentrons 96 Deep Well Heater-Shaker Adapter on Heater-Shaker Module GEN1 on slot C1, 'F8': F8 of Sample Plate on Opentrons 96 Deep Well Heater-Shaker Adapter on Heater-Shaker Module GEN1 on slot C1, 'G8': G8 of Sample Plate on Opentrons 96 Deep Well Heater-Shaker Adapter on Heater-Shaker Module GEN1 on slot C1, 'H8': H8 of Sample Plate on Opentrons 96 Deep Well Heater-Shaker Adapter on Heater-Shaker Module GEN1 on slot C1, 'A9': A9 of Sample Plate on Opentrons 96 Deep Well Heater-Shaker Adapter on Heater-Shaker Module GEN1 on slot C1, 'B9': B9 of Sample Plate on Opentrons 96 Deep Well Heater-Shaker Adapter on Heater-Shaker Module GEN1 on slot C1, 'C9': C9 of Sample Plate on Opentrons 96 Deep Well Heater-Shaker Adapter on Heater-Shaker Module GEN1 on slot C1, 'D9': D9 of Sample Plate on Opentrons 96 Deep Well Heater-Shaker Adapter on Heater-Shaker Module GEN1 on slot C1, 'E9': E9 of Sample Plate on Opentrons 96 Deep Well Heater-Shaker Adapter on Heater-Shaker Module GEN1 on slot C1, 'F9': F9 of Sample Plate on Opentrons 96 Deep Well Heater-Shaker Adapter on Heater-Shaker Module GEN1 on slot C1, 'G9': G9 of Sample Plate on Opentrons 96 Deep Well Heater-Shaker Adapter on Heater-Shaker Module GEN1 on slot C1, 'H9': H9 of Sample Plate on Opentrons 96 Deep Well Heater-Shaker Adapter on Heater-Shaker Module GEN1 on slot C1, 'A10': A10 of Sample Plate on Opentrons 96 Deep Well Heater-Shaker Adapter on Heater-Shaker Module GEN1 on slot C1, 'B10': B10 of Sample Plate on Opentrons 96 Deep Well Heater-Shaker Adapter on Heater-Shaker Module GEN1 on slot C1, 'C10': C10 of Sample Plate on Opentrons 96 Deep Well Heater-Shaker Adapter on Heater-Shaker Module GEN1 on slot C1, 'D10': D10 of Sample Plate on Opentrons 96 Deep Well Heater-Shaker Adapter on Heater-Shaker Module GEN1 on slot C1, 'E10': E10 of Sample Plate on Opentrons 96 Deep Well Heater-Shaker Adapter on Heater-Shaker Module GEN1 on slot C1, 'F10': F10 of Sample Plate on Opentrons 96 Deep Well Heater-Shaker Adapter on Heater-Shaker Module GEN1 on slot C1, 'G10': G10 of Sample Plate on Opentrons 96 Deep Well Heater-Shaker Adapter on Heater-Shaker Module GEN1 on slot C1, 'H10': H10 of Sample Plate on Opentrons 96 Deep Well Heater-Shaker Adapter on Heater-Shaker Module GEN1 on slot C1, 'A11': A11 of Sample Plate on Opentrons 96 Deep Well Heater-Shaker Adapter on Heater-Shaker Module GEN1 on slot C1, 'B11': B11 of Sample Plate on Opentrons 96 Deep Well Heater-Shaker Adapter on Heater-Shaker Module GEN1 on slot C1, 'C11': C11 of Sample Plate on Opentrons 96 Deep Well Heater-Shaker Adapter on Heater-Shaker Module GEN1 on slot C1, 'D11': D11 of Sample Plate on Opentrons 96 Deep Well Heater-Shaker Adapter on Heater-Shaker Module GEN1 on slot C1, 'E11': E11 of Sample Plate on Opentrons 96 Deep Well Heater-Shaker Adapter on Heater-Shaker Module GEN1 on slot C1, 'F11': F11 of Sample Plate on Opentrons 96 Deep Well Heater-Shaker Adapter on Heater-Shaker Module GEN1 on slot C1, 'G11': G11 of Sample Plate on Opentrons 96 Deep Well Heater-Shaker Adapter on Heater-Shaker Module GEN1 on slot C1, 'H11': H11 of Sample Plate on Opentrons 96 Deep Well Heater-Shaker Adapter on Heater-Shaker Module GEN1 on slot C1, 'A12': A12 of Sample Plate on Opentrons 96 Deep Well Heater-Shaker Adapter on Heater-Shaker Module GEN1 on slot C1, 'B12': B12 of Sample Plate on Opentrons 96 Deep Well Heater-Shaker Adapter on Heater-Shaker Module GEN1 on slot C1, 'C12': C12 of Sample Plate on Opentrons 96 Deep Well Heater-Shaker Adapter on Heater-Shaker Module GEN1 on slot C1, 'D12': D12 of Sample Plate on Opentrons 96 Deep Well Heater-Shaker Adapter on Heater-Shaker Module GEN1 on slot C1, 'E12': E12 of Sample Plate on Opentrons 96 Deep Well Heater-Shaker Adapter on Heater-Shaker Module GEN1 on slot C1, 'F12': F12 of Sample Plate on Opentrons 96 Deep Well Heater-Shaker Adapter on Heater-Shaker Module GEN1 on slot C1, 'G12': G12 of Sample Plate on Opentrons 96 Deep Well Heater-Shaker Adapter on Heater-Shaker Module GEN1 on slot C1, 'H12': H12 of Sample Plate on Opentrons 96 Deep Well Heater-Shaker Adapter on Heater-Shaker Module GEN1 on slot C1}
Loading liquid into {'A1': A1 of Sample Plate on Opentrons 96 Deep Well Heater-Shaker Adapter on Heater-Shaker Module GEN1 on slot C1, 'B1': B1 of Sample Plate on Opentrons 96 Deep Well Heater-Shaker Adapter on Heater-Shaker Module GEN1 on slot C1, 'C1': C1 of Sample Plate on Opentrons 96 Deep Well Heater-Shaker Adapter on Heater-Shaker Module GEN1 on slot C1, 'D1': D1 of Sample Plate on Opentrons 96 Deep Well Heater-Shaker Adapter on Heater-Shaker Module GEN1 on slot C1, 'E1': E1 of Sample Plate on Opentrons 96 Deep Well Heater-Shaker Adapter on Heater-Shaker Module GEN1 on slot C1, 'F1': F1 of Sample Plate on Opentrons 96 Deep Well Heater-Shaker Adapter on Heater-Shaker Module GEN1 on slot C1, 'G1': G1 of Sample Plate on Opentrons 96 Deep Well Heater-Shaker Adapter on Heater-Shaker Module GEN1 on slot C1, 'H1': H1 of Sample Plate on Opentrons 96 Deep Well Heater-Shaker Adapter on Heater-Shaker Module GEN1 on slot C1, 'A2': A2 of Sample Plate on Opentrons 96 Deep Well Heater-Shaker Adapter on Heater-Shaker Module GEN1 on slot C1, 'B2': B2 of Sample Plate on Opentrons 96 Deep Well Heater-Shaker Adapter on Heater-Shaker Module GEN1 on slot C1, 'C2': C2 of Sample Plate on Opentrons 96 Deep Well Heater-Shaker Adapter on Heater-Shaker Module GEN1 on slot C1, 'D2': D2 of Sample Plate on Opentrons 96 Deep Well Heater-Shaker Adapter on Heater-Shaker Module GEN1 on slot C1, 'E2': E2 of Sample Plate on Opentrons 96 Deep Well Heater-Shaker Adapter on Heater-Shaker Module GEN1 on slot C1, 'F2': F2 of Sample Plate on Opentrons 96 Deep Well Heater-Shaker Adapter on Heater-Shaker Module GEN1 on slot C1, 'G2': G2 of Sample Plate on Opentrons 96 Deep Well Heater-Shaker Adapter on Heater-Shaker Module GEN1 on slot C1, 'H2': H2 of Sample Plate on Opentrons 96 Deep Well Heater-Shaker Adapter on Heater-Shaker Module GEN1 on slot C1, 'A3': A3 of Sample Plate on Opentrons 96 Deep Well Heater-Shaker Adapter on Heater-Shaker Module GEN1 on slot C1, 'B3': B3 of Sample Plate on Opentrons 96 Deep Well Heater-Shaker Adapter on Heater-Shaker Module GEN1 on slot C1, 'C3': C3 of Sample Plate on Opentrons 96 Deep Well Heater-Shaker Adapter on Heater-Shaker Module GEN1 on slot C1, 'D3': D3 of Sample Plate on Opentrons 96 Deep Well Heater-Shaker Adapter on Heater-Shaker Module GEN1 on slot C1, 'E3': E3 of Sample Plate on Opentrons 96 Deep Well Heater-Shaker Adapter on Heater-Shaker Module GEN1 on slot C1, 'F3': F3 of Sample Plate on Opentrons 96 Deep Well Heater-Shaker Adapter on Heater-Shaker Module GEN1 on slot C1, 'G3': G3 of Sample Plate on Opentrons 96 Deep Well Heater-Shaker Adapter on Heater-Shaker Module GEN1 on slot C1, 'H3': H3 of Sample Plate on Opentrons 96 Deep Well Heater-Shaker Adapter on Heater-Shaker Module GEN1 on slot C1, 'A4': A4 of Sample Plate on Opentrons 96 Deep Well Heater-Shaker Adapter on Heater-Shaker Module GEN1 on slot C1, 'B4': B4 of Sample Plate on Opentrons 96 Deep Well Heater-Shaker Adapter on Heater-Shaker Module GEN1 on slot C1, 'C4': C4 of Sample Plate on Opentrons 96 Deep Well Heater-Shaker Adapter on Heater-Shaker Module GEN1 on slot C1, 'D4': D4 of Sample Plate on Opentrons 96 Deep Well Heater-Shaker Adapter on Heater-Shaker Module GEN1 on slot C1, 'E4': E4 of Sample Plate on Opentrons 96 Deep Well Heater-Shaker Adapter on Heater-Shaker Module GEN1 on slot C1, 'F4': F4 of Sample Plate on Opentrons 96 Deep Well Heater-Shaker Adapter on Heater-Shaker Module GEN1 on slot C1, 'G4': G4 of Sample Plate on Opentrons 96 Deep Well Heater-Shaker Adapter on Heater-Shaker Module GEN1 on slot C1, 'H4': H4 of Sample Plate on Opentrons 96 Deep Well Heater-Shaker Adapter on Heater-Shaker Module GEN1 on slot C1, 'A5': A5 of Sample Plate on Opentrons 96 Deep Well Heater-Shaker Adapter on Heater-Shaker Module GEN1 on slot C1, 'B5': B5 of Sample Plate on Opentrons 96 Deep Well Heater-Shaker Adapter on Heater-Shaker Module GEN1 on slot C1, 'C5': C5 of Sample Plate on Opentrons 96 Deep Well Heater-Shaker Adapter on Heater-Shaker Module GEN1 on slot C1, 'D5': D5 of Sample Plate on Opentrons 96 Deep Well Heater-Shaker Adapter on Heater-Shaker Module GEN1 on slot C1, 'E5': E5 of Sample Plate on Opentrons 96 Deep Well Heater-Shaker Adapter on Heater-Shaker Module GEN1 on slot C1, 'F5': F5 of Sample Plate on Opentrons 96 Deep Well Heater-Shaker Adapter on Heater-Shaker Module GEN1 on slot C1, 'G5': G5 of Sample Plate on Opentrons 96 Deep Well Heater-Shaker Adapter on Heater-Shaker Module GEN1 on slot C1, 'H5': H5 of Sample Plate on Opentrons 96 Deep Well Heater-Shaker Adapter on Heater-Shaker Module GEN1 on slot C1, 'A6': A6 of Sample Plate on Opentrons 96 Deep Well Heater-Shaker Adapter on Heater-Shaker Module GEN1 on slot C1, 'B6': B6 of Sample Plate on Opentrons 96 Deep Well Heater-Shaker Adapter on Heater-Shaker Module GEN1 on slot C1, 'C6': C6 of Sample Plate on Opentrons 96 Deep Well Heater-Shaker Adapter on Heater-Shaker Module GEN1 on slot C1, 'D6': D6 of Sample Plate on Opentrons 96 Deep Well Heater-Shaker Adapter on Heater-Shaker Module GEN1 on slot C1, 'E6': E6 of Sample Plate on Opentrons 96 Deep Well Heater-Shaker Adapter on Heater-Shaker Module GEN1 on slot C1, 'F6': F6 of Sample Plate on Opentrons 96 Deep Well Heater-Shaker Adapter on Heater-Shaker Module GEN1 on slot C1, 'G6': G6 of Sample Plate on Opentrons 96 Deep Well Heater-Shaker Adapter on Heater-Shaker Module GEN1 on slot C1, 'H6': H6 of Sample Plate on Opentrons 96 Deep Well Heater-Shaker Adapter on Heater-Shaker Module GEN1 on slot C1, 'A7': A7 of Sample Plate on Opentrons 96 Deep Well Heater-Shaker Adapter on Heater-Shaker Module GEN1 on slot C1, 'B7': B7 of Sample Plate on Opentrons 96 Deep Well Heater-Shaker Adapter on Heater-Shaker Module GEN1 on slot C1, 'C7': C7 of Sample Plate on Opentrons 96 Deep Well Heater-Shaker Adapter on Heater-Shaker Module GEN1 on slot C1, 'D7': D7 of Sample Plate on Opentrons 96 Deep Well Heater-Shaker Adapter on Heater-Shaker Module GEN1 on slot C1, 'E7': E7 of Sample Plate on Opentrons 96 Deep Well Heater-Shaker Adapter on Heater-Shaker Module GEN1 on slot C1, 'F7': F7 of Sample Plate on Opentrons 96 Deep Well Heater-Shaker Adapter on Heater-Shaker Module GEN1 on slot C1, 'G7': G7 of Sample Plate on Opentrons 96 Deep Well Heater-Shaker Adapter on Heater-Shaker Module GEN1 on slot C1, 'H7': H7 of Sample Plate on Opentrons 96 Deep Well Heater-Shaker Adapter on Heater-Shaker Module GEN1 on slot C1, 'A8': A8 of Sample Plate on Opentrons 96 Deep Well Heater-Shaker Adapter on Heater-Shaker Module GEN1 on slot C1, 'B8': B8 of Sample Plate on Opentrons 96 Deep Well Heater-Shaker Adapter on Heater-Shaker Module GEN1 on slot C1, 'C8': C8 of Sample Plate on Opentrons 96 Deep Well Heater-Shaker Adapter on Heater-Shaker Module GEN1 on slot C1, 'D8': D8 of Sample Plate on Opentrons 96 Deep Well Heater-Shaker Adapter on Heater-Shaker Module GEN1 on slot C1, 'E8': E8 of Sample Plate on Opentrons 96 Deep Well Heater-Shaker Adapter on Heater-Shaker Module GEN1 on slot C1, 'F8': F8 of Sample Plate on Opentrons 96 Deep Well Heater-Shaker Adapter on Heater-Shaker Module GEN1 on slot C1, 'G8': G8 of Sample Plate on Opentrons 96 Deep Well Heater-Shaker Adapter on Heater-Shaker Module GEN1 on slot C1, 'H8': H8 of Sample Plate on Opentrons 96 Deep Well Heater-Shaker Adapter on Heater-Shaker Module GEN1 on slot C1, 'A9': A9 of Sample Plate on Opentrons 96 Deep Well Heater-Shaker Adapter on Heater-Shaker Module GEN1 on slot C1, 'B9': B9 of Sample Plate on Opentrons 96 Deep Well Heater-Shaker Adapter on Heater-Shaker Module GEN1 on slot C1, 'C9': C9 of Sample Plate on Opentrons 96 Deep Well Heater-Shaker Adapter on Heater-Shaker Module GEN1 on slot C1, 'D9': D9 of Sample Plate on Opentrons 96 Deep Well Heater-Shaker Adapter on Heater-Shaker Module GEN1 on slot C1, 'E9': E9 of Sample Plate on Opentrons 96 Deep Well Heater-Shaker Adapter on Heater-Shaker Module GEN1 on slot C1, 'F9': F9 of Sample Plate on Opentrons 96 Deep Well Heater-Shaker Adapter on Heater-Shaker Module GEN1 on slot C1, 'G9': G9 of Sample Plate on Opentrons 96 Deep Well Heater-Shaker Adapter on Heater-Shaker Module GEN1 on slot C1, 'H9': H9 of Sample Plate on Opentrons 96 Deep Well Heater-Shaker Adapter on Heater-Shaker Module GEN1 on slot C1, 'A10': A10 of Sample Plate on Opentrons 96 Deep Well Heater-Shaker Adapter on Heater-Shaker Module GEN1 on slot C1, 'B10': B10 of Sample Plate on Opentrons 96 Deep Well Heater-Shaker Adapter on Heater-Shaker Module GEN1 on slot C1, 'C10': C10 of Sample Plate on Opentrons 96 Deep Well Heater-Shaker Adapter on Heater-Shaker Module GEN1 on slot C1, 'D10': D10 of Sample Plate on Opentrons 96 Deep Well Heater-Shaker Adapter on Heater-Shaker Module GEN1 on slot C1, 'E10': E10 of Sample Plate on Opentrons 96 Deep Well Heater-Shaker Adapter on Heater-Shaker Module GEN1 on slot C1, 'F10': F10 of Sample Plate on Opentrons 96 Deep Well Heater-Shaker Adapter on Heater-Shaker Module GEN1 on slot C1, 'G10': G10 of Sample Plate on Opentrons 96 Deep Well Heater-Shaker Adapter on Heater-Shaker Module GEN1 on slot C1, 'H10': H10 of Sample Plate on Opentrons 96 Deep Well Heater-Shaker Adapter on Heater-Shaker Module GEN1 on slot C1, 'A11': A11 of Sample Plate on Opentrons 96 Deep Well Heater-Shaker Adapter on Heater-Shaker Module GEN1 on slot C1, 'B11': B11 of Sample Plate on Opentrons 96 Deep Well Heater-Shaker Adapter on Heater-Shaker Module GEN1 on slot C1, 'C11': C11 of Sample Plate on Opentrons 96 Deep Well Heater-Shaker Adapter on Heater-Shaker Module GEN1 on slot C1, 'D11': D11 of Sample Plate on Opentrons 96 Deep Well Heater-Shaker Adapter on Heater-Shaker Module GEN1 on slot C1, 'E11': E11 of Sample Plate on Opentrons 96 Deep Well Heater-Shaker Adapter on Heater-Shaker Module GEN1 on slot C1, 'F11': F11 of Sample Plate on Opentrons 96 Deep Well Heater-Shaker Adapter on Heater-Shaker Module GEN1 on slot C1, 'G11': G11 of Sample Plate on Opentrons 96 Deep Well Heater-Shaker Adapter on Heater-Shaker Module GEN1 on slot C1, 'H11': H11 of Sample Plate on Opentrons 96 Deep Well Heater-Shaker Adapter on Heater-Shaker Module GEN1 on slot C1, 'A12': A12 of Sample Plate on Opentrons 96 Deep Well Heater-Shaker Adapter on Heater-Shaker Module GEN1 on slot C1, 'B12': B12 of Sample Plate on Opentrons 96 Deep Well Heater-Shaker Adapter on Heater-Shaker Module GEN1 on slot C1, 'C12': C12 of Sample Plate on Opentrons 96 Deep Well Heater-Shaker Adapter on Heater-Shaker Module GEN1 on slot C1, 'D12': D12 of Sample Plate on Opentrons 96 Deep Well Heater-Shaker Adapter on Heater-Shaker Module GEN1 on slot C1, 'E12': E12 of Sample Plate on Opentrons 96 Deep Well Heater-Shaker Adapter on Heater-Shaker Module GEN1 on slot C1, 'F12': F12 of Sample Plate on Opentrons 96 Deep Well Heater-Shaker Adapter on Heater-Shaker Module GEN1 on slot C1, 'G12': G12 of Sample Plate on Opentrons 96 Deep Well Heater-Shaker Adapter on Heater-Shaker Module GEN1 on slot C1, 'H12': H12 of Sample Plate on Opentrons 96 Deep Well Heater-Shaker Adapter on Heater-Shaker Module GEN1 on slot C1}
Loading liquid into {'A1': A1 of Sample Plate on Opentrons 96 Deep Well Heater-Shaker Adapter on Heater-Shaker Module GEN1 on slot C1, 'B1': B1 of Sample Plate on Opentrons 96 Deep Well Heater-Shaker Adapter on Heater-Shaker Module GEN1 on slot C1, 'C1': C1 of Sample Plate on Opentrons 96 Deep Well Heater-Shaker Adapter on Heater-Shaker Module GEN1 on slot C1, 'D1': D1 of Sample Plate on Opentrons 96 Deep Well Heater-Shaker Adapter on Heater-Shaker Module GEN1 on slot C1, 'E1': E1 of Sample Plate on Opentrons 96 Deep Well Heater-Shaker Adapter on Heater-Shaker Module GEN1 on slot C1, 'F1': F1 of Sample Plate on Opentrons 96 Deep Well Heater-Shaker Adapter on Heater-Shaker Module GEN1 on slot C1, 'G1': G1 of Sample Plate on Opentrons 96 Deep Well Heater-Shaker Adapter on Heater-Shaker Module GEN1 on slot C1, 'H1': H1 of Sample Plate on Opentrons 96 Deep Well Heater-Shaker Adapter on Heater-Shaker Module GEN1 on slot C1, 'A2': A2 of Sample Plate on Opentrons 96 Deep Well Heater-Shaker Adapter on Heater-Shaker Module GEN1 on slot C1, 'B2': B2 of Sample Plate on Opentrons 96 Deep Well Heater-Shaker Adapter on Heater-Shaker Module GEN1 on slot C1, 'C2': C2 of Sample Plate on Opentrons 96 Deep Well Heater-Shaker Adapter on Heater-Shaker Module GEN1 on slot C1, 'D2': D2 of Sample Plate on Opentrons 96 Deep Well Heater-Shaker Adapter on Heater-Shaker Module GEN1 on slot C1, 'E2': E2 of Sample Plate on Opentrons 96 Deep Well Heater-Shaker Adapter on Heater-Shaker Module GEN1 on slot C1, 'F2': F2 of Sample Plate on Opentrons 96 Deep Well Heater-Shaker Adapter on Heater-Shaker Module GEN1 on slot C1, 'G2': G2 of Sample Plate on Opentrons 96 Deep Well Heater-Shaker Adapter on Heater-Shaker Module GEN1 on slot C1, 'H2': H2 of Sample Plate on Opentrons 96 Deep Well Heater-Shaker Adapter on Heater-Shaker Module GEN1 on slot C1, 'A3': A3 of Sample Plate on Opentrons 96 Deep Well Heater-Shaker Adapter on Heater-Shaker Module GEN1 on slot C1, 'B3': B3 of Sample Plate on Opentrons 96 Deep Well Heater-Shaker Adapter on Heater-Shaker Module GEN1 on slot C1, 'C3': C3 of Sample Plate on Opentrons 96 Deep Well Heater-Shaker Adapter on Heater-Shaker Module GEN1 on slot C1, 'D3': D3 of Sample Plate on Opentrons 96 Deep Well Heater-Shaker Adapter on Heater-Shaker Module GEN1 on slot C1, 'E3': E3 of Sample Plate on Opentrons 96 Deep Well Heater-Shaker Adapter on Heater-Shaker Module GEN1 on slot C1, 'F3': F3 of Sample Plate on Opentrons 96 Deep Well Heater-Shaker Adapter on Heater-Shaker Module GEN1 on slot C1, 'G3': G3 of Sample Plate on Opentrons 96 Deep Well Heater-Shaker Adapter on Heater-Shaker Module GEN1 on slot C1, 'H3': H3 of Sample Plate on Opentrons 96 Deep Well Heater-Shaker Adapter on Heater-Shaker Module GEN1 on slot C1, 'A4': A4 of Sample Plate on Opentrons 96 Deep Well Heater-Shaker Adapter on Heater-Shaker Module GEN1 on slot C1, 'B4': B4 of Sample Plate on Opentrons 96 Deep Well Heater-Shaker Adapter on Heater-Shaker Module GEN1 on slot C1, 'C4': C4 of Sample Plate on Opentrons 96 Deep Well Heater-Shaker Adapter on Heater-Shaker Module GEN1 on slot C1, 'D4': D4 of Sample Plate on Opentrons 96 Deep Well Heater-Shaker Adapter on Heater-Shaker Module GEN1 on slot C1, 'E4': E4 of Sample Plate on Opentrons 96 Deep Well Heater-Shaker Adapter on Heater-Shaker Module GEN1 on slot C1, 'F4': F4 of Sample Plate on Opentrons 96 Deep Well Heater-Shaker Adapter on Heater-Shaker Module GEN1 on slot C1, 'G4': G4 of Sample Plate on Opentrons 96 Deep Well Heater-Shaker Adapter on Heater-Shaker Module GEN1 on slot C1, 'H4': H4 of Sample Plate on Opentrons 96 Deep Well Heater-Shaker Adapter on Heater-Shaker Module GEN1 on slot C1, 'A5': A5 of Sample Plate on Opentrons 96 Deep Well Heater-Shaker Adapter on Heater-Shaker Module GEN1 on slot C1, 'B5': B5 of Sample Plate on Opentrons 96 Deep Well Heater-Shaker Adapter on Heater-Shaker Module GEN1 on slot C1, 'C5': C5 of Sample Plate on Opentrons 96 Deep Well Heater-Shaker Adapter on Heater-Shaker Module GEN1 on slot C1, 'D5': D5 of Sample Plate on Opentrons 96 Deep Well Heater-Shaker Adapter on Heater-Shaker Module GEN1 on slot C1, 'E5': E5 of Sample Plate on Opentrons 96 Deep Well Heater-Shaker Adapter on Heater-Shaker Module GEN1 on slot C1, 'F5': F5 of Sample Plate on Opentrons 96 Deep Well Heater-Shaker Adapter on Heater-Shaker Module GEN1 on slot C1, 'G5': G5 of Sample Plate on Opentrons 96 Deep Well Heater-Shaker Adapter on Heater-Shaker Module GEN1 on slot C1, 'H5': H5 of Sample Plate on Opentrons 96 Deep Well Heater-Shaker Adapter on Heater-Shaker Module GEN1 on slot C1, 'A6': A6 of Sample Plate on Opentrons 96 Deep Well Heater-Shaker Adapter on Heater-Shaker Module GEN1 on slot C1, 'B6': B6 of Sample Plate on Opentrons 96 Deep Well Heater-Shaker Adapter on Heater-Shaker Module GEN1 on slot C1, 'C6': C6 of Sample Plate on Opentrons 96 Deep Well Heater-Shaker Adapter on Heater-Shaker Module GEN1 on slot C1, 'D6': D6 of Sample Plate on Opentrons 96 Deep Well Heater-Shaker Adapter on Heater-Shaker Module GEN1 on slot C1, 'E6': E6 of Sample Plate on Opentrons 96 Deep Well Heater-Shaker Adapter on Heater-Shaker Module GEN1 on slot C1, 'F6': F6 of Sample Plate on Opentrons 96 Deep Well Heater-Shaker Adapter on Heater-Shaker Module GEN1 on slot C1, 'G6': G6 of Sample Plate on Opentrons 96 Deep Well Heater-Shaker Adapter on Heater-Shaker Module GEN1 on slot C1, 'H6': H6 of Sample Plate on Opentrons 96 Deep Well Heater-Shaker Adapter on Heater-Shaker Module GEN1 on slot C1, 'A7': A7 of Sample Plate on Opentrons 96 Deep Well Heater-Shaker Adapter on Heater-Shaker Module GEN1 on slot C1, 'B7': B7 of Sample Plate on Opentrons 96 Deep Well Heater-Shaker Adapter on Heater-Shaker Module GEN1 on slot C1, 'C7': C7 of Sample Plate on Opentrons 96 Deep Well Heater-Shaker Adapter on Heater-Shaker Module GEN1 on slot C1, 'D7': D7 of Sample Plate on Opentrons 96 Deep Well Heater-Shaker Adapter on Heater-Shaker Module GEN1 on slot C1, 'E7': E7 of Sample Plate on Opentrons 96 Deep Well Heater-Shaker Adapter on Heater-Shaker Module GEN1 on slot C1, 'F7': F7 of Sample Plate on Opentrons 96 Deep Well Heater-Shaker Adapter on Heater-Shaker Module GEN1 on slot C1, 'G7': G7 of Sample Plate on Opentrons 96 Deep Well Heater-Shaker Adapter on Heater-Shaker Module GEN1 on slot C1, 'H7': H7 of Sample Plate on Opentrons 96 Deep Well Heater-Shaker Adapter on Heater-Shaker Module GEN1 on slot C1, 'A8': A8 of Sample Plate on Opentrons 96 Deep Well Heater-Shaker Adapter on Heater-Shaker Module GEN1 on slot C1, 'B8': B8 of Sample Plate on Opentrons 96 Deep Well Heater-Shaker Adapter on Heater-Shaker Module GEN1 on slot C1, 'C8': C8 of Sample Plate on Opentrons 96 Deep Well Heater-Shaker Adapter on Heater-Shaker Module GEN1 on slot C1, 'D8': D8 of Sample Plate on Opentrons 96 Deep Well Heater-Shaker Adapter on Heater-Shaker Module GEN1 on slot C1, 'E8': E8 of Sample Plate on Opentrons 96 Deep Well Heater-Shaker Adapter on Heater-Shaker Module GEN1 on slot C1, 'F8': F8 of Sample Plate on Opentrons 96 Deep Well Heater-Shaker Adapter on Heater-Shaker Module GEN1 on slot C1, 'G8': G8 of Sample Plate on Opentrons 96 Deep Well Heater-Shaker Adapter on Heater-Shaker Module GEN1 on slot C1, 'H8': H8 of Sample Plate on Opentrons 96 Deep Well Heater-Shaker Adapter on Heater-Shaker Module GEN1 on slot C1, 'A9': A9 of Sample Plate on Opentrons 96 Deep Well Heater-Shaker Adapter on Heater-Shaker Module GEN1 on slot C1, 'B9': B9 of Sample Plate on Opentrons 96 Deep Well Heater-Shaker Adapter on Heater-Shaker Module GEN1 on slot C1, 'C9': C9 of Sample Plate on Opentrons 96 Deep Well Heater-Shaker Adapter on Heater-Shaker Module GEN1 on slot C1, 'D9': D9 of Sample Plate on Opentrons 96 Deep Well Heater-Shaker Adapter on Heater-Shaker Module GEN1 on slot C1, 'E9': E9 of Sample Plate on Opentrons 96 Deep Well Heater-Shaker Adapter on Heater-Shaker Module GEN1 on slot C1, 'F9': F9 of Sample Plate on Opentrons 96 Deep Well Heater-Shaker Adapter on Heater-Shaker Module GEN1 on slot C1, 'G9': G9 of Sample Plate on Opentrons 96 Deep Well Heater-Shaker Adapter on Heater-Shaker Module GEN1 on slot C1, 'H9': H9 of Sample Plate on Opentrons 96 Deep Well Heater-Shaker Adapter on Heater-Shaker Module GEN1 on slot C1, 'A10': A10 of Sample Plate on Opentrons 96 Deep Well Heater-Shaker Adapter on Heater-Shaker Module GEN1 on slot C1, 'B10': B10 of Sample Plate on Opentrons 96 Deep Well Heater-Shaker Adapter on Heater-Shaker Module GEN1 on slot C1, 'C10': C10 of Sample Plate on Opentrons 96 Deep Well Heater-Shaker Adapter on Heater-Shaker Module GEN1 on slot C1, 'D10': D10 of Sample Plate on Opentrons 96 Deep Well Heater-Shaker Adapter on Heater-Shaker Module GEN1 on slot C1, 'E10': E10 of Sample Plate on Opentrons 96 Deep Well Heater-Shaker Adapter on Heater-Shaker Module GEN1 on slot C1, 'F10': F10 of Sample Plate on Opentrons 96 Deep Well Heater-Shaker Adapter on Heater-Shaker Module GEN1 on slot C1, 'G10': G10 of Sample Plate on Opentrons 96 Deep Well Heater-Shaker Adapter on Heater-Shaker Module GEN1 on slot C1, 'H10': H10 of Sample Plate on Opentrons 96 Deep Well Heater-Shaker Adapter on Heater-Shaker Module GEN1 on slot C1, 'A11': A11 of Sample Plate on Opentrons 96 Deep Well Heater-Shaker Adapter on Heater-Shaker Module GEN1 on slot C1, 'B11': B11 of Sample Plate on Opentrons 96 Deep Well Heater-Shaker Adapter on Heater-Shaker Module GEN1 on slot C1, 'C11': C11 of Sample Plate on Opentrons 96 Deep Well Heater-Shaker Adapter on Heater-Shaker Module GEN1 on slot C1, 'D11': D11 of Sample Plate on Opentrons 96 Deep Well Heater-Shaker Adapter on Heater-Shaker Module GEN1 on slot C1, 'E11': E11 of Sample Plate on Opentrons 96 Deep Well Heater-Shaker Adapter on Heater-Shaker Module GEN1 on slot C1, 'F11': F11 of Sample Plate on Opentrons 96 Deep Well Heater-Shaker Adapter on Heater-Shaker Module GEN1 on slot C1, 'G11': G11 of Sample Plate on Opentrons 96 Deep Well Heater-Shaker Adapter on Heater-Shaker Module GEN1 on slot C1, 'H11': H11 of Sample Plate on Opentrons 96 Deep Well Heater-Shaker Adapter on Heater-Shaker Module GEN1 on slot C1, 'A12': A12 of Sample Plate on Opentrons 96 Deep Well Heater-Shaker Adapter on Heater-Shaker Module GEN1 on slot C1, 'B12': B12 of Sample Plate on Opentrons 96 Deep Well Heater-Shaker Adapter on Heater-Shaker Module GEN1 on slot C1, 'C12': C12 of Sample Plate on Opentrons 96 Deep Well Heater-Shaker Adapter on Heater-Shaker Module GEN1 on slot C1, 'D12': D12 of Sample Plate on Opentrons 96 Deep Well Heater-Shaker Adapter on Heater-Shaker Module GEN1 on slot C1, 'E12': E12 of Sample Plate on Opentrons 96 Deep Well Heater-Shaker Adapter on Heater-Shaker Module GEN1 on slot C1, 'F12': F12 of Sample Plate on Opentrons 96 Deep Well Heater-Shaker Adapter on Heater-Shaker Module GEN1 on slot C1, 'G12': G12 of Sample Plate on Opentrons 96 Deep Well Heater-Shaker Adapter on Heater-Shaker Module GEN1 on slot C1, 'H12': H12 of Sample Plate on Opentrons 96 Deep Well Heater-Shaker Adapter on Heater-Shaker Module GEN1 on slot C1}
Loading liquid into {'A1': A1 of Sample Plate on Opentrons 96 Deep Well Heater-Shaker Adapter on Heater-Shaker Module GEN1 on slot C1, 'B1': B1 of Sample Plate on Opentrons 96 Deep Well Heater-Shaker Adapter on Heater-Shaker Module GEN1 on slot C1, 'C1': C1 of Sample Plate on Opentrons 96 Deep Well Heater-Shaker Adapter on Heater-Shaker Module GEN1 on slot C1, 'D1': D1 of Sample Plate on Opentrons 96 Deep Well Heater-Shaker Adapter on Heater-Shaker Module GEN1 on slot C1, 'E1': E1 of Sample Plate on Opentrons 96 Deep Well Heater-Shaker Adapter on Heater-Shaker Module GEN1 on slot C1, 'F1': F1 of Sample Plate on Opentrons 96 Deep Well Heater-Shaker Adapter on Heater-Shaker Module GEN1 on slot C1, 'G1': G1 of Sample Plate on Opentrons 96 Deep Well Heater-Shaker Adapter on Heater-Shaker Module GEN1 on slot C1, 'H1': H1 of Sample Plate on Opentrons 96 Deep Well Heater-Shaker Adapter on Heater-Shaker Module GEN1 on slot C1, 'A2': A2 of Sample Plate on Opentrons 96 Deep Well Heater-Shaker Adapter on Heater-Shaker Module GEN1 on slot C1, 'B2': B2 of Sample Plate on Opentrons 96 Deep Well Heater-Shaker Adapter on Heater-Shaker Module GEN1 on slot C1, 'C2': C2 of Sample Plate on Opentrons 96 Deep Well Heater-Shaker Adapter on Heater-Shaker Module GEN1 on slot C1, 'D2': D2 of Sample Plate on Opentrons 96 Deep Well Heater-Shaker Adapter on Heater-Shaker Module GEN1 on slot C1, 'E2': E2 of Sample Plate on Opentrons 96 Deep Well Heater-Shaker Adapter on Heater-Shaker Module GEN1 on slot C1, 'F2': F2 of Sample Plate on Opentrons 96 Deep Well Heater-Shaker Adapter on Heater-Shaker Module GEN1 on slot C1, 'G2': G2 of Sample Plate on Opentrons 96 Deep Well Heater-Shaker Adapter on Heater-Shaker Module GEN1 on slot C1, 'H2': H2 of Sample Plate on Opentrons 96 Deep Well Heater-Shaker Adapter on Heater-Shaker Module GEN1 on slot C1, 'A3': A3 of Sample Plate on Opentrons 96 Deep Well Heater-Shaker Adapter on Heater-Shaker Module GEN1 on slot C1, 'B3': B3 of Sample Plate on Opentrons 96 Deep Well Heater-Shaker Adapter on Heater-Shaker Module GEN1 on slot C1, 'C3': C3 of Sample Plate on Opentrons 96 Deep Well Heater-Shaker Adapter on Heater-Shaker Module GEN1 on slot C1, 'D3': D3 of Sample Plate on Opentrons 96 Deep Well Heater-Shaker Adapter on Heater-Shaker Module GEN1 on slot C1, 'E3': E3 of Sample Plate on Opentrons 96 Deep Well Heater-Shaker Adapter on Heater-Shaker Module GEN1 on slot C1, 'F3': F3 of Sample Plate on Opentrons 96 Deep Well Heater-Shaker Adapter on Heater-Shaker Module GEN1 on slot C1, 'G3': G3 of Sample Plate on Opentrons 96 Deep Well Heater-Shaker Adapter on Heater-Shaker Module GEN1 on slot C1, 'H3': H3 of Sample Plate on Opentrons 96 Deep Well Heater-Shaker Adapter on Heater-Shaker Module GEN1 on slot C1, 'A4': A4 of Sample Plate on Opentrons 96 Deep Well Heater-Shaker Adapter on Heater-Shaker Module GEN1 on slot C1, 'B4': B4 of Sample Plate on Opentrons 96 Deep Well Heater-Shaker Adapter on Heater-Shaker Module GEN1 on slot C1, 'C4': C4 of Sample Plate on Opentrons 96 Deep Well Heater-Shaker Adapter on Heater-Shaker Module GEN1 on slot C1, 'D4': D4 of Sample Plate on Opentrons 96 Deep Well Heater-Shaker Adapter on Heater-Shaker Module GEN1 on slot C1, 'E4': E4 of Sample Plate on Opentrons 96 Deep Well Heater-Shaker Adapter on Heater-Shaker Module GEN1 on slot C1, 'F4': F4 of Sample Plate on Opentrons 96 Deep Well Heater-Shaker Adapter on Heater-Shaker Module GEN1 on slot C1, 'G4': G4 of Sample Plate on Opentrons 96 Deep Well Heater-Shaker Adapter on Heater-Shaker Module GEN1 on slot C1, 'H4': H4 of Sample Plate on Opentrons 96 Deep Well Heater-Shaker Adapter on Heater-Shaker Module GEN1 on slot C1, 'A5': A5 of Sample Plate on Opentrons 96 Deep Well Heater-Shaker Adapter on Heater-Shaker Module GEN1 on slot C1, 'B5': B5 of Sample Plate on Opentrons 96 Deep Well Heater-Shaker Adapter on Heater-Shaker Module GEN1 on slot C1, 'C5': C5 of Sample Plate on Opentrons 96 Deep Well Heater-Shaker Adapter on Heater-Shaker Module GEN1 on slot C1, 'D5': D5 of Sample Plate on Opentrons 96 Deep Well Heater-Shaker Adapter on Heater-Shaker Module GEN1 on slot C1, 'E5': E5 of Sample Plate on Opentrons 96 Deep Well Heater-Shaker Adapter on Heater-Shaker Module GEN1 on slot C1, 'F5': F5 of Sample Plate on Opentrons 96 Deep Well Heater-Shaker Adapter on Heater-Shaker Module GEN1 on slot C1, 'G5': G5 of Sample Plate on Opentrons 96 Deep Well Heater-Shaker Adapter on Heater-Shaker Module GEN1 on slot C1, 'H5': H5 of Sample Plate on Opentrons 96 Deep Well Heater-Shaker Adapter on Heater-Shaker Module GEN1 on slot C1, 'A6': A6 of Sample Plate on Opentrons 96 Deep Well Heater-Shaker Adapter on Heater-Shaker Module GEN1 on slot C1, 'B6': B6 of Sample Plate on Opentrons 96 Deep Well Heater-Shaker Adapter on Heater-Shaker Module GEN1 on slot C1, 'C6': C6 of Sample Plate on Opentrons 96 Deep Well Heater-Shaker Adapter on Heater-Shaker Module GEN1 on slot C1, 'D6': D6 of Sample Plate on Opentrons 96 Deep Well Heater-Shaker Adapter on Heater-Shaker Module GEN1 on slot C1, 'E6': E6 of Sample Plate on Opentrons 96 Deep Well Heater-Shaker Adapter on Heater-Shaker Module GEN1 on slot C1, 'F6': F6 of Sample Plate on Opentrons 96 Deep Well Heater-Shaker Adapter on Heater-Shaker Module GEN1 on slot C1, 'G6': G6 of Sample Plate on Opentrons 96 Deep Well Heater-Shaker Adapter on Heater-Shaker Module GEN1 on slot C1, 'H6': H6 of Sample Plate on Opentrons 96 Deep Well Heater-Shaker Adapter on Heater-Shaker Module GEN1 on slot C1, 'A7': A7 of Sample Plate on Opentrons 96 Deep Well Heater-Shaker Adapter on Heater-Shaker Module GEN1 on slot C1, 'B7': B7 of Sample Plate on Opentrons 96 Deep Well Heater-Shaker Adapter on Heater-Shaker Module GEN1 on slot C1, 'C7': C7 of Sample Plate on Opentrons 96 Deep Well Heater-Shaker Adapter on Heater-Shaker Module GEN1 on slot C1, 'D7': D7 of Sample Plate on Opentrons 96 Deep Well Heater-Shaker Adapter on Heater-Shaker Module GEN1 on slot C1, 'E7': E7 of Sample Plate on Opentrons 96 Deep Well Heater-Shaker Adapter on Heater-Shaker Module GEN1 on slot C1, 'F7': F7 of Sample Plate on Opentrons 96 Deep Well Heater-Shaker Adapter on Heater-Shaker Module GEN1 on slot C1, 'G7': G7 of Sample Plate on Opentrons 96 Deep Well Heater-Shaker Adapter on Heater-Shaker Module GEN1 on slot C1, 'H7': H7 of Sample Plate on Opentrons 96 Deep Well Heater-Shaker Adapter on Heater-Shaker Module GEN1 on slot C1, 'A8': A8 of Sample Plate on Opentrons 96 Deep Well Heater-Shaker Adapter on Heater-Shaker Module GEN1 on slot C1, 'B8': B8 of Sample Plate on Opentrons 96 Deep Well Heater-Shaker Adapter on Heater-Shaker Module GEN1 on slot C1, 'C8': C8 of Sample Plate on Opentrons 96 Deep Well Heater-Shaker Adapter on Heater-Shaker Module GEN1 on slot C1, 'D8': D8 of Sample Plate on Opentrons 96 Deep Well Heater-Shaker Adapter on Heater-Shaker Module GEN1 on slot C1, 'E8': E8 of Sample Plate on Opentrons 96 Deep Well Heater-Shaker Adapter on Heater-Shaker Module GEN1 on slot C1, 'F8': F8 of Sample Plate on Opentrons 96 Deep Well Heater-Shaker Adapter on Heater-Shaker Module GEN1 on slot C1, 'G8': G8 of Sample Plate on Opentrons 96 Deep Well Heater-Shaker Adapter on Heater-Shaker Module GEN1 on slot C1, 'H8': H8 of Sample Plate on Opentrons 96 Deep Well Heater-Shaker Adapter on Heater-Shaker Module GEN1 on slot C1, 'A9': A9 of Sample Plate on Opentrons 96 Deep Well Heater-Shaker Adapter on Heater-Shaker Module GEN1 on slot C1, 'B9': B9 of Sample Plate on Opentrons 96 Deep Well Heater-Shaker Adapter on Heater-Shaker Module GEN1 on slot C1, 'C9': C9 of Sample Plate on Opentrons 96 Deep Well Heater-Shaker Adapter on Heater-Shaker Module GEN1 on slot C1, 'D9': D9 of Sample Plate on Opentrons 96 Deep Well Heater-Shaker Adapter on Heater-Shaker Module GEN1 on slot C1, 'E9': E9 of Sample Plate on Opentrons 96 Deep Well Heater-Shaker Adapter on Heater-Shaker Module GEN1 on slot C1, 'F9': F9 of Sample Plate on Opentrons 96 Deep Well Heater-Shaker Adapter on Heater-Shaker Module GEN1 on slot C1, 'G9': G9 of Sample Plate on Opentrons 96 Deep Well Heater-Shaker Adapter on Heater-Shaker Module GEN1 on slot C1, 'H9': H9 of Sample Plate on Opentrons 96 Deep Well Heater-Shaker Adapter on Heater-Shaker Module GEN1 on slot C1, 'A10': A10 of Sample Plate on Opentrons 96 Deep Well Heater-Shaker Adapter on Heater-Shaker Module GEN1 on slot C1, 'B10': B10 of Sample Plate on Opentrons 96 Deep Well Heater-Shaker Adapter on Heater-Shaker Module GEN1 on slot C1, 'C10': C10 of Sample Plate on Opentrons 96 Deep Well Heater-Shaker Adapter on Heater-Shaker Module GEN1 on slot C1, 'D10': D10 of Sample Plate on Opentrons 96 Deep Well Heater-Shaker Adapter on Heater-Shaker Module GEN1 on slot C1, 'E10': E10 of Sample Plate on Opentrons 96 Deep Well Heater-Shaker Adapter on Heater-Shaker Module GEN1 on slot C1, 'F10': F10 of Sample Plate on Opentrons 96 Deep Well Heater-Shaker Adapter on Heater-Shaker Module GEN1 on slot C1, 'G10': G10 of Sample Plate on Opentrons 96 Deep Well Heater-Shaker Adapter on Heater-Shaker Module GEN1 on slot C1, 'H10': H10 of Sample Plate on Opentrons 96 Deep Well Heater-Shaker Adapter on Heater-Shaker Module GEN1 on slot C1, 'A11': A11 of Sample Plate on Opentrons 96 Deep Well Heater-Shaker Adapter on Heater-Shaker Module GEN1 on slot C1, 'B11': B11 of Sample Plate on Opentrons 96 Deep Well Heater-Shaker Adapter on Heater-Shaker Module GEN1 on slot C1, 'C11': C11 of Sample Plate on Opentrons 96 Deep Well Heater-Shaker Adapter on Heater-Shaker Module GEN1 on slot C1, 'D11': D11 of Sample Plate on Opentrons 96 Deep Well Heater-Shaker Adapter on Heater-Shaker Module GEN1 on slot C1, 'E11': E11 of Sample Plate on Opentrons 96 Deep Well Heater-Shaker Adapter on Heater-Shaker Module GEN1 on slot C1, 'F11': F11 of Sample Plate on Opentrons 96 Deep Well Heater-Shaker Adapter on Heater-Shaker Module GEN1 on slot C1, 'G11': G11 of Sample Plate on Opentrons 96 Deep Well Heater-Shaker Adapter on Heater-Shaker Module GEN1 on slot C1, 'H11': H11 of Sample Plate on Opentrons 96 Deep Well Heater-Shaker Adapter on Heater-Shaker Module GEN1 on slot C1, 'A12': A12 of Sample Plate on Opentrons 96 Deep Well Heater-Shaker Adapter on Heater-Shaker Module GEN1 on slot C1, 'B12': B12 of Sample Plate on Opentrons 96 Deep Well Heater-Shaker Adapter on Heater-Shaker Module GEN1 on slot C1, 'C12': C12 of Sample Plate on Opentrons 96 Deep Well Heater-Shaker Adapter on Heater-Shaker Module GEN1 on slot C1, 'D12': D12 of Sample Plate on Opentrons 96 Deep Well Heater-Shaker Adapter on Heater-Shaker Module GEN1 on slot C1, 'E12': E12 of Sample Plate on Opentrons 96 Deep Well Heater-Shaker Adapter on Heater-Shaker Module GEN1 on slot C1, 'F12': F12 of Sample Plate on Opentrons 96 Deep Well Heater-Shaker Adapter on Heater-Shaker Module GEN1 on slot C1, 'G12': G12 of Sample Plate on Opentrons 96 Deep Well Heater-Shaker Adapter on Heater-Shaker Module GEN1 on slot C1, 'H12': H12 of Sample Plate on Opentrons 96 Deep Well Heater-Shaker Adapter on Heater-Shaker Module GEN1 on slot C1}
Loading liquid into {'A1': A1 of Sample Plate on Opentrons 96 Deep Well Heater-Shaker Adapter on Heater-Shaker Module GEN1 on slot C1, 'B1': B1 of Sample Plate on Opentrons 96 Deep Well Heater-Shaker Adapter on Heater-Shaker Module GEN1 on slot C1, 'C1': C1 of Sample Plate on Opentrons 96 Deep Well Heater-Shaker Adapter on Heater-Shaker Module GEN1 on slot C1, 'D1': D1 of Sample Plate on Opentrons 96 Deep Well Heater-Shaker Adapter on Heater-Shaker Module GEN1 on slot C1, 'E1': E1 of Sample Plate on Opentrons 96 Deep Well Heater-Shaker Adapter on Heater-Shaker Module GEN1 on slot C1, 'F1': F1 of Sample Plate on Opentrons 96 Deep Well Heater-Shaker Adapter on Heater-Shaker Module GEN1 on slot C1, 'G1': G1 of Sample Plate on Opentrons 96 Deep Well Heater-Shaker Adapter on Heater-Shaker Module GEN1 on slot C1, 'H1': H1 of Sample Plate on Opentrons 96 Deep Well Heater-Shaker Adapter on Heater-Shaker Module GEN1 on slot C1, 'A2': A2 of Sample Plate on Opentrons 96 Deep Well Heater-Shaker Adapter on Heater-Shaker Module GEN1 on slot C1, 'B2': B2 of Sample Plate on Opentrons 96 Deep Well Heater-Shaker Adapter on Heater-Shaker Module GEN1 on slot C1, 'C2': C2 of Sample Plate on Opentrons 96 Deep Well Heater-Shaker Adapter on Heater-Shaker Module GEN1 on slot C1, 'D2': D2 of Sample Plate on Opentrons 96 Deep Well Heater-Shaker Adapter on Heater-Shaker Module GEN1 on slot C1, 'E2': E2 of Sample Plate on Opentrons 96 Deep Well Heater-Shaker Adapter on Heater-Shaker Module GEN1 on slot C1, 'F2': F2 of Sample Plate on Opentrons 96 Deep Well Heater-Shaker Adapter on Heater-Shaker Module GEN1 on slot C1, 'G2': G2 of Sample Plate on Opentrons 96 Deep Well Heater-Shaker Adapter on Heater-Shaker Module GEN1 on slot C1, 'H2': H2 of Sample Plate on Opentrons 96 Deep Well Heater-Shaker Adapter on Heater-Shaker Module GEN1 on slot C1, 'A3': A3 of Sample Plate on Opentrons 96 Deep Well Heater-Shaker Adapter on Heater-Shaker Module GEN1 on slot C1, 'B3': B3 of Sample Plate on Opentrons 96 Deep Well Heater-Shaker Adapter on Heater-Shaker Module GEN1 on slot C1, 'C3': C3 of Sample Plate on Opentrons 96 Deep Well Heater-Shaker Adapter on Heater-Shaker Module GEN1 on slot C1, 'D3': D3 of Sample Plate on Opentrons 96 Deep Well Heater-Shaker Adapter on Heater-Shaker Module GEN1 on slot C1, 'E3': E3 of Sample Plate on Opentrons 96 Deep Well Heater-Shaker Adapter on Heater-Shaker Module GEN1 on slot C1, 'F3': F3 of Sample Plate on Opentrons 96 Deep Well Heater-Shaker Adapter on Heater-Shaker Module GEN1 on slot C1, 'G3': G3 of Sample Plate on Opentrons 96 Deep Well Heater-Shaker Adapter on Heater-Shaker Module GEN1 on slot C1, 'H3': H3 of Sample Plate on Opentrons 96 Deep Well Heater-Shaker Adapter on Heater-Shaker Module GEN1 on slot C1, 'A4': A4 of Sample Plate on Opentrons 96 Deep Well Heater-Shaker Adapter on Heater-Shaker Module GEN1 on slot C1, 'B4': B4 of Sample Plate on Opentrons 96 Deep Well Heater-Shaker Adapter on Heater-Shaker Module GEN1 on slot C1, 'C4': C4 of Sample Plate on Opentrons 96 Deep Well Heater-Shaker Adapter on Heater-Shaker Module GEN1 on slot C1, 'D4': D4 of Sample Plate on Opentrons 96 Deep Well Heater-Shaker Adapter on Heater-Shaker Module GEN1 on slot C1, 'E4': E4 of Sample Plate on Opentrons 96 Deep Well Heater-Shaker Adapter on Heater-Shaker Module GEN1 on slot C1, 'F4': F4 of Sample Plate on Opentrons 96 Deep Well Heater-Shaker Adapter on Heater-Shaker Module GEN1 on slot C1, 'G4': G4 of Sample Plate on Opentrons 96 Deep Well Heater-Shaker Adapter on Heater-Shaker Module GEN1 on slot C1, 'H4': H4 of Sample Plate on Opentrons 96 Deep Well Heater-Shaker Adapter on Heater-Shaker Module GEN1 on slot C1, 'A5': A5 of Sample Plate on Opentrons 96 Deep Well Heater-Shaker Adapter on Heater-Shaker Module GEN1 on slot C1, 'B5': B5 of Sample Plate on Opentrons 96 Deep Well Heater-Shaker Adapter on Heater-Shaker Module GEN1 on slot C1, 'C5': C5 of Sample Plate on Opentrons 96 Deep Well Heater-Shaker Adapter on Heater-Shaker Module GEN1 on slot C1, 'D5': D5 of Sample Plate on Opentrons 96 Deep Well Heater-Shaker Adapter on Heater-Shaker Module GEN1 on slot C1, 'E5': E5 of Sample Plate on Opentrons 96 Deep Well Heater-Shaker Adapter on Heater-Shaker Module GEN1 on slot C1, 'F5': F5 of Sample Plate on Opentrons 96 Deep Well Heater-Shaker Adapter on Heater-Shaker Module GEN1 on slot C1, 'G5': G5 of Sample Plate on Opentrons 96 Deep Well Heater-Shaker Adapter on Heater-Shaker Module GEN1 on slot C1, 'H5': H5 of Sample Plate on Opentrons 96 Deep Well Heater-Shaker Adapter on Heater-Shaker Module GEN1 on slot C1, 'A6': A6 of Sample Plate on Opentrons 96 Deep Well Heater-Shaker Adapter on Heater-Shaker Module GEN1 on slot C1, 'B6': B6 of Sample Plate on Opentrons 96 Deep Well Heater-Shaker Adapter on Heater-Shaker Module GEN1 on slot C1, 'C6': C6 of Sample Plate on Opentrons 96 Deep Well Heater-Shaker Adapter on Heater-Shaker Module GEN1 on slot C1, 'D6': D6 of Sample Plate on Opentrons 96 Deep Well Heater-Shaker Adapter on Heater-Shaker Module GEN1 on slot C1, 'E6': E6 of Sample Plate on Opentrons 96 Deep Well Heater-Shaker Adapter on Heater-Shaker Module GEN1 on slot C1, 'F6': F6 of Sample Plate on Opentrons 96 Deep Well Heater-Shaker Adapter on Heater-Shaker Module GEN1 on slot C1, 'G6': G6 of Sample Plate on Opentrons 96 Deep Well Heater-Shaker Adapter on Heater-Shaker Module GEN1 on slot C1, 'H6': H6 of Sample Plate on Opentrons 96 Deep Well Heater-Shaker Adapter on Heater-Shaker Module GEN1 on slot C1, 'A7': A7 of Sample Plate on Opentrons 96 Deep Well Heater-Shaker Adapter on Heater-Shaker Module GEN1 on slot C1, 'B7': B7 of Sample Plate on Opentrons 96 Deep Well Heater-Shaker Adapter on Heater-Shaker Module GEN1 on slot C1, 'C7': C7 of Sample Plate on Opentrons 96 Deep Well Heater-Shaker Adapter on Heater-Shaker Module GEN1 on slot C1, 'D7': D7 of Sample Plate on Opentrons 96 Deep Well Heater-Shaker Adapter on Heater-Shaker Module GEN1 on slot C1, 'E7': E7 of Sample Plate on Opentrons 96 Deep Well Heater-Shaker Adapter on Heater-Shaker Module GEN1 on slot C1, 'F7': F7 of Sample Plate on Opentrons 96 Deep Well Heater-Shaker Adapter on Heater-Shaker Module GEN1 on slot C1, 'G7': G7 of Sample Plate on Opentrons 96 Deep Well Heater-Shaker Adapter on Heater-Shaker Module GEN1 on slot C1, 'H7': H7 of Sample Plate on Opentrons 96 Deep Well Heater-Shaker Adapter on Heater-Shaker Module GEN1 on slot C1, 'A8': A8 of Sample Plate on Opentrons 96 Deep Well Heater-Shaker Adapter on Heater-Shaker Module GEN1 on slot C1, 'B8': B8 of Sample Plate on Opentrons 96 Deep Well Heater-Shaker Adapter on Heater-Shaker Module GEN1 on slot C1, 'C8': C8 of Sample Plate on Opentrons 96 Deep Well Heater-Shaker Adapter on Heater-Shaker Module GEN1 on slot C1, 'D8': D8 of Sample Plate on Opentrons 96 Deep Well Heater-Shaker Adapter on Heater-Shaker Module GEN1 on slot C1, 'E8': E8 of Sample Plate on Opentrons 96 Deep Well Heater-Shaker Adapter on Heater-Shaker Module GEN1 on slot C1, 'F8': F8 of Sample Plate on Opentrons 96 Deep Well Heater-Shaker Adapter on Heater-Shaker Module GEN1 on slot C1, 'G8': G8 of Sample Plate on Opentrons 96 Deep Well Heater-Shaker Adapter on Heater-Shaker Module GEN1 on slot C1, 'H8': H8 of Sample Plate on Opentrons 96 Deep Well Heater-Shaker Adapter on Heater-Shaker Module GEN1 on slot C1, 'A9': A9 of Sample Plate on Opentrons 96 Deep Well Heater-Shaker Adapter on Heater-Shaker Module GEN1 on slot C1, 'B9': B9 of Sample Plate on Opentrons 96 Deep Well Heater-Shaker Adapter on Heater-Shaker Module GEN1 on slot C1, 'C9': C9 of Sample Plate on Opentrons 96 Deep Well Heater-Shaker Adapter on Heater-Shaker Module GEN1 on slot C1, 'D9': D9 of Sample Plate on Opentrons 96 Deep Well Heater-Shaker Adapter on Heater-Shaker Module GEN1 on slot C1, 'E9': E9 of Sample Plate on Opentrons 96 Deep Well Heater-Shaker Adapter on Heater-Shaker Module GEN1 on slot C1, 'F9': F9 of Sample Plate on Opentrons 96 Deep Well Heater-Shaker Adapter on Heater-Shaker Module GEN1 on slot C1, 'G9': G9 of Sample Plate on Opentrons 96 Deep Well Heater-Shaker Adapter on Heater-Shaker Module GEN1 on slot C1, 'H9': H9 of Sample Plate on Opentrons 96 Deep Well Heater-Shaker Adapter on Heater-Shaker Module GEN1 on slot C1, 'A10': A10 of Sample Plate on Opentrons 96 Deep Well Heater-Shaker Adapter on Heater-Shaker Module GEN1 on slot C1, 'B10': B10 of Sample Plate on Opentrons 96 Deep Well Heater-Shaker Adapter on Heater-Shaker Module GEN1 on slot C1, 'C10': C10 of Sample Plate on Opentrons 96 Deep Well Heater-Shaker Adapter on Heater-Shaker Module GEN1 on slot C1, 'D10': D10 of Sample Plate on Opentrons 96 Deep Well Heater-Shaker Adapter on Heater-Shaker Module GEN1 on slot C1, 'E10': E10 of Sample Plate on Opentrons 96 Deep Well Heater-Shaker Adapter on Heater-Shaker Module GEN1 on slot C1, 'F10': F10 of Sample Plate on Opentrons 96 Deep Well Heater-Shaker Adapter on Heater-Shaker Module GEN1 on slot C1, 'G10': G10 of Sample Plate on Opentrons 96 Deep Well Heater-Shaker Adapter on Heater-Shaker Module GEN1 on slot C1, 'H10': H10 of Sample Plate on Opentrons 96 Deep Well Heater-Shaker Adapter on Heater-Shaker Module GEN1 on slot C1, 'A11': A11 of Sample Plate on Opentrons 96 Deep Well Heater-Shaker Adapter on Heater-Shaker Module GEN1 on slot C1, 'B11': B11 of Sample Plate on Opentrons 96 Deep Well Heater-Shaker Adapter on Heater-Shaker Module GEN1 on slot C1, 'C11': C11 of Sample Plate on Opentrons 96 Deep Well Heater-Shaker Adapter on Heater-Shaker Module GEN1 on slot C1, 'D11': D11 of Sample Plate on Opentrons 96 Deep Well Heater-Shaker Adapter on Heater-Shaker Module GEN1 on slot C1, 'E11': E11 of Sample Plate on Opentrons 96 Deep Well Heater-Shaker Adapter on Heater-Shaker Module GEN1 on slot C1, 'F11': F11 of Sample Plate on Opentrons 96 Deep Well Heater-Shaker Adapter on Heater-Shaker Module GEN1 on slot C1, 'G11': G11 of Sample Plate on Opentrons 96 Deep Well Heater-Shaker Adapter on Heater-Shaker Module GEN1 on slot C1, 'H11': H11 of Sample Plate on Opentrons 96 Deep Well Heater-Shaker Adapter on Heater-Shaker Module GEN1 on slot C1, 'A12': A12 of Sample Plate on Opentrons 96 Deep Well Heater-Shaker Adapter on Heater-Shaker Module GEN1 on slot C1, 'B12': B12 of Sample Plate on Opentrons 96 Deep Well Heater-Shaker Adapter on Heater-Shaker Module GEN1 on slot C1, 'C12': C12 of Sample Plate on Opentrons 96 Deep Well Heater-Shaker Adapter on Heater-Shaker Module GEN1 on slot C1, 'D12': D12 of Sample Plate on Opentrons 96 Deep Well Heater-Shaker Adapter on Heater-Shaker Module GEN1 on slot C1, 'E12': E12 of Sample Plate on Opentrons 96 Deep Well Heater-Shaker Adapter on Heater-Shaker Module GEN1 on slot C1, 'F12': F12 of Sample Plate on Opentrons 96 Deep Well Heater-Shaker Adapter on Heater-Shaker Module GEN1 on slot C1, 'G12': G12 of Sample Plate on Opentrons 96 Deep Well Heater-Shaker Adapter on Heater-Shaker Module GEN1 on slot C1, 'H12': H12 of Sample Plate on Opentrons 96 Deep Well Heater-Shaker Adapter on Heater-Shaker Module GEN1 on slot C1}
Loading liquid into {'A1': A1 of Sample Plate on Opentrons 96 Deep Well Heater-Shaker Adapter on Heater-Shaker Module GEN1 on slot C1, 'B1': B1 of Sample Plate on Opentrons 96 Deep Well Heater-Shaker Adapter on Heater-Shaker Module GEN1 on slot C1, 'C1': C1 of Sample Plate on Opentrons 96 Deep Well Heater-Shaker Adapter on Heater-Shaker Module GEN1 on slot C1, 'D1': D1 of Sample Plate on Opentrons 96 Deep Well Heater-Shaker Adapter on Heater-Shaker Module GEN1 on slot C1, 'E1': E1 of Sample Plate on Opentrons 96 Deep Well Heater-Shaker Adapter on Heater-Shaker Module GEN1 on slot C1, 'F1': F1 of Sample Plate on Opentrons 96 Deep Well Heater-Shaker Adapter on Heater-Shaker Module GEN1 on slot C1, 'G1': G1 of Sample Plate on Opentrons 96 Deep Well Heater-Shaker Adapter on Heater-Shaker Module GEN1 on slot C1, 'H1': H1 of Sample Plate on Opentrons 96 Deep Well Heater-Shaker Adapter on Heater-Shaker Module GEN1 on slot C1, 'A2': A2 of Sample Plate on Opentrons 96 Deep Well Heater-Shaker Adapter on Heater-Shaker Module GEN1 on slot C1, 'B2': B2 of Sample Plate on Opentrons 96 Deep Well Heater-Shaker Adapter on Heater-Shaker Module GEN1 on slot C1, 'C2': C2 of Sample Plate on Opentrons 96 Deep Well Heater-Shaker Adapter on Heater-Shaker Module GEN1 on slot C1, 'D2': D2 of Sample Plate on Opentrons 96 Deep Well Heater-Shaker Adapter on Heater-Shaker Module GEN1 on slot C1, 'E2': E2 of Sample Plate on Opentrons 96 Deep Well Heater-Shaker Adapter on Heater-Shaker Module GEN1 on slot C1, 'F2': F2 of Sample Plate on Opentrons 96 Deep Well Heater-Shaker Adapter on Heater-Shaker Module GEN1 on slot C1, 'G2': G2 of Sample Plate on Opentrons 96 Deep Well Heater-Shaker Adapter on Heater-Shaker Module GEN1 on slot C1, 'H2': H2 of Sample Plate on Opentrons 96 Deep Well Heater-Shaker Adapter on Heater-Shaker Module GEN1 on slot C1, 'A3': A3 of Sample Plate on Opentrons 96 Deep Well Heater-Shaker Adapter on Heater-Shaker Module GEN1 on slot C1, 'B3': B3 of Sample Plate on Opentrons 96 Deep Well Heater-Shaker Adapter on Heater-Shaker Module GEN1 on slot C1, 'C3': C3 of Sample Plate on Opentrons 96 Deep Well Heater-Shaker Adapter on Heater-Shaker Module GEN1 on slot C1, 'D3': D3 of Sample Plate on Opentrons 96 Deep Well Heater-Shaker Adapter on Heater-Shaker Module GEN1 on slot C1, 'E3': E3 of Sample Plate on Opentrons 96 Deep Well Heater-Shaker Adapter on Heater-Shaker Module GEN1 on slot C1, 'F3': F3 of Sample Plate on Opentrons 96 Deep Well Heater-Shaker Adapter on Heater-Shaker Module GEN1 on slot C1, 'G3': G3 of Sample Plate on Opentrons 96 Deep Well Heater-Shaker Adapter on Heater-Shaker Module GEN1 on slot C1, 'H3': H3 of Sample Plate on Opentrons 96 Deep Well Heater-Shaker Adapter on Heater-Shaker Module GEN1 on slot C1, 'A4': A4 of Sample Plate on Opentrons 96 Deep Well Heater-Shaker Adapter on Heater-Shaker Module GEN1 on slot C1, 'B4': B4 of Sample Plate on Opentrons 96 Deep Well Heater-Shaker Adapter on Heater-Shaker Module GEN1 on slot C1, 'C4': C4 of Sample Plate on Opentrons 96 Deep Well Heater-Shaker Adapter on Heater-Shaker Module GEN1 on slot C1, 'D4': D4 of Sample Plate on Opentrons 96 Deep Well Heater-Shaker Adapter on Heater-Shaker Module GEN1 on slot C1, 'E4': E4 of Sample Plate on Opentrons 96 Deep Well Heater-Shaker Adapter on Heater-Shaker Module GEN1 on slot C1, 'F4': F4 of Sample Plate on Opentrons 96 Deep Well Heater-Shaker Adapter on Heater-Shaker Module GEN1 on slot C1, 'G4': G4 of Sample Plate on Opentrons 96 Deep Well Heater-Shaker Adapter on Heater-Shaker Module GEN1 on slot C1, 'H4': H4 of Sample Plate on Opentrons 96 Deep Well Heater-Shaker Adapter on Heater-Shaker Module GEN1 on slot C1, 'A5': A5 of Sample Plate on Opentrons 96 Deep Well Heater-Shaker Adapter on Heater-Shaker Module GEN1 on slot C1, 'B5': B5 of Sample Plate on Opentrons 96 Deep Well Heater-Shaker Adapter on Heater-Shaker Module GEN1 on slot C1, 'C5': C5 of Sample Plate on Opentrons 96 Deep Well Heater-Shaker Adapter on Heater-Shaker Module GEN1 on slot C1, 'D5': D5 of Sample Plate on Opentrons 96 Deep Well Heater-Shaker Adapter on Heater-Shaker Module GEN1 on slot C1, 'E5': E5 of Sample Plate on Opentrons 96 Deep Well Heater-Shaker Adapter on Heater-Shaker Module GEN1 on slot C1, 'F5': F5 of Sample Plate on Opentrons 96 Deep Well Heater-Shaker Adapter on Heater-Shaker Module GEN1 on slot C1, 'G5': G5 of Sample Plate on Opentrons 96 Deep Well Heater-Shaker Adapter on Heater-Shaker Module GEN1 on slot C1, 'H5': H5 of Sample Plate on Opentrons 96 Deep Well Heater-Shaker Adapter on Heater-Shaker Module GEN1 on slot C1, 'A6': A6 of Sample Plate on Opentrons 96 Deep Well Heater-Shaker Adapter on Heater-Shaker Module GEN1 on slot C1, 'B6': B6 of Sample Plate on Opentrons 96 Deep Well Heater-Shaker Adapter on Heater-Shaker Module GEN1 on slot C1, 'C6': C6 of Sample Plate on Opentrons 96 Deep Well Heater-Shaker Adapter on Heater-Shaker Module GEN1 on slot C1, 'D6': D6 of Sample Plate on Opentrons 96 Deep Well Heater-Shaker Adapter on Heater-Shaker Module GEN1 on slot C1, 'E6': E6 of Sample Plate on Opentrons 96 Deep Well Heater-Shaker Adapter on Heater-Shaker Module GEN1 on slot C1, 'F6': F6 of Sample Plate on Opentrons 96 Deep Well Heater-Shaker Adapter on Heater-Shaker Module GEN1 on slot C1, 'G6': G6 of Sample Plate on Opentrons 96 Deep Well Heater-Shaker Adapter on Heater-Shaker Module GEN1 on slot C1, 'H6': H6 of Sample Plate on Opentrons 96 Deep Well Heater-Shaker Adapter on Heater-Shaker Module GEN1 on slot C1, 'A7': A7 of Sample Plate on Opentrons 96 Deep Well Heater-Shaker Adapter on Heater-Shaker Module GEN1 on slot C1, 'B7': B7 of Sample Plate on Opentrons 96 Deep Well Heater-Shaker Adapter on Heater-Shaker Module GEN1 on slot C1, 'C7': C7 of Sample Plate on Opentrons 96 Deep Well Heater-Shaker Adapter on Heater-Shaker Module GEN1 on slot C1, 'D7': D7 of Sample Plate on Opentrons 96 Deep Well Heater-Shaker Adapter on Heater-Shaker Module GEN1 on slot C1, 'E7': E7 of Sample Plate on Opentrons 96 Deep Well Heater-Shaker Adapter on Heater-Shaker Module GEN1 on slot C1, 'F7': F7 of Sample Plate on Opentrons 96 Deep Well Heater-Shaker Adapter on Heater-Shaker Module GEN1 on slot C1, 'G7': G7 of Sample Plate on Opentrons 96 Deep Well Heater-Shaker Adapter on Heater-Shaker Module GEN1 on slot C1, 'H7': H7 of Sample Plate on Opentrons 96 Deep Well Heater-Shaker Adapter on Heater-Shaker Module GEN1 on slot C1, 'A8': A8 of Sample Plate on Opentrons 96 Deep Well Heater-Shaker Adapter on Heater-Shaker Module GEN1 on slot C1, 'B8': B8 of Sample Plate on Opentrons 96 Deep Well Heater-Shaker Adapter on Heater-Shaker Module GEN1 on slot C1, 'C8': C8 of Sample Plate on Opentrons 96 Deep Well Heater-Shaker Adapter on Heater-Shaker Module GEN1 on slot C1, 'D8': D8 of Sample Plate on Opentrons 96 Deep Well Heater-Shaker Adapter on Heater-Shaker Module GEN1 on slot C1, 'E8': E8 of Sample Plate on Opentrons 96 Deep Well Heater-Shaker Adapter on Heater-Shaker Module GEN1 on slot C1, 'F8': F8 of Sample Plate on Opentrons 96 Deep Well Heater-Shaker Adapter on Heater-Shaker Module GEN1 on slot C1, 'G8': G8 of Sample Plate on Opentrons 96 Deep Well Heater-Shaker Adapter on Heater-Shaker Module GEN1 on slot C1, 'H8': H8 of Sample Plate on Opentrons 96 Deep Well Heater-Shaker Adapter on Heater-Shaker Module GEN1 on slot C1, 'A9': A9 of Sample Plate on Opentrons 96 Deep Well Heater-Shaker Adapter on Heater-Shaker Module GEN1 on slot C1, 'B9': B9 of Sample Plate on Opentrons 96 Deep Well Heater-Shaker Adapter on Heater-Shaker Module GEN1 on slot C1, 'C9': C9 of Sample Plate on Opentrons 96 Deep Well Heater-Shaker Adapter on Heater-Shaker Module GEN1 on slot C1, 'D9': D9 of Sample Plate on Opentrons 96 Deep Well Heater-Shaker Adapter on Heater-Shaker Module GEN1 on slot C1, 'E9': E9 of Sample Plate on Opentrons 96 Deep Well Heater-Shaker Adapter on Heater-Shaker Module GEN1 on slot C1, 'F9': F9 of Sample Plate on Opentrons 96 Deep Well Heater-Shaker Adapter on Heater-Shaker Module GEN1 on slot C1, 'G9': G9 of Sample Plate on Opentrons 96 Deep Well Heater-Shaker Adapter on Heater-Shaker Module GEN1 on slot C1, 'H9': H9 of Sample Plate on Opentrons 96 Deep Well Heater-Shaker Adapter on Heater-Shaker Module GEN1 on slot C1, 'A10': A10 of Sample Plate on Opentrons 96 Deep Well Heater-Shaker Adapter on Heater-Shaker Module GEN1 on slot C1, 'B10': B10 of Sample Plate on Opentrons 96 Deep Well Heater-Shaker Adapter on Heater-Shaker Module GEN1 on slot C1, 'C10': C10 of Sample Plate on Opentrons 96 Deep Well Heater-Shaker Adapter on Heater-Shaker Module GEN1 on slot C1, 'D10': D10 of Sample Plate on Opentrons 96 Deep Well Heater-Shaker Adapter on Heater-Shaker Module GEN1 on slot C1, 'E10': E10 of Sample Plate on Opentrons 96 Deep Well Heater-Shaker Adapter on Heater-Shaker Module GEN1 on slot C1, 'F10': F10 of Sample Plate on Opentrons 96 Deep Well Heater-Shaker Adapter on Heater-Shaker Module GEN1 on slot C1, 'G10': G10 of Sample Plate on Opentrons 96 Deep Well Heater-Shaker Adapter on Heater-Shaker Module GEN1 on slot C1, 'H10': H10 of Sample Plate on Opentrons 96 Deep Well Heater-Shaker Adapter on Heater-Shaker Module GEN1 on slot C1, 'A11': A11 of Sample Plate on Opentrons 96 Deep Well Heater-Shaker Adapter on Heater-Shaker Module GEN1 on slot C1, 'B11': B11 of Sample Plate on Opentrons 96 Deep Well Heater-Shaker Adapter on Heater-Shaker Module GEN1 on slot C1, 'C11': C11 of Sample Plate on Opentrons 96 Deep Well Heater-Shaker Adapter on Heater-Shaker Module GEN1 on slot C1, 'D11': D11 of Sample Plate on Opentrons 96 Deep Well Heater-Shaker Adapter on Heater-Shaker Module GEN1 on slot C1, 'E11': E11 of Sample Plate on Opentrons 96 Deep Well Heater-Shaker Adapter on Heater-Shaker Module GEN1 on slot C1, 'F11': F11 of Sample Plate on Opentrons 96 Deep Well Heater-Shaker Adapter on Heater-Shaker Module GEN1 on slot C1, 'G11': G11 of Sample Plate on Opentrons 96 Deep Well Heater-Shaker Adapter on Heater-Shaker Module GEN1 on slot C1, 'H11': H11 of Sample Plate on Opentrons 96 Deep Well Heater-Shaker Adapter on Heater-Shaker Module GEN1 on slot C1, 'A12': A12 of Sample Plate on Opentrons 96 Deep Well Heater-Shaker Adapter on Heater-Shaker Module GEN1 on slot C1, 'B12': B12 of Sample Plate on Opentrons 96 Deep Well Heater-Shaker Adapter on Heater-Shaker Module GEN1 on slot C1, 'C12': C12 of Sample Plate on Opentrons 96 Deep Well Heater-Shaker Adapter on Heater-Shaker Module GEN1 on slot C1, 'D12': D12 of Sample Plate on Opentrons 96 Deep Well Heater-Shaker Adapter on Heater-Shaker Module GEN1 on slot C1, 'E12': E12 of Sample Plate on Opentrons 96 Deep Well Heater-Shaker Adapter on Heater-Shaker Module GEN1 on slot C1, 'F12': F12 of Sample Plate on Opentrons 96 Deep Well Heater-Shaker Adapter on Heater-Shaker Module GEN1 on slot C1, 'G12': G12 of Sample Plate on Opentrons 96 Deep Well Heater-Shaker Adapter on Heater-Shaker Module GEN1 on slot C1, 'H12': H12 of Sample Plate on Opentrons 96 Deep Well Heater-Shaker Adapter on Heater-Shaker Module GEN1 on slot C1}
Loading liquid into {'A1': A1 of Sample Plate on Opentrons 96 Deep Well Heater-Shaker Adapter on Heater-Shaker Module GEN1 on slot C1, 'B1': B1 of Sample Plate on Opentrons 96 Deep Well Heater-Shaker Adapter on Heater-Shaker Module GEN1 on slot C1, 'C1': C1 of Sample Plate on Opentrons 96 Deep Well Heater-Shaker Adapter on Heater-Shaker Module GEN1 on slot C1, 'D1': D1 of Sample Plate on Opentrons 96 Deep Well Heater-Shaker Adapter on Heater-Shaker Module GEN1 on slot C1, 'E1': E1 of Sample Plate on Opentrons 96 Deep Well Heater-Shaker Adapter on Heater-Shaker Module GEN1 on slot C1, 'F1': F1 of Sample Plate on Opentrons 96 Deep Well Heater-Shaker Adapter on Heater-Shaker Module GEN1 on slot C1, 'G1': G1 of Sample Plate on Opentrons 96 Deep Well Heater-Shaker Adapter on Heater-Shaker Module GEN1 on slot C1, 'H1': H1 of Sample Plate on Opentrons 96 Deep Well Heater-Shaker Adapter on Heater-Shaker Module GEN1 on slot C1, 'A2': A2 of Sample Plate on Opentrons 96 Deep Well Heater-Shaker Adapter on Heater-Shaker Module GEN1 on slot C1, 'B2': B2 of Sample Plate on Opentrons 96 Deep Well Heater-Shaker Adapter on Heater-Shaker Module GEN1 on slot C1, 'C2': C2 of Sample Plate on Opentrons 96 Deep Well Heater-Shaker Adapter on Heater-Shaker Module GEN1 on slot C1, 'D2': D2 of Sample Plate on Opentrons 96 Deep Well Heater-Shaker Adapter on Heater-Shaker Module GEN1 on slot C1, 'E2': E2 of Sample Plate on Opentrons 96 Deep Well Heater-Shaker Adapter on Heater-Shaker Module GEN1 on slot C1, 'F2': F2 of Sample Plate on Opentrons 96 Deep Well Heater-Shaker Adapter on Heater-Shaker Module GEN1 on slot C1, 'G2': G2 of Sample Plate on Opentrons 96 Deep Well Heater-Shaker Adapter on Heater-Shaker Module GEN1 on slot C1, 'H2': H2 of Sample Plate on Opentrons 96 Deep Well Heater-Shaker Adapter on Heater-Shaker Module GEN1 on slot C1, 'A3': A3 of Sample Plate on Opentrons 96 Deep Well Heater-Shaker Adapter on Heater-Shaker Module GEN1 on slot C1, 'B3': B3 of Sample Plate on Opentrons 96 Deep Well Heater-Shaker Adapter on Heater-Shaker Module GEN1 on slot C1, 'C3': C3 of Sample Plate on Opentrons 96 Deep Well Heater-Shaker Adapter on Heater-Shaker Module GEN1 on slot C1, 'D3': D3 of Sample Plate on Opentrons 96 Deep Well Heater-Shaker Adapter on Heater-Shaker Module GEN1 on slot C1, 'E3': E3 of Sample Plate on Opentrons 96 Deep Well Heater-Shaker Adapter on Heater-Shaker Module GEN1 on slot C1, 'F3': F3 of Sample Plate on Opentrons 96 Deep Well Heater-Shaker Adapter on Heater-Shaker Module GEN1 on slot C1, 'G3': G3 of Sample Plate on Opentrons 96 Deep Well Heater-Shaker Adapter on Heater-Shaker Module GEN1 on slot C1, 'H3': H3 of Sample Plate on Opentrons 96 Deep Well Heater-Shaker Adapter on Heater-Shaker Module GEN1 on slot C1, 'A4': A4 of Sample Plate on Opentrons 96 Deep Well Heater-Shaker Adapter on Heater-Shaker Module GEN1 on slot C1, 'B4': B4 of Sample Plate on Opentrons 96 Deep Well Heater-Shaker Adapter on Heater-Shaker Module GEN1 on slot C1, 'C4': C4 of Sample Plate on Opentrons 96 Deep Well Heater-Shaker Adapter on Heater-Shaker Module GEN1 on slot C1, 'D4': D4 of Sample Plate on Opentrons 96 Deep Well Heater-Shaker Adapter on Heater-Shaker Module GEN1 on slot C1, 'E4': E4 of Sample Plate on Opentrons 96 Deep Well Heater-Shaker Adapter on Heater-Shaker Module GEN1 on slot C1, 'F4': F4 of Sample Plate on Opentrons 96 Deep Well Heater-Shaker Adapter on Heater-Shaker Module GEN1 on slot C1, 'G4': G4 of Sample Plate on Opentrons 96 Deep Well Heater-Shaker Adapter on Heater-Shaker Module GEN1 on slot C1, 'H4': H4 of Sample Plate on Opentrons 96 Deep Well Heater-Shaker Adapter on Heater-Shaker Module GEN1 on slot C1, 'A5': A5 of Sample Plate on Opentrons 96 Deep Well Heater-Shaker Adapter on Heater-Shaker Module GEN1 on slot C1, 'B5': B5 of Sample Plate on Opentrons 96 Deep Well Heater-Shaker Adapter on Heater-Shaker Module GEN1 on slot C1, 'C5': C5 of Sample Plate on Opentrons 96 Deep Well Heater-Shaker Adapter on Heater-Shaker Module GEN1 on slot C1, 'D5': D5 of Sample Plate on Opentrons 96 Deep Well Heater-Shaker Adapter on Heater-Shaker Module GEN1 on slot C1, 'E5': E5 of Sample Plate on Opentrons 96 Deep Well Heater-Shaker Adapter on Heater-Shaker Module GEN1 on slot C1, 'F5': F5 of Sample Plate on Opentrons 96 Deep Well Heater-Shaker Adapter on Heater-Shaker Module GEN1 on slot C1, 'G5': G5 of Sample Plate on Opentrons 96 Deep Well Heater-Shaker Adapter on Heater-Shaker Module GEN1 on slot C1, 'H5': H5 of Sample Plate on Opentrons 96 Deep Well Heater-Shaker Adapter on Heater-Shaker Module GEN1 on slot C1, 'A6': A6 of Sample Plate on Opentrons 96 Deep Well Heater-Shaker Adapter on Heater-Shaker Module GEN1 on slot C1, 'B6': B6 of Sample Plate on Opentrons 96 Deep Well Heater-Shaker Adapter on Heater-Shaker Module GEN1 on slot C1, 'C6': C6 of Sample Plate on Opentrons 96 Deep Well Heater-Shaker Adapter on Heater-Shaker Module GEN1 on slot C1, 'D6': D6 of Sample Plate on Opentrons 96 Deep Well Heater-Shaker Adapter on Heater-Shaker Module GEN1 on slot C1, 'E6': E6 of Sample Plate on Opentrons 96 Deep Well Heater-Shaker Adapter on Heater-Shaker Module GEN1 on slot C1, 'F6': F6 of Sample Plate on Opentrons 96 Deep Well Heater-Shaker Adapter on Heater-Shaker Module GEN1 on slot C1, 'G6': G6 of Sample Plate on Opentrons 96 Deep Well Heater-Shaker Adapter on Heater-Shaker Module GEN1 on slot C1, 'H6': H6 of Sample Plate on Opentrons 96 Deep Well Heater-Shaker Adapter on Heater-Shaker Module GEN1 on slot C1, 'A7': A7 of Sample Plate on Opentrons 96 Deep Well Heater-Shaker Adapter on Heater-Shaker Module GEN1 on slot C1, 'B7': B7 of Sample Plate on Opentrons 96 Deep Well Heater-Shaker Adapter on Heater-Shaker Module GEN1 on slot C1, 'C7': C7 of Sample Plate on Opentrons 96 Deep Well Heater-Shaker Adapter on Heater-Shaker Module GEN1 on slot C1, 'D7': D7 of Sample Plate on Opentrons 96 Deep Well Heater-Shaker Adapter on Heater-Shaker Module GEN1 on slot C1, 'E7': E7 of Sample Plate on Opentrons 96 Deep Well Heater-Shaker Adapter on Heater-Shaker Module GEN1 on slot C1, 'F7': F7 of Sample Plate on Opentrons 96 Deep Well Heater-Shaker Adapter on Heater-Shaker Module GEN1 on slot C1, 'G7': G7 of Sample Plate on Opentrons 96 Deep Well Heater-Shaker Adapter on Heater-Shaker Module GEN1 on slot C1, 'H7': H7 of Sample Plate on Opentrons 96 Deep Well Heater-Shaker Adapter on Heater-Shaker Module GEN1 on slot C1, 'A8': A8 of Sample Plate on Opentrons 96 Deep Well Heater-Shaker Adapter on Heater-Shaker Module GEN1 on slot C1, 'B8': B8 of Sample Plate on Opentrons 96 Deep Well Heater-Shaker Adapter on Heater-Shaker Module GEN1 on slot C1, 'C8': C8 of Sample Plate on Opentrons 96 Deep Well Heater-Shaker Adapter on Heater-Shaker Module GEN1 on slot C1, 'D8': D8 of Sample Plate on Opentrons 96 Deep Well Heater-Shaker Adapter on Heater-Shaker Module GEN1 on slot C1, 'E8': E8 of Sample Plate on Opentrons 96 Deep Well Heater-Shaker Adapter on Heater-Shaker Module GEN1 on slot C1, 'F8': F8 of Sample Plate on Opentrons 96 Deep Well Heater-Shaker Adapter on Heater-Shaker Module GEN1 on slot C1, 'G8': G8 of Sample Plate on Opentrons 96 Deep Well Heater-Shaker Adapter on Heater-Shaker Module GEN1 on slot C1, 'H8': H8 of Sample Plate on Opentrons 96 Deep Well Heater-Shaker Adapter on Heater-Shaker Module GEN1 on slot C1, 'A9': A9 of Sample Plate on Opentrons 96 Deep Well Heater-Shaker Adapter on Heater-Shaker Module GEN1 on slot C1, 'B9': B9 of Sample Plate on Opentrons 96 Deep Well Heater-Shaker Adapter on Heater-Shaker Module GEN1 on slot C1, 'C9': C9 of Sample Plate on Opentrons 96 Deep Well Heater-Shaker Adapter on Heater-Shaker Module GEN1 on slot C1, 'D9': D9 of Sample Plate on Opentrons 96 Deep Well Heater-Shaker Adapter on Heater-Shaker Module GEN1 on slot C1, 'E9': E9 of Sample Plate on Opentrons 96 Deep Well Heater-Shaker Adapter on Heater-Shaker Module GEN1 on slot C1, 'F9': F9 of Sample Plate on Opentrons 96 Deep Well Heater-Shaker Adapter on Heater-Shaker Module GEN1 on slot C1, 'G9': G9 of Sample Plate on Opentrons 96 Deep Well Heater-Shaker Adapter on Heater-Shaker Module GEN1 on slot C1, 'H9': H9 of Sample Plate on Opentrons 96 Deep Well Heater-Shaker Adapter on Heater-Shaker Module GEN1 on slot C1, 'A10': A10 of Sample Plate on Opentrons 96 Deep Well Heater-Shaker Adapter on Heater-Shaker Module GEN1 on slot C1, 'B10': B10 of Sample Plate on Opentrons 96 Deep Well Heater-Shaker Adapter on Heater-Shaker Module GEN1 on slot C1, 'C10': C10 of Sample Plate on Opentrons 96 Deep Well Heater-Shaker Adapter on Heater-Shaker Module GEN1 on slot C1, 'D10': D10 of Sample Plate on Opentrons 96 Deep Well Heater-Shaker Adapter on Heater-Shaker Module GEN1 on slot C1, 'E10': E10 of Sample Plate on Opentrons 96 Deep Well Heater-Shaker Adapter on Heater-Shaker Module GEN1 on slot C1, 'F10': F10 of Sample Plate on Opentrons 96 Deep Well Heater-Shaker Adapter on Heater-Shaker Module GEN1 on slot C1, 'G10': G10 of Sample Plate on Opentrons 96 Deep Well Heater-Shaker Adapter on Heater-Shaker Module GEN1 on slot C1, 'H10': H10 of Sample Plate on Opentrons 96 Deep Well Heater-Shaker Adapter on Heater-Shaker Module GEN1 on slot C1, 'A11': A11 of Sample Plate on Opentrons 96 Deep Well Heater-Shaker Adapter on Heater-Shaker Module GEN1 on slot C1, 'B11': B11 of Sample Plate on Opentrons 96 Deep Well Heater-Shaker Adapter on Heater-Shaker Module GEN1 on slot C1, 'C11': C11 of Sample Plate on Opentrons 96 Deep Well Heater-Shaker Adapter on Heater-Shaker Module GEN1 on slot C1, 'D11': D11 of Sample Plate on Opentrons 96 Deep Well Heater-Shaker Adapter on Heater-Shaker Module GEN1 on slot C1, 'E11': E11 of Sample Plate on Opentrons 96 Deep Well Heater-Shaker Adapter on Heater-Shaker Module GEN1 on slot C1, 'F11': F11 of Sample Plate on Opentrons 96 Deep Well Heater-Shaker Adapter on Heater-Shaker Module GEN1 on slot C1, 'G11': G11 of Sample Plate on Opentrons 96 Deep Well Heater-Shaker Adapter on Heater-Shaker Module GEN1 on slot C1, 'H11': H11 of Sample Plate on Opentrons 96 Deep Well Heater-Shaker Adapter on Heater-Shaker Module GEN1 on slot C1, 'A12': A12 of Sample Plate on Opentrons 96 Deep Well Heater-Shaker Adapter on Heater-Shaker Module GEN1 on slot C1, 'B12': B12 of Sample Plate on Opentrons 96 Deep Well Heater-Shaker Adapter on Heater-Shaker Module GEN1 on slot C1, 'C12': C12 of Sample Plate on Opentrons 96 Deep Well Heater-Shaker Adapter on Heater-Shaker Module GEN1 on slot C1, 'D12': D12 of Sample Plate on Opentrons 96 Deep Well Heater-Shaker Adapter on Heater-Shaker Module GEN1 on slot C1, 'E12': E12 of Sample Plate on Opentrons 96 Deep Well Heater-Shaker Adapter on Heater-Shaker Module GEN1 on slot C1, 'F12': F12 of Sample Plate on Opentrons 96 Deep Well Heater-Shaker Adapter on Heater-Shaker Module GEN1 on slot C1, 'G12': G12 of Sample Plate on Opentrons 96 Deep Well Heater-Shaker Adapter on Heater-Shaker Module GEN1 on slot C1, 'H12': H12 of Sample Plate on Opentrons 96 Deep Well Heater-Shaker Adapter on Heater-Shaker Module GEN1 on slot C1}
Loading liquid into {'A1': A1 of Sample Plate on Opentrons 96 Deep Well Heater-Shaker Adapter on Heater-Shaker Module GEN1 on slot C1, 'B1': B1 of Sample Plate on Opentrons 96 Deep Well Heater-Shaker Adapter on Heater-Shaker Module GEN1 on slot C1, 'C1': C1 of Sample Plate on Opentrons 96 Deep Well Heater-Shaker Adapter on Heater-Shaker Module GEN1 on slot C1, 'D1': D1 of Sample Plate on Opentrons 96 Deep Well Heater-Shaker Adapter on Heater-Shaker Module GEN1 on slot C1, 'E1': E1 of Sample Plate on Opentrons 96 Deep Well Heater-Shaker Adapter on Heater-Shaker Module GEN1 on slot C1, 'F1': F1 of Sample Plate on Opentrons 96 Deep Well Heater-Shaker Adapter on Heater-Shaker Module GEN1 on slot C1, 'G1': G1 of Sample Plate on Opentrons 96 Deep Well Heater-Shaker Adapter on Heater-Shaker Module GEN1 on slot C1, 'H1': H1 of Sample Plate on Opentrons 96 Deep Well Heater-Shaker Adapter on Heater-Shaker Module GEN1 on slot C1, 'A2': A2 of Sample Plate on Opentrons 96 Deep Well Heater-Shaker Adapter on Heater-Shaker Module GEN1 on slot C1, 'B2': B2 of Sample Plate on Opentrons 96 Deep Well Heater-Shaker Adapter on Heater-Shaker Module GEN1 on slot C1, 'C2': C2 of Sample Plate on Opentrons 96 Deep Well Heater-Shaker Adapter on Heater-Shaker Module GEN1 on slot C1, 'D2': D2 of Sample Plate on Opentrons 96 Deep Well Heater-Shaker Adapter on Heater-Shaker Module GEN1 on slot C1, 'E2': E2 of Sample Plate on Opentrons 96 Deep Well Heater-Shaker Adapter on Heater-Shaker Module GEN1 on slot C1, 'F2': F2 of Sample Plate on Opentrons 96 Deep Well Heater-Shaker Adapter on Heater-Shaker Module GEN1 on slot C1, 'G2': G2 of Sample Plate on Opentrons 96 Deep Well Heater-Shaker Adapter on Heater-Shaker Module GEN1 on slot C1, 'H2': H2 of Sample Plate on Opentrons 96 Deep Well Heater-Shaker Adapter on Heater-Shaker Module GEN1 on slot C1, 'A3': A3 of Sample Plate on Opentrons 96 Deep Well Heater-Shaker Adapter on Heater-Shaker Module GEN1 on slot C1, 'B3': B3 of Sample Plate on Opentrons 96 Deep Well Heater-Shaker Adapter on Heater-Shaker Module GEN1 on slot C1, 'C3': C3 of Sample Plate on Opentrons 96 Deep Well Heater-Shaker Adapter on Heater-Shaker Module GEN1 on slot C1, 'D3': D3 of Sample Plate on Opentrons 96 Deep Well Heater-Shaker Adapter on Heater-Shaker Module GEN1 on slot C1, 'E3': E3 of Sample Plate on Opentrons 96 Deep Well Heater-Shaker Adapter on Heater-Shaker Module GEN1 on slot C1, 'F3': F3 of Sample Plate on Opentrons 96 Deep Well Heater-Shaker Adapter on Heater-Shaker Module GEN1 on slot C1, 'G3': G3 of Sample Plate on Opentrons 96 Deep Well Heater-Shaker Adapter on Heater-Shaker Module GEN1 on slot C1, 'H3': H3 of Sample Plate on Opentrons 96 Deep Well Heater-Shaker Adapter on Heater-Shaker Module GEN1 on slot C1, 'A4': A4 of Sample Plate on Opentrons 96 Deep Well Heater-Shaker Adapter on Heater-Shaker Module GEN1 on slot C1, 'B4': B4 of Sample Plate on Opentrons 96 Deep Well Heater-Shaker Adapter on Heater-Shaker Module GEN1 on slot C1, 'C4': C4 of Sample Plate on Opentrons 96 Deep Well Heater-Shaker Adapter on Heater-Shaker Module GEN1 on slot C1, 'D4': D4 of Sample Plate on Opentrons 96 Deep Well Heater-Shaker Adapter on Heater-Shaker Module GEN1 on slot C1, 'E4': E4 of Sample Plate on Opentrons 96 Deep Well Heater-Shaker Adapter on Heater-Shaker Module GEN1 on slot C1, 'F4': F4 of Sample Plate on Opentrons 96 Deep Well Heater-Shaker Adapter on Heater-Shaker Module GEN1 on slot C1, 'G4': G4 of Sample Plate on Opentrons 96 Deep Well Heater-Shaker Adapter on Heater-Shaker Module GEN1 on slot C1, 'H4': H4 of Sample Plate on Opentrons 96 Deep Well Heater-Shaker Adapter on Heater-Shaker Module GEN1 on slot C1, 'A5': A5 of Sample Plate on Opentrons 96 Deep Well Heater-Shaker Adapter on Heater-Shaker Module GEN1 on slot C1, 'B5': B5 of Sample Plate on Opentrons 96 Deep Well Heater-Shaker Adapter on Heater-Shaker Module GEN1 on slot C1, 'C5': C5 of Sample Plate on Opentrons 96 Deep Well Heater-Shaker Adapter on Heater-Shaker Module GEN1 on slot C1, 'D5': D5 of Sample Plate on Opentrons 96 Deep Well Heater-Shaker Adapter on Heater-Shaker Module GEN1 on slot C1, 'E5': E5 of Sample Plate on Opentrons 96 Deep Well Heater-Shaker Adapter on Heater-Shaker Module GEN1 on slot C1, 'F5': F5 of Sample Plate on Opentrons 96 Deep Well Heater-Shaker Adapter on Heater-Shaker Module GEN1 on slot C1, 'G5': G5 of Sample Plate on Opentrons 96 Deep Well Heater-Shaker Adapter on Heater-Shaker Module GEN1 on slot C1, 'H5': H5 of Sample Plate on Opentrons 96 Deep Well Heater-Shaker Adapter on Heater-Shaker Module GEN1 on slot C1, 'A6': A6 of Sample Plate on Opentrons 96 Deep Well Heater-Shaker Adapter on Heater-Shaker Module GEN1 on slot C1, 'B6': B6 of Sample Plate on Opentrons 96 Deep Well Heater-Shaker Adapter on Heater-Shaker Module GEN1 on slot C1, 'C6': C6 of Sample Plate on Opentrons 96 Deep Well Heater-Shaker Adapter on Heater-Shaker Module GEN1 on slot C1, 'D6': D6 of Sample Plate on Opentrons 96 Deep Well Heater-Shaker Adapter on Heater-Shaker Module GEN1 on slot C1, 'E6': E6 of Sample Plate on Opentrons 96 Deep Well Heater-Shaker Adapter on Heater-Shaker Module GEN1 on slot C1, 'F6': F6 of Sample Plate on Opentrons 96 Deep Well Heater-Shaker Adapter on Heater-Shaker Module GEN1 on slot C1, 'G6': G6 of Sample Plate on Opentrons 96 Deep Well Heater-Shaker Adapter on Heater-Shaker Module GEN1 on slot C1, 'H6': H6 of Sample Plate on Opentrons 96 Deep Well Heater-Shaker Adapter on Heater-Shaker Module GEN1 on slot C1, 'A7': A7 of Sample Plate on Opentrons 96 Deep Well Heater-Shaker Adapter on Heater-Shaker Module GEN1 on slot C1, 'B7': B7 of Sample Plate on Opentrons 96 Deep Well Heater-Shaker Adapter on Heater-Shaker Module GEN1 on slot C1, 'C7': C7 of Sample Plate on Opentrons 96 Deep Well Heater-Shaker Adapter on Heater-Shaker Module GEN1 on slot C1, 'D7': D7 of Sample Plate on Opentrons 96 Deep Well Heater-Shaker Adapter on Heater-Shaker Module GEN1 on slot C1, 'E7': E7 of Sample Plate on Opentrons 96 Deep Well Heater-Shaker Adapter on Heater-Shaker Module GEN1 on slot C1, 'F7': F7 of Sample Plate on Opentrons 96 Deep Well Heater-Shaker Adapter on Heater-Shaker Module GEN1 on slot C1, 'G7': G7 of Sample Plate on Opentrons 96 Deep Well Heater-Shaker Adapter on Heater-Shaker Module GEN1 on slot C1, 'H7': H7 of Sample Plate on Opentrons 96 Deep Well Heater-Shaker Adapter on Heater-Shaker Module GEN1 on slot C1, 'A8': A8 of Sample Plate on Opentrons 96 Deep Well Heater-Shaker Adapter on Heater-Shaker Module GEN1 on slot C1, 'B8': B8 of Sample Plate on Opentrons 96 Deep Well Heater-Shaker Adapter on Heater-Shaker Module GEN1 on slot C1, 'C8': C8 of Sample Plate on Opentrons 96 Deep Well Heater-Shaker Adapter on Heater-Shaker Module GEN1 on slot C1, 'D8': D8 of Sample Plate on Opentrons 96 Deep Well Heater-Shaker Adapter on Heater-Shaker Module GEN1 on slot C1, 'E8': E8 of Sample Plate on Opentrons 96 Deep Well Heater-Shaker Adapter on Heater-Shaker Module GEN1 on slot C1, 'F8': F8 of Sample Plate on Opentrons 96 Deep Well Heater-Shaker Adapter on Heater-Shaker Module GEN1 on slot C1, 'G8': G8 of Sample Plate on Opentrons 96 Deep Well Heater-Shaker Adapter on Heater-Shaker Module GEN1 on slot C1, 'H8': H8 of Sample Plate on Opentrons 96 Deep Well Heater-Shaker Adapter on Heater-Shaker Module GEN1 on slot C1, 'A9': A9 of Sample Plate on Opentrons 96 Deep Well Heater-Shaker Adapter on Heater-Shaker Module GEN1 on slot C1, 'B9': B9 of Sample Plate on Opentrons 96 Deep Well Heater-Shaker Adapter on Heater-Shaker Module GEN1 on slot C1, 'C9': C9 of Sample Plate on Opentrons 96 Deep Well Heater-Shaker Adapter on Heater-Shaker Module GEN1 on slot C1, 'D9': D9 of Sample Plate on Opentrons 96 Deep Well Heater-Shaker Adapter on Heater-Shaker Module GEN1 on slot C1, 'E9': E9 of Sample Plate on Opentrons 96 Deep Well Heater-Shaker Adapter on Heater-Shaker Module GEN1 on slot C1, 'F9': F9 of Sample Plate on Opentrons 96 Deep Well Heater-Shaker Adapter on Heater-Shaker Module GEN1 on slot C1, 'G9': G9 of Sample Plate on Opentrons 96 Deep Well Heater-Shaker Adapter on Heater-Shaker Module GEN1 on slot C1, 'H9': H9 of Sample Plate on Opentrons 96 Deep Well Heater-Shaker Adapter on Heater-Shaker Module GEN1 on slot C1, 'A10': A10 of Sample Plate on Opentrons 96 Deep Well Heater-Shaker Adapter on Heater-Shaker Module GEN1 on slot C1, 'B10': B10 of Sample Plate on Opentrons 96 Deep Well Heater-Shaker Adapter on Heater-Shaker Module GEN1 on slot C1, 'C10': C10 of Sample Plate on Opentrons 96 Deep Well Heater-Shaker Adapter on Heater-Shaker Module GEN1 on slot C1, 'D10': D10 of Sample Plate on Opentrons 96 Deep Well Heater-Shaker Adapter on Heater-Shaker Module GEN1 on slot C1, 'E10': E10 of Sample Plate on Opentrons 96 Deep Well Heater-Shaker Adapter on Heater-Shaker Module GEN1 on slot C1, 'F10': F10 of Sample Plate on Opentrons 96 Deep Well Heater-Shaker Adapter on Heater-Shaker Module GEN1 on slot C1, 'G10': G10 of Sample Plate on Opentrons 96 Deep Well Heater-Shaker Adapter on Heater-Shaker Module GEN1 on slot C1, 'H10': H10 of Sample Plate on Opentrons 96 Deep Well Heater-Shaker Adapter on Heater-Shaker Module GEN1 on slot C1, 'A11': A11 of Sample Plate on Opentrons 96 Deep Well Heater-Shaker Adapter on Heater-Shaker Module GEN1 on slot C1, 'B11': B11 of Sample Plate on Opentrons 96 Deep Well Heater-Shaker Adapter on Heater-Shaker Module GEN1 on slot C1, 'C11': C11 of Sample Plate on Opentrons 96 Deep Well Heater-Shaker Adapter on Heater-Shaker Module GEN1 on slot C1, 'D11': D11 of Sample Plate on Opentrons 96 Deep Well Heater-Shaker Adapter on Heater-Shaker Module GEN1 on slot C1, 'E11': E11 of Sample Plate on Opentrons 96 Deep Well Heater-Shaker Adapter on Heater-Shaker Module GEN1 on slot C1, 'F11': F11 of Sample Plate on Opentrons 96 Deep Well Heater-Shaker Adapter on Heater-Shaker Module GEN1 on slot C1, 'G11': G11 of Sample Plate on Opentrons 96 Deep Well Heater-Shaker Adapter on Heater-Shaker Module GEN1 on slot C1, 'H11': H11 of Sample Plate on Opentrons 96 Deep Well Heater-Shaker Adapter on Heater-Shaker Module GEN1 on slot C1, 'A12': A12 of Sample Plate on Opentrons 96 Deep Well Heater-Shaker Adapter on Heater-Shaker Module GEN1 on slot C1, 'B12': B12 of Sample Plate on Opentrons 96 Deep Well Heater-Shaker Adapter on Heater-Shaker Module GEN1 on slot C1, 'C12': C12 of Sample Plate on Opentrons 96 Deep Well Heater-Shaker Adapter on Heater-Shaker Module GEN1 on slot C1, 'D12': D12 of Sample Plate on Opentrons 96 Deep Well Heater-Shaker Adapter on Heater-Shaker Module GEN1 on slot C1, 'E12': E12 of Sample Plate on Opentrons 96 Deep Well Heater-Shaker Adapter on Heater-Shaker Module GEN1 on slot C1, 'F12': F12 of Sample Plate on Opentrons 96 Deep Well Heater-Shaker Adapter on Heater-Shaker Module GEN1 on slot C1, 'G12': G12 of Sample Plate on Opentrons 96 Deep Well Heater-Shaker Adapter on Heater-Shaker Module GEN1 on slot C1, 'H12': H12 of Sample Plate on Opentrons 96 Deep Well Heater-Shaker Adapter on Heater-Shaker Module GEN1 on slot C1}
Loading liquid into {'A1': A1 of Sample Plate on Opentrons 96 Deep Well Heater-Shaker Adapter on Heater-Shaker Module GEN1 on slot C1, 'B1': B1 of Sample Plate on Opentrons 96 Deep Well Heater-Shaker Adapter on Heater-Shaker Module GEN1 on slot C1, 'C1': C1 of Sample Plate on Opentrons 96 Deep Well Heater-Shaker Adapter on Heater-Shaker Module GEN1 on slot C1, 'D1': D1 of Sample Plate on Opentrons 96 Deep Well Heater-Shaker Adapter on Heater-Shaker Module GEN1 on slot C1, 'E1': E1 of Sample Plate on Opentrons 96 Deep Well Heater-Shaker Adapter on Heater-Shaker Module GEN1 on slot C1, 'F1': F1 of Sample Plate on Opentrons 96 Deep Well Heater-Shaker Adapter on Heater-Shaker Module GEN1 on slot C1, 'G1': G1 of Sample Plate on Opentrons 96 Deep Well Heater-Shaker Adapter on Heater-Shaker Module GEN1 on slot C1, 'H1': H1 of Sample Plate on Opentrons 96 Deep Well Heater-Shaker Adapter on Heater-Shaker Module GEN1 on slot C1, 'A2': A2 of Sample Plate on Opentrons 96 Deep Well Heater-Shaker Adapter on Heater-Shaker Module GEN1 on slot C1, 'B2': B2 of Sample Plate on Opentrons 96 Deep Well Heater-Shaker Adapter on Heater-Shaker Module GEN1 on slot C1, 'C2': C2 of Sample Plate on Opentrons 96 Deep Well Heater-Shaker Adapter on Heater-Shaker Module GEN1 on slot C1, 'D2': D2 of Sample Plate on Opentrons 96 Deep Well Heater-Shaker Adapter on Heater-Shaker Module GEN1 on slot C1, 'E2': E2 of Sample Plate on Opentrons 96 Deep Well Heater-Shaker Adapter on Heater-Shaker Module GEN1 on slot C1, 'F2': F2 of Sample Plate on Opentrons 96 Deep Well Heater-Shaker Adapter on Heater-Shaker Module GEN1 on slot C1, 'G2': G2 of Sample Plate on Opentrons 96 Deep Well Heater-Shaker Adapter on Heater-Shaker Module GEN1 on slot C1, 'H2': H2 of Sample Plate on Opentrons 96 Deep Well Heater-Shaker Adapter on Heater-Shaker Module GEN1 on slot C1, 'A3': A3 of Sample Plate on Opentrons 96 Deep Well Heater-Shaker Adapter on Heater-Shaker Module GEN1 on slot C1, 'B3': B3 of Sample Plate on Opentrons 96 Deep Well Heater-Shaker Adapter on Heater-Shaker Module GEN1 on slot C1, 'C3': C3 of Sample Plate on Opentrons 96 Deep Well Heater-Shaker Adapter on Heater-Shaker Module GEN1 on slot C1, 'D3': D3 of Sample Plate on Opentrons 96 Deep Well Heater-Shaker Adapter on Heater-Shaker Module GEN1 on slot C1, 'E3': E3 of Sample Plate on Opentrons 96 Deep Well Heater-Shaker Adapter on Heater-Shaker Module GEN1 on slot C1, 'F3': F3 of Sample Plate on Opentrons 96 Deep Well Heater-Shaker Adapter on Heater-Shaker Module GEN1 on slot C1, 'G3': G3 of Sample Plate on Opentrons 96 Deep Well Heater-Shaker Adapter on Heater-Shaker Module GEN1 on slot C1, 'H3': H3 of Sample Plate on Opentrons 96 Deep Well Heater-Shaker Adapter on Heater-Shaker Module GEN1 on slot C1, 'A4': A4 of Sample Plate on Opentrons 96 Deep Well Heater-Shaker Adapter on Heater-Shaker Module GEN1 on slot C1, 'B4': B4 of Sample Plate on Opentrons 96 Deep Well Heater-Shaker Adapter on Heater-Shaker Module GEN1 on slot C1, 'C4': C4 of Sample Plate on Opentrons 96 Deep Well Heater-Shaker Adapter on Heater-Shaker Module GEN1 on slot C1, 'D4': D4 of Sample Plate on Opentrons 96 Deep Well Heater-Shaker Adapter on Heater-Shaker Module GEN1 on slot C1, 'E4': E4 of Sample Plate on Opentrons 96 Deep Well Heater-Shaker Adapter on Heater-Shaker Module GEN1 on slot C1, 'F4': F4 of Sample Plate on Opentrons 96 Deep Well Heater-Shaker Adapter on Heater-Shaker Module GEN1 on slot C1, 'G4': G4 of Sample Plate on Opentrons 96 Deep Well Heater-Shaker Adapter on Heater-Shaker Module GEN1 on slot C1, 'H4': H4 of Sample Plate on Opentrons 96 Deep Well Heater-Shaker Adapter on Heater-Shaker Module GEN1 on slot C1, 'A5': A5 of Sample Plate on Opentrons 96 Deep Well Heater-Shaker Adapter on Heater-Shaker Module GEN1 on slot C1, 'B5': B5 of Sample Plate on Opentrons 96 Deep Well Heater-Shaker Adapter on Heater-Shaker Module GEN1 on slot C1, 'C5': C5 of Sample Plate on Opentrons 96 Deep Well Heater-Shaker Adapter on Heater-Shaker Module GEN1 on slot C1, 'D5': D5 of Sample Plate on Opentrons 96 Deep Well Heater-Shaker Adapter on Heater-Shaker Module GEN1 on slot C1, 'E5': E5 of Sample Plate on Opentrons 96 Deep Well Heater-Shaker Adapter on Heater-Shaker Module GEN1 on slot C1, 'F5': F5 of Sample Plate on Opentrons 96 Deep Well Heater-Shaker Adapter on Heater-Shaker Module GEN1 on slot C1, 'G5': G5 of Sample Plate on Opentrons 96 Deep Well Heater-Shaker Adapter on Heater-Shaker Module GEN1 on slot C1, 'H5': H5 of Sample Plate on Opentrons 96 Deep Well Heater-Shaker Adapter on Heater-Shaker Module GEN1 on slot C1, 'A6': A6 of Sample Plate on Opentrons 96 Deep Well Heater-Shaker Adapter on Heater-Shaker Module GEN1 on slot C1, 'B6': B6 of Sample Plate on Opentrons 96 Deep Well Heater-Shaker Adapter on Heater-Shaker Module GEN1 on slot C1, 'C6': C6 of Sample Plate on Opentrons 96 Deep Well Heater-Shaker Adapter on Heater-Shaker Module GEN1 on slot C1, 'D6': D6 of Sample Plate on Opentrons 96 Deep Well Heater-Shaker Adapter on Heater-Shaker Module GEN1 on slot C1, 'E6': E6 of Sample Plate on Opentrons 96 Deep Well Heater-Shaker Adapter on Heater-Shaker Module GEN1 on slot C1, 'F6': F6 of Sample Plate on Opentrons 96 Deep Well Heater-Shaker Adapter on Heater-Shaker Module GEN1 on slot C1, 'G6': G6 of Sample Plate on Opentrons 96 Deep Well Heater-Shaker Adapter on Heater-Shaker Module GEN1 on slot C1, 'H6': H6 of Sample Plate on Opentrons 96 Deep Well Heater-Shaker Adapter on Heater-Shaker Module GEN1 on slot C1, 'A7': A7 of Sample Plate on Opentrons 96 Deep Well Heater-Shaker Adapter on Heater-Shaker Module GEN1 on slot C1, 'B7': B7 of Sample Plate on Opentrons 96 Deep Well Heater-Shaker Adapter on Heater-Shaker Module GEN1 on slot C1, 'C7': C7 of Sample Plate on Opentrons 96 Deep Well Heater-Shaker Adapter on Heater-Shaker Module GEN1 on slot C1, 'D7': D7 of Sample Plate on Opentrons 96 Deep Well Heater-Shaker Adapter on Heater-Shaker Module GEN1 on slot C1, 'E7': E7 of Sample Plate on Opentrons 96 Deep Well Heater-Shaker Adapter on Heater-Shaker Module GEN1 on slot C1, 'F7': F7 of Sample Plate on Opentrons 96 Deep Well Heater-Shaker Adapter on Heater-Shaker Module GEN1 on slot C1, 'G7': G7 of Sample Plate on Opentrons 96 Deep Well Heater-Shaker Adapter on Heater-Shaker Module GEN1 on slot C1, 'H7': H7 of Sample Plate on Opentrons 96 Deep Well Heater-Shaker Adapter on Heater-Shaker Module GEN1 on slot C1, 'A8': A8 of Sample Plate on Opentrons 96 Deep Well Heater-Shaker Adapter on Heater-Shaker Module GEN1 on slot C1, 'B8': B8 of Sample Plate on Opentrons 96 Deep Well Heater-Shaker Adapter on Heater-Shaker Module GEN1 on slot C1, 'C8': C8 of Sample Plate on Opentrons 96 Deep Well Heater-Shaker Adapter on Heater-Shaker Module GEN1 on slot C1, 'D8': D8 of Sample Plate on Opentrons 96 Deep Well Heater-Shaker Adapter on Heater-Shaker Module GEN1 on slot C1, 'E8': E8 of Sample Plate on Opentrons 96 Deep Well Heater-Shaker Adapter on Heater-Shaker Module GEN1 on slot C1, 'F8': F8 of Sample Plate on Opentrons 96 Deep Well Heater-Shaker Adapter on Heater-Shaker Module GEN1 on slot C1, 'G8': G8 of Sample Plate on Opentrons 96 Deep Well Heater-Shaker Adapter on Heater-Shaker Module GEN1 on slot C1, 'H8': H8 of Sample Plate on Opentrons 96 Deep Well Heater-Shaker Adapter on Heater-Shaker Module GEN1 on slot C1, 'A9': A9 of Sample Plate on Opentrons 96 Deep Well Heater-Shaker Adapter on Heater-Shaker Module GEN1 on slot C1, 'B9': B9 of Sample Plate on Opentrons 96 Deep Well Heater-Shaker Adapter on Heater-Shaker Module GEN1 on slot C1, 'C9': C9 of Sample Plate on Opentrons 96 Deep Well Heater-Shaker Adapter on Heater-Shaker Module GEN1 on slot C1, 'D9': D9 of Sample Plate on Opentrons 96 Deep Well Heater-Shaker Adapter on Heater-Shaker Module GEN1 on slot C1, 'E9': E9 of Sample Plate on Opentrons 96 Deep Well Heater-Shaker Adapter on Heater-Shaker Module GEN1 on slot C1, 'F9': F9 of Sample Plate on Opentrons 96 Deep Well Heater-Shaker Adapter on Heater-Shaker Module GEN1 on slot C1, 'G9': G9 of Sample Plate on Opentrons 96 Deep Well Heater-Shaker Adapter on Heater-Shaker Module GEN1 on slot C1, 'H9': H9 of Sample Plate on Opentrons 96 Deep Well Heater-Shaker Adapter on Heater-Shaker Module GEN1 on slot C1, 'A10': A10 of Sample Plate on Opentrons 96 Deep Well Heater-Shaker Adapter on Heater-Shaker Module GEN1 on slot C1, 'B10': B10 of Sample Plate on Opentrons 96 Deep Well Heater-Shaker Adapter on Heater-Shaker Module GEN1 on slot C1, 'C10': C10 of Sample Plate on Opentrons 96 Deep Well Heater-Shaker Adapter on Heater-Shaker Module GEN1 on slot C1, 'D10': D10 of Sample Plate on Opentrons 96 Deep Well Heater-Shaker Adapter on Heater-Shaker Module GEN1 on slot C1, 'E10': E10 of Sample Plate on Opentrons 96 Deep Well Heater-Shaker Adapter on Heater-Shaker Module GEN1 on slot C1, 'F10': F10 of Sample Plate on Opentrons 96 Deep Well Heater-Shaker Adapter on Heater-Shaker Module GEN1 on slot C1, 'G10': G10 of Sample Plate on Opentrons 96 Deep Well Heater-Shaker Adapter on Heater-Shaker Module GEN1 on slot C1, 'H10': H10 of Sample Plate on Opentrons 96 Deep Well Heater-Shaker Adapter on Heater-Shaker Module GEN1 on slot C1, 'A11': A11 of Sample Plate on Opentrons 96 Deep Well Heater-Shaker Adapter on Heater-Shaker Module GEN1 on slot C1, 'B11': B11 of Sample Plate on Opentrons 96 Deep Well Heater-Shaker Adapter on Heater-Shaker Module GEN1 on slot C1, 'C11': C11 of Sample Plate on Opentrons 96 Deep Well Heater-Shaker Adapter on Heater-Shaker Module GEN1 on slot C1, 'D11': D11 of Sample Plate on Opentrons 96 Deep Well Heater-Shaker Adapter on Heater-Shaker Module GEN1 on slot C1, 'E11': E11 of Sample Plate on Opentrons 96 Deep Well Heater-Shaker Adapter on Heater-Shaker Module GEN1 on slot C1, 'F11': F11 of Sample Plate on Opentrons 96 Deep Well Heater-Shaker Adapter on Heater-Shaker Module GEN1 on slot C1, 'G11': G11 of Sample Plate on Opentrons 96 Deep Well Heater-Shaker Adapter on Heater-Shaker Module GEN1 on slot C1, 'H11': H11 of Sample Plate on Opentrons 96 Deep Well Heater-Shaker Adapter on Heater-Shaker Module GEN1 on slot C1, 'A12': A12 of Sample Plate on Opentrons 96 Deep Well Heater-Shaker Adapter on Heater-Shaker Module GEN1 on slot C1, 'B12': B12 of Sample Plate on Opentrons 96 Deep Well Heater-Shaker Adapter on Heater-Shaker Module GEN1 on slot C1, 'C12': C12 of Sample Plate on Opentrons 96 Deep Well Heater-Shaker Adapter on Heater-Shaker Module GEN1 on slot C1, 'D12': D12 of Sample Plate on Opentrons 96 Deep Well Heater-Shaker Adapter on Heater-Shaker Module GEN1 on slot C1, 'E12': E12 of Sample Plate on Opentrons 96 Deep Well Heater-Shaker Adapter on Heater-Shaker Module GEN1 on slot C1, 'F12': F12 of Sample Plate on Opentrons 96 Deep Well Heater-Shaker Adapter on Heater-Shaker Module GEN1 on slot C1, 'G12': G12 of Sample Plate on Opentrons 96 Deep Well Heater-Shaker Adapter on Heater-Shaker Module GEN1 on slot C1, 'H12': H12 of Sample Plate on Opentrons 96 Deep Well Heater-Shaker Adapter on Heater-Shaker Module GEN1 on slot C1}
Loading liquid into {'A1': A1 of Sample Plate on Opentrons 96 Deep Well Heater-Shaker Adapter on Heater-Shaker Module GEN1 on slot C1, 'B1': B1 of Sample Plate on Opentrons 96 Deep Well Heater-Shaker Adapter on Heater-Shaker Module GEN1 on slot C1, 'C1': C1 of Sample Plate on Opentrons 96 Deep Well Heater-Shaker Adapter on Heater-Shaker Module GEN1 on slot C1, 'D1': D1 of Sample Plate on Opentrons 96 Deep Well Heater-Shaker Adapter on Heater-Shaker Module GEN1 on slot C1, 'E1': E1 of Sample Plate on Opentrons 96 Deep Well Heater-Shaker Adapter on Heater-Shaker Module GEN1 on slot C1, 'F1': F1 of Sample Plate on Opentrons 96 Deep Well Heater-Shaker Adapter on Heater-Shaker Module GEN1 on slot C1, 'G1': G1 of Sample Plate on Opentrons 96 Deep Well Heater-Shaker Adapter on Heater-Shaker Module GEN1 on slot C1, 'H1': H1 of Sample Plate on Opentrons 96 Deep Well Heater-Shaker Adapter on Heater-Shaker Module GEN1 on slot C1, 'A2': A2 of Sample Plate on Opentrons 96 Deep Well Heater-Shaker Adapter on Heater-Shaker Module GEN1 on slot C1, 'B2': B2 of Sample Plate on Opentrons 96 Deep Well Heater-Shaker Adapter on Heater-Shaker Module GEN1 on slot C1, 'C2': C2 of Sample Plate on Opentrons 96 Deep Well Heater-Shaker Adapter on Heater-Shaker Module GEN1 on slot C1, 'D2': D2 of Sample Plate on Opentrons 96 Deep Well Heater-Shaker Adapter on Heater-Shaker Module GEN1 on slot C1, 'E2': E2 of Sample Plate on Opentrons 96 Deep Well Heater-Shaker Adapter on Heater-Shaker Module GEN1 on slot C1, 'F2': F2 of Sample Plate on Opentrons 96 Deep Well Heater-Shaker Adapter on Heater-Shaker Module GEN1 on slot C1, 'G2': G2 of Sample Plate on Opentrons 96 Deep Well Heater-Shaker Adapter on Heater-Shaker Module GEN1 on slot C1, 'H2': H2 of Sample Plate on Opentrons 96 Deep Well Heater-Shaker Adapter on Heater-Shaker Module GEN1 on slot C1, 'A3': A3 of Sample Plate on Opentrons 96 Deep Well Heater-Shaker Adapter on Heater-Shaker Module GEN1 on slot C1, 'B3': B3 of Sample Plate on Opentrons 96 Deep Well Heater-Shaker Adapter on Heater-Shaker Module GEN1 on slot C1, 'C3': C3 of Sample Plate on Opentrons 96 Deep Well Heater-Shaker Adapter on Heater-Shaker Module GEN1 on slot C1, 'D3': D3 of Sample Plate on Opentrons 96 Deep Well Heater-Shaker Adapter on Heater-Shaker Module GEN1 on slot C1, 'E3': E3 of Sample Plate on Opentrons 96 Deep Well Heater-Shaker Adapter on Heater-Shaker Module GEN1 on slot C1, 'F3': F3 of Sample Plate on Opentrons 96 Deep Well Heater-Shaker Adapter on Heater-Shaker Module GEN1 on slot C1, 'G3': G3 of Sample Plate on Opentrons 96 Deep Well Heater-Shaker Adapter on Heater-Shaker Module GEN1 on slot C1, 'H3': H3 of Sample Plate on Opentrons 96 Deep Well Heater-Shaker Adapter on Heater-Shaker Module GEN1 on slot C1, 'A4': A4 of Sample Plate on Opentrons 96 Deep Well Heater-Shaker Adapter on Heater-Shaker Module GEN1 on slot C1, 'B4': B4 of Sample Plate on Opentrons 96 Deep Well Heater-Shaker Adapter on Heater-Shaker Module GEN1 on slot C1, 'C4': C4 of Sample Plate on Opentrons 96 Deep Well Heater-Shaker Adapter on Heater-Shaker Module GEN1 on slot C1, 'D4': D4 of Sample Plate on Opentrons 96 Deep Well Heater-Shaker Adapter on Heater-Shaker Module GEN1 on slot C1, 'E4': E4 of Sample Plate on Opentrons 96 Deep Well Heater-Shaker Adapter on Heater-Shaker Module GEN1 on slot C1, 'F4': F4 of Sample Plate on Opentrons 96 Deep Well Heater-Shaker Adapter on Heater-Shaker Module GEN1 on slot C1, 'G4': G4 of Sample Plate on Opentrons 96 Deep Well Heater-Shaker Adapter on Heater-Shaker Module GEN1 on slot C1, 'H4': H4 of Sample Plate on Opentrons 96 Deep Well Heater-Shaker Adapter on Heater-Shaker Module GEN1 on slot C1, 'A5': A5 of Sample Plate on Opentrons 96 Deep Well Heater-Shaker Adapter on Heater-Shaker Module GEN1 on slot C1, 'B5': B5 of Sample Plate on Opentrons 96 Deep Well Heater-Shaker Adapter on Heater-Shaker Module GEN1 on slot C1, 'C5': C5 of Sample Plate on Opentrons 96 Deep Well Heater-Shaker Adapter on Heater-Shaker Module GEN1 on slot C1, 'D5': D5 of Sample Plate on Opentrons 96 Deep Well Heater-Shaker Adapter on Heater-Shaker Module GEN1 on slot C1, 'E5': E5 of Sample Plate on Opentrons 96 Deep Well Heater-Shaker Adapter on Heater-Shaker Module GEN1 on slot C1, 'F5': F5 of Sample Plate on Opentrons 96 Deep Well Heater-Shaker Adapter on Heater-Shaker Module GEN1 on slot C1, 'G5': G5 of Sample Plate on Opentrons 96 Deep Well Heater-Shaker Adapter on Heater-Shaker Module GEN1 on slot C1, 'H5': H5 of Sample Plate on Opentrons 96 Deep Well Heater-Shaker Adapter on Heater-Shaker Module GEN1 on slot C1, 'A6': A6 of Sample Plate on Opentrons 96 Deep Well Heater-Shaker Adapter on Heater-Shaker Module GEN1 on slot C1, 'B6': B6 of Sample Plate on Opentrons 96 Deep Well Heater-Shaker Adapter on Heater-Shaker Module GEN1 on slot C1, 'C6': C6 of Sample Plate on Opentrons 96 Deep Well Heater-Shaker Adapter on Heater-Shaker Module GEN1 on slot C1, 'D6': D6 of Sample Plate on Opentrons 96 Deep Well Heater-Shaker Adapter on Heater-Shaker Module GEN1 on slot C1, 'E6': E6 of Sample Plate on Opentrons 96 Deep Well Heater-Shaker Adapter on Heater-Shaker Module GEN1 on slot C1, 'F6': F6 of Sample Plate on Opentrons 96 Deep Well Heater-Shaker Adapter on Heater-Shaker Module GEN1 on slot C1, 'G6': G6 of Sample Plate on Opentrons 96 Deep Well Heater-Shaker Adapter on Heater-Shaker Module GEN1 on slot C1, 'H6': H6 of Sample Plate on Opentrons 96 Deep Well Heater-Shaker Adapter on Heater-Shaker Module GEN1 on slot C1, 'A7': A7 of Sample Plate on Opentrons 96 Deep Well Heater-Shaker Adapter on Heater-Shaker Module GEN1 on slot C1, 'B7': B7 of Sample Plate on Opentrons 96 Deep Well Heater-Shaker Adapter on Heater-Shaker Module GEN1 on slot C1, 'C7': C7 of Sample Plate on Opentrons 96 Deep Well Heater-Shaker Adapter on Heater-Shaker Module GEN1 on slot C1, 'D7': D7 of Sample Plate on Opentrons 96 Deep Well Heater-Shaker Adapter on Heater-Shaker Module GEN1 on slot C1, 'E7': E7 of Sample Plate on Opentrons 96 Deep Well Heater-Shaker Adapter on Heater-Shaker Module GEN1 on slot C1, 'F7': F7 of Sample Plate on Opentrons 96 Deep Well Heater-Shaker Adapter on Heater-Shaker Module GEN1 on slot C1, 'G7': G7 of Sample Plate on Opentrons 96 Deep Well Heater-Shaker Adapter on Heater-Shaker Module GEN1 on slot C1, 'H7': H7 of Sample Plate on Opentrons 96 Deep Well Heater-Shaker Adapter on Heater-Shaker Module GEN1 on slot C1, 'A8': A8 of Sample Plate on Opentrons 96 Deep Well Heater-Shaker Adapter on Heater-Shaker Module GEN1 on slot C1, 'B8': B8 of Sample Plate on Opentrons 96 Deep Well Heater-Shaker Adapter on Heater-Shaker Module GEN1 on slot C1, 'C8': C8 of Sample Plate on Opentrons 96 Deep Well Heater-Shaker Adapter on Heater-Shaker Module GEN1 on slot C1, 'D8': D8 of Sample Plate on Opentrons 96 Deep Well Heater-Shaker Adapter on Heater-Shaker Module GEN1 on slot C1, 'E8': E8 of Sample Plate on Opentrons 96 Deep Well Heater-Shaker Adapter on Heater-Shaker Module GEN1 on slot C1, 'F8': F8 of Sample Plate on Opentrons 96 Deep Well Heater-Shaker Adapter on Heater-Shaker Module GEN1 on slot C1, 'G8': G8 of Sample Plate on Opentrons 96 Deep Well Heater-Shaker Adapter on Heater-Shaker Module GEN1 on slot C1, 'H8': H8 of Sample Plate on Opentrons 96 Deep Well Heater-Shaker Adapter on Heater-Shaker Module GEN1 on slot C1, 'A9': A9 of Sample Plate on Opentrons 96 Deep Well Heater-Shaker Adapter on Heater-Shaker Module GEN1 on slot C1, 'B9': B9 of Sample Plate on Opentrons 96 Deep Well Heater-Shaker Adapter on Heater-Shaker Module GEN1 on slot C1, 'C9': C9 of Sample Plate on Opentrons 96 Deep Well Heater-Shaker Adapter on Heater-Shaker Module GEN1 on slot C1, 'D9': D9 of Sample Plate on Opentrons 96 Deep Well Heater-Shaker Adapter on Heater-Shaker Module GEN1 on slot C1, 'E9': E9 of Sample Plate on Opentrons 96 Deep Well Heater-Shaker Adapter on Heater-Shaker Module GEN1 on slot C1, 'F9': F9 of Sample Plate on Opentrons 96 Deep Well Heater-Shaker Adapter on Heater-Shaker Module GEN1 on slot C1, 'G9': G9 of Sample Plate on Opentrons 96 Deep Well Heater-Shaker Adapter on Heater-Shaker Module GEN1 on slot C1, 'H9': H9 of Sample Plate on Opentrons 96 Deep Well Heater-Shaker Adapter on Heater-Shaker Module GEN1 on slot C1, 'A10': A10 of Sample Plate on Opentrons 96 Deep Well Heater-Shaker Adapter on Heater-Shaker Module GEN1 on slot C1, 'B10': B10 of Sample Plate on Opentrons 96 Deep Well Heater-Shaker Adapter on Heater-Shaker Module GEN1 on slot C1, 'C10': C10 of Sample Plate on Opentrons 96 Deep Well Heater-Shaker Adapter on Heater-Shaker Module GEN1 on slot C1, 'D10': D10 of Sample Plate on Opentrons 96 Deep Well Heater-Shaker Adapter on Heater-Shaker Module GEN1 on slot C1, 'E10': E10 of Sample Plate on Opentrons 96 Deep Well Heater-Shaker Adapter on Heater-Shaker Module GEN1 on slot C1, 'F10': F10 of Sample Plate on Opentrons 96 Deep Well Heater-Shaker Adapter on Heater-Shaker Module GEN1 on slot C1, 'G10': G10 of Sample Plate on Opentrons 96 Deep Well Heater-Shaker Adapter on Heater-Shaker Module GEN1 on slot C1, 'H10': H10 of Sample Plate on Opentrons 96 Deep Well Heater-Shaker Adapter on Heater-Shaker Module GEN1 on slot C1, 'A11': A11 of Sample Plate on Opentrons 96 Deep Well Heater-Shaker Adapter on Heater-Shaker Module GEN1 on slot C1, 'B11': B11 of Sample Plate on Opentrons 96 Deep Well Heater-Shaker Adapter on Heater-Shaker Module GEN1 on slot C1, 'C11': C11 of Sample Plate on Opentrons 96 Deep Well Heater-Shaker Adapter on Heater-Shaker Module GEN1 on slot C1, 'D11': D11 of Sample Plate on Opentrons 96 Deep Well Heater-Shaker Adapter on Heater-Shaker Module GEN1 on slot C1, 'E11': E11 of Sample Plate on Opentrons 96 Deep Well Heater-Shaker Adapter on Heater-Shaker Module GEN1 on slot C1, 'F11': F11 of Sample Plate on Opentrons 96 Deep Well Heater-Shaker Adapter on Heater-Shaker Module GEN1 on slot C1, 'G11': G11 of Sample Plate on Opentrons 96 Deep Well Heater-Shaker Adapter on Heater-Shaker Module GEN1 on slot C1, 'H11': H11 of Sample Plate on Opentrons 96 Deep Well Heater-Shaker Adapter on Heater-Shaker Module GEN1 on slot C1, 'A12': A12 of Sample Plate on Opentrons 96 Deep Well Heater-Shaker Adapter on Heater-Shaker Module GEN1 on slot C1, 'B12': B12 of Sample Plate on Opentrons 96 Deep Well Heater-Shaker Adapter on Heater-Shaker Module GEN1 on slot C1, 'C12': C12 of Sample Plate on Opentrons 96 Deep Well Heater-Shaker Adapter on Heater-Shaker Module GEN1 on slot C1, 'D12': D12 of Sample Plate on Opentrons 96 Deep Well Heater-Shaker Adapter on Heater-Shaker Module GEN1 on slot C1, 'E12': E12 of Sample Plate on Opentrons 96 Deep Well Heater-Shaker Adapter on Heater-Shaker Module GEN1 on slot C1, 'F12': F12 of Sample Plate on Opentrons 96 Deep Well Heater-Shaker Adapter on Heater-Shaker Module GEN1 on slot C1, 'G12': G12 of Sample Plate on Opentrons 96 Deep Well Heater-Shaker Adapter on Heater-Shaker Module GEN1 on slot C1, 'H12': H12 of Sample Plate on Opentrons 96 Deep Well Heater-Shaker Adapter on Heater-Shaker Module GEN1 on slot C1}
Loading liquid into {'A1': A1 of Sample Plate on Opentrons 96 Deep Well Heater-Shaker Adapter on Heater-Shaker Module GEN1 on slot C1, 'B1': B1 of Sample Plate on Opentrons 96 Deep Well Heater-Shaker Adapter on Heater-Shaker Module GEN1 on slot C1, 'C1': C1 of Sample Plate on Opentrons 96 Deep Well Heater-Shaker Adapter on Heater-Shaker Module GEN1 on slot C1, 'D1': D1 of Sample Plate on Opentrons 96 Deep Well Heater-Shaker Adapter on Heater-Shaker Module GEN1 on slot C1, 'E1': E1 of Sample Plate on Opentrons 96 Deep Well Heater-Shaker Adapter on Heater-Shaker Module GEN1 on slot C1, 'F1': F1 of Sample Plate on Opentrons 96 Deep Well Heater-Shaker Adapter on Heater-Shaker Module GEN1 on slot C1, 'G1': G1 of Sample Plate on Opentrons 96 Deep Well Heater-Shaker Adapter on Heater-Shaker Module GEN1 on slot C1, 'H1': H1 of Sample Plate on Opentrons 96 Deep Well Heater-Shaker Adapter on Heater-Shaker Module GEN1 on slot C1, 'A2': A2 of Sample Plate on Opentrons 96 Deep Well Heater-Shaker Adapter on Heater-Shaker Module GEN1 on slot C1, 'B2': B2 of Sample Plate on Opentrons 96 Deep Well Heater-Shaker Adapter on Heater-Shaker Module GEN1 on slot C1, 'C2': C2 of Sample Plate on Opentrons 96 Deep Well Heater-Shaker Adapter on Heater-Shaker Module GEN1 on slot C1, 'D2': D2 of Sample Plate on Opentrons 96 Deep Well Heater-Shaker Adapter on Heater-Shaker Module GEN1 on slot C1, 'E2': E2 of Sample Plate on Opentrons 96 Deep Well Heater-Shaker Adapter on Heater-Shaker Module GEN1 on slot C1, 'F2': F2 of Sample Plate on Opentrons 96 Deep Well Heater-Shaker Adapter on Heater-Shaker Module GEN1 on slot C1, 'G2': G2 of Sample Plate on Opentrons 96 Deep Well Heater-Shaker Adapter on Heater-Shaker Module GEN1 on slot C1, 'H2': H2 of Sample Plate on Opentrons 96 Deep Well Heater-Shaker Adapter on Heater-Shaker Module GEN1 on slot C1, 'A3': A3 of Sample Plate on Opentrons 96 Deep Well Heater-Shaker Adapter on Heater-Shaker Module GEN1 on slot C1, 'B3': B3 of Sample Plate on Opentrons 96 Deep Well Heater-Shaker Adapter on Heater-Shaker Module GEN1 on slot C1, 'C3': C3 of Sample Plate on Opentrons 96 Deep Well Heater-Shaker Adapter on Heater-Shaker Module GEN1 on slot C1, 'D3': D3 of Sample Plate on Opentrons 96 Deep Well Heater-Shaker Adapter on Heater-Shaker Module GEN1 on slot C1, 'E3': E3 of Sample Plate on Opentrons 96 Deep Well Heater-Shaker Adapter on Heater-Shaker Module GEN1 on slot C1, 'F3': F3 of Sample Plate on Opentrons 96 Deep Well Heater-Shaker Adapter on Heater-Shaker Module GEN1 on slot C1, 'G3': G3 of Sample Plate on Opentrons 96 Deep Well Heater-Shaker Adapter on Heater-Shaker Module GEN1 on slot C1, 'H3': H3 of Sample Plate on Opentrons 96 Deep Well Heater-Shaker Adapter on Heater-Shaker Module GEN1 on slot C1, 'A4': A4 of Sample Plate on Opentrons 96 Deep Well Heater-Shaker Adapter on Heater-Shaker Module GEN1 on slot C1, 'B4': B4 of Sample Plate on Opentrons 96 Deep Well Heater-Shaker Adapter on Heater-Shaker Module GEN1 on slot C1, 'C4': C4 of Sample Plate on Opentrons 96 Deep Well Heater-Shaker Adapter on Heater-Shaker Module GEN1 on slot C1, 'D4': D4 of Sample Plate on Opentrons 96 Deep Well Heater-Shaker Adapter on Heater-Shaker Module GEN1 on slot C1, 'E4': E4 of Sample Plate on Opentrons 96 Deep Well Heater-Shaker Adapter on Heater-Shaker Module GEN1 on slot C1, 'F4': F4 of Sample Plate on Opentrons 96 Deep Well Heater-Shaker Adapter on Heater-Shaker Module GEN1 on slot C1, 'G4': G4 of Sample Plate on Opentrons 96 Deep Well Heater-Shaker Adapter on Heater-Shaker Module GEN1 on slot C1, 'H4': H4 of Sample Plate on Opentrons 96 Deep Well Heater-Shaker Adapter on Heater-Shaker Module GEN1 on slot C1, 'A5': A5 of Sample Plate on Opentrons 96 Deep Well Heater-Shaker Adapter on Heater-Shaker Module GEN1 on slot C1, 'B5': B5 of Sample Plate on Opentrons 96 Deep Well Heater-Shaker Adapter on Heater-Shaker Module GEN1 on slot C1, 'C5': C5 of Sample Plate on Opentrons 96 Deep Well Heater-Shaker Adapter on Heater-Shaker Module GEN1 on slot C1, 'D5': D5 of Sample Plate on Opentrons 96 Deep Well Heater-Shaker Adapter on Heater-Shaker Module GEN1 on slot C1, 'E5': E5 of Sample Plate on Opentrons 96 Deep Well Heater-Shaker Adapter on Heater-Shaker Module GEN1 on slot C1, 'F5': F5 of Sample Plate on Opentrons 96 Deep Well Heater-Shaker Adapter on Heater-Shaker Module GEN1 on slot C1, 'G5': G5 of Sample Plate on Opentrons 96 Deep Well Heater-Shaker Adapter on Heater-Shaker Module GEN1 on slot C1, 'H5': H5 of Sample Plate on Opentrons 96 Deep Well Heater-Shaker Adapter on Heater-Shaker Module GEN1 on slot C1, 'A6': A6 of Sample Plate on Opentrons 96 Deep Well Heater-Shaker Adapter on Heater-Shaker Module GEN1 on slot C1, 'B6': B6 of Sample Plate on Opentrons 96 Deep Well Heater-Shaker Adapter on Heater-Shaker Module GEN1 on slot C1, 'C6': C6 of Sample Plate on Opentrons 96 Deep Well Heater-Shaker Adapter on Heater-Shaker Module GEN1 on slot C1, 'D6': D6 of Sample Plate on Opentrons 96 Deep Well Heater-Shaker Adapter on Heater-Shaker Module GEN1 on slot C1, 'E6': E6 of Sample Plate on Opentrons 96 Deep Well Heater-Shaker Adapter on Heater-Shaker Module GEN1 on slot C1, 'F6': F6 of Sample Plate on Opentrons 96 Deep Well Heater-Shaker Adapter on Heater-Shaker Module GEN1 on slot C1, 'G6': G6 of Sample Plate on Opentrons 96 Deep Well Heater-Shaker Adapter on Heater-Shaker Module GEN1 on slot C1, 'H6': H6 of Sample Plate on Opentrons 96 Deep Well Heater-Shaker Adapter on Heater-Shaker Module GEN1 on slot C1, 'A7': A7 of Sample Plate on Opentrons 96 Deep Well Heater-Shaker Adapter on Heater-Shaker Module GEN1 on slot C1, 'B7': B7 of Sample Plate on Opentrons 96 Deep Well Heater-Shaker Adapter on Heater-Shaker Module GEN1 on slot C1, 'C7': C7 of Sample Plate on Opentrons 96 Deep Well Heater-Shaker Adapter on Heater-Shaker Module GEN1 on slot C1, 'D7': D7 of Sample Plate on Opentrons 96 Deep Well Heater-Shaker Adapter on Heater-Shaker Module GEN1 on slot C1, 'E7': E7 of Sample Plate on Opentrons 96 Deep Well Heater-Shaker Adapter on Heater-Shaker Module GEN1 on slot C1, 'F7': F7 of Sample Plate on Opentrons 96 Deep Well Heater-Shaker Adapter on Heater-Shaker Module GEN1 on slot C1, 'G7': G7 of Sample Plate on Opentrons 96 Deep Well Heater-Shaker Adapter on Heater-Shaker Module GEN1 on slot C1, 'H7': H7 of Sample Plate on Opentrons 96 Deep Well Heater-Shaker Adapter on Heater-Shaker Module GEN1 on slot C1, 'A8': A8 of Sample Plate on Opentrons 96 Deep Well Heater-Shaker Adapter on Heater-Shaker Module GEN1 on slot C1, 'B8': B8 of Sample Plate on Opentrons 96 Deep Well Heater-Shaker Adapter on Heater-Shaker Module GEN1 on slot C1, 'C8': C8 of Sample Plate on Opentrons 96 Deep Well Heater-Shaker Adapter on Heater-Shaker Module GEN1 on slot C1, 'D8': D8 of Sample Plate on Opentrons 96 Deep Well Heater-Shaker Adapter on Heater-Shaker Module GEN1 on slot C1, 'E8': E8 of Sample Plate on Opentrons 96 Deep Well Heater-Shaker Adapter on Heater-Shaker Module GEN1 on slot C1, 'F8': F8 of Sample Plate on Opentrons 96 Deep Well Heater-Shaker Adapter on Heater-Shaker Module GEN1 on slot C1, 'G8': G8 of Sample Plate on Opentrons 96 Deep Well Heater-Shaker Adapter on Heater-Shaker Module GEN1 on slot C1, 'H8': H8 of Sample Plate on Opentrons 96 Deep Well Heater-Shaker Adapter on Heater-Shaker Module GEN1 on slot C1, 'A9': A9 of Sample Plate on Opentrons 96 Deep Well Heater-Shaker Adapter on Heater-Shaker Module GEN1 on slot C1, 'B9': B9 of Sample Plate on Opentrons 96 Deep Well Heater-Shaker Adapter on Heater-Shaker Module GEN1 on slot C1, 'C9': C9 of Sample Plate on Opentrons 96 Deep Well Heater-Shaker Adapter on Heater-Shaker Module GEN1 on slot C1, 'D9': D9 of Sample Plate on Opentrons 96 Deep Well Heater-Shaker Adapter on Heater-Shaker Module GEN1 on slot C1, 'E9': E9 of Sample Plate on Opentrons 96 Deep Well Heater-Shaker Adapter on Heater-Shaker Module GEN1 on slot C1, 'F9': F9 of Sample Plate on Opentrons 96 Deep Well Heater-Shaker Adapter on Heater-Shaker Module GEN1 on slot C1, 'G9': G9 of Sample Plate on Opentrons 96 Deep Well Heater-Shaker Adapter on Heater-Shaker Module GEN1 on slot C1, 'H9': H9 of Sample Plate on Opentrons 96 Deep Well Heater-Shaker Adapter on Heater-Shaker Module GEN1 on slot C1, 'A10': A10 of Sample Plate on Opentrons 96 Deep Well Heater-Shaker Adapter on Heater-Shaker Module GEN1 on slot C1, 'B10': B10 of Sample Plate on Opentrons 96 Deep Well Heater-Shaker Adapter on Heater-Shaker Module GEN1 on slot C1, 'C10': C10 of Sample Plate on Opentrons 96 Deep Well Heater-Shaker Adapter on Heater-Shaker Module GEN1 on slot C1, 'D10': D10 of Sample Plate on Opentrons 96 Deep Well Heater-Shaker Adapter on Heater-Shaker Module GEN1 on slot C1, 'E10': E10 of Sample Plate on Opentrons 96 Deep Well Heater-Shaker Adapter on Heater-Shaker Module GEN1 on slot C1, 'F10': F10 of Sample Plate on Opentrons 96 Deep Well Heater-Shaker Adapter on Heater-Shaker Module GEN1 on slot C1, 'G10': G10 of Sample Plate on Opentrons 96 Deep Well Heater-Shaker Adapter on Heater-Shaker Module GEN1 on slot C1, 'H10': H10 of Sample Plate on Opentrons 96 Deep Well Heater-Shaker Adapter on Heater-Shaker Module GEN1 on slot C1, 'A11': A11 of Sample Plate on Opentrons 96 Deep Well Heater-Shaker Adapter on Heater-Shaker Module GEN1 on slot C1, 'B11': B11 of Sample Plate on Opentrons 96 Deep Well Heater-Shaker Adapter on Heater-Shaker Module GEN1 on slot C1, 'C11': C11 of Sample Plate on Opentrons 96 Deep Well Heater-Shaker Adapter on Heater-Shaker Module GEN1 on slot C1, 'D11': D11 of Sample Plate on Opentrons 96 Deep Well Heater-Shaker Adapter on Heater-Shaker Module GEN1 on slot C1, 'E11': E11 of Sample Plate on Opentrons 96 Deep Well Heater-Shaker Adapter on Heater-Shaker Module GEN1 on slot C1, 'F11': F11 of Sample Plate on Opentrons 96 Deep Well Heater-Shaker Adapter on Heater-Shaker Module GEN1 on slot C1, 'G11': G11 of Sample Plate on Opentrons 96 Deep Well Heater-Shaker Adapter on Heater-Shaker Module GEN1 on slot C1, 'H11': H11 of Sample Plate on Opentrons 96 Deep Well Heater-Shaker Adapter on Heater-Shaker Module GEN1 on slot C1, 'A12': A12 of Sample Plate on Opentrons 96 Deep Well Heater-Shaker Adapter on Heater-Shaker Module GEN1 on slot C1, 'B12': B12 of Sample Plate on Opentrons 96 Deep Well Heater-Shaker Adapter on Heater-Shaker Module GEN1 on slot C1, 'C12': C12 of Sample Plate on Opentrons 96 Deep Well Heater-Shaker Adapter on Heater-Shaker Module GEN1 on slot C1, 'D12': D12 of Sample Plate on Opentrons 96 Deep Well Heater-Shaker Adapter on Heater-Shaker Module GEN1 on slot C1, 'E12': E12 of Sample Plate on Opentrons 96 Deep Well Heater-Shaker Adapter on Heater-Shaker Module GEN1 on slot C1, 'F12': F12 of Sample Plate on Opentrons 96 Deep Well Heater-Shaker Adapter on Heater-Shaker Module GEN1 on slot C1, 'G12': G12 of Sample Plate on Opentrons 96 Deep Well Heater-Shaker Adapter on Heater-Shaker Module GEN1 on slot C1, 'H12': H12 of Sample Plate on Opentrons 96 Deep Well Heater-Shaker Adapter on Heater-Shaker Module GEN1 on slot C1}
Loading liquid into {'A1': A1 of Sample Plate on Opentrons 96 Deep Well Heater-Shaker Adapter on Heater-Shaker Module GEN1 on slot C1, 'B1': B1 of Sample Plate on Opentrons 96 Deep Well Heater-Shaker Adapter on Heater-Shaker Module GEN1 on slot C1, 'C1': C1 of Sample Plate on Opentrons 96 Deep Well Heater-Shaker Adapter on Heater-Shaker Module GEN1 on slot C1, 'D1': D1 of Sample Plate on Opentrons 96 Deep Well Heater-Shaker Adapter on Heater-Shaker Module GEN1 on slot C1, 'E1': E1 of Sample Plate on Opentrons 96 Deep Well Heater-Shaker Adapter on Heater-Shaker Module GEN1 on slot C1, 'F1': F1 of Sample Plate on Opentrons 96 Deep Well Heater-Shaker Adapter on Heater-Shaker Module GEN1 on slot C1, 'G1': G1 of Sample Plate on Opentrons 96 Deep Well Heater-Shaker Adapter on Heater-Shaker Module GEN1 on slot C1, 'H1': H1 of Sample Plate on Opentrons 96 Deep Well Heater-Shaker Adapter on Heater-Shaker Module GEN1 on slot C1, 'A2': A2 of Sample Plate on Opentrons 96 Deep Well Heater-Shaker Adapter on Heater-Shaker Module GEN1 on slot C1, 'B2': B2 of Sample Plate on Opentrons 96 Deep Well Heater-Shaker Adapter on Heater-Shaker Module GEN1 on slot C1, 'C2': C2 of Sample Plate on Opentrons 96 Deep Well Heater-Shaker Adapter on Heater-Shaker Module GEN1 on slot C1, 'D2': D2 of Sample Plate on Opentrons 96 Deep Well Heater-Shaker Adapter on Heater-Shaker Module GEN1 on slot C1, 'E2': E2 of Sample Plate on Opentrons 96 Deep Well Heater-Shaker Adapter on Heater-Shaker Module GEN1 on slot C1, 'F2': F2 of Sample Plate on Opentrons 96 Deep Well Heater-Shaker Adapter on Heater-Shaker Module GEN1 on slot C1, 'G2': G2 of Sample Plate on Opentrons 96 Deep Well Heater-Shaker Adapter on Heater-Shaker Module GEN1 on slot C1, 'H2': H2 of Sample Plate on Opentrons 96 Deep Well Heater-Shaker Adapter on Heater-Shaker Module GEN1 on slot C1, 'A3': A3 of Sample Plate on Opentrons 96 Deep Well Heater-Shaker Adapter on Heater-Shaker Module GEN1 on slot C1, 'B3': B3 of Sample Plate on Opentrons 96 Deep Well Heater-Shaker Adapter on Heater-Shaker Module GEN1 on slot C1, 'C3': C3 of Sample Plate on Opentrons 96 Deep Well Heater-Shaker Adapter on Heater-Shaker Module GEN1 on slot C1, 'D3': D3 of Sample Plate on Opentrons 96 Deep Well Heater-Shaker Adapter on Heater-Shaker Module GEN1 on slot C1, 'E3': E3 of Sample Plate on Opentrons 96 Deep Well Heater-Shaker Adapter on Heater-Shaker Module GEN1 on slot C1, 'F3': F3 of Sample Plate on Opentrons 96 Deep Well Heater-Shaker Adapter on Heater-Shaker Module GEN1 on slot C1, 'G3': G3 of Sample Plate on Opentrons 96 Deep Well Heater-Shaker Adapter on Heater-Shaker Module GEN1 on slot C1, 'H3': H3 of Sample Plate on Opentrons 96 Deep Well Heater-Shaker Adapter on Heater-Shaker Module GEN1 on slot C1, 'A4': A4 of Sample Plate on Opentrons 96 Deep Well Heater-Shaker Adapter on Heater-Shaker Module GEN1 on slot C1, 'B4': B4 of Sample Plate on Opentrons 96 Deep Well Heater-Shaker Adapter on Heater-Shaker Module GEN1 on slot C1, 'C4': C4 of Sample Plate on Opentrons 96 Deep Well Heater-Shaker Adapter on Heater-Shaker Module GEN1 on slot C1, 'D4': D4 of Sample Plate on Opentrons 96 Deep Well Heater-Shaker Adapter on Heater-Shaker Module GEN1 on slot C1, 'E4': E4 of Sample Plate on Opentrons 96 Deep Well Heater-Shaker Adapter on Heater-Shaker Module GEN1 on slot C1, 'F4': F4 of Sample Plate on Opentrons 96 Deep Well Heater-Shaker Adapter on Heater-Shaker Module GEN1 on slot C1, 'G4': G4 of Sample Plate on Opentrons 96 Deep Well Heater-Shaker Adapter on Heater-Shaker Module GEN1 on slot C1, 'H4': H4 of Sample Plate on Opentrons 96 Deep Well Heater-Shaker Adapter on Heater-Shaker Module GEN1 on slot C1, 'A5': A5 of Sample Plate on Opentrons 96 Deep Well Heater-Shaker Adapter on Heater-Shaker Module GEN1 on slot C1, 'B5': B5 of Sample Plate on Opentrons 96 Deep Well Heater-Shaker Adapter on Heater-Shaker Module GEN1 on slot C1, 'C5': C5 of Sample Plate on Opentrons 96 Deep Well Heater-Shaker Adapter on Heater-Shaker Module GEN1 on slot C1, 'D5': D5 of Sample Plate on Opentrons 96 Deep Well Heater-Shaker Adapter on Heater-Shaker Module GEN1 on slot C1, 'E5': E5 of Sample Plate on Opentrons 96 Deep Well Heater-Shaker Adapter on Heater-Shaker Module GEN1 on slot C1, 'F5': F5 of Sample Plate on Opentrons 96 Deep Well Heater-Shaker Adapter on Heater-Shaker Module GEN1 on slot C1, 'G5': G5 of Sample Plate on Opentrons 96 Deep Well Heater-Shaker Adapter on Heater-Shaker Module GEN1 on slot C1, 'H5': H5 of Sample Plate on Opentrons 96 Deep Well Heater-Shaker Adapter on Heater-Shaker Module GEN1 on slot C1, 'A6': A6 of Sample Plate on Opentrons 96 Deep Well Heater-Shaker Adapter on Heater-Shaker Module GEN1 on slot C1, 'B6': B6 of Sample Plate on Opentrons 96 Deep Well Heater-Shaker Adapter on Heater-Shaker Module GEN1 on slot C1, 'C6': C6 of Sample Plate on Opentrons 96 Deep Well Heater-Shaker Adapter on Heater-Shaker Module GEN1 on slot C1, 'D6': D6 of Sample Plate on Opentrons 96 Deep Well Heater-Shaker Adapter on Heater-Shaker Module GEN1 on slot C1, 'E6': E6 of Sample Plate on Opentrons 96 Deep Well Heater-Shaker Adapter on Heater-Shaker Module GEN1 on slot C1, 'F6': F6 of Sample Plate on Opentrons 96 Deep Well Heater-Shaker Adapter on Heater-Shaker Module GEN1 on slot C1, 'G6': G6 of Sample Plate on Opentrons 96 Deep Well Heater-Shaker Adapter on Heater-Shaker Module GEN1 on slot C1, 'H6': H6 of Sample Plate on Opentrons 96 Deep Well Heater-Shaker Adapter on Heater-Shaker Module GEN1 on slot C1, 'A7': A7 of Sample Plate on Opentrons 96 Deep Well Heater-Shaker Adapter on Heater-Shaker Module GEN1 on slot C1, 'B7': B7 of Sample Plate on Opentrons 96 Deep Well Heater-Shaker Adapter on Heater-Shaker Module GEN1 on slot C1, 'C7': C7 of Sample Plate on Opentrons 96 Deep Well Heater-Shaker Adapter on Heater-Shaker Module GEN1 on slot C1, 'D7': D7 of Sample Plate on Opentrons 96 Deep Well Heater-Shaker Adapter on Heater-Shaker Module GEN1 on slot C1, 'E7': E7 of Sample Plate on Opentrons 96 Deep Well Heater-Shaker Adapter on Heater-Shaker Module GEN1 on slot C1, 'F7': F7 of Sample Plate on Opentrons 96 Deep Well Heater-Shaker Adapter on Heater-Shaker Module GEN1 on slot C1, 'G7': G7 of Sample Plate on Opentrons 96 Deep Well Heater-Shaker Adapter on Heater-Shaker Module GEN1 on slot C1, 'H7': H7 of Sample Plate on Opentrons 96 Deep Well Heater-Shaker Adapter on Heater-Shaker Module GEN1 on slot C1, 'A8': A8 of Sample Plate on Opentrons 96 Deep Well Heater-Shaker Adapter on Heater-Shaker Module GEN1 on slot C1, 'B8': B8 of Sample Plate on Opentrons 96 Deep Well Heater-Shaker Adapter on Heater-Shaker Module GEN1 on slot C1, 'C8': C8 of Sample Plate on Opentrons 96 Deep Well Heater-Shaker Adapter on Heater-Shaker Module GEN1 on slot C1, 'D8': D8 of Sample Plate on Opentrons 96 Deep Well Heater-Shaker Adapter on Heater-Shaker Module GEN1 on slot C1, 'E8': E8 of Sample Plate on Opentrons 96 Deep Well Heater-Shaker Adapter on Heater-Shaker Module GEN1 on slot C1, 'F8': F8 of Sample Plate on Opentrons 96 Deep Well Heater-Shaker Adapter on Heater-Shaker Module GEN1 on slot C1, 'G8': G8 of Sample Plate on Opentrons 96 Deep Well Heater-Shaker Adapter on Heater-Shaker Module GEN1 on slot C1, 'H8': H8 of Sample Plate on Opentrons 96 Deep Well Heater-Shaker Adapter on Heater-Shaker Module GEN1 on slot C1, 'A9': A9 of Sample Plate on Opentrons 96 Deep Well Heater-Shaker Adapter on Heater-Shaker Module GEN1 on slot C1, 'B9': B9 of Sample Plate on Opentrons 96 Deep Well Heater-Shaker Adapter on Heater-Shaker Module GEN1 on slot C1, 'C9': C9 of Sample Plate on Opentrons 96 Deep Well Heater-Shaker Adapter on Heater-Shaker Module GEN1 on slot C1, 'D9': D9 of Sample Plate on Opentrons 96 Deep Well Heater-Shaker Adapter on Heater-Shaker Module GEN1 on slot C1, 'E9': E9 of Sample Plate on Opentrons 96 Deep Well Heater-Shaker Adapter on Heater-Shaker Module GEN1 on slot C1, 'F9': F9 of Sample Plate on Opentrons 96 Deep Well Heater-Shaker Adapter on Heater-Shaker Module GEN1 on slot C1, 'G9': G9 of Sample Plate on Opentrons 96 Deep Well Heater-Shaker Adapter on Heater-Shaker Module GEN1 on slot C1, 'H9': H9 of Sample Plate on Opentrons 96 Deep Well Heater-Shaker Adapter on Heater-Shaker Module GEN1 on slot C1, 'A10': A10 of Sample Plate on Opentrons 96 Deep Well Heater-Shaker Adapter on Heater-Shaker Module GEN1 on slot C1, 'B10': B10 of Sample Plate on Opentrons 96 Deep Well Heater-Shaker Adapter on Heater-Shaker Module GEN1 on slot C1, 'C10': C10 of Sample Plate on Opentrons 96 Deep Well Heater-Shaker Adapter on Heater-Shaker Module GEN1 on slot C1, 'D10': D10 of Sample Plate on Opentrons 96 Deep Well Heater-Shaker Adapter on Heater-Shaker Module GEN1 on slot C1, 'E10': E10 of Sample Plate on Opentrons 96 Deep Well Heater-Shaker Adapter on Heater-Shaker Module GEN1 on slot C1, 'F10': F10 of Sample Plate on Opentrons 96 Deep Well Heater-Shaker Adapter on Heater-Shaker Module GEN1 on slot C1, 'G10': G10 of Sample Plate on Opentrons 96 Deep Well Heater-Shaker Adapter on Heater-Shaker Module GEN1 on slot C1, 'H10': H10 of Sample Plate on Opentrons 96 Deep Well Heater-Shaker Adapter on Heater-Shaker Module GEN1 on slot C1, 'A11': A11 of Sample Plate on Opentrons 96 Deep Well Heater-Shaker Adapter on Heater-Shaker Module GEN1 on slot C1, 'B11': B11 of Sample Plate on Opentrons 96 Deep Well Heater-Shaker Adapter on Heater-Shaker Module GEN1 on slot C1, 'C11': C11 of Sample Plate on Opentrons 96 Deep Well Heater-Shaker Adapter on Heater-Shaker Module GEN1 on slot C1, 'D11': D11 of Sample Plate on Opentrons 96 Deep Well Heater-Shaker Adapter on Heater-Shaker Module GEN1 on slot C1, 'E11': E11 of Sample Plate on Opentrons 96 Deep Well Heater-Shaker Adapter on Heater-Shaker Module GEN1 on slot C1, 'F11': F11 of Sample Plate on Opentrons 96 Deep Well Heater-Shaker Adapter on Heater-Shaker Module GEN1 on slot C1, 'G11': G11 of Sample Plate on Opentrons 96 Deep Well Heater-Shaker Adapter on Heater-Shaker Module GEN1 on slot C1, 'H11': H11 of Sample Plate on Opentrons 96 Deep Well Heater-Shaker Adapter on Heater-Shaker Module GEN1 on slot C1, 'A12': A12 of Sample Plate on Opentrons 96 Deep Well Heater-Shaker Adapter on Heater-Shaker Module GEN1 on slot C1, 'B12': B12 of Sample Plate on Opentrons 96 Deep Well Heater-Shaker Adapter on Heater-Shaker Module GEN1 on slot C1, 'C12': C12 of Sample Plate on Opentrons 96 Deep Well Heater-Shaker Adapter on Heater-Shaker Module GEN1 on slot C1, 'D12': D12 of Sample Plate on Opentrons 96 Deep Well Heater-Shaker Adapter on Heater-Shaker Module GEN1 on slot C1, 'E12': E12 of Sample Plate on Opentrons 96 Deep Well Heater-Shaker Adapter on Heater-Shaker Module GEN1 on slot C1, 'F12': F12 of Sample Plate on Opentrons 96 Deep Well Heater-Shaker Adapter on Heater-Shaker Module GEN1 on slot C1, 'G12': G12 of Sample Plate on Opentrons 96 Deep Well Heater-Shaker Adapter on Heater-Shaker Module GEN1 on slot C1, 'H12': H12 of Sample Plate on Opentrons 96 Deep Well Heater-Shaker Adapter on Heater-Shaker Module GEN1 on slot C1}
Loading liquid into {'A1': A1 of Sample Plate on Opentrons 96 Deep Well Heater-Shaker Adapter on Heater-Shaker Module GEN1 on slot C1, 'B1': B1 of Sample Plate on Opentrons 96 Deep Well Heater-Shaker Adapter on Heater-Shaker Module GEN1 on slot C1, 'C1': C1 of Sample Plate on Opentrons 96 Deep Well Heater-Shaker Adapter on Heater-Shaker Module GEN1 on slot C1, 'D1': D1 of Sample Plate on Opentrons 96 Deep Well Heater-Shaker Adapter on Heater-Shaker Module GEN1 on slot C1, 'E1': E1 of Sample Plate on Opentrons 96 Deep Well Heater-Shaker Adapter on Heater-Shaker Module GEN1 on slot C1, 'F1': F1 of Sample Plate on Opentrons 96 Deep Well Heater-Shaker Adapter on Heater-Shaker Module GEN1 on slot C1, 'G1': G1 of Sample Plate on Opentrons 96 Deep Well Heater-Shaker Adapter on Heater-Shaker Module GEN1 on slot C1, 'H1': H1 of Sample Plate on Opentrons 96 Deep Well Heater-Shaker Adapter on Heater-Shaker Module GEN1 on slot C1, 'A2': A2 of Sample Plate on Opentrons 96 Deep Well Heater-Shaker Adapter on Heater-Shaker Module GEN1 on slot C1, 'B2': B2 of Sample Plate on Opentrons 96 Deep Well Heater-Shaker Adapter on Heater-Shaker Module GEN1 on slot C1, 'C2': C2 of Sample Plate on Opentrons 96 Deep Well Heater-Shaker Adapter on Heater-Shaker Module GEN1 on slot C1, 'D2': D2 of Sample Plate on Opentrons 96 Deep Well Heater-Shaker Adapter on Heater-Shaker Module GEN1 on slot C1, 'E2': E2 of Sample Plate on Opentrons 96 Deep Well Heater-Shaker Adapter on Heater-Shaker Module GEN1 on slot C1, 'F2': F2 of Sample Plate on Opentrons 96 Deep Well Heater-Shaker Adapter on Heater-Shaker Module GEN1 on slot C1, 'G2': G2 of Sample Plate on Opentrons 96 Deep Well Heater-Shaker Adapter on Heater-Shaker Module GEN1 on slot C1, 'H2': H2 of Sample Plate on Opentrons 96 Deep Well Heater-Shaker Adapter on Heater-Shaker Module GEN1 on slot C1, 'A3': A3 of Sample Plate on Opentrons 96 Deep Well Heater-Shaker Adapter on Heater-Shaker Module GEN1 on slot C1, 'B3': B3 of Sample Plate on Opentrons 96 Deep Well Heater-Shaker Adapter on Heater-Shaker Module GEN1 on slot C1, 'C3': C3 of Sample Plate on Opentrons 96 Deep Well Heater-Shaker Adapter on Heater-Shaker Module GEN1 on slot C1, 'D3': D3 of Sample Plate on Opentrons 96 Deep Well Heater-Shaker Adapter on Heater-Shaker Module GEN1 on slot C1, 'E3': E3 of Sample Plate on Opentrons 96 Deep Well Heater-Shaker Adapter on Heater-Shaker Module GEN1 on slot C1, 'F3': F3 of Sample Plate on Opentrons 96 Deep Well Heater-Shaker Adapter on Heater-Shaker Module GEN1 on slot C1, 'G3': G3 of Sample Plate on Opentrons 96 Deep Well Heater-Shaker Adapter on Heater-Shaker Module GEN1 on slot C1, 'H3': H3 of Sample Plate on Opentrons 96 Deep Well Heater-Shaker Adapter on Heater-Shaker Module GEN1 on slot C1, 'A4': A4 of Sample Plate on Opentrons 96 Deep Well Heater-Shaker Adapter on Heater-Shaker Module GEN1 on slot C1, 'B4': B4 of Sample Plate on Opentrons 96 Deep Well Heater-Shaker Adapter on Heater-Shaker Module GEN1 on slot C1, 'C4': C4 of Sample Plate on Opentrons 96 Deep Well Heater-Shaker Adapter on Heater-Shaker Module GEN1 on slot C1, 'D4': D4 of Sample Plate on Opentrons 96 Deep Well Heater-Shaker Adapter on Heater-Shaker Module GEN1 on slot C1, 'E4': E4 of Sample Plate on Opentrons 96 Deep Well Heater-Shaker Adapter on Heater-Shaker Module GEN1 on slot C1, 'F4': F4 of Sample Plate on Opentrons 96 Deep Well Heater-Shaker Adapter on Heater-Shaker Module GEN1 on slot C1, 'G4': G4 of Sample Plate on Opentrons 96 Deep Well Heater-Shaker Adapter on Heater-Shaker Module GEN1 on slot C1, 'H4': H4 of Sample Plate on Opentrons 96 Deep Well Heater-Shaker Adapter on Heater-Shaker Module GEN1 on slot C1, 'A5': A5 of Sample Plate on Opentrons 96 Deep Well Heater-Shaker Adapter on Heater-Shaker Module GEN1 on slot C1, 'B5': B5 of Sample Plate on Opentrons 96 Deep Well Heater-Shaker Adapter on Heater-Shaker Module GEN1 on slot C1, 'C5': C5 of Sample Plate on Opentrons 96 Deep Well Heater-Shaker Adapter on Heater-Shaker Module GEN1 on slot C1, 'D5': D5 of Sample Plate on Opentrons 96 Deep Well Heater-Shaker Adapter on Heater-Shaker Module GEN1 on slot C1, 'E5': E5 of Sample Plate on Opentrons 96 Deep Well Heater-Shaker Adapter on Heater-Shaker Module GEN1 on slot C1, 'F5': F5 of Sample Plate on Opentrons 96 Deep Well Heater-Shaker Adapter on Heater-Shaker Module GEN1 on slot C1, 'G5': G5 of Sample Plate on Opentrons 96 Deep Well Heater-Shaker Adapter on Heater-Shaker Module GEN1 on slot C1, 'H5': H5 of Sample Plate on Opentrons 96 Deep Well Heater-Shaker Adapter on Heater-Shaker Module GEN1 on slot C1, 'A6': A6 of Sample Plate on Opentrons 96 Deep Well Heater-Shaker Adapter on Heater-Shaker Module GEN1 on slot C1, 'B6': B6 of Sample Plate on Opentrons 96 Deep Well Heater-Shaker Adapter on Heater-Shaker Module GEN1 on slot C1, 'C6': C6 of Sample Plate on Opentrons 96 Deep Well Heater-Shaker Adapter on Heater-Shaker Module GEN1 on slot C1, 'D6': D6 of Sample Plate on Opentrons 96 Deep Well Heater-Shaker Adapter on Heater-Shaker Module GEN1 on slot C1, 'E6': E6 of Sample Plate on Opentrons 96 Deep Well Heater-Shaker Adapter on Heater-Shaker Module GEN1 on slot C1, 'F6': F6 of Sample Plate on Opentrons 96 Deep Well Heater-Shaker Adapter on Heater-Shaker Module GEN1 on slot C1, 'G6': G6 of Sample Plate on Opentrons 96 Deep Well Heater-Shaker Adapter on Heater-Shaker Module GEN1 on slot C1, 'H6': H6 of Sample Plate on Opentrons 96 Deep Well Heater-Shaker Adapter on Heater-Shaker Module GEN1 on slot C1, 'A7': A7 of Sample Plate on Opentrons 96 Deep Well Heater-Shaker Adapter on Heater-Shaker Module GEN1 on slot C1, 'B7': B7 of Sample Plate on Opentrons 96 Deep Well Heater-Shaker Adapter on Heater-Shaker Module GEN1 on slot C1, 'C7': C7 of Sample Plate on Opentrons 96 Deep Well Heater-Shaker Adapter on Heater-Shaker Module GEN1 on slot C1, 'D7': D7 of Sample Plate on Opentrons 96 Deep Well Heater-Shaker Adapter on Heater-Shaker Module GEN1 on slot C1, 'E7': E7 of Sample Plate on Opentrons 96 Deep Well Heater-Shaker Adapter on Heater-Shaker Module GEN1 on slot C1, 'F7': F7 of Sample Plate on Opentrons 96 Deep Well Heater-Shaker Adapter on Heater-Shaker Module GEN1 on slot C1, 'G7': G7 of Sample Plate on Opentrons 96 Deep Well Heater-Shaker Adapter on Heater-Shaker Module GEN1 on slot C1, 'H7': H7 of Sample Plate on Opentrons 96 Deep Well Heater-Shaker Adapter on Heater-Shaker Module GEN1 on slot C1, 'A8': A8 of Sample Plate on Opentrons 96 Deep Well Heater-Shaker Adapter on Heater-Shaker Module GEN1 on slot C1, 'B8': B8 of Sample Plate on Opentrons 96 Deep Well Heater-Shaker Adapter on Heater-Shaker Module GEN1 on slot C1, 'C8': C8 of Sample Plate on Opentrons 96 Deep Well Heater-Shaker Adapter on Heater-Shaker Module GEN1 on slot C1, 'D8': D8 of Sample Plate on Opentrons 96 Deep Well Heater-Shaker Adapter on Heater-Shaker Module GEN1 on slot C1, 'E8': E8 of Sample Plate on Opentrons 96 Deep Well Heater-Shaker Adapter on Heater-Shaker Module GEN1 on slot C1, 'F8': F8 of Sample Plate on Opentrons 96 Deep Well Heater-Shaker Adapter on Heater-Shaker Module GEN1 on slot C1, 'G8': G8 of Sample Plate on Opentrons 96 Deep Well Heater-Shaker Adapter on Heater-Shaker Module GEN1 on slot C1, 'H8': H8 of Sample Plate on Opentrons 96 Deep Well Heater-Shaker Adapter on Heater-Shaker Module GEN1 on slot C1, 'A9': A9 of Sample Plate on Opentrons 96 Deep Well Heater-Shaker Adapter on Heater-Shaker Module GEN1 on slot C1, 'B9': B9 of Sample Plate on Opentrons 96 Deep Well Heater-Shaker Adapter on Heater-Shaker Module GEN1 on slot C1, 'C9': C9 of Sample Plate on Opentrons 96 Deep Well Heater-Shaker Adapter on Heater-Shaker Module GEN1 on slot C1, 'D9': D9 of Sample Plate on Opentrons 96 Deep Well Heater-Shaker Adapter on Heater-Shaker Module GEN1 on slot C1, 'E9': E9 of Sample Plate on Opentrons 96 Deep Well Heater-Shaker Adapter on Heater-Shaker Module GEN1 on slot C1, 'F9': F9 of Sample Plate on Opentrons 96 Deep Well Heater-Shaker Adapter on Heater-Shaker Module GEN1 on slot C1, 'G9': G9 of Sample Plate on Opentrons 96 Deep Well Heater-Shaker Adapter on Heater-Shaker Module GEN1 on slot C1, 'H9': H9 of Sample Plate on Opentrons 96 Deep Well Heater-Shaker Adapter on Heater-Shaker Module GEN1 on slot C1, 'A10': A10 of Sample Plate on Opentrons 96 Deep Well Heater-Shaker Adapter on Heater-Shaker Module GEN1 on slot C1, 'B10': B10 of Sample Plate on Opentrons 96 Deep Well Heater-Shaker Adapter on Heater-Shaker Module GEN1 on slot C1, 'C10': C10 of Sample Plate on Opentrons 96 Deep Well Heater-Shaker Adapter on Heater-Shaker Module GEN1 on slot C1, 'D10': D10 of Sample Plate on Opentrons 96 Deep Well Heater-Shaker Adapter on Heater-Shaker Module GEN1 on slot C1, 'E10': E10 of Sample Plate on Opentrons 96 Deep Well Heater-Shaker Adapter on Heater-Shaker Module GEN1 on slot C1, 'F10': F10 of Sample Plate on Opentrons 96 Deep Well Heater-Shaker Adapter on Heater-Shaker Module GEN1 on slot C1, 'G10': G10 of Sample Plate on Opentrons 96 Deep Well Heater-Shaker Adapter on Heater-Shaker Module GEN1 on slot C1, 'H10': H10 of Sample Plate on Opentrons 96 Deep Well Heater-Shaker Adapter on Heater-Shaker Module GEN1 on slot C1, 'A11': A11 of Sample Plate on Opentrons 96 Deep Well Heater-Shaker Adapter on Heater-Shaker Module GEN1 on slot C1, 'B11': B11 of Sample Plate on Opentrons 96 Deep Well Heater-Shaker Adapter on Heater-Shaker Module GEN1 on slot C1, 'C11': C11 of Sample Plate on Opentrons 96 Deep Well Heater-Shaker Adapter on Heater-Shaker Module GEN1 on slot C1, 'D11': D11 of Sample Plate on Opentrons 96 Deep Well Heater-Shaker Adapter on Heater-Shaker Module GEN1 on slot C1, 'E11': E11 of Sample Plate on Opentrons 96 Deep Well Heater-Shaker Adapter on Heater-Shaker Module GEN1 on slot C1, 'F11': F11 of Sample Plate on Opentrons 96 Deep Well Heater-Shaker Adapter on Heater-Shaker Module GEN1 on slot C1, 'G11': G11 of Sample Plate on Opentrons 96 Deep Well Heater-Shaker Adapter on Heater-Shaker Module GEN1 on slot C1, 'H11': H11 of Sample Plate on Opentrons 96 Deep Well Heater-Shaker Adapter on Heater-Shaker Module GEN1 on slot C1, 'A12': A12 of Sample Plate on Opentrons 96 Deep Well Heater-Shaker Adapter on Heater-Shaker Module GEN1 on slot C1, 'B12': B12 of Sample Plate on Opentrons 96 Deep Well Heater-Shaker Adapter on Heater-Shaker Module GEN1 on slot C1, 'C12': C12 of Sample Plate on Opentrons 96 Deep Well Heater-Shaker Adapter on Heater-Shaker Module GEN1 on slot C1, 'D12': D12 of Sample Plate on Opentrons 96 Deep Well Heater-Shaker Adapter on Heater-Shaker Module GEN1 on slot C1, 'E12': E12 of Sample Plate on Opentrons 96 Deep Well Heater-Shaker Adapter on Heater-Shaker Module GEN1 on slot C1, 'F12': F12 of Sample Plate on Opentrons 96 Deep Well Heater-Shaker Adapter on Heater-Shaker Module GEN1 on slot C1, 'G12': G12 of Sample Plate on Opentrons 96 Deep Well Heater-Shaker Adapter on Heater-Shaker Module GEN1 on slot C1, 'H12': H12 of Sample Plate on Opentrons 96 Deep Well Heater-Shaker Adapter on Heater-Shaker Module GEN1 on slot C1}
Loading liquid into {'A1': A1 of Sample Plate on Opentrons 96 Deep Well Heater-Shaker Adapter on Heater-Shaker Module GEN1 on slot C1, 'B1': B1 of Sample Plate on Opentrons 96 Deep Well Heater-Shaker Adapter on Heater-Shaker Module GEN1 on slot C1, 'C1': C1 of Sample Plate on Opentrons 96 Deep Well Heater-Shaker Adapter on Heater-Shaker Module GEN1 on slot C1, 'D1': D1 of Sample Plate on Opentrons 96 Deep Well Heater-Shaker Adapter on Heater-Shaker Module GEN1 on slot C1, 'E1': E1 of Sample Plate on Opentrons 96 Deep Well Heater-Shaker Adapter on Heater-Shaker Module GEN1 on slot C1, 'F1': F1 of Sample Plate on Opentrons 96 Deep Well Heater-Shaker Adapter on Heater-Shaker Module GEN1 on slot C1, 'G1': G1 of Sample Plate on Opentrons 96 Deep Well Heater-Shaker Adapter on Heater-Shaker Module GEN1 on slot C1, 'H1': H1 of Sample Plate on Opentrons 96 Deep Well Heater-Shaker Adapter on Heater-Shaker Module GEN1 on slot C1, 'A2': A2 of Sample Plate on Opentrons 96 Deep Well Heater-Shaker Adapter on Heater-Shaker Module GEN1 on slot C1, 'B2': B2 of Sample Plate on Opentrons 96 Deep Well Heater-Shaker Adapter on Heater-Shaker Module GEN1 on slot C1, 'C2': C2 of Sample Plate on Opentrons 96 Deep Well Heater-Shaker Adapter on Heater-Shaker Module GEN1 on slot C1, 'D2': D2 of Sample Plate on Opentrons 96 Deep Well Heater-Shaker Adapter on Heater-Shaker Module GEN1 on slot C1, 'E2': E2 of Sample Plate on Opentrons 96 Deep Well Heater-Shaker Adapter on Heater-Shaker Module GEN1 on slot C1, 'F2': F2 of Sample Plate on Opentrons 96 Deep Well Heater-Shaker Adapter on Heater-Shaker Module GEN1 on slot C1, 'G2': G2 of Sample Plate on Opentrons 96 Deep Well Heater-Shaker Adapter on Heater-Shaker Module GEN1 on slot C1, 'H2': H2 of Sample Plate on Opentrons 96 Deep Well Heater-Shaker Adapter on Heater-Shaker Module GEN1 on slot C1, 'A3': A3 of Sample Plate on Opentrons 96 Deep Well Heater-Shaker Adapter on Heater-Shaker Module GEN1 on slot C1, 'B3': B3 of Sample Plate on Opentrons 96 Deep Well Heater-Shaker Adapter on Heater-Shaker Module GEN1 on slot C1, 'C3': C3 of Sample Plate on Opentrons 96 Deep Well Heater-Shaker Adapter on Heater-Shaker Module GEN1 on slot C1, 'D3': D3 of Sample Plate on Opentrons 96 Deep Well Heater-Shaker Adapter on Heater-Shaker Module GEN1 on slot C1, 'E3': E3 of Sample Plate on Opentrons 96 Deep Well Heater-Shaker Adapter on Heater-Shaker Module GEN1 on slot C1, 'F3': F3 of Sample Plate on Opentrons 96 Deep Well Heater-Shaker Adapter on Heater-Shaker Module GEN1 on slot C1, 'G3': G3 of Sample Plate on Opentrons 96 Deep Well Heater-Shaker Adapter on Heater-Shaker Module GEN1 on slot C1, 'H3': H3 of Sample Plate on Opentrons 96 Deep Well Heater-Shaker Adapter on Heater-Shaker Module GEN1 on slot C1, 'A4': A4 of Sample Plate on Opentrons 96 Deep Well Heater-Shaker Adapter on Heater-Shaker Module GEN1 on slot C1, 'B4': B4 of Sample Plate on Opentrons 96 Deep Well Heater-Shaker Adapter on Heater-Shaker Module GEN1 on slot C1, 'C4': C4 of Sample Plate on Opentrons 96 Deep Well Heater-Shaker Adapter on Heater-Shaker Module GEN1 on slot C1, 'D4': D4 of Sample Plate on Opentrons 96 Deep Well Heater-Shaker Adapter on Heater-Shaker Module GEN1 on slot C1, 'E4': E4 of Sample Plate on Opentrons 96 Deep Well Heater-Shaker Adapter on Heater-Shaker Module GEN1 on slot C1, 'F4': F4 of Sample Plate on Opentrons 96 Deep Well Heater-Shaker Adapter on Heater-Shaker Module GEN1 on slot C1, 'G4': G4 of Sample Plate on Opentrons 96 Deep Well Heater-Shaker Adapter on Heater-Shaker Module GEN1 on slot C1, 'H4': H4 of Sample Plate on Opentrons 96 Deep Well Heater-Shaker Adapter on Heater-Shaker Module GEN1 on slot C1, 'A5': A5 of Sample Plate on Opentrons 96 Deep Well Heater-Shaker Adapter on Heater-Shaker Module GEN1 on slot C1, 'B5': B5 of Sample Plate on Opentrons 96 Deep Well Heater-Shaker Adapter on Heater-Shaker Module GEN1 on slot C1, 'C5': C5 of Sample Plate on Opentrons 96 Deep Well Heater-Shaker Adapter on Heater-Shaker Module GEN1 on slot C1, 'D5': D5 of Sample Plate on Opentrons 96 Deep Well Heater-Shaker Adapter on Heater-Shaker Module GEN1 on slot C1, 'E5': E5 of Sample Plate on Opentrons 96 Deep Well Heater-Shaker Adapter on Heater-Shaker Module GEN1 on slot C1, 'F5': F5 of Sample Plate on Opentrons 96 Deep Well Heater-Shaker Adapter on Heater-Shaker Module GEN1 on slot C1, 'G5': G5 of Sample Plate on Opentrons 96 Deep Well Heater-Shaker Adapter on Heater-Shaker Module GEN1 on slot C1, 'H5': H5 of Sample Plate on Opentrons 96 Deep Well Heater-Shaker Adapter on Heater-Shaker Module GEN1 on slot C1, 'A6': A6 of Sample Plate on Opentrons 96 Deep Well Heater-Shaker Adapter on Heater-Shaker Module GEN1 on slot C1, 'B6': B6 of Sample Plate on Opentrons 96 Deep Well Heater-Shaker Adapter on Heater-Shaker Module GEN1 on slot C1, 'C6': C6 of Sample Plate on Opentrons 96 Deep Well Heater-Shaker Adapter on Heater-Shaker Module GEN1 on slot C1, 'D6': D6 of Sample Plate on Opentrons 96 Deep Well Heater-Shaker Adapter on Heater-Shaker Module GEN1 on slot C1, 'E6': E6 of Sample Plate on Opentrons 96 Deep Well Heater-Shaker Adapter on Heater-Shaker Module GEN1 on slot C1, 'F6': F6 of Sample Plate on Opentrons 96 Deep Well Heater-Shaker Adapter on Heater-Shaker Module GEN1 on slot C1, 'G6': G6 of Sample Plate on Opentrons 96 Deep Well Heater-Shaker Adapter on Heater-Shaker Module GEN1 on slot C1, 'H6': H6 of Sample Plate on Opentrons 96 Deep Well Heater-Shaker Adapter on Heater-Shaker Module GEN1 on slot C1, 'A7': A7 of Sample Plate on Opentrons 96 Deep Well Heater-Shaker Adapter on Heater-Shaker Module GEN1 on slot C1, 'B7': B7 of Sample Plate on Opentrons 96 Deep Well Heater-Shaker Adapter on Heater-Shaker Module GEN1 on slot C1, 'C7': C7 of Sample Plate on Opentrons 96 Deep Well Heater-Shaker Adapter on Heater-Shaker Module GEN1 on slot C1, 'D7': D7 of Sample Plate on Opentrons 96 Deep Well Heater-Shaker Adapter on Heater-Shaker Module GEN1 on slot C1, 'E7': E7 of Sample Plate on Opentrons 96 Deep Well Heater-Shaker Adapter on Heater-Shaker Module GEN1 on slot C1, 'F7': F7 of Sample Plate on Opentrons 96 Deep Well Heater-Shaker Adapter on Heater-Shaker Module GEN1 on slot C1, 'G7': G7 of Sample Plate on Opentrons 96 Deep Well Heater-Shaker Adapter on Heater-Shaker Module GEN1 on slot C1, 'H7': H7 of Sample Plate on Opentrons 96 Deep Well Heater-Shaker Adapter on Heater-Shaker Module GEN1 on slot C1, 'A8': A8 of Sample Plate on Opentrons 96 Deep Well Heater-Shaker Adapter on Heater-Shaker Module GEN1 on slot C1, 'B8': B8 of Sample Plate on Opentrons 96 Deep Well Heater-Shaker Adapter on Heater-Shaker Module GEN1 on slot C1, 'C8': C8 of Sample Plate on Opentrons 96 Deep Well Heater-Shaker Adapter on Heater-Shaker Module GEN1 on slot C1, 'D8': D8 of Sample Plate on Opentrons 96 Deep Well Heater-Shaker Adapter on Heater-Shaker Module GEN1 on slot C1, 'E8': E8 of Sample Plate on Opentrons 96 Deep Well Heater-Shaker Adapter on Heater-Shaker Module GEN1 on slot C1, 'F8': F8 of Sample Plate on Opentrons 96 Deep Well Heater-Shaker Adapter on Heater-Shaker Module GEN1 on slot C1, 'G8': G8 of Sample Plate on Opentrons 96 Deep Well Heater-Shaker Adapter on Heater-Shaker Module GEN1 on slot C1, 'H8': H8 of Sample Plate on Opentrons 96 Deep Well Heater-Shaker Adapter on Heater-Shaker Module GEN1 on slot C1, 'A9': A9 of Sample Plate on Opentrons 96 Deep Well Heater-Shaker Adapter on Heater-Shaker Module GEN1 on slot C1, 'B9': B9 of Sample Plate on Opentrons 96 Deep Well Heater-Shaker Adapter on Heater-Shaker Module GEN1 on slot C1, 'C9': C9 of Sample Plate on Opentrons 96 Deep Well Heater-Shaker Adapter on Heater-Shaker Module GEN1 on slot C1, 'D9': D9 of Sample Plate on Opentrons 96 Deep Well Heater-Shaker Adapter on Heater-Shaker Module GEN1 on slot C1, 'E9': E9 of Sample Plate on Opentrons 96 Deep Well Heater-Shaker Adapter on Heater-Shaker Module GEN1 on slot C1, 'F9': F9 of Sample Plate on Opentrons 96 Deep Well Heater-Shaker Adapter on Heater-Shaker Module GEN1 on slot C1, 'G9': G9 of Sample Plate on Opentrons 96 Deep Well Heater-Shaker Adapter on Heater-Shaker Module GEN1 on slot C1, 'H9': H9 of Sample Plate on Opentrons 96 Deep Well Heater-Shaker Adapter on Heater-Shaker Module GEN1 on slot C1, 'A10': A10 of Sample Plate on Opentrons 96 Deep Well Heater-Shaker Adapter on Heater-Shaker Module GEN1 on slot C1, 'B10': B10 of Sample Plate on Opentrons 96 Deep Well Heater-Shaker Adapter on Heater-Shaker Module GEN1 on slot C1, 'C10': C10 of Sample Plate on Opentrons 96 Deep Well Heater-Shaker Adapter on Heater-Shaker Module GEN1 on slot C1, 'D10': D10 of Sample Plate on Opentrons 96 Deep Well Heater-Shaker Adapter on Heater-Shaker Module GEN1 on slot C1, 'E10': E10 of Sample Plate on Opentrons 96 Deep Well Heater-Shaker Adapter on Heater-Shaker Module GEN1 on slot C1, 'F10': F10 of Sample Plate on Opentrons 96 Deep Well Heater-Shaker Adapter on Heater-Shaker Module GEN1 on slot C1, 'G10': G10 of Sample Plate on Opentrons 96 Deep Well Heater-Shaker Adapter on Heater-Shaker Module GEN1 on slot C1, 'H10': H10 of Sample Plate on Opentrons 96 Deep Well Heater-Shaker Adapter on Heater-Shaker Module GEN1 on slot C1, 'A11': A11 of Sample Plate on Opentrons 96 Deep Well Heater-Shaker Adapter on Heater-Shaker Module GEN1 on slot C1, 'B11': B11 of Sample Plate on Opentrons 96 Deep Well Heater-Shaker Adapter on Heater-Shaker Module GEN1 on slot C1, 'C11': C11 of Sample Plate on Opentrons 96 Deep Well Heater-Shaker Adapter on Heater-Shaker Module GEN1 on slot C1, 'D11': D11 of Sample Plate on Opentrons 96 Deep Well Heater-Shaker Adapter on Heater-Shaker Module GEN1 on slot C1, 'E11': E11 of Sample Plate on Opentrons 96 Deep Well Heater-Shaker Adapter on Heater-Shaker Module GEN1 on slot C1, 'F11': F11 of Sample Plate on Opentrons 96 Deep Well Heater-Shaker Adapter on Heater-Shaker Module GEN1 on slot C1, 'G11': G11 of Sample Plate on Opentrons 96 Deep Well Heater-Shaker Adapter on Heater-Shaker Module GEN1 on slot C1, 'H11': H11 of Sample Plate on Opentrons 96 Deep Well Heater-Shaker Adapter on Heater-Shaker Module GEN1 on slot C1, 'A12': A12 of Sample Plate on Opentrons 96 Deep Well Heater-Shaker Adapter on Heater-Shaker Module GEN1 on slot C1, 'B12': B12 of Sample Plate on Opentrons 96 Deep Well Heater-Shaker Adapter on Heater-Shaker Module GEN1 on slot C1, 'C12': C12 of Sample Plate on Opentrons 96 Deep Well Heater-Shaker Adapter on Heater-Shaker Module GEN1 on slot C1, 'D12': D12 of Sample Plate on Opentrons 96 Deep Well Heater-Shaker Adapter on Heater-Shaker Module GEN1 on slot C1, 'E12': E12 of Sample Plate on Opentrons 96 Deep Well Heater-Shaker Adapter on Heater-Shaker Module GEN1 on slot C1, 'F12': F12 of Sample Plate on Opentrons 96 Deep Well Heater-Shaker Adapter on Heater-Shaker Module GEN1 on slot C1, 'G12': G12 of Sample Plate on Opentrons 96 Deep Well Heater-Shaker Adapter on Heater-Shaker Module GEN1 on slot C1, 'H12': H12 of Sample Plate on Opentrons 96 Deep Well Heater-Shaker Adapter on Heater-Shaker Module GEN1 on slot C1}
Loading liquid into {'A1': A1 of Sample Plate on Opentrons 96 Deep Well Heater-Shaker Adapter on Heater-Shaker Module GEN1 on slot C1, 'B1': B1 of Sample Plate on Opentrons 96 Deep Well Heater-Shaker Adapter on Heater-Shaker Module GEN1 on slot C1, 'C1': C1 of Sample Plate on Opentrons 96 Deep Well Heater-Shaker Adapter on Heater-Shaker Module GEN1 on slot C1, 'D1': D1 of Sample Plate on Opentrons 96 Deep Well Heater-Shaker Adapter on Heater-Shaker Module GEN1 on slot C1, 'E1': E1 of Sample Plate on Opentrons 96 Deep Well Heater-Shaker Adapter on Heater-Shaker Module GEN1 on slot C1, 'F1': F1 of Sample Plate on Opentrons 96 Deep Well Heater-Shaker Adapter on Heater-Shaker Module GEN1 on slot C1, 'G1': G1 of Sample Plate on Opentrons 96 Deep Well Heater-Shaker Adapter on Heater-Shaker Module GEN1 on slot C1, 'H1': H1 of Sample Plate on Opentrons 96 Deep Well Heater-Shaker Adapter on Heater-Shaker Module GEN1 on slot C1, 'A2': A2 of Sample Plate on Opentrons 96 Deep Well Heater-Shaker Adapter on Heater-Shaker Module GEN1 on slot C1, 'B2': B2 of Sample Plate on Opentrons 96 Deep Well Heater-Shaker Adapter on Heater-Shaker Module GEN1 on slot C1, 'C2': C2 of Sample Plate on Opentrons 96 Deep Well Heater-Shaker Adapter on Heater-Shaker Module GEN1 on slot C1, 'D2': D2 of Sample Plate on Opentrons 96 Deep Well Heater-Shaker Adapter on Heater-Shaker Module GEN1 on slot C1, 'E2': E2 of Sample Plate on Opentrons 96 Deep Well Heater-Shaker Adapter on Heater-Shaker Module GEN1 on slot C1, 'F2': F2 of Sample Plate on Opentrons 96 Deep Well Heater-Shaker Adapter on Heater-Shaker Module GEN1 on slot C1, 'G2': G2 of Sample Plate on Opentrons 96 Deep Well Heater-Shaker Adapter on Heater-Shaker Module GEN1 on slot C1, 'H2': H2 of Sample Plate on Opentrons 96 Deep Well Heater-Shaker Adapter on Heater-Shaker Module GEN1 on slot C1, 'A3': A3 of Sample Plate on Opentrons 96 Deep Well Heater-Shaker Adapter on Heater-Shaker Module GEN1 on slot C1, 'B3': B3 of Sample Plate on Opentrons 96 Deep Well Heater-Shaker Adapter on Heater-Shaker Module GEN1 on slot C1, 'C3': C3 of Sample Plate on Opentrons 96 Deep Well Heater-Shaker Adapter on Heater-Shaker Module GEN1 on slot C1, 'D3': D3 of Sample Plate on Opentrons 96 Deep Well Heater-Shaker Adapter on Heater-Shaker Module GEN1 on slot C1, 'E3': E3 of Sample Plate on Opentrons 96 Deep Well Heater-Shaker Adapter on Heater-Shaker Module GEN1 on slot C1, 'F3': F3 of Sample Plate on Opentrons 96 Deep Well Heater-Shaker Adapter on Heater-Shaker Module GEN1 on slot C1, 'G3': G3 of Sample Plate on Opentrons 96 Deep Well Heater-Shaker Adapter on Heater-Shaker Module GEN1 on slot C1, 'H3': H3 of Sample Plate on Opentrons 96 Deep Well Heater-Shaker Adapter on Heater-Shaker Module GEN1 on slot C1, 'A4': A4 of Sample Plate on Opentrons 96 Deep Well Heater-Shaker Adapter on Heater-Shaker Module GEN1 on slot C1, 'B4': B4 of Sample Plate on Opentrons 96 Deep Well Heater-Shaker Adapter on Heater-Shaker Module GEN1 on slot C1, 'C4': C4 of Sample Plate on Opentrons 96 Deep Well Heater-Shaker Adapter on Heater-Shaker Module GEN1 on slot C1, 'D4': D4 of Sample Plate on Opentrons 96 Deep Well Heater-Shaker Adapter on Heater-Shaker Module GEN1 on slot C1, 'E4': E4 of Sample Plate on Opentrons 96 Deep Well Heater-Shaker Adapter on Heater-Shaker Module GEN1 on slot C1, 'F4': F4 of Sample Plate on Opentrons 96 Deep Well Heater-Shaker Adapter on Heater-Shaker Module GEN1 on slot C1, 'G4': G4 of Sample Plate on Opentrons 96 Deep Well Heater-Shaker Adapter on Heater-Shaker Module GEN1 on slot C1, 'H4': H4 of Sample Plate on Opentrons 96 Deep Well Heater-Shaker Adapter on Heater-Shaker Module GEN1 on slot C1, 'A5': A5 of Sample Plate on Opentrons 96 Deep Well Heater-Shaker Adapter on Heater-Shaker Module GEN1 on slot C1, 'B5': B5 of Sample Plate on Opentrons 96 Deep Well Heater-Shaker Adapter on Heater-Shaker Module GEN1 on slot C1, 'C5': C5 of Sample Plate on Opentrons 96 Deep Well Heater-Shaker Adapter on Heater-Shaker Module GEN1 on slot C1, 'D5': D5 of Sample Plate on Opentrons 96 Deep Well Heater-Shaker Adapter on Heater-Shaker Module GEN1 on slot C1, 'E5': E5 of Sample Plate on Opentrons 96 Deep Well Heater-Shaker Adapter on Heater-Shaker Module GEN1 on slot C1, 'F5': F5 of Sample Plate on Opentrons 96 Deep Well Heater-Shaker Adapter on Heater-Shaker Module GEN1 on slot C1, 'G5': G5 of Sample Plate on Opentrons 96 Deep Well Heater-Shaker Adapter on Heater-Shaker Module GEN1 on slot C1, 'H5': H5 of Sample Plate on Opentrons 96 Deep Well Heater-Shaker Adapter on Heater-Shaker Module GEN1 on slot C1, 'A6': A6 of Sample Plate on Opentrons 96 Deep Well Heater-Shaker Adapter on Heater-Shaker Module GEN1 on slot C1, 'B6': B6 of Sample Plate on Opentrons 96 Deep Well Heater-Shaker Adapter on Heater-Shaker Module GEN1 on slot C1, 'C6': C6 of Sample Plate on Opentrons 96 Deep Well Heater-Shaker Adapter on Heater-Shaker Module GEN1 on slot C1, 'D6': D6 of Sample Plate on Opentrons 96 Deep Well Heater-Shaker Adapter on Heater-Shaker Module GEN1 on slot C1, 'E6': E6 of Sample Plate on Opentrons 96 Deep Well Heater-Shaker Adapter on Heater-Shaker Module GEN1 on slot C1, 'F6': F6 of Sample Plate on Opentrons 96 Deep Well Heater-Shaker Adapter on Heater-Shaker Module GEN1 on slot C1, 'G6': G6 of Sample Plate on Opentrons 96 Deep Well Heater-Shaker Adapter on Heater-Shaker Module GEN1 on slot C1, 'H6': H6 of Sample Plate on Opentrons 96 Deep Well Heater-Shaker Adapter on Heater-Shaker Module GEN1 on slot C1, 'A7': A7 of Sample Plate on Opentrons 96 Deep Well Heater-Shaker Adapter on Heater-Shaker Module GEN1 on slot C1, 'B7': B7 of Sample Plate on Opentrons 96 Deep Well Heater-Shaker Adapter on Heater-Shaker Module GEN1 on slot C1, 'C7': C7 of Sample Plate on Opentrons 96 Deep Well Heater-Shaker Adapter on Heater-Shaker Module GEN1 on slot C1, 'D7': D7 of Sample Plate on Opentrons 96 Deep Well Heater-Shaker Adapter on Heater-Shaker Module GEN1 on slot C1, 'E7': E7 of Sample Plate on Opentrons 96 Deep Well Heater-Shaker Adapter on Heater-Shaker Module GEN1 on slot C1, 'F7': F7 of Sample Plate on Opentrons 96 Deep Well Heater-Shaker Adapter on Heater-Shaker Module GEN1 on slot C1, 'G7': G7 of Sample Plate on Opentrons 96 Deep Well Heater-Shaker Adapter on Heater-Shaker Module GEN1 on slot C1, 'H7': H7 of Sample Plate on Opentrons 96 Deep Well Heater-Shaker Adapter on Heater-Shaker Module GEN1 on slot C1, 'A8': A8 of Sample Plate on Opentrons 96 Deep Well Heater-Shaker Adapter on Heater-Shaker Module GEN1 on slot C1, 'B8': B8 of Sample Plate on Opentrons 96 Deep Well Heater-Shaker Adapter on Heater-Shaker Module GEN1 on slot C1, 'C8': C8 of Sample Plate on Opentrons 96 Deep Well Heater-Shaker Adapter on Heater-Shaker Module GEN1 on slot C1, 'D8': D8 of Sample Plate on Opentrons 96 Deep Well Heater-Shaker Adapter on Heater-Shaker Module GEN1 on slot C1, 'E8': E8 of Sample Plate on Opentrons 96 Deep Well Heater-Shaker Adapter on Heater-Shaker Module GEN1 on slot C1, 'F8': F8 of Sample Plate on Opentrons 96 Deep Well Heater-Shaker Adapter on Heater-Shaker Module GEN1 on slot C1, 'G8': G8 of Sample Plate on Opentrons 96 Deep Well Heater-Shaker Adapter on Heater-Shaker Module GEN1 on slot C1, 'H8': H8 of Sample Plate on Opentrons 96 Deep Well Heater-Shaker Adapter on Heater-Shaker Module GEN1 on slot C1, 'A9': A9 of Sample Plate on Opentrons 96 Deep Well Heater-Shaker Adapter on Heater-Shaker Module GEN1 on slot C1, 'B9': B9 of Sample Plate on Opentrons 96 Deep Well Heater-Shaker Adapter on Heater-Shaker Module GEN1 on slot C1, 'C9': C9 of Sample Plate on Opentrons 96 Deep Well Heater-Shaker Adapter on Heater-Shaker Module GEN1 on slot C1, 'D9': D9 of Sample Plate on Opentrons 96 Deep Well Heater-Shaker Adapter on Heater-Shaker Module GEN1 on slot C1, 'E9': E9 of Sample Plate on Opentrons 96 Deep Well Heater-Shaker Adapter on Heater-Shaker Module GEN1 on slot C1, 'F9': F9 of Sample Plate on Opentrons 96 Deep Well Heater-Shaker Adapter on Heater-Shaker Module GEN1 on slot C1, 'G9': G9 of Sample Plate on Opentrons 96 Deep Well Heater-Shaker Adapter on Heater-Shaker Module GEN1 on slot C1, 'H9': H9 of Sample Plate on Opentrons 96 Deep Well Heater-Shaker Adapter on Heater-Shaker Module GEN1 on slot C1, 'A10': A10 of Sample Plate on Opentrons 96 Deep Well Heater-Shaker Adapter on Heater-Shaker Module GEN1 on slot C1, 'B10': B10 of Sample Plate on Opentrons 96 Deep Well Heater-Shaker Adapter on Heater-Shaker Module GEN1 on slot C1, 'C10': C10 of Sample Plate on Opentrons 96 Deep Well Heater-Shaker Adapter on Heater-Shaker Module GEN1 on slot C1, 'D10': D10 of Sample Plate on Opentrons 96 Deep Well Heater-Shaker Adapter on Heater-Shaker Module GEN1 on slot C1, 'E10': E10 of Sample Plate on Opentrons 96 Deep Well Heater-Shaker Adapter on Heater-Shaker Module GEN1 on slot C1, 'F10': F10 of Sample Plate on Opentrons 96 Deep Well Heater-Shaker Adapter on Heater-Shaker Module GEN1 on slot C1, 'G10': G10 of Sample Plate on Opentrons 96 Deep Well Heater-Shaker Adapter on Heater-Shaker Module GEN1 on slot C1, 'H10': H10 of Sample Plate on Opentrons 96 Deep Well Heater-Shaker Adapter on Heater-Shaker Module GEN1 on slot C1, 'A11': A11 of Sample Plate on Opentrons 96 Deep Well Heater-Shaker Adapter on Heater-Shaker Module GEN1 on slot C1, 'B11': B11 of Sample Plate on Opentrons 96 Deep Well Heater-Shaker Adapter on Heater-Shaker Module GEN1 on slot C1, 'C11': C11 of Sample Plate on Opentrons 96 Deep Well Heater-Shaker Adapter on Heater-Shaker Module GEN1 on slot C1, 'D11': D11 of Sample Plate on Opentrons 96 Deep Well Heater-Shaker Adapter on Heater-Shaker Module GEN1 on slot C1, 'E11': E11 of Sample Plate on Opentrons 96 Deep Well Heater-Shaker Adapter on Heater-Shaker Module GEN1 on slot C1, 'F11': F11 of Sample Plate on Opentrons 96 Deep Well Heater-Shaker Adapter on Heater-Shaker Module GEN1 on slot C1, 'G11': G11 of Sample Plate on Opentrons 96 Deep Well Heater-Shaker Adapter on Heater-Shaker Module GEN1 on slot C1, 'H11': H11 of Sample Plate on Opentrons 96 Deep Well Heater-Shaker Adapter on Heater-Shaker Module GEN1 on slot C1, 'A12': A12 of Sample Plate on Opentrons 96 Deep Well Heater-Shaker Adapter on Heater-Shaker Module GEN1 on slot C1, 'B12': B12 of Sample Plate on Opentrons 96 Deep Well Heater-Shaker Adapter on Heater-Shaker Module GEN1 on slot C1, 'C12': C12 of Sample Plate on Opentrons 96 Deep Well Heater-Shaker Adapter on Heater-Shaker Module GEN1 on slot C1, 'D12': D12 of Sample Plate on Opentrons 96 Deep Well Heater-Shaker Adapter on Heater-Shaker Module GEN1 on slot C1, 'E12': E12 of Sample Plate on Opentrons 96 Deep Well Heater-Shaker Adapter on Heater-Shaker Module GEN1 on slot C1, 'F12': F12 of Sample Plate on Opentrons 96 Deep Well Heater-Shaker Adapter on Heater-Shaker Module GEN1 on slot C1, 'G12': G12 of Sample Plate on Opentrons 96 Deep Well Heater-Shaker Adapter on Heater-Shaker Module GEN1 on slot C1, 'H12': H12 of Sample Plate on Opentrons 96 Deep Well Heater-Shaker Adapter on Heater-Shaker Module GEN1 on slot C1}
Loading liquid into {'A1': A1 of Sample Plate on Opentrons 96 Deep Well Heater-Shaker Adapter on Heater-Shaker Module GEN1 on slot C1, 'B1': B1 of Sample Plate on Opentrons 96 Deep Well Heater-Shaker Adapter on Heater-Shaker Module GEN1 on slot C1, 'C1': C1 of Sample Plate on Opentrons 96 Deep Well Heater-Shaker Adapter on Heater-Shaker Module GEN1 on slot C1, 'D1': D1 of Sample Plate on Opentrons 96 Deep Well Heater-Shaker Adapter on Heater-Shaker Module GEN1 on slot C1, 'E1': E1 of Sample Plate on Opentrons 96 Deep Well Heater-Shaker Adapter on Heater-Shaker Module GEN1 on slot C1, 'F1': F1 of Sample Plate on Opentrons 96 Deep Well Heater-Shaker Adapter on Heater-Shaker Module GEN1 on slot C1, 'G1': G1 of Sample Plate on Opentrons 96 Deep Well Heater-Shaker Adapter on Heater-Shaker Module GEN1 on slot C1, 'H1': H1 of Sample Plate on Opentrons 96 Deep Well Heater-Shaker Adapter on Heater-Shaker Module GEN1 on slot C1, 'A2': A2 of Sample Plate on Opentrons 96 Deep Well Heater-Shaker Adapter on Heater-Shaker Module GEN1 on slot C1, 'B2': B2 of Sample Plate on Opentrons 96 Deep Well Heater-Shaker Adapter on Heater-Shaker Module GEN1 on slot C1, 'C2': C2 of Sample Plate on Opentrons 96 Deep Well Heater-Shaker Adapter on Heater-Shaker Module GEN1 on slot C1, 'D2': D2 of Sample Plate on Opentrons 96 Deep Well Heater-Shaker Adapter on Heater-Shaker Module GEN1 on slot C1, 'E2': E2 of Sample Plate on Opentrons 96 Deep Well Heater-Shaker Adapter on Heater-Shaker Module GEN1 on slot C1, 'F2': F2 of Sample Plate on Opentrons 96 Deep Well Heater-Shaker Adapter on Heater-Shaker Module GEN1 on slot C1, 'G2': G2 of Sample Plate on Opentrons 96 Deep Well Heater-Shaker Adapter on Heater-Shaker Module GEN1 on slot C1, 'H2': H2 of Sample Plate on Opentrons 96 Deep Well Heater-Shaker Adapter on Heater-Shaker Module GEN1 on slot C1, 'A3': A3 of Sample Plate on Opentrons 96 Deep Well Heater-Shaker Adapter on Heater-Shaker Module GEN1 on slot C1, 'B3': B3 of Sample Plate on Opentrons 96 Deep Well Heater-Shaker Adapter on Heater-Shaker Module GEN1 on slot C1, 'C3': C3 of Sample Plate on Opentrons 96 Deep Well Heater-Shaker Adapter on Heater-Shaker Module GEN1 on slot C1, 'D3': D3 of Sample Plate on Opentrons 96 Deep Well Heater-Shaker Adapter on Heater-Shaker Module GEN1 on slot C1, 'E3': E3 of Sample Plate on Opentrons 96 Deep Well Heater-Shaker Adapter on Heater-Shaker Module GEN1 on slot C1, 'F3': F3 of Sample Plate on Opentrons 96 Deep Well Heater-Shaker Adapter on Heater-Shaker Module GEN1 on slot C1, 'G3': G3 of Sample Plate on Opentrons 96 Deep Well Heater-Shaker Adapter on Heater-Shaker Module GEN1 on slot C1, 'H3': H3 of Sample Plate on Opentrons 96 Deep Well Heater-Shaker Adapter on Heater-Shaker Module GEN1 on slot C1, 'A4': A4 of Sample Plate on Opentrons 96 Deep Well Heater-Shaker Adapter on Heater-Shaker Module GEN1 on slot C1, 'B4': B4 of Sample Plate on Opentrons 96 Deep Well Heater-Shaker Adapter on Heater-Shaker Module GEN1 on slot C1, 'C4': C4 of Sample Plate on Opentrons 96 Deep Well Heater-Shaker Adapter on Heater-Shaker Module GEN1 on slot C1, 'D4': D4 of Sample Plate on Opentrons 96 Deep Well Heater-Shaker Adapter on Heater-Shaker Module GEN1 on slot C1, 'E4': E4 of Sample Plate on Opentrons 96 Deep Well Heater-Shaker Adapter on Heater-Shaker Module GEN1 on slot C1, 'F4': F4 of Sample Plate on Opentrons 96 Deep Well Heater-Shaker Adapter on Heater-Shaker Module GEN1 on slot C1, 'G4': G4 of Sample Plate on Opentrons 96 Deep Well Heater-Shaker Adapter on Heater-Shaker Module GEN1 on slot C1, 'H4': H4 of Sample Plate on Opentrons 96 Deep Well Heater-Shaker Adapter on Heater-Shaker Module GEN1 on slot C1, 'A5': A5 of Sample Plate on Opentrons 96 Deep Well Heater-Shaker Adapter on Heater-Shaker Module GEN1 on slot C1, 'B5': B5 of Sample Plate on Opentrons 96 Deep Well Heater-Shaker Adapter on Heater-Shaker Module GEN1 on slot C1, 'C5': C5 of Sample Plate on Opentrons 96 Deep Well Heater-Shaker Adapter on Heater-Shaker Module GEN1 on slot C1, 'D5': D5 of Sample Plate on Opentrons 96 Deep Well Heater-Shaker Adapter on Heater-Shaker Module GEN1 on slot C1, 'E5': E5 of Sample Plate on Opentrons 96 Deep Well Heater-Shaker Adapter on Heater-Shaker Module GEN1 on slot C1, 'F5': F5 of Sample Plate on Opentrons 96 Deep Well Heater-Shaker Adapter on Heater-Shaker Module GEN1 on slot C1, 'G5': G5 of Sample Plate on Opentrons 96 Deep Well Heater-Shaker Adapter on Heater-Shaker Module GEN1 on slot C1, 'H5': H5 of Sample Plate on Opentrons 96 Deep Well Heater-Shaker Adapter on Heater-Shaker Module GEN1 on slot C1, 'A6': A6 of Sample Plate on Opentrons 96 Deep Well Heater-Shaker Adapter on Heater-Shaker Module GEN1 on slot C1, 'B6': B6 of Sample Plate on Opentrons 96 Deep Well Heater-Shaker Adapter on Heater-Shaker Module GEN1 on slot C1, 'C6': C6 of Sample Plate on Opentrons 96 Deep Well Heater-Shaker Adapter on Heater-Shaker Module GEN1 on slot C1, 'D6': D6 of Sample Plate on Opentrons 96 Deep Well Heater-Shaker Adapter on Heater-Shaker Module GEN1 on slot C1, 'E6': E6 of Sample Plate on Opentrons 96 Deep Well Heater-Shaker Adapter on Heater-Shaker Module GEN1 on slot C1, 'F6': F6 of Sample Plate on Opentrons 96 Deep Well Heater-Shaker Adapter on Heater-Shaker Module GEN1 on slot C1, 'G6': G6 of Sample Plate on Opentrons 96 Deep Well Heater-Shaker Adapter on Heater-Shaker Module GEN1 on slot C1, 'H6': H6 of Sample Plate on Opentrons 96 Deep Well Heater-Shaker Adapter on Heater-Shaker Module GEN1 on slot C1, 'A7': A7 of Sample Plate on Opentrons 96 Deep Well Heater-Shaker Adapter on Heater-Shaker Module GEN1 on slot C1, 'B7': B7 of Sample Plate on Opentrons 96 Deep Well Heater-Shaker Adapter on Heater-Shaker Module GEN1 on slot C1, 'C7': C7 of Sample Plate on Opentrons 96 Deep Well Heater-Shaker Adapter on Heater-Shaker Module GEN1 on slot C1, 'D7': D7 of Sample Plate on Opentrons 96 Deep Well Heater-Shaker Adapter on Heater-Shaker Module GEN1 on slot C1, 'E7': E7 of Sample Plate on Opentrons 96 Deep Well Heater-Shaker Adapter on Heater-Shaker Module GEN1 on slot C1, 'F7': F7 of Sample Plate on Opentrons 96 Deep Well Heater-Shaker Adapter on Heater-Shaker Module GEN1 on slot C1, 'G7': G7 of Sample Plate on Opentrons 96 Deep Well Heater-Shaker Adapter on Heater-Shaker Module GEN1 on slot C1, 'H7': H7 of Sample Plate on Opentrons 96 Deep Well Heater-Shaker Adapter on Heater-Shaker Module GEN1 on slot C1, 'A8': A8 of Sample Plate on Opentrons 96 Deep Well Heater-Shaker Adapter on Heater-Shaker Module GEN1 on slot C1, 'B8': B8 of Sample Plate on Opentrons 96 Deep Well Heater-Shaker Adapter on Heater-Shaker Module GEN1 on slot C1, 'C8': C8 of Sample Plate on Opentrons 96 Deep Well Heater-Shaker Adapter on Heater-Shaker Module GEN1 on slot C1, 'D8': D8 of Sample Plate on Opentrons 96 Deep Well Heater-Shaker Adapter on Heater-Shaker Module GEN1 on slot C1, 'E8': E8 of Sample Plate on Opentrons 96 Deep Well Heater-Shaker Adapter on Heater-Shaker Module GEN1 on slot C1, 'F8': F8 of Sample Plate on Opentrons 96 Deep Well Heater-Shaker Adapter on Heater-Shaker Module GEN1 on slot C1, 'G8': G8 of Sample Plate on Opentrons 96 Deep Well Heater-Shaker Adapter on Heater-Shaker Module GEN1 on slot C1, 'H8': H8 of Sample Plate on Opentrons 96 Deep Well Heater-Shaker Adapter on Heater-Shaker Module GEN1 on slot C1, 'A9': A9 of Sample Plate on Opentrons 96 Deep Well Heater-Shaker Adapter on Heater-Shaker Module GEN1 on slot C1, 'B9': B9 of Sample Plate on Opentrons 96 Deep Well Heater-Shaker Adapter on Heater-Shaker Module GEN1 on slot C1, 'C9': C9 of Sample Plate on Opentrons 96 Deep Well Heater-Shaker Adapter on Heater-Shaker Module GEN1 on slot C1, 'D9': D9 of Sample Plate on Opentrons 96 Deep Well Heater-Shaker Adapter on Heater-Shaker Module GEN1 on slot C1, 'E9': E9 of Sample Plate on Opentrons 96 Deep Well Heater-Shaker Adapter on Heater-Shaker Module GEN1 on slot C1, 'F9': F9 of Sample Plate on Opentrons 96 Deep Well Heater-Shaker Adapter on Heater-Shaker Module GEN1 on slot C1, 'G9': G9 of Sample Plate on Opentrons 96 Deep Well Heater-Shaker Adapter on Heater-Shaker Module GEN1 on slot C1, 'H9': H9 of Sample Plate on Opentrons 96 Deep Well Heater-Shaker Adapter on Heater-Shaker Module GEN1 on slot C1, 'A10': A10 of Sample Plate on Opentrons 96 Deep Well Heater-Shaker Adapter on Heater-Shaker Module GEN1 on slot C1, 'B10': B10 of Sample Plate on Opentrons 96 Deep Well Heater-Shaker Adapter on Heater-Shaker Module GEN1 on slot C1, 'C10': C10 of Sample Plate on Opentrons 96 Deep Well Heater-Shaker Adapter on Heater-Shaker Module GEN1 on slot C1, 'D10': D10 of Sample Plate on Opentrons 96 Deep Well Heater-Shaker Adapter on Heater-Shaker Module GEN1 on slot C1, 'E10': E10 of Sample Plate on Opentrons 96 Deep Well Heater-Shaker Adapter on Heater-Shaker Module GEN1 on slot C1, 'F10': F10 of Sample Plate on Opentrons 96 Deep Well Heater-Shaker Adapter on Heater-Shaker Module GEN1 on slot C1, 'G10': G10 of Sample Plate on Opentrons 96 Deep Well Heater-Shaker Adapter on Heater-Shaker Module GEN1 on slot C1, 'H10': H10 of Sample Plate on Opentrons 96 Deep Well Heater-Shaker Adapter on Heater-Shaker Module GEN1 on slot C1, 'A11': A11 of Sample Plate on Opentrons 96 Deep Well Heater-Shaker Adapter on Heater-Shaker Module GEN1 on slot C1, 'B11': B11 of Sample Plate on Opentrons 96 Deep Well Heater-Shaker Adapter on Heater-Shaker Module GEN1 on slot C1, 'C11': C11 of Sample Plate on Opentrons 96 Deep Well Heater-Shaker Adapter on Heater-Shaker Module GEN1 on slot C1, 'D11': D11 of Sample Plate on Opentrons 96 Deep Well Heater-Shaker Adapter on Heater-Shaker Module GEN1 on slot C1, 'E11': E11 of Sample Plate on Opentrons 96 Deep Well Heater-Shaker Adapter on Heater-Shaker Module GEN1 on slot C1, 'F11': F11 of Sample Plate on Opentrons 96 Deep Well Heater-Shaker Adapter on Heater-Shaker Module GEN1 on slot C1, 'G11': G11 of Sample Plate on Opentrons 96 Deep Well Heater-Shaker Adapter on Heater-Shaker Module GEN1 on slot C1, 'H11': H11 of Sample Plate on Opentrons 96 Deep Well Heater-Shaker Adapter on Heater-Shaker Module GEN1 on slot C1, 'A12': A12 of Sample Plate on Opentrons 96 Deep Well Heater-Shaker Adapter on Heater-Shaker Module GEN1 on slot C1, 'B12': B12 of Sample Plate on Opentrons 96 Deep Well Heater-Shaker Adapter on Heater-Shaker Module GEN1 on slot C1, 'C12': C12 of Sample Plate on Opentrons 96 Deep Well Heater-Shaker Adapter on Heater-Shaker Module GEN1 on slot C1, 'D12': D12 of Sample Plate on Opentrons 96 Deep Well Heater-Shaker Adapter on Heater-Shaker Module GEN1 on slot C1, 'E12': E12 of Sample Plate on Opentrons 96 Deep Well Heater-Shaker Adapter on Heater-Shaker Module GEN1 on slot C1, 'F12': F12 of Sample Plate on Opentrons 96 Deep Well Heater-Shaker Adapter on Heater-Shaker Module GEN1 on slot C1, 'G12': G12 of Sample Plate on Opentrons 96 Deep Well Heater-Shaker Adapter on Heater-Shaker Module GEN1 on slot C1, 'H12': H12 of Sample Plate on Opentrons 96 Deep Well Heater-Shaker Adapter on Heater-Shaker Module GEN1 on slot C1}
Loading liquid into {'A1': A1 of Sample Plate on Opentrons 96 Deep Well Heater-Shaker Adapter on Heater-Shaker Module GEN1 on slot C1, 'B1': B1 of Sample Plate on Opentrons 96 Deep Well Heater-Shaker Adapter on Heater-Shaker Module GEN1 on slot C1, 'C1': C1 of Sample Plate on Opentrons 96 Deep Well Heater-Shaker Adapter on Heater-Shaker Module GEN1 on slot C1, 'D1': D1 of Sample Plate on Opentrons 96 Deep Well Heater-Shaker Adapter on Heater-Shaker Module GEN1 on slot C1, 'E1': E1 of Sample Plate on Opentrons 96 Deep Well Heater-Shaker Adapter on Heater-Shaker Module GEN1 on slot C1, 'F1': F1 of Sample Plate on Opentrons 96 Deep Well Heater-Shaker Adapter on Heater-Shaker Module GEN1 on slot C1, 'G1': G1 of Sample Plate on Opentrons 96 Deep Well Heater-Shaker Adapter on Heater-Shaker Module GEN1 on slot C1, 'H1': H1 of Sample Plate on Opentrons 96 Deep Well Heater-Shaker Adapter on Heater-Shaker Module GEN1 on slot C1, 'A2': A2 of Sample Plate on Opentrons 96 Deep Well Heater-Shaker Adapter on Heater-Shaker Module GEN1 on slot C1, 'B2': B2 of Sample Plate on Opentrons 96 Deep Well Heater-Shaker Adapter on Heater-Shaker Module GEN1 on slot C1, 'C2': C2 of Sample Plate on Opentrons 96 Deep Well Heater-Shaker Adapter on Heater-Shaker Module GEN1 on slot C1, 'D2': D2 of Sample Plate on Opentrons 96 Deep Well Heater-Shaker Adapter on Heater-Shaker Module GEN1 on slot C1, 'E2': E2 of Sample Plate on Opentrons 96 Deep Well Heater-Shaker Adapter on Heater-Shaker Module GEN1 on slot C1, 'F2': F2 of Sample Plate on Opentrons 96 Deep Well Heater-Shaker Adapter on Heater-Shaker Module GEN1 on slot C1, 'G2': G2 of Sample Plate on Opentrons 96 Deep Well Heater-Shaker Adapter on Heater-Shaker Module GEN1 on slot C1, 'H2': H2 of Sample Plate on Opentrons 96 Deep Well Heater-Shaker Adapter on Heater-Shaker Module GEN1 on slot C1, 'A3': A3 of Sample Plate on Opentrons 96 Deep Well Heater-Shaker Adapter on Heater-Shaker Module GEN1 on slot C1, 'B3': B3 of Sample Plate on Opentrons 96 Deep Well Heater-Shaker Adapter on Heater-Shaker Module GEN1 on slot C1, 'C3': C3 of Sample Plate on Opentrons 96 Deep Well Heater-Shaker Adapter on Heater-Shaker Module GEN1 on slot C1, 'D3': D3 of Sample Plate on Opentrons 96 Deep Well Heater-Shaker Adapter on Heater-Shaker Module GEN1 on slot C1, 'E3': E3 of Sample Plate on Opentrons 96 Deep Well Heater-Shaker Adapter on Heater-Shaker Module GEN1 on slot C1, 'F3': F3 of Sample Plate on Opentrons 96 Deep Well Heater-Shaker Adapter on Heater-Shaker Module GEN1 on slot C1, 'G3': G3 of Sample Plate on Opentrons 96 Deep Well Heater-Shaker Adapter on Heater-Shaker Module GEN1 on slot C1, 'H3': H3 of Sample Plate on Opentrons 96 Deep Well Heater-Shaker Adapter on Heater-Shaker Module GEN1 on slot C1, 'A4': A4 of Sample Plate on Opentrons 96 Deep Well Heater-Shaker Adapter on Heater-Shaker Module GEN1 on slot C1, 'B4': B4 of Sample Plate on Opentrons 96 Deep Well Heater-Shaker Adapter on Heater-Shaker Module GEN1 on slot C1, 'C4': C4 of Sample Plate on Opentrons 96 Deep Well Heater-Shaker Adapter on Heater-Shaker Module GEN1 on slot C1, 'D4': D4 of Sample Plate on Opentrons 96 Deep Well Heater-Shaker Adapter on Heater-Shaker Module GEN1 on slot C1, 'E4': E4 of Sample Plate on Opentrons 96 Deep Well Heater-Shaker Adapter on Heater-Shaker Module GEN1 on slot C1, 'F4': F4 of Sample Plate on Opentrons 96 Deep Well Heater-Shaker Adapter on Heater-Shaker Module GEN1 on slot C1, 'G4': G4 of Sample Plate on Opentrons 96 Deep Well Heater-Shaker Adapter on Heater-Shaker Module GEN1 on slot C1, 'H4': H4 of Sample Plate on Opentrons 96 Deep Well Heater-Shaker Adapter on Heater-Shaker Module GEN1 on slot C1, 'A5': A5 of Sample Plate on Opentrons 96 Deep Well Heater-Shaker Adapter on Heater-Shaker Module GEN1 on slot C1, 'B5': B5 of Sample Plate on Opentrons 96 Deep Well Heater-Shaker Adapter on Heater-Shaker Module GEN1 on slot C1, 'C5': C5 of Sample Plate on Opentrons 96 Deep Well Heater-Shaker Adapter on Heater-Shaker Module GEN1 on slot C1, 'D5': D5 of Sample Plate on Opentrons 96 Deep Well Heater-Shaker Adapter on Heater-Shaker Module GEN1 on slot C1, 'E5': E5 of Sample Plate on Opentrons 96 Deep Well Heater-Shaker Adapter on Heater-Shaker Module GEN1 on slot C1, 'F5': F5 of Sample Plate on Opentrons 96 Deep Well Heater-Shaker Adapter on Heater-Shaker Module GEN1 on slot C1, 'G5': G5 of Sample Plate on Opentrons 96 Deep Well Heater-Shaker Adapter on Heater-Shaker Module GEN1 on slot C1, 'H5': H5 of Sample Plate on Opentrons 96 Deep Well Heater-Shaker Adapter on Heater-Shaker Module GEN1 on slot C1, 'A6': A6 of Sample Plate on Opentrons 96 Deep Well Heater-Shaker Adapter on Heater-Shaker Module GEN1 on slot C1, 'B6': B6 of Sample Plate on Opentrons 96 Deep Well Heater-Shaker Adapter on Heater-Shaker Module GEN1 on slot C1, 'C6': C6 of Sample Plate on Opentrons 96 Deep Well Heater-Shaker Adapter on Heater-Shaker Module GEN1 on slot C1, 'D6': D6 of Sample Plate on Opentrons 96 Deep Well Heater-Shaker Adapter on Heater-Shaker Module GEN1 on slot C1, 'E6': E6 of Sample Plate on Opentrons 96 Deep Well Heater-Shaker Adapter on Heater-Shaker Module GEN1 on slot C1, 'F6': F6 of Sample Plate on Opentrons 96 Deep Well Heater-Shaker Adapter on Heater-Shaker Module GEN1 on slot C1, 'G6': G6 of Sample Plate on Opentrons 96 Deep Well Heater-Shaker Adapter on Heater-Shaker Module GEN1 on slot C1, 'H6': H6 of Sample Plate on Opentrons 96 Deep Well Heater-Shaker Adapter on Heater-Shaker Module GEN1 on slot C1, 'A7': A7 of Sample Plate on Opentrons 96 Deep Well Heater-Shaker Adapter on Heater-Shaker Module GEN1 on slot C1, 'B7': B7 of Sample Plate on Opentrons 96 Deep Well Heater-Shaker Adapter on Heater-Shaker Module GEN1 on slot C1, 'C7': C7 of Sample Plate on Opentrons 96 Deep Well Heater-Shaker Adapter on Heater-Shaker Module GEN1 on slot C1, 'D7': D7 of Sample Plate on Opentrons 96 Deep Well Heater-Shaker Adapter on Heater-Shaker Module GEN1 on slot C1, 'E7': E7 of Sample Plate on Opentrons 96 Deep Well Heater-Shaker Adapter on Heater-Shaker Module GEN1 on slot C1, 'F7': F7 of Sample Plate on Opentrons 96 Deep Well Heater-Shaker Adapter on Heater-Shaker Module GEN1 on slot C1, 'G7': G7 of Sample Plate on Opentrons 96 Deep Well Heater-Shaker Adapter on Heater-Shaker Module GEN1 on slot C1, 'H7': H7 of Sample Plate on Opentrons 96 Deep Well Heater-Shaker Adapter on Heater-Shaker Module GEN1 on slot C1, 'A8': A8 of Sample Plate on Opentrons 96 Deep Well Heater-Shaker Adapter on Heater-Shaker Module GEN1 on slot C1, 'B8': B8 of Sample Plate on Opentrons 96 Deep Well Heater-Shaker Adapter on Heater-Shaker Module GEN1 on slot C1, 'C8': C8 of Sample Plate on Opentrons 96 Deep Well Heater-Shaker Adapter on Heater-Shaker Module GEN1 on slot C1, 'D8': D8 of Sample Plate on Opentrons 96 Deep Well Heater-Shaker Adapter on Heater-Shaker Module GEN1 on slot C1, 'E8': E8 of Sample Plate on Opentrons 96 Deep Well Heater-Shaker Adapter on Heater-Shaker Module GEN1 on slot C1, 'F8': F8 of Sample Plate on Opentrons 96 Deep Well Heater-Shaker Adapter on Heater-Shaker Module GEN1 on slot C1, 'G8': G8 of Sample Plate on Opentrons 96 Deep Well Heater-Shaker Adapter on Heater-Shaker Module GEN1 on slot C1, 'H8': H8 of Sample Plate on Opentrons 96 Deep Well Heater-Shaker Adapter on Heater-Shaker Module GEN1 on slot C1, 'A9': A9 of Sample Plate on Opentrons 96 Deep Well Heater-Shaker Adapter on Heater-Shaker Module GEN1 on slot C1, 'B9': B9 of Sample Plate on Opentrons 96 Deep Well Heater-Shaker Adapter on Heater-Shaker Module GEN1 on slot C1, 'C9': C9 of Sample Plate on Opentrons 96 Deep Well Heater-Shaker Adapter on Heater-Shaker Module GEN1 on slot C1, 'D9': D9 of Sample Plate on Opentrons 96 Deep Well Heater-Shaker Adapter on Heater-Shaker Module GEN1 on slot C1, 'E9': E9 of Sample Plate on Opentrons 96 Deep Well Heater-Shaker Adapter on Heater-Shaker Module GEN1 on slot C1, 'F9': F9 of Sample Plate on Opentrons 96 Deep Well Heater-Shaker Adapter on Heater-Shaker Module GEN1 on slot C1, 'G9': G9 of Sample Plate on Opentrons 96 Deep Well Heater-Shaker Adapter on Heater-Shaker Module GEN1 on slot C1, 'H9': H9 of Sample Plate on Opentrons 96 Deep Well Heater-Shaker Adapter on Heater-Shaker Module GEN1 on slot C1, 'A10': A10 of Sample Plate on Opentrons 96 Deep Well Heater-Shaker Adapter on Heater-Shaker Module GEN1 on slot C1, 'B10': B10 of Sample Plate on Opentrons 96 Deep Well Heater-Shaker Adapter on Heater-Shaker Module GEN1 on slot C1, 'C10': C10 of Sample Plate on Opentrons 96 Deep Well Heater-Shaker Adapter on Heater-Shaker Module GEN1 on slot C1, 'D10': D10 of Sample Plate on Opentrons 96 Deep Well Heater-Shaker Adapter on Heater-Shaker Module GEN1 on slot C1, 'E10': E10 of Sample Plate on Opentrons 96 Deep Well Heater-Shaker Adapter on Heater-Shaker Module GEN1 on slot C1, 'F10': F10 of Sample Plate on Opentrons 96 Deep Well Heater-Shaker Adapter on Heater-Shaker Module GEN1 on slot C1, 'G10': G10 of Sample Plate on Opentrons 96 Deep Well Heater-Shaker Adapter on Heater-Shaker Module GEN1 on slot C1, 'H10': H10 of Sample Plate on Opentrons 96 Deep Well Heater-Shaker Adapter on Heater-Shaker Module GEN1 on slot C1, 'A11': A11 of Sample Plate on Opentrons 96 Deep Well Heater-Shaker Adapter on Heater-Shaker Module GEN1 on slot C1, 'B11': B11 of Sample Plate on Opentrons 96 Deep Well Heater-Shaker Adapter on Heater-Shaker Module GEN1 on slot C1, 'C11': C11 of Sample Plate on Opentrons 96 Deep Well Heater-Shaker Adapter on Heater-Shaker Module GEN1 on slot C1, 'D11': D11 of Sample Plate on Opentrons 96 Deep Well Heater-Shaker Adapter on Heater-Shaker Module GEN1 on slot C1, 'E11': E11 of Sample Plate on Opentrons 96 Deep Well Heater-Shaker Adapter on Heater-Shaker Module GEN1 on slot C1, 'F11': F11 of Sample Plate on Opentrons 96 Deep Well Heater-Shaker Adapter on Heater-Shaker Module GEN1 on slot C1, 'G11': G11 of Sample Plate on Opentrons 96 Deep Well Heater-Shaker Adapter on Heater-Shaker Module GEN1 on slot C1, 'H11': H11 of Sample Plate on Opentrons 96 Deep Well Heater-Shaker Adapter on Heater-Shaker Module GEN1 on slot C1, 'A12': A12 of Sample Plate on Opentrons 96 Deep Well Heater-Shaker Adapter on Heater-Shaker Module GEN1 on slot C1, 'B12': B12 of Sample Plate on Opentrons 96 Deep Well Heater-Shaker Adapter on Heater-Shaker Module GEN1 on slot C1, 'C12': C12 of Sample Plate on Opentrons 96 Deep Well Heater-Shaker Adapter on Heater-Shaker Module GEN1 on slot C1, 'D12': D12 of Sample Plate on Opentrons 96 Deep Well Heater-Shaker Adapter on Heater-Shaker Module GEN1 on slot C1, 'E12': E12 of Sample Plate on Opentrons 96 Deep Well Heater-Shaker Adapter on Heater-Shaker Module GEN1 on slot C1, 'F12': F12 of Sample Plate on Opentrons 96 Deep Well Heater-Shaker Adapter on Heater-Shaker Module GEN1 on slot C1, 'G12': G12 of Sample Plate on Opentrons 96 Deep Well Heater-Shaker Adapter on Heater-Shaker Module GEN1 on slot C1, 'H12': H12 of Sample Plate on Opentrons 96 Deep Well Heater-Shaker Adapter on Heater-Shaker Module GEN1 on slot C1}
Loading liquid into {'A1': A1 of Sample Plate on Opentrons 96 Deep Well Heater-Shaker Adapter on Heater-Shaker Module GEN1 on slot C1, 'B1': B1 of Sample Plate on Opentrons 96 Deep Well Heater-Shaker Adapter on Heater-Shaker Module GEN1 on slot C1, 'C1': C1 of Sample Plate on Opentrons 96 Deep Well Heater-Shaker Adapter on Heater-Shaker Module GEN1 on slot C1, 'D1': D1 of Sample Plate on Opentrons 96 Deep Well Heater-Shaker Adapter on Heater-Shaker Module GEN1 on slot C1, 'E1': E1 of Sample Plate on Opentrons 96 Deep Well Heater-Shaker Adapter on Heater-Shaker Module GEN1 on slot C1, 'F1': F1 of Sample Plate on Opentrons 96 Deep Well Heater-Shaker Adapter on Heater-Shaker Module GEN1 on slot C1, 'G1': G1 of Sample Plate on Opentrons 96 Deep Well Heater-Shaker Adapter on Heater-Shaker Module GEN1 on slot C1, 'H1': H1 of Sample Plate on Opentrons 96 Deep Well Heater-Shaker Adapter on Heater-Shaker Module GEN1 on slot C1, 'A2': A2 of Sample Plate on Opentrons 96 Deep Well Heater-Shaker Adapter on Heater-Shaker Module GEN1 on slot C1, 'B2': B2 of Sample Plate on Opentrons 96 Deep Well Heater-Shaker Adapter on Heater-Shaker Module GEN1 on slot C1, 'C2': C2 of Sample Plate on Opentrons 96 Deep Well Heater-Shaker Adapter on Heater-Shaker Module GEN1 on slot C1, 'D2': D2 of Sample Plate on Opentrons 96 Deep Well Heater-Shaker Adapter on Heater-Shaker Module GEN1 on slot C1, 'E2': E2 of Sample Plate on Opentrons 96 Deep Well Heater-Shaker Adapter on Heater-Shaker Module GEN1 on slot C1, 'F2': F2 of Sample Plate on Opentrons 96 Deep Well Heater-Shaker Adapter on Heater-Shaker Module GEN1 on slot C1, 'G2': G2 of Sample Plate on Opentrons 96 Deep Well Heater-Shaker Adapter on Heater-Shaker Module GEN1 on slot C1, 'H2': H2 of Sample Plate on Opentrons 96 Deep Well Heater-Shaker Adapter on Heater-Shaker Module GEN1 on slot C1, 'A3': A3 of Sample Plate on Opentrons 96 Deep Well Heater-Shaker Adapter on Heater-Shaker Module GEN1 on slot C1, 'B3': B3 of Sample Plate on Opentrons 96 Deep Well Heater-Shaker Adapter on Heater-Shaker Module GEN1 on slot C1, 'C3': C3 of Sample Plate on Opentrons 96 Deep Well Heater-Shaker Adapter on Heater-Shaker Module GEN1 on slot C1, 'D3': D3 of Sample Plate on Opentrons 96 Deep Well Heater-Shaker Adapter on Heater-Shaker Module GEN1 on slot C1, 'E3': E3 of Sample Plate on Opentrons 96 Deep Well Heater-Shaker Adapter on Heater-Shaker Module GEN1 on slot C1, 'F3': F3 of Sample Plate on Opentrons 96 Deep Well Heater-Shaker Adapter on Heater-Shaker Module GEN1 on slot C1, 'G3': G3 of Sample Plate on Opentrons 96 Deep Well Heater-Shaker Adapter on Heater-Shaker Module GEN1 on slot C1, 'H3': H3 of Sample Plate on Opentrons 96 Deep Well Heater-Shaker Adapter on Heater-Shaker Module GEN1 on slot C1, 'A4': A4 of Sample Plate on Opentrons 96 Deep Well Heater-Shaker Adapter on Heater-Shaker Module GEN1 on slot C1, 'B4': B4 of Sample Plate on Opentrons 96 Deep Well Heater-Shaker Adapter on Heater-Shaker Module GEN1 on slot C1, 'C4': C4 of Sample Plate on Opentrons 96 Deep Well Heater-Shaker Adapter on Heater-Shaker Module GEN1 on slot C1, 'D4': D4 of Sample Plate on Opentrons 96 Deep Well Heater-Shaker Adapter on Heater-Shaker Module GEN1 on slot C1, 'E4': E4 of Sample Plate on Opentrons 96 Deep Well Heater-Shaker Adapter on Heater-Shaker Module GEN1 on slot C1, 'F4': F4 of Sample Plate on Opentrons 96 Deep Well Heater-Shaker Adapter on Heater-Shaker Module GEN1 on slot C1, 'G4': G4 of Sample Plate on Opentrons 96 Deep Well Heater-Shaker Adapter on Heater-Shaker Module GEN1 on slot C1, 'H4': H4 of Sample Plate on Opentrons 96 Deep Well Heater-Shaker Adapter on Heater-Shaker Module GEN1 on slot C1, 'A5': A5 of Sample Plate on Opentrons 96 Deep Well Heater-Shaker Adapter on Heater-Shaker Module GEN1 on slot C1, 'B5': B5 of Sample Plate on Opentrons 96 Deep Well Heater-Shaker Adapter on Heater-Shaker Module GEN1 on slot C1, 'C5': C5 of Sample Plate on Opentrons 96 Deep Well Heater-Shaker Adapter on Heater-Shaker Module GEN1 on slot C1, 'D5': D5 of Sample Plate on Opentrons 96 Deep Well Heater-Shaker Adapter on Heater-Shaker Module GEN1 on slot C1, 'E5': E5 of Sample Plate on Opentrons 96 Deep Well Heater-Shaker Adapter on Heater-Shaker Module GEN1 on slot C1, 'F5': F5 of Sample Plate on Opentrons 96 Deep Well Heater-Shaker Adapter on Heater-Shaker Module GEN1 on slot C1, 'G5': G5 of Sample Plate on Opentrons 96 Deep Well Heater-Shaker Adapter on Heater-Shaker Module GEN1 on slot C1, 'H5': H5 of Sample Plate on Opentrons 96 Deep Well Heater-Shaker Adapter on Heater-Shaker Module GEN1 on slot C1, 'A6': A6 of Sample Plate on Opentrons 96 Deep Well Heater-Shaker Adapter on Heater-Shaker Module GEN1 on slot C1, 'B6': B6 of Sample Plate on Opentrons 96 Deep Well Heater-Shaker Adapter on Heater-Shaker Module GEN1 on slot C1, 'C6': C6 of Sample Plate on Opentrons 96 Deep Well Heater-Shaker Adapter on Heater-Shaker Module GEN1 on slot C1, 'D6': D6 of Sample Plate on Opentrons 96 Deep Well Heater-Shaker Adapter on Heater-Shaker Module GEN1 on slot C1, 'E6': E6 of Sample Plate on Opentrons 96 Deep Well Heater-Shaker Adapter on Heater-Shaker Module GEN1 on slot C1, 'F6': F6 of Sample Plate on Opentrons 96 Deep Well Heater-Shaker Adapter on Heater-Shaker Module GEN1 on slot C1, 'G6': G6 of Sample Plate on Opentrons 96 Deep Well Heater-Shaker Adapter on Heater-Shaker Module GEN1 on slot C1, 'H6': H6 of Sample Plate on Opentrons 96 Deep Well Heater-Shaker Adapter on Heater-Shaker Module GEN1 on slot C1, 'A7': A7 of Sample Plate on Opentrons 96 Deep Well Heater-Shaker Adapter on Heater-Shaker Module GEN1 on slot C1, 'B7': B7 of Sample Plate on Opentrons 96 Deep Well Heater-Shaker Adapter on Heater-Shaker Module GEN1 on slot C1, 'C7': C7 of Sample Plate on Opentrons 96 Deep Well Heater-Shaker Adapter on Heater-Shaker Module GEN1 on slot C1, 'D7': D7 of Sample Plate on Opentrons 96 Deep Well Heater-Shaker Adapter on Heater-Shaker Module GEN1 on slot C1, 'E7': E7 of Sample Plate on Opentrons 96 Deep Well Heater-Shaker Adapter on Heater-Shaker Module GEN1 on slot C1, 'F7': F7 of Sample Plate on Opentrons 96 Deep Well Heater-Shaker Adapter on Heater-Shaker Module GEN1 on slot C1, 'G7': G7 of Sample Plate on Opentrons 96 Deep Well Heater-Shaker Adapter on Heater-Shaker Module GEN1 on slot C1, 'H7': H7 of Sample Plate on Opentrons 96 Deep Well Heater-Shaker Adapter on Heater-Shaker Module GEN1 on slot C1, 'A8': A8 of Sample Plate on Opentrons 96 Deep Well Heater-Shaker Adapter on Heater-Shaker Module GEN1 on slot C1, 'B8': B8 of Sample Plate on Opentrons 96 Deep Well Heater-Shaker Adapter on Heater-Shaker Module GEN1 on slot C1, 'C8': C8 of Sample Plate on Opentrons 96 Deep Well Heater-Shaker Adapter on Heater-Shaker Module GEN1 on slot C1, 'D8': D8 of Sample Plate on Opentrons 96 Deep Well Heater-Shaker Adapter on Heater-Shaker Module GEN1 on slot C1, 'E8': E8 of Sample Plate on Opentrons 96 Deep Well Heater-Shaker Adapter on Heater-Shaker Module GEN1 on slot C1, 'F8': F8 of Sample Plate on Opentrons 96 Deep Well Heater-Shaker Adapter on Heater-Shaker Module GEN1 on slot C1, 'G8': G8 of Sample Plate on Opentrons 96 Deep Well Heater-Shaker Adapter on Heater-Shaker Module GEN1 on slot C1, 'H8': H8 of Sample Plate on Opentrons 96 Deep Well Heater-Shaker Adapter on Heater-Shaker Module GEN1 on slot C1, 'A9': A9 of Sample Plate on Opentrons 96 Deep Well Heater-Shaker Adapter on Heater-Shaker Module GEN1 on slot C1, 'B9': B9 of Sample Plate on Opentrons 96 Deep Well Heater-Shaker Adapter on Heater-Shaker Module GEN1 on slot C1, 'C9': C9 of Sample Plate on Opentrons 96 Deep Well Heater-Shaker Adapter on Heater-Shaker Module GEN1 on slot C1, 'D9': D9 of Sample Plate on Opentrons 96 Deep Well Heater-Shaker Adapter on Heater-Shaker Module GEN1 on slot C1, 'E9': E9 of Sample Plate on Opentrons 96 Deep Well Heater-Shaker Adapter on Heater-Shaker Module GEN1 on slot C1, 'F9': F9 of Sample Plate on Opentrons 96 Deep Well Heater-Shaker Adapter on Heater-Shaker Module GEN1 on slot C1, 'G9': G9 of Sample Plate on Opentrons 96 Deep Well Heater-Shaker Adapter on Heater-Shaker Module GEN1 on slot C1, 'H9': H9 of Sample Plate on Opentrons 96 Deep Well Heater-Shaker Adapter on Heater-Shaker Module GEN1 on slot C1, 'A10': A10 of Sample Plate on Opentrons 96 Deep Well Heater-Shaker Adapter on Heater-Shaker Module GEN1 on slot C1, 'B10': B10 of Sample Plate on Opentrons 96 Deep Well Heater-Shaker Adapter on Heater-Shaker Module GEN1 on slot C1, 'C10': C10 of Sample Plate on Opentrons 96 Deep Well Heater-Shaker Adapter on Heater-Shaker Module GEN1 on slot C1, 'D10': D10 of Sample Plate on Opentrons 96 Deep Well Heater-Shaker Adapter on Heater-Shaker Module GEN1 on slot C1, 'E10': E10 of Sample Plate on Opentrons 96 Deep Well Heater-Shaker Adapter on Heater-Shaker Module GEN1 on slot C1, 'F10': F10 of Sample Plate on Opentrons 96 Deep Well Heater-Shaker Adapter on Heater-Shaker Module GEN1 on slot C1, 'G10': G10 of Sample Plate on Opentrons 96 Deep Well Heater-Shaker Adapter on Heater-Shaker Module GEN1 on slot C1, 'H10': H10 of Sample Plate on Opentrons 96 Deep Well Heater-Shaker Adapter on Heater-Shaker Module GEN1 on slot C1, 'A11': A11 of Sample Plate on Opentrons 96 Deep Well Heater-Shaker Adapter on Heater-Shaker Module GEN1 on slot C1, 'B11': B11 of Sample Plate on Opentrons 96 Deep Well Heater-Shaker Adapter on Heater-Shaker Module GEN1 on slot C1, 'C11': C11 of Sample Plate on Opentrons 96 Deep Well Heater-Shaker Adapter on Heater-Shaker Module GEN1 on slot C1, 'D11': D11 of Sample Plate on Opentrons 96 Deep Well Heater-Shaker Adapter on Heater-Shaker Module GEN1 on slot C1, 'E11': E11 of Sample Plate on Opentrons 96 Deep Well Heater-Shaker Adapter on Heater-Shaker Module GEN1 on slot C1, 'F11': F11 of Sample Plate on Opentrons 96 Deep Well Heater-Shaker Adapter on Heater-Shaker Module GEN1 on slot C1, 'G11': G11 of Sample Plate on Opentrons 96 Deep Well Heater-Shaker Adapter on Heater-Shaker Module GEN1 on slot C1, 'H11': H11 of Sample Plate on Opentrons 96 Deep Well Heater-Shaker Adapter on Heater-Shaker Module GEN1 on slot C1, 'A12': A12 of Sample Plate on Opentrons 96 Deep Well Heater-Shaker Adapter on Heater-Shaker Module GEN1 on slot C1, 'B12': B12 of Sample Plate on Opentrons 96 Deep Well Heater-Shaker Adapter on Heater-Shaker Module GEN1 on slot C1, 'C12': C12 of Sample Plate on Opentrons 96 Deep Well Heater-Shaker Adapter on Heater-Shaker Module GEN1 on slot C1, 'D12': D12 of Sample Plate on Opentrons 96 Deep Well Heater-Shaker Adapter on Heater-Shaker Module GEN1 on slot C1, 'E12': E12 of Sample Plate on Opentrons 96 Deep Well Heater-Shaker Adapter on Heater-Shaker Module GEN1 on slot C1, 'F12': F12 of Sample Plate on Opentrons 96 Deep Well Heater-Shaker Adapter on Heater-Shaker Module GEN1 on slot C1, 'G12': G12 of Sample Plate on Opentrons 96 Deep Well Heater-Shaker Adapter on Heater-Shaker Module GEN1 on slot C1, 'H12': H12 of Sample Plate on Opentrons 96 Deep Well Heater-Shaker Adapter on Heater-Shaker Module GEN1 on slot C1}
Loading liquid into {'A1': A1 of Sample Plate on Opentrons 96 Deep Well Heater-Shaker Adapter on Heater-Shaker Module GEN1 on slot C1, 'B1': B1 of Sample Plate on Opentrons 96 Deep Well Heater-Shaker Adapter on Heater-Shaker Module GEN1 on slot C1, 'C1': C1 of Sample Plate on Opentrons 96 Deep Well Heater-Shaker Adapter on Heater-Shaker Module GEN1 on slot C1, 'D1': D1 of Sample Plate on Opentrons 96 Deep Well Heater-Shaker Adapter on Heater-Shaker Module GEN1 on slot C1, 'E1': E1 of Sample Plate on Opentrons 96 Deep Well Heater-Shaker Adapter on Heater-Shaker Module GEN1 on slot C1, 'F1': F1 of Sample Plate on Opentrons 96 Deep Well Heater-Shaker Adapter on Heater-Shaker Module GEN1 on slot C1, 'G1': G1 of Sample Plate on Opentrons 96 Deep Well Heater-Shaker Adapter on Heater-Shaker Module GEN1 on slot C1, 'H1': H1 of Sample Plate on Opentrons 96 Deep Well Heater-Shaker Adapter on Heater-Shaker Module GEN1 on slot C1, 'A2': A2 of Sample Plate on Opentrons 96 Deep Well Heater-Shaker Adapter on Heater-Shaker Module GEN1 on slot C1, 'B2': B2 of Sample Plate on Opentrons 96 Deep Well Heater-Shaker Adapter on Heater-Shaker Module GEN1 on slot C1, 'C2': C2 of Sample Plate on Opentrons 96 Deep Well Heater-Shaker Adapter on Heater-Shaker Module GEN1 on slot C1, 'D2': D2 of Sample Plate on Opentrons 96 Deep Well Heater-Shaker Adapter on Heater-Shaker Module GEN1 on slot C1, 'E2': E2 of Sample Plate on Opentrons 96 Deep Well Heater-Shaker Adapter on Heater-Shaker Module GEN1 on slot C1, 'F2': F2 of Sample Plate on Opentrons 96 Deep Well Heater-Shaker Adapter on Heater-Shaker Module GEN1 on slot C1, 'G2': G2 of Sample Plate on Opentrons 96 Deep Well Heater-Shaker Adapter on Heater-Shaker Module GEN1 on slot C1, 'H2': H2 of Sample Plate on Opentrons 96 Deep Well Heater-Shaker Adapter on Heater-Shaker Module GEN1 on slot C1, 'A3': A3 of Sample Plate on Opentrons 96 Deep Well Heater-Shaker Adapter on Heater-Shaker Module GEN1 on slot C1, 'B3': B3 of Sample Plate on Opentrons 96 Deep Well Heater-Shaker Adapter on Heater-Shaker Module GEN1 on slot C1, 'C3': C3 of Sample Plate on Opentrons 96 Deep Well Heater-Shaker Adapter on Heater-Shaker Module GEN1 on slot C1, 'D3': D3 of Sample Plate on Opentrons 96 Deep Well Heater-Shaker Adapter on Heater-Shaker Module GEN1 on slot C1, 'E3': E3 of Sample Plate on Opentrons 96 Deep Well Heater-Shaker Adapter on Heater-Shaker Module GEN1 on slot C1, 'F3': F3 of Sample Plate on Opentrons 96 Deep Well Heater-Shaker Adapter on Heater-Shaker Module GEN1 on slot C1, 'G3': G3 of Sample Plate on Opentrons 96 Deep Well Heater-Shaker Adapter on Heater-Shaker Module GEN1 on slot C1, 'H3': H3 of Sample Plate on Opentrons 96 Deep Well Heater-Shaker Adapter on Heater-Shaker Module GEN1 on slot C1, 'A4': A4 of Sample Plate on Opentrons 96 Deep Well Heater-Shaker Adapter on Heater-Shaker Module GEN1 on slot C1, 'B4': B4 of Sample Plate on Opentrons 96 Deep Well Heater-Shaker Adapter on Heater-Shaker Module GEN1 on slot C1, 'C4': C4 of Sample Plate on Opentrons 96 Deep Well Heater-Shaker Adapter on Heater-Shaker Module GEN1 on slot C1, 'D4': D4 of Sample Plate on Opentrons 96 Deep Well Heater-Shaker Adapter on Heater-Shaker Module GEN1 on slot C1, 'E4': E4 of Sample Plate on Opentrons 96 Deep Well Heater-Shaker Adapter on Heater-Shaker Module GEN1 on slot C1, 'F4': F4 of Sample Plate on Opentrons 96 Deep Well Heater-Shaker Adapter on Heater-Shaker Module GEN1 on slot C1, 'G4': G4 of Sample Plate on Opentrons 96 Deep Well Heater-Shaker Adapter on Heater-Shaker Module GEN1 on slot C1, 'H4': H4 of Sample Plate on Opentrons 96 Deep Well Heater-Shaker Adapter on Heater-Shaker Module GEN1 on slot C1, 'A5': A5 of Sample Plate on Opentrons 96 Deep Well Heater-Shaker Adapter on Heater-Shaker Module GEN1 on slot C1, 'B5': B5 of Sample Plate on Opentrons 96 Deep Well Heater-Shaker Adapter on Heater-Shaker Module GEN1 on slot C1, 'C5': C5 of Sample Plate on Opentrons 96 Deep Well Heater-Shaker Adapter on Heater-Shaker Module GEN1 on slot C1, 'D5': D5 of Sample Plate on Opentrons 96 Deep Well Heater-Shaker Adapter on Heater-Shaker Module GEN1 on slot C1, 'E5': E5 of Sample Plate on Opentrons 96 Deep Well Heater-Shaker Adapter on Heater-Shaker Module GEN1 on slot C1, 'F5': F5 of Sample Plate on Opentrons 96 Deep Well Heater-Shaker Adapter on Heater-Shaker Module GEN1 on slot C1, 'G5': G5 of Sample Plate on Opentrons 96 Deep Well Heater-Shaker Adapter on Heater-Shaker Module GEN1 on slot C1, 'H5': H5 of Sample Plate on Opentrons 96 Deep Well Heater-Shaker Adapter on Heater-Shaker Module GEN1 on slot C1, 'A6': A6 of Sample Plate on Opentrons 96 Deep Well Heater-Shaker Adapter on Heater-Shaker Module GEN1 on slot C1, 'B6': B6 of Sample Plate on Opentrons 96 Deep Well Heater-Shaker Adapter on Heater-Shaker Module GEN1 on slot C1, 'C6': C6 of Sample Plate on Opentrons 96 Deep Well Heater-Shaker Adapter on Heater-Shaker Module GEN1 on slot C1, 'D6': D6 of Sample Plate on Opentrons 96 Deep Well Heater-Shaker Adapter on Heater-Shaker Module GEN1 on slot C1, 'E6': E6 of Sample Plate on Opentrons 96 Deep Well Heater-Shaker Adapter on Heater-Shaker Module GEN1 on slot C1, 'F6': F6 of Sample Plate on Opentrons 96 Deep Well Heater-Shaker Adapter on Heater-Shaker Module GEN1 on slot C1, 'G6': G6 of Sample Plate on Opentrons 96 Deep Well Heater-Shaker Adapter on Heater-Shaker Module GEN1 on slot C1, 'H6': H6 of Sample Plate on Opentrons 96 Deep Well Heater-Shaker Adapter on Heater-Shaker Module GEN1 on slot C1, 'A7': A7 of Sample Plate on Opentrons 96 Deep Well Heater-Shaker Adapter on Heater-Shaker Module GEN1 on slot C1, 'B7': B7 of Sample Plate on Opentrons 96 Deep Well Heater-Shaker Adapter on Heater-Shaker Module GEN1 on slot C1, 'C7': C7 of Sample Plate on Opentrons 96 Deep Well Heater-Shaker Adapter on Heater-Shaker Module GEN1 on slot C1, 'D7': D7 of Sample Plate on Opentrons 96 Deep Well Heater-Shaker Adapter on Heater-Shaker Module GEN1 on slot C1, 'E7': E7 of Sample Plate on Opentrons 96 Deep Well Heater-Shaker Adapter on Heater-Shaker Module GEN1 on slot C1, 'F7': F7 of Sample Plate on Opentrons 96 Deep Well Heater-Shaker Adapter on Heater-Shaker Module GEN1 on slot C1, 'G7': G7 of Sample Plate on Opentrons 96 Deep Well Heater-Shaker Adapter on Heater-Shaker Module GEN1 on slot C1, 'H7': H7 of Sample Plate on Opentrons 96 Deep Well Heater-Shaker Adapter on Heater-Shaker Module GEN1 on slot C1, 'A8': A8 of Sample Plate on Opentrons 96 Deep Well Heater-Shaker Adapter on Heater-Shaker Module GEN1 on slot C1, 'B8': B8 of Sample Plate on Opentrons 96 Deep Well Heater-Shaker Adapter on Heater-Shaker Module GEN1 on slot C1, 'C8': C8 of Sample Plate on Opentrons 96 Deep Well Heater-Shaker Adapter on Heater-Shaker Module GEN1 on slot C1, 'D8': D8 of Sample Plate on Opentrons 96 Deep Well Heater-Shaker Adapter on Heater-Shaker Module GEN1 on slot C1, 'E8': E8 of Sample Plate on Opentrons 96 Deep Well Heater-Shaker Adapter on Heater-Shaker Module GEN1 on slot C1, 'F8': F8 of Sample Plate on Opentrons 96 Deep Well Heater-Shaker Adapter on Heater-Shaker Module GEN1 on slot C1, 'G8': G8 of Sample Plate on Opentrons 96 Deep Well Heater-Shaker Adapter on Heater-Shaker Module GEN1 on slot C1, 'H8': H8 of Sample Plate on Opentrons 96 Deep Well Heater-Shaker Adapter on Heater-Shaker Module GEN1 on slot C1, 'A9': A9 of Sample Plate on Opentrons 96 Deep Well Heater-Shaker Adapter on Heater-Shaker Module GEN1 on slot C1, 'B9': B9 of Sample Plate on Opentrons 96 Deep Well Heater-Shaker Adapter on Heater-Shaker Module GEN1 on slot C1, 'C9': C9 of Sample Plate on Opentrons 96 Deep Well Heater-Shaker Adapter on Heater-Shaker Module GEN1 on slot C1, 'D9': D9 of Sample Plate on Opentrons 96 Deep Well Heater-Shaker Adapter on Heater-Shaker Module GEN1 on slot C1, 'E9': E9 of Sample Plate on Opentrons 96 Deep Well Heater-Shaker Adapter on Heater-Shaker Module GEN1 on slot C1, 'F9': F9 of Sample Plate on Opentrons 96 Deep Well Heater-Shaker Adapter on Heater-Shaker Module GEN1 on slot C1, 'G9': G9 of Sample Plate on Opentrons 96 Deep Well Heater-Shaker Adapter on Heater-Shaker Module GEN1 on slot C1, 'H9': H9 of Sample Plate on Opentrons 96 Deep Well Heater-Shaker Adapter on Heater-Shaker Module GEN1 on slot C1, 'A10': A10 of Sample Plate on Opentrons 96 Deep Well Heater-Shaker Adapter on Heater-Shaker Module GEN1 on slot C1, 'B10': B10 of Sample Plate on Opentrons 96 Deep Well Heater-Shaker Adapter on Heater-Shaker Module GEN1 on slot C1, 'C10': C10 of Sample Plate on Opentrons 96 Deep Well Heater-Shaker Adapter on Heater-Shaker Module GEN1 on slot C1, 'D10': D10 of Sample Plate on Opentrons 96 Deep Well Heater-Shaker Adapter on Heater-Shaker Module GEN1 on slot C1, 'E10': E10 of Sample Plate on Opentrons 96 Deep Well Heater-Shaker Adapter on Heater-Shaker Module GEN1 on slot C1, 'F10': F10 of Sample Plate on Opentrons 96 Deep Well Heater-Shaker Adapter on Heater-Shaker Module GEN1 on slot C1, 'G10': G10 of Sample Plate on Opentrons 96 Deep Well Heater-Shaker Adapter on Heater-Shaker Module GEN1 on slot C1, 'H10': H10 of Sample Plate on Opentrons 96 Deep Well Heater-Shaker Adapter on Heater-Shaker Module GEN1 on slot C1, 'A11': A11 of Sample Plate on Opentrons 96 Deep Well Heater-Shaker Adapter on Heater-Shaker Module GEN1 on slot C1, 'B11': B11 of Sample Plate on Opentrons 96 Deep Well Heater-Shaker Adapter on Heater-Shaker Module GEN1 on slot C1, 'C11': C11 of Sample Plate on Opentrons 96 Deep Well Heater-Shaker Adapter on Heater-Shaker Module GEN1 on slot C1, 'D11': D11 of Sample Plate on Opentrons 96 Deep Well Heater-Shaker Adapter on Heater-Shaker Module GEN1 on slot C1, 'E11': E11 of Sample Plate on Opentrons 96 Deep Well Heater-Shaker Adapter on Heater-Shaker Module GEN1 on slot C1, 'F11': F11 of Sample Plate on Opentrons 96 Deep Well Heater-Shaker Adapter on Heater-Shaker Module GEN1 on slot C1, 'G11': G11 of Sample Plate on Opentrons 96 Deep Well Heater-Shaker Adapter on Heater-Shaker Module GEN1 on slot C1, 'H11': H11 of Sample Plate on Opentrons 96 Deep Well Heater-Shaker Adapter on Heater-Shaker Module GEN1 on slot C1, 'A12': A12 of Sample Plate on Opentrons 96 Deep Well Heater-Shaker Adapter on Heater-Shaker Module GEN1 on slot C1, 'B12': B12 of Sample Plate on Opentrons 96 Deep Well Heater-Shaker Adapter on Heater-Shaker Module GEN1 on slot C1, 'C12': C12 of Sample Plate on Opentrons 96 Deep Well Heater-Shaker Adapter on Heater-Shaker Module GEN1 on slot C1, 'D12': D12 of Sample Plate on Opentrons 96 Deep Well Heater-Shaker Adapter on Heater-Shaker Module GEN1 on slot C1, 'E12': E12 of Sample Plate on Opentrons 96 Deep Well Heater-Shaker Adapter on Heater-Shaker Module GEN1 on slot C1, 'F12': F12 of Sample Plate on Opentrons 96 Deep Well Heater-Shaker Adapter on Heater-Shaker Module GEN1 on slot C1, 'G12': G12 of Sample Plate on Opentrons 96 Deep Well Heater-Shaker Adapter on Heater-Shaker Module GEN1 on slot C1, 'H12': H12 of Sample Plate on Opentrons 96 Deep Well Heater-Shaker Adapter on Heater-Shaker Module GEN1 on slot C1}
Loading liquid into {'A1': A1 of Sample Plate on Opentrons 96 Deep Well Heater-Shaker Adapter on Heater-Shaker Module GEN1 on slot C1, 'B1': B1 of Sample Plate on Opentrons 96 Deep Well Heater-Shaker Adapter on Heater-Shaker Module GEN1 on slot C1, 'C1': C1 of Sample Plate on Opentrons 96 Deep Well Heater-Shaker Adapter on Heater-Shaker Module GEN1 on slot C1, 'D1': D1 of Sample Plate on Opentrons 96 Deep Well Heater-Shaker Adapter on Heater-Shaker Module GEN1 on slot C1, 'E1': E1 of Sample Plate on Opentrons 96 Deep Well Heater-Shaker Adapter on Heater-Shaker Module GEN1 on slot C1, 'F1': F1 of Sample Plate on Opentrons 96 Deep Well Heater-Shaker Adapter on Heater-Shaker Module GEN1 on slot C1, 'G1': G1 of Sample Plate on Opentrons 96 Deep Well Heater-Shaker Adapter on Heater-Shaker Module GEN1 on slot C1, 'H1': H1 of Sample Plate on Opentrons 96 Deep Well Heater-Shaker Adapter on Heater-Shaker Module GEN1 on slot C1, 'A2': A2 of Sample Plate on Opentrons 96 Deep Well Heater-Shaker Adapter on Heater-Shaker Module GEN1 on slot C1, 'B2': B2 of Sample Plate on Opentrons 96 Deep Well Heater-Shaker Adapter on Heater-Shaker Module GEN1 on slot C1, 'C2': C2 of Sample Plate on Opentrons 96 Deep Well Heater-Shaker Adapter on Heater-Shaker Module GEN1 on slot C1, 'D2': D2 of Sample Plate on Opentrons 96 Deep Well Heater-Shaker Adapter on Heater-Shaker Module GEN1 on slot C1, 'E2': E2 of Sample Plate on Opentrons 96 Deep Well Heater-Shaker Adapter on Heater-Shaker Module GEN1 on slot C1, 'F2': F2 of Sample Plate on Opentrons 96 Deep Well Heater-Shaker Adapter on Heater-Shaker Module GEN1 on slot C1, 'G2': G2 of Sample Plate on Opentrons 96 Deep Well Heater-Shaker Adapter on Heater-Shaker Module GEN1 on slot C1, 'H2': H2 of Sample Plate on Opentrons 96 Deep Well Heater-Shaker Adapter on Heater-Shaker Module GEN1 on slot C1, 'A3': A3 of Sample Plate on Opentrons 96 Deep Well Heater-Shaker Adapter on Heater-Shaker Module GEN1 on slot C1, 'B3': B3 of Sample Plate on Opentrons 96 Deep Well Heater-Shaker Adapter on Heater-Shaker Module GEN1 on slot C1, 'C3': C3 of Sample Plate on Opentrons 96 Deep Well Heater-Shaker Adapter on Heater-Shaker Module GEN1 on slot C1, 'D3': D3 of Sample Plate on Opentrons 96 Deep Well Heater-Shaker Adapter on Heater-Shaker Module GEN1 on slot C1, 'E3': E3 of Sample Plate on Opentrons 96 Deep Well Heater-Shaker Adapter on Heater-Shaker Module GEN1 on slot C1, 'F3': F3 of Sample Plate on Opentrons 96 Deep Well Heater-Shaker Adapter on Heater-Shaker Module GEN1 on slot C1, 'G3': G3 of Sample Plate on Opentrons 96 Deep Well Heater-Shaker Adapter on Heater-Shaker Module GEN1 on slot C1, 'H3': H3 of Sample Plate on Opentrons 96 Deep Well Heater-Shaker Adapter on Heater-Shaker Module GEN1 on slot C1, 'A4': A4 of Sample Plate on Opentrons 96 Deep Well Heater-Shaker Adapter on Heater-Shaker Module GEN1 on slot C1, 'B4': B4 of Sample Plate on Opentrons 96 Deep Well Heater-Shaker Adapter on Heater-Shaker Module GEN1 on slot C1, 'C4': C4 of Sample Plate on Opentrons 96 Deep Well Heater-Shaker Adapter on Heater-Shaker Module GEN1 on slot C1, 'D4': D4 of Sample Plate on Opentrons 96 Deep Well Heater-Shaker Adapter on Heater-Shaker Module GEN1 on slot C1, 'E4': E4 of Sample Plate on Opentrons 96 Deep Well Heater-Shaker Adapter on Heater-Shaker Module GEN1 on slot C1, 'F4': F4 of Sample Plate on Opentrons 96 Deep Well Heater-Shaker Adapter on Heater-Shaker Module GEN1 on slot C1, 'G4': G4 of Sample Plate on Opentrons 96 Deep Well Heater-Shaker Adapter on Heater-Shaker Module GEN1 on slot C1, 'H4': H4 of Sample Plate on Opentrons 96 Deep Well Heater-Shaker Adapter on Heater-Shaker Module GEN1 on slot C1, 'A5': A5 of Sample Plate on Opentrons 96 Deep Well Heater-Shaker Adapter on Heater-Shaker Module GEN1 on slot C1, 'B5': B5 of Sample Plate on Opentrons 96 Deep Well Heater-Shaker Adapter on Heater-Shaker Module GEN1 on slot C1, 'C5': C5 of Sample Plate on Opentrons 96 Deep Well Heater-Shaker Adapter on Heater-Shaker Module GEN1 on slot C1, 'D5': D5 of Sample Plate on Opentrons 96 Deep Well Heater-Shaker Adapter on Heater-Shaker Module GEN1 on slot C1, 'E5': E5 of Sample Plate on Opentrons 96 Deep Well Heater-Shaker Adapter on Heater-Shaker Module GEN1 on slot C1, 'F5': F5 of Sample Plate on Opentrons 96 Deep Well Heater-Shaker Adapter on Heater-Shaker Module GEN1 on slot C1, 'G5': G5 of Sample Plate on Opentrons 96 Deep Well Heater-Shaker Adapter on Heater-Shaker Module GEN1 on slot C1, 'H5': H5 of Sample Plate on Opentrons 96 Deep Well Heater-Shaker Adapter on Heater-Shaker Module GEN1 on slot C1, 'A6': A6 of Sample Plate on Opentrons 96 Deep Well Heater-Shaker Adapter on Heater-Shaker Module GEN1 on slot C1, 'B6': B6 of Sample Plate on Opentrons 96 Deep Well Heater-Shaker Adapter on Heater-Shaker Module GEN1 on slot C1, 'C6': C6 of Sample Plate on Opentrons 96 Deep Well Heater-Shaker Adapter on Heater-Shaker Module GEN1 on slot C1, 'D6': D6 of Sample Plate on Opentrons 96 Deep Well Heater-Shaker Adapter on Heater-Shaker Module GEN1 on slot C1, 'E6': E6 of Sample Plate on Opentrons 96 Deep Well Heater-Shaker Adapter on Heater-Shaker Module GEN1 on slot C1, 'F6': F6 of Sample Plate on Opentrons 96 Deep Well Heater-Shaker Adapter on Heater-Shaker Module GEN1 on slot C1, 'G6': G6 of Sample Plate on Opentrons 96 Deep Well Heater-Shaker Adapter on Heater-Shaker Module GEN1 on slot C1, 'H6': H6 of Sample Plate on Opentrons 96 Deep Well Heater-Shaker Adapter on Heater-Shaker Module GEN1 on slot C1, 'A7': A7 of Sample Plate on Opentrons 96 Deep Well Heater-Shaker Adapter on Heater-Shaker Module GEN1 on slot C1, 'B7': B7 of Sample Plate on Opentrons 96 Deep Well Heater-Shaker Adapter on Heater-Shaker Module GEN1 on slot C1, 'C7': C7 of Sample Plate on Opentrons 96 Deep Well Heater-Shaker Adapter on Heater-Shaker Module GEN1 on slot C1, 'D7': D7 of Sample Plate on Opentrons 96 Deep Well Heater-Shaker Adapter on Heater-Shaker Module GEN1 on slot C1, 'E7': E7 of Sample Plate on Opentrons 96 Deep Well Heater-Shaker Adapter on Heater-Shaker Module GEN1 on slot C1, 'F7': F7 of Sample Plate on Opentrons 96 Deep Well Heater-Shaker Adapter on Heater-Shaker Module GEN1 on slot C1, 'G7': G7 of Sample Plate on Opentrons 96 Deep Well Heater-Shaker Adapter on Heater-Shaker Module GEN1 on slot C1, 'H7': H7 of Sample Plate on Opentrons 96 Deep Well Heater-Shaker Adapter on Heater-Shaker Module GEN1 on slot C1, 'A8': A8 of Sample Plate on Opentrons 96 Deep Well Heater-Shaker Adapter on Heater-Shaker Module GEN1 on slot C1, 'B8': B8 of Sample Plate on Opentrons 96 Deep Well Heater-Shaker Adapter on Heater-Shaker Module GEN1 on slot C1, 'C8': C8 of Sample Plate on Opentrons 96 Deep Well Heater-Shaker Adapter on Heater-Shaker Module GEN1 on slot C1, 'D8': D8 of Sample Plate on Opentrons 96 Deep Well Heater-Shaker Adapter on Heater-Shaker Module GEN1 on slot C1, 'E8': E8 of Sample Plate on Opentrons 96 Deep Well Heater-Shaker Adapter on Heater-Shaker Module GEN1 on slot C1, 'F8': F8 of Sample Plate on Opentrons 96 Deep Well Heater-Shaker Adapter on Heater-Shaker Module GEN1 on slot C1, 'G8': G8 of Sample Plate on Opentrons 96 Deep Well Heater-Shaker Adapter on Heater-Shaker Module GEN1 on slot C1, 'H8': H8 of Sample Plate on Opentrons 96 Deep Well Heater-Shaker Adapter on Heater-Shaker Module GEN1 on slot C1, 'A9': A9 of Sample Plate on Opentrons 96 Deep Well Heater-Shaker Adapter on Heater-Shaker Module GEN1 on slot C1, 'B9': B9 of Sample Plate on Opentrons 96 Deep Well Heater-Shaker Adapter on Heater-Shaker Module GEN1 on slot C1, 'C9': C9 of Sample Plate on Opentrons 96 Deep Well Heater-Shaker Adapter on Heater-Shaker Module GEN1 on slot C1, 'D9': D9 of Sample Plate on Opentrons 96 Deep Well Heater-Shaker Adapter on Heater-Shaker Module GEN1 on slot C1, 'E9': E9 of Sample Plate on Opentrons 96 Deep Well Heater-Shaker Adapter on Heater-Shaker Module GEN1 on slot C1, 'F9': F9 of Sample Plate on Opentrons 96 Deep Well Heater-Shaker Adapter on Heater-Shaker Module GEN1 on slot C1, 'G9': G9 of Sample Plate on Opentrons 96 Deep Well Heater-Shaker Adapter on Heater-Shaker Module GEN1 on slot C1, 'H9': H9 of Sample Plate on Opentrons 96 Deep Well Heater-Shaker Adapter on Heater-Shaker Module GEN1 on slot C1, 'A10': A10 of Sample Plate on Opentrons 96 Deep Well Heater-Shaker Adapter on Heater-Shaker Module GEN1 on slot C1, 'B10': B10 of Sample Plate on Opentrons 96 Deep Well Heater-Shaker Adapter on Heater-Shaker Module GEN1 on slot C1, 'C10': C10 of Sample Plate on Opentrons 96 Deep Well Heater-Shaker Adapter on Heater-Shaker Module GEN1 on slot C1, 'D10': D10 of Sample Plate on Opentrons 96 Deep Well Heater-Shaker Adapter on Heater-Shaker Module GEN1 on slot C1, 'E10': E10 of Sample Plate on Opentrons 96 Deep Well Heater-Shaker Adapter on Heater-Shaker Module GEN1 on slot C1, 'F10': F10 of Sample Plate on Opentrons 96 Deep Well Heater-Shaker Adapter on Heater-Shaker Module GEN1 on slot C1, 'G10': G10 of Sample Plate on Opentrons 96 Deep Well Heater-Shaker Adapter on Heater-Shaker Module GEN1 on slot C1, 'H10': H10 of Sample Plate on Opentrons 96 Deep Well Heater-Shaker Adapter on Heater-Shaker Module GEN1 on slot C1, 'A11': A11 of Sample Plate on Opentrons 96 Deep Well Heater-Shaker Adapter on Heater-Shaker Module GEN1 on slot C1, 'B11': B11 of Sample Plate on Opentrons 96 Deep Well Heater-Shaker Adapter on Heater-Shaker Module GEN1 on slot C1, 'C11': C11 of Sample Plate on Opentrons 96 Deep Well Heater-Shaker Adapter on Heater-Shaker Module GEN1 on slot C1, 'D11': D11 of Sample Plate on Opentrons 96 Deep Well Heater-Shaker Adapter on Heater-Shaker Module GEN1 on slot C1, 'E11': E11 of Sample Plate on Opentrons 96 Deep Well Heater-Shaker Adapter on Heater-Shaker Module GEN1 on slot C1, 'F11': F11 of Sample Plate on Opentrons 96 Deep Well Heater-Shaker Adapter on Heater-Shaker Module GEN1 on slot C1, 'G11': G11 of Sample Plate on Opentrons 96 Deep Well Heater-Shaker Adapter on Heater-Shaker Module GEN1 on slot C1, 'H11': H11 of Sample Plate on Opentrons 96 Deep Well Heater-Shaker Adapter on Heater-Shaker Module GEN1 on slot C1, 'A12': A12 of Sample Plate on Opentrons 96 Deep Well Heater-Shaker Adapter on Heater-Shaker Module GEN1 on slot C1, 'B12': B12 of Sample Plate on Opentrons 96 Deep Well Heater-Shaker Adapter on Heater-Shaker Module GEN1 on slot C1, 'C12': C12 of Sample Plate on Opentrons 96 Deep Well Heater-Shaker Adapter on Heater-Shaker Module GEN1 on slot C1, 'D12': D12 of Sample Plate on Opentrons 96 Deep Well Heater-Shaker Adapter on Heater-Shaker Module GEN1 on slot C1, 'E12': E12 of Sample Plate on Opentrons 96 Deep Well Heater-Shaker Adapter on Heater-Shaker Module GEN1 on slot C1, 'F12': F12 of Sample Plate on Opentrons 96 Deep Well Heater-Shaker Adapter on Heater-Shaker Module GEN1 on slot C1, 'G12': G12 of Sample Plate on Opentrons 96 Deep Well Heater-Shaker Adapter on Heater-Shaker Module GEN1 on slot C1, 'H12': H12 of Sample Plate on Opentrons 96 Deep Well Heater-Shaker Adapter on Heater-Shaker Module GEN1 on slot C1}
Loading liquid into {'A1': A1 of Sample Plate on Opentrons 96 Deep Well Heater-Shaker Adapter on Heater-Shaker Module GEN1 on slot C1, 'B1': B1 of Sample Plate on Opentrons 96 Deep Well Heater-Shaker Adapter on Heater-Shaker Module GEN1 on slot C1, 'C1': C1 of Sample Plate on Opentrons 96 Deep Well Heater-Shaker Adapter on Heater-Shaker Module GEN1 on slot C1, 'D1': D1 of Sample Plate on Opentrons 96 Deep Well Heater-Shaker Adapter on Heater-Shaker Module GEN1 on slot C1, 'E1': E1 of Sample Plate on Opentrons 96 Deep Well Heater-Shaker Adapter on Heater-Shaker Module GEN1 on slot C1, 'F1': F1 of Sample Plate on Opentrons 96 Deep Well Heater-Shaker Adapter on Heater-Shaker Module GEN1 on slot C1, 'G1': G1 of Sample Plate on Opentrons 96 Deep Well Heater-Shaker Adapter on Heater-Shaker Module GEN1 on slot C1, 'H1': H1 of Sample Plate on Opentrons 96 Deep Well Heater-Shaker Adapter on Heater-Shaker Module GEN1 on slot C1, 'A2': A2 of Sample Plate on Opentrons 96 Deep Well Heater-Shaker Adapter on Heater-Shaker Module GEN1 on slot C1, 'B2': B2 of Sample Plate on Opentrons 96 Deep Well Heater-Shaker Adapter on Heater-Shaker Module GEN1 on slot C1, 'C2': C2 of Sample Plate on Opentrons 96 Deep Well Heater-Shaker Adapter on Heater-Shaker Module GEN1 on slot C1, 'D2': D2 of Sample Plate on Opentrons 96 Deep Well Heater-Shaker Adapter on Heater-Shaker Module GEN1 on slot C1, 'E2': E2 of Sample Plate on Opentrons 96 Deep Well Heater-Shaker Adapter on Heater-Shaker Module GEN1 on slot C1, 'F2': F2 of Sample Plate on Opentrons 96 Deep Well Heater-Shaker Adapter on Heater-Shaker Module GEN1 on slot C1, 'G2': G2 of Sample Plate on Opentrons 96 Deep Well Heater-Shaker Adapter on Heater-Shaker Module GEN1 on slot C1, 'H2': H2 of Sample Plate on Opentrons 96 Deep Well Heater-Shaker Adapter on Heater-Shaker Module GEN1 on slot C1, 'A3': A3 of Sample Plate on Opentrons 96 Deep Well Heater-Shaker Adapter on Heater-Shaker Module GEN1 on slot C1, 'B3': B3 of Sample Plate on Opentrons 96 Deep Well Heater-Shaker Adapter on Heater-Shaker Module GEN1 on slot C1, 'C3': C3 of Sample Plate on Opentrons 96 Deep Well Heater-Shaker Adapter on Heater-Shaker Module GEN1 on slot C1, 'D3': D3 of Sample Plate on Opentrons 96 Deep Well Heater-Shaker Adapter on Heater-Shaker Module GEN1 on slot C1, 'E3': E3 of Sample Plate on Opentrons 96 Deep Well Heater-Shaker Adapter on Heater-Shaker Module GEN1 on slot C1, 'F3': F3 of Sample Plate on Opentrons 96 Deep Well Heater-Shaker Adapter on Heater-Shaker Module GEN1 on slot C1, 'G3': G3 of Sample Plate on Opentrons 96 Deep Well Heater-Shaker Adapter on Heater-Shaker Module GEN1 on slot C1, 'H3': H3 of Sample Plate on Opentrons 96 Deep Well Heater-Shaker Adapter on Heater-Shaker Module GEN1 on slot C1, 'A4': A4 of Sample Plate on Opentrons 96 Deep Well Heater-Shaker Adapter on Heater-Shaker Module GEN1 on slot C1, 'B4': B4 of Sample Plate on Opentrons 96 Deep Well Heater-Shaker Adapter on Heater-Shaker Module GEN1 on slot C1, 'C4': C4 of Sample Plate on Opentrons 96 Deep Well Heater-Shaker Adapter on Heater-Shaker Module GEN1 on slot C1, 'D4': D4 of Sample Plate on Opentrons 96 Deep Well Heater-Shaker Adapter on Heater-Shaker Module GEN1 on slot C1, 'E4': E4 of Sample Plate on Opentrons 96 Deep Well Heater-Shaker Adapter on Heater-Shaker Module GEN1 on slot C1, 'F4': F4 of Sample Plate on Opentrons 96 Deep Well Heater-Shaker Adapter on Heater-Shaker Module GEN1 on slot C1, 'G4': G4 of Sample Plate on Opentrons 96 Deep Well Heater-Shaker Adapter on Heater-Shaker Module GEN1 on slot C1, 'H4': H4 of Sample Plate on Opentrons 96 Deep Well Heater-Shaker Adapter on Heater-Shaker Module GEN1 on slot C1, 'A5': A5 of Sample Plate on Opentrons 96 Deep Well Heater-Shaker Adapter on Heater-Shaker Module GEN1 on slot C1, 'B5': B5 of Sample Plate on Opentrons 96 Deep Well Heater-Shaker Adapter on Heater-Shaker Module GEN1 on slot C1, 'C5': C5 of Sample Plate on Opentrons 96 Deep Well Heater-Shaker Adapter on Heater-Shaker Module GEN1 on slot C1, 'D5': D5 of Sample Plate on Opentrons 96 Deep Well Heater-Shaker Adapter on Heater-Shaker Module GEN1 on slot C1, 'E5': E5 of Sample Plate on Opentrons 96 Deep Well Heater-Shaker Adapter on Heater-Shaker Module GEN1 on slot C1, 'F5': F5 of Sample Plate on Opentrons 96 Deep Well Heater-Shaker Adapter on Heater-Shaker Module GEN1 on slot C1, 'G5': G5 of Sample Plate on Opentrons 96 Deep Well Heater-Shaker Adapter on Heater-Shaker Module GEN1 on slot C1, 'H5': H5 of Sample Plate on Opentrons 96 Deep Well Heater-Shaker Adapter on Heater-Shaker Module GEN1 on slot C1, 'A6': A6 of Sample Plate on Opentrons 96 Deep Well Heater-Shaker Adapter on Heater-Shaker Module GEN1 on slot C1, 'B6': B6 of Sample Plate on Opentrons 96 Deep Well Heater-Shaker Adapter on Heater-Shaker Module GEN1 on slot C1, 'C6': C6 of Sample Plate on Opentrons 96 Deep Well Heater-Shaker Adapter on Heater-Shaker Module GEN1 on slot C1, 'D6': D6 of Sample Plate on Opentrons 96 Deep Well Heater-Shaker Adapter on Heater-Shaker Module GEN1 on slot C1, 'E6': E6 of Sample Plate on Opentrons 96 Deep Well Heater-Shaker Adapter on Heater-Shaker Module GEN1 on slot C1, 'F6': F6 of Sample Plate on Opentrons 96 Deep Well Heater-Shaker Adapter on Heater-Shaker Module GEN1 on slot C1, 'G6': G6 of Sample Plate on Opentrons 96 Deep Well Heater-Shaker Adapter on Heater-Shaker Module GEN1 on slot C1, 'H6': H6 of Sample Plate on Opentrons 96 Deep Well Heater-Shaker Adapter on Heater-Shaker Module GEN1 on slot C1, 'A7': A7 of Sample Plate on Opentrons 96 Deep Well Heater-Shaker Adapter on Heater-Shaker Module GEN1 on slot C1, 'B7': B7 of Sample Plate on Opentrons 96 Deep Well Heater-Shaker Adapter on Heater-Shaker Module GEN1 on slot C1, 'C7': C7 of Sample Plate on Opentrons 96 Deep Well Heater-Shaker Adapter on Heater-Shaker Module GEN1 on slot C1, 'D7': D7 of Sample Plate on Opentrons 96 Deep Well Heater-Shaker Adapter on Heater-Shaker Module GEN1 on slot C1, 'E7': E7 of Sample Plate on Opentrons 96 Deep Well Heater-Shaker Adapter on Heater-Shaker Module GEN1 on slot C1, 'F7': F7 of Sample Plate on Opentrons 96 Deep Well Heater-Shaker Adapter on Heater-Shaker Module GEN1 on slot C1, 'G7': G7 of Sample Plate on Opentrons 96 Deep Well Heater-Shaker Adapter on Heater-Shaker Module GEN1 on slot C1, 'H7': H7 of Sample Plate on Opentrons 96 Deep Well Heater-Shaker Adapter on Heater-Shaker Module GEN1 on slot C1, 'A8': A8 of Sample Plate on Opentrons 96 Deep Well Heater-Shaker Adapter on Heater-Shaker Module GEN1 on slot C1, 'B8': B8 of Sample Plate on Opentrons 96 Deep Well Heater-Shaker Adapter on Heater-Shaker Module GEN1 on slot C1, 'C8': C8 of Sample Plate on Opentrons 96 Deep Well Heater-Shaker Adapter on Heater-Shaker Module GEN1 on slot C1, 'D8': D8 of Sample Plate on Opentrons 96 Deep Well Heater-Shaker Adapter on Heater-Shaker Module GEN1 on slot C1, 'E8': E8 of Sample Plate on Opentrons 96 Deep Well Heater-Shaker Adapter on Heater-Shaker Module GEN1 on slot C1, 'F8': F8 of Sample Plate on Opentrons 96 Deep Well Heater-Shaker Adapter on Heater-Shaker Module GEN1 on slot C1, 'G8': G8 of Sample Plate on Opentrons 96 Deep Well Heater-Shaker Adapter on Heater-Shaker Module GEN1 on slot C1, 'H8': H8 of Sample Plate on Opentrons 96 Deep Well Heater-Shaker Adapter on Heater-Shaker Module GEN1 on slot C1, 'A9': A9 of Sample Plate on Opentrons 96 Deep Well Heater-Shaker Adapter on Heater-Shaker Module GEN1 on slot C1, 'B9': B9 of Sample Plate on Opentrons 96 Deep Well Heater-Shaker Adapter on Heater-Shaker Module GEN1 on slot C1, 'C9': C9 of Sample Plate on Opentrons 96 Deep Well Heater-Shaker Adapter on Heater-Shaker Module GEN1 on slot C1, 'D9': D9 of Sample Plate on Opentrons 96 Deep Well Heater-Shaker Adapter on Heater-Shaker Module GEN1 on slot C1, 'E9': E9 of Sample Plate on Opentrons 96 Deep Well Heater-Shaker Adapter on Heater-Shaker Module GEN1 on slot C1, 'F9': F9 of Sample Plate on Opentrons 96 Deep Well Heater-Shaker Adapter on Heater-Shaker Module GEN1 on slot C1, 'G9': G9 of Sample Plate on Opentrons 96 Deep Well Heater-Shaker Adapter on Heater-Shaker Module GEN1 on slot C1, 'H9': H9 of Sample Plate on Opentrons 96 Deep Well Heater-Shaker Adapter on Heater-Shaker Module GEN1 on slot C1, 'A10': A10 of Sample Plate on Opentrons 96 Deep Well Heater-Shaker Adapter on Heater-Shaker Module GEN1 on slot C1, 'B10': B10 of Sample Plate on Opentrons 96 Deep Well Heater-Shaker Adapter on Heater-Shaker Module GEN1 on slot C1, 'C10': C10 of Sample Plate on Opentrons 96 Deep Well Heater-Shaker Adapter on Heater-Shaker Module GEN1 on slot C1, 'D10': D10 of Sample Plate on Opentrons 96 Deep Well Heater-Shaker Adapter on Heater-Shaker Module GEN1 on slot C1, 'E10': E10 of Sample Plate on Opentrons 96 Deep Well Heater-Shaker Adapter on Heater-Shaker Module GEN1 on slot C1, 'F10': F10 of Sample Plate on Opentrons 96 Deep Well Heater-Shaker Adapter on Heater-Shaker Module GEN1 on slot C1, 'G10': G10 of Sample Plate on Opentrons 96 Deep Well Heater-Shaker Adapter on Heater-Shaker Module GEN1 on slot C1, 'H10': H10 of Sample Plate on Opentrons 96 Deep Well Heater-Shaker Adapter on Heater-Shaker Module GEN1 on slot C1, 'A11': A11 of Sample Plate on Opentrons 96 Deep Well Heater-Shaker Adapter on Heater-Shaker Module GEN1 on slot C1, 'B11': B11 of Sample Plate on Opentrons 96 Deep Well Heater-Shaker Adapter on Heater-Shaker Module GEN1 on slot C1, 'C11': C11 of Sample Plate on Opentrons 96 Deep Well Heater-Shaker Adapter on Heater-Shaker Module GEN1 on slot C1, 'D11': D11 of Sample Plate on Opentrons 96 Deep Well Heater-Shaker Adapter on Heater-Shaker Module GEN1 on slot C1, 'E11': E11 of Sample Plate on Opentrons 96 Deep Well Heater-Shaker Adapter on Heater-Shaker Module GEN1 on slot C1, 'F11': F11 of Sample Plate on Opentrons 96 Deep Well Heater-Shaker Adapter on Heater-Shaker Module GEN1 on slot C1, 'G11': G11 of Sample Plate on Opentrons 96 Deep Well Heater-Shaker Adapter on Heater-Shaker Module GEN1 on slot C1, 'H11': H11 of Sample Plate on Opentrons 96 Deep Well Heater-Shaker Adapter on Heater-Shaker Module GEN1 on slot C1, 'A12': A12 of Sample Plate on Opentrons 96 Deep Well Heater-Shaker Adapter on Heater-Shaker Module GEN1 on slot C1, 'B12': B12 of Sample Plate on Opentrons 96 Deep Well Heater-Shaker Adapter on Heater-Shaker Module GEN1 on slot C1, 'C12': C12 of Sample Plate on Opentrons 96 Deep Well Heater-Shaker Adapter on Heater-Shaker Module GEN1 on slot C1, 'D12': D12 of Sample Plate on Opentrons 96 Deep Well Heater-Shaker Adapter on Heater-Shaker Module GEN1 on slot C1, 'E12': E12 of Sample Plate on Opentrons 96 Deep Well Heater-Shaker Adapter on Heater-Shaker Module GEN1 on slot C1, 'F12': F12 of Sample Plate on Opentrons 96 Deep Well Heater-Shaker Adapter on Heater-Shaker Module GEN1 on slot C1, 'G12': G12 of Sample Plate on Opentrons 96 Deep Well Heater-Shaker Adapter on Heater-Shaker Module GEN1 on slot C1, 'H12': H12 of Sample Plate on Opentrons 96 Deep Well Heater-Shaker Adapter on Heater-Shaker Module GEN1 on slot C1}
Loading liquid into {'A1': A1 of Sample Plate on Opentrons 96 Deep Well Heater-Shaker Adapter on Heater-Shaker Module GEN1 on slot C1, 'B1': B1 of Sample Plate on Opentrons 96 Deep Well Heater-Shaker Adapter on Heater-Shaker Module GEN1 on slot C1, 'C1': C1 of Sample Plate on Opentrons 96 Deep Well Heater-Shaker Adapter on Heater-Shaker Module GEN1 on slot C1, 'D1': D1 of Sample Plate on Opentrons 96 Deep Well Heater-Shaker Adapter on Heater-Shaker Module GEN1 on slot C1, 'E1': E1 of Sample Plate on Opentrons 96 Deep Well Heater-Shaker Adapter on Heater-Shaker Module GEN1 on slot C1, 'F1': F1 of Sample Plate on Opentrons 96 Deep Well Heater-Shaker Adapter on Heater-Shaker Module GEN1 on slot C1, 'G1': G1 of Sample Plate on Opentrons 96 Deep Well Heater-Shaker Adapter on Heater-Shaker Module GEN1 on slot C1, 'H1': H1 of Sample Plate on Opentrons 96 Deep Well Heater-Shaker Adapter on Heater-Shaker Module GEN1 on slot C1, 'A2': A2 of Sample Plate on Opentrons 96 Deep Well Heater-Shaker Adapter on Heater-Shaker Module GEN1 on slot C1, 'B2': B2 of Sample Plate on Opentrons 96 Deep Well Heater-Shaker Adapter on Heater-Shaker Module GEN1 on slot C1, 'C2': C2 of Sample Plate on Opentrons 96 Deep Well Heater-Shaker Adapter on Heater-Shaker Module GEN1 on slot C1, 'D2': D2 of Sample Plate on Opentrons 96 Deep Well Heater-Shaker Adapter on Heater-Shaker Module GEN1 on slot C1, 'E2': E2 of Sample Plate on Opentrons 96 Deep Well Heater-Shaker Adapter on Heater-Shaker Module GEN1 on slot C1, 'F2': F2 of Sample Plate on Opentrons 96 Deep Well Heater-Shaker Adapter on Heater-Shaker Module GEN1 on slot C1, 'G2': G2 of Sample Plate on Opentrons 96 Deep Well Heater-Shaker Adapter on Heater-Shaker Module GEN1 on slot C1, 'H2': H2 of Sample Plate on Opentrons 96 Deep Well Heater-Shaker Adapter on Heater-Shaker Module GEN1 on slot C1, 'A3': A3 of Sample Plate on Opentrons 96 Deep Well Heater-Shaker Adapter on Heater-Shaker Module GEN1 on slot C1, 'B3': B3 of Sample Plate on Opentrons 96 Deep Well Heater-Shaker Adapter on Heater-Shaker Module GEN1 on slot C1, 'C3': C3 of Sample Plate on Opentrons 96 Deep Well Heater-Shaker Adapter on Heater-Shaker Module GEN1 on slot C1, 'D3': D3 of Sample Plate on Opentrons 96 Deep Well Heater-Shaker Adapter on Heater-Shaker Module GEN1 on slot C1, 'E3': E3 of Sample Plate on Opentrons 96 Deep Well Heater-Shaker Adapter on Heater-Shaker Module GEN1 on slot C1, 'F3': F3 of Sample Plate on Opentrons 96 Deep Well Heater-Shaker Adapter on Heater-Shaker Module GEN1 on slot C1, 'G3': G3 of Sample Plate on Opentrons 96 Deep Well Heater-Shaker Adapter on Heater-Shaker Module GEN1 on slot C1, 'H3': H3 of Sample Plate on Opentrons 96 Deep Well Heater-Shaker Adapter on Heater-Shaker Module GEN1 on slot C1, 'A4': A4 of Sample Plate on Opentrons 96 Deep Well Heater-Shaker Adapter on Heater-Shaker Module GEN1 on slot C1, 'B4': B4 of Sample Plate on Opentrons 96 Deep Well Heater-Shaker Adapter on Heater-Shaker Module GEN1 on slot C1, 'C4': C4 of Sample Plate on Opentrons 96 Deep Well Heater-Shaker Adapter on Heater-Shaker Module GEN1 on slot C1, 'D4': D4 of Sample Plate on Opentrons 96 Deep Well Heater-Shaker Adapter on Heater-Shaker Module GEN1 on slot C1, 'E4': E4 of Sample Plate on Opentrons 96 Deep Well Heater-Shaker Adapter on Heater-Shaker Module GEN1 on slot C1, 'F4': F4 of Sample Plate on Opentrons 96 Deep Well Heater-Shaker Adapter on Heater-Shaker Module GEN1 on slot C1, 'G4': G4 of Sample Plate on Opentrons 96 Deep Well Heater-Shaker Adapter on Heater-Shaker Module GEN1 on slot C1, 'H4': H4 of Sample Plate on Opentrons 96 Deep Well Heater-Shaker Adapter on Heater-Shaker Module GEN1 on slot C1, 'A5': A5 of Sample Plate on Opentrons 96 Deep Well Heater-Shaker Adapter on Heater-Shaker Module GEN1 on slot C1, 'B5': B5 of Sample Plate on Opentrons 96 Deep Well Heater-Shaker Adapter on Heater-Shaker Module GEN1 on slot C1, 'C5': C5 of Sample Plate on Opentrons 96 Deep Well Heater-Shaker Adapter on Heater-Shaker Module GEN1 on slot C1, 'D5': D5 of Sample Plate on Opentrons 96 Deep Well Heater-Shaker Adapter on Heater-Shaker Module GEN1 on slot C1, 'E5': E5 of Sample Plate on Opentrons 96 Deep Well Heater-Shaker Adapter on Heater-Shaker Module GEN1 on slot C1, 'F5': F5 of Sample Plate on Opentrons 96 Deep Well Heater-Shaker Adapter on Heater-Shaker Module GEN1 on slot C1, 'G5': G5 of Sample Plate on Opentrons 96 Deep Well Heater-Shaker Adapter on Heater-Shaker Module GEN1 on slot C1, 'H5': H5 of Sample Plate on Opentrons 96 Deep Well Heater-Shaker Adapter on Heater-Shaker Module GEN1 on slot C1, 'A6': A6 of Sample Plate on Opentrons 96 Deep Well Heater-Shaker Adapter on Heater-Shaker Module GEN1 on slot C1, 'B6': B6 of Sample Plate on Opentrons 96 Deep Well Heater-Shaker Adapter on Heater-Shaker Module GEN1 on slot C1, 'C6': C6 of Sample Plate on Opentrons 96 Deep Well Heater-Shaker Adapter on Heater-Shaker Module GEN1 on slot C1, 'D6': D6 of Sample Plate on Opentrons 96 Deep Well Heater-Shaker Adapter on Heater-Shaker Module GEN1 on slot C1, 'E6': E6 of Sample Plate on Opentrons 96 Deep Well Heater-Shaker Adapter on Heater-Shaker Module GEN1 on slot C1, 'F6': F6 of Sample Plate on Opentrons 96 Deep Well Heater-Shaker Adapter on Heater-Shaker Module GEN1 on slot C1, 'G6': G6 of Sample Plate on Opentrons 96 Deep Well Heater-Shaker Adapter on Heater-Shaker Module GEN1 on slot C1, 'H6': H6 of Sample Plate on Opentrons 96 Deep Well Heater-Shaker Adapter on Heater-Shaker Module GEN1 on slot C1, 'A7': A7 of Sample Plate on Opentrons 96 Deep Well Heater-Shaker Adapter on Heater-Shaker Module GEN1 on slot C1, 'B7': B7 of Sample Plate on Opentrons 96 Deep Well Heater-Shaker Adapter on Heater-Shaker Module GEN1 on slot C1, 'C7': C7 of Sample Plate on Opentrons 96 Deep Well Heater-Shaker Adapter on Heater-Shaker Module GEN1 on slot C1, 'D7': D7 of Sample Plate on Opentrons 96 Deep Well Heater-Shaker Adapter on Heater-Shaker Module GEN1 on slot C1, 'E7': E7 of Sample Plate on Opentrons 96 Deep Well Heater-Shaker Adapter on Heater-Shaker Module GEN1 on slot C1, 'F7': F7 of Sample Plate on Opentrons 96 Deep Well Heater-Shaker Adapter on Heater-Shaker Module GEN1 on slot C1, 'G7': G7 of Sample Plate on Opentrons 96 Deep Well Heater-Shaker Adapter on Heater-Shaker Module GEN1 on slot C1, 'H7': H7 of Sample Plate on Opentrons 96 Deep Well Heater-Shaker Adapter on Heater-Shaker Module GEN1 on slot C1, 'A8': A8 of Sample Plate on Opentrons 96 Deep Well Heater-Shaker Adapter on Heater-Shaker Module GEN1 on slot C1, 'B8': B8 of Sample Plate on Opentrons 96 Deep Well Heater-Shaker Adapter on Heater-Shaker Module GEN1 on slot C1, 'C8': C8 of Sample Plate on Opentrons 96 Deep Well Heater-Shaker Adapter on Heater-Shaker Module GEN1 on slot C1, 'D8': D8 of Sample Plate on Opentrons 96 Deep Well Heater-Shaker Adapter on Heater-Shaker Module GEN1 on slot C1, 'E8': E8 of Sample Plate on Opentrons 96 Deep Well Heater-Shaker Adapter on Heater-Shaker Module GEN1 on slot C1, 'F8': F8 of Sample Plate on Opentrons 96 Deep Well Heater-Shaker Adapter on Heater-Shaker Module GEN1 on slot C1, 'G8': G8 of Sample Plate on Opentrons 96 Deep Well Heater-Shaker Adapter on Heater-Shaker Module GEN1 on slot C1, 'H8': H8 of Sample Plate on Opentrons 96 Deep Well Heater-Shaker Adapter on Heater-Shaker Module GEN1 on slot C1, 'A9': A9 of Sample Plate on Opentrons 96 Deep Well Heater-Shaker Adapter on Heater-Shaker Module GEN1 on slot C1, 'B9': B9 of Sample Plate on Opentrons 96 Deep Well Heater-Shaker Adapter on Heater-Shaker Module GEN1 on slot C1, 'C9': C9 of Sample Plate on Opentrons 96 Deep Well Heater-Shaker Adapter on Heater-Shaker Module GEN1 on slot C1, 'D9': D9 of Sample Plate on Opentrons 96 Deep Well Heater-Shaker Adapter on Heater-Shaker Module GEN1 on slot C1, 'E9': E9 of Sample Plate on Opentrons 96 Deep Well Heater-Shaker Adapter on Heater-Shaker Module GEN1 on slot C1, 'F9': F9 of Sample Plate on Opentrons 96 Deep Well Heater-Shaker Adapter on Heater-Shaker Module GEN1 on slot C1, 'G9': G9 of Sample Plate on Opentrons 96 Deep Well Heater-Shaker Adapter on Heater-Shaker Module GEN1 on slot C1, 'H9': H9 of Sample Plate on Opentrons 96 Deep Well Heater-Shaker Adapter on Heater-Shaker Module GEN1 on slot C1, 'A10': A10 of Sample Plate on Opentrons 96 Deep Well Heater-Shaker Adapter on Heater-Shaker Module GEN1 on slot C1, 'B10': B10 of Sample Plate on Opentrons 96 Deep Well Heater-Shaker Adapter on Heater-Shaker Module GEN1 on slot C1, 'C10': C10 of Sample Plate on Opentrons 96 Deep Well Heater-Shaker Adapter on Heater-Shaker Module GEN1 on slot C1, 'D10': D10 of Sample Plate on Opentrons 96 Deep Well Heater-Shaker Adapter on Heater-Shaker Module GEN1 on slot C1, 'E10': E10 of Sample Plate on Opentrons 96 Deep Well Heater-Shaker Adapter on Heater-Shaker Module GEN1 on slot C1, 'F10': F10 of Sample Plate on Opentrons 96 Deep Well Heater-Shaker Adapter on Heater-Shaker Module GEN1 on slot C1, 'G10': G10 of Sample Plate on Opentrons 96 Deep Well Heater-Shaker Adapter on Heater-Shaker Module GEN1 on slot C1, 'H10': H10 of Sample Plate on Opentrons 96 Deep Well Heater-Shaker Adapter on Heater-Shaker Module GEN1 on slot C1, 'A11': A11 of Sample Plate on Opentrons 96 Deep Well Heater-Shaker Adapter on Heater-Shaker Module GEN1 on slot C1, 'B11': B11 of Sample Plate on Opentrons 96 Deep Well Heater-Shaker Adapter on Heater-Shaker Module GEN1 on slot C1, 'C11': C11 of Sample Plate on Opentrons 96 Deep Well Heater-Shaker Adapter on Heater-Shaker Module GEN1 on slot C1, 'D11': D11 of Sample Plate on Opentrons 96 Deep Well Heater-Shaker Adapter on Heater-Shaker Module GEN1 on slot C1, 'E11': E11 of Sample Plate on Opentrons 96 Deep Well Heater-Shaker Adapter on Heater-Shaker Module GEN1 on slot C1, 'F11': F11 of Sample Plate on Opentrons 96 Deep Well Heater-Shaker Adapter on Heater-Shaker Module GEN1 on slot C1, 'G11': G11 of Sample Plate on Opentrons 96 Deep Well Heater-Shaker Adapter on Heater-Shaker Module GEN1 on slot C1, 'H11': H11 of Sample Plate on Opentrons 96 Deep Well Heater-Shaker Adapter on Heater-Shaker Module GEN1 on slot C1, 'A12': A12 of Sample Plate on Opentrons 96 Deep Well Heater-Shaker Adapter on Heater-Shaker Module GEN1 on slot C1, 'B12': B12 of Sample Plate on Opentrons 96 Deep Well Heater-Shaker Adapter on Heater-Shaker Module GEN1 on slot C1, 'C12': C12 of Sample Plate on Opentrons 96 Deep Well Heater-Shaker Adapter on Heater-Shaker Module GEN1 on slot C1, 'D12': D12 of Sample Plate on Opentrons 96 Deep Well Heater-Shaker Adapter on Heater-Shaker Module GEN1 on slot C1, 'E12': E12 of Sample Plate on Opentrons 96 Deep Well Heater-Shaker Adapter on Heater-Shaker Module GEN1 on slot C1, 'F12': F12 of Sample Plate on Opentrons 96 Deep Well Heater-Shaker Adapter on Heater-Shaker Module GEN1 on slot C1, 'G12': G12 of Sample Plate on Opentrons 96 Deep Well Heater-Shaker Adapter on Heater-Shaker Module GEN1 on slot C1, 'H12': H12 of Sample Plate on Opentrons 96 Deep Well Heater-Shaker Adapter on Heater-Shaker Module GEN1 on slot C1}
Loading liquid into {'A1': A1 of Sample Plate on Opentrons 96 Deep Well Heater-Shaker Adapter on Heater-Shaker Module GEN1 on slot C1, 'B1': B1 of Sample Plate on Opentrons 96 Deep Well Heater-Shaker Adapter on Heater-Shaker Module GEN1 on slot C1, 'C1': C1 of Sample Plate on Opentrons 96 Deep Well Heater-Shaker Adapter on Heater-Shaker Module GEN1 on slot C1, 'D1': D1 of Sample Plate on Opentrons 96 Deep Well Heater-Shaker Adapter on Heater-Shaker Module GEN1 on slot C1, 'E1': E1 of Sample Plate on Opentrons 96 Deep Well Heater-Shaker Adapter on Heater-Shaker Module GEN1 on slot C1, 'F1': F1 of Sample Plate on Opentrons 96 Deep Well Heater-Shaker Adapter on Heater-Shaker Module GEN1 on slot C1, 'G1': G1 of Sample Plate on Opentrons 96 Deep Well Heater-Shaker Adapter on Heater-Shaker Module GEN1 on slot C1, 'H1': H1 of Sample Plate on Opentrons 96 Deep Well Heater-Shaker Adapter on Heater-Shaker Module GEN1 on slot C1, 'A2': A2 of Sample Plate on Opentrons 96 Deep Well Heater-Shaker Adapter on Heater-Shaker Module GEN1 on slot C1, 'B2': B2 of Sample Plate on Opentrons 96 Deep Well Heater-Shaker Adapter on Heater-Shaker Module GEN1 on slot C1, 'C2': C2 of Sample Plate on Opentrons 96 Deep Well Heater-Shaker Adapter on Heater-Shaker Module GEN1 on slot C1, 'D2': D2 of Sample Plate on Opentrons 96 Deep Well Heater-Shaker Adapter on Heater-Shaker Module GEN1 on slot C1, 'E2': E2 of Sample Plate on Opentrons 96 Deep Well Heater-Shaker Adapter on Heater-Shaker Module GEN1 on slot C1, 'F2': F2 of Sample Plate on Opentrons 96 Deep Well Heater-Shaker Adapter on Heater-Shaker Module GEN1 on slot C1, 'G2': G2 of Sample Plate on Opentrons 96 Deep Well Heater-Shaker Adapter on Heater-Shaker Module GEN1 on slot C1, 'H2': H2 of Sample Plate on Opentrons 96 Deep Well Heater-Shaker Adapter on Heater-Shaker Module GEN1 on slot C1, 'A3': A3 of Sample Plate on Opentrons 96 Deep Well Heater-Shaker Adapter on Heater-Shaker Module GEN1 on slot C1, 'B3': B3 of Sample Plate on Opentrons 96 Deep Well Heater-Shaker Adapter on Heater-Shaker Module GEN1 on slot C1, 'C3': C3 of Sample Plate on Opentrons 96 Deep Well Heater-Shaker Adapter on Heater-Shaker Module GEN1 on slot C1, 'D3': D3 of Sample Plate on Opentrons 96 Deep Well Heater-Shaker Adapter on Heater-Shaker Module GEN1 on slot C1, 'E3': E3 of Sample Plate on Opentrons 96 Deep Well Heater-Shaker Adapter on Heater-Shaker Module GEN1 on slot C1, 'F3': F3 of Sample Plate on Opentrons 96 Deep Well Heater-Shaker Adapter on Heater-Shaker Module GEN1 on slot C1, 'G3': G3 of Sample Plate on Opentrons 96 Deep Well Heater-Shaker Adapter on Heater-Shaker Module GEN1 on slot C1, 'H3': H3 of Sample Plate on Opentrons 96 Deep Well Heater-Shaker Adapter on Heater-Shaker Module GEN1 on slot C1, 'A4': A4 of Sample Plate on Opentrons 96 Deep Well Heater-Shaker Adapter on Heater-Shaker Module GEN1 on slot C1, 'B4': B4 of Sample Plate on Opentrons 96 Deep Well Heater-Shaker Adapter on Heater-Shaker Module GEN1 on slot C1, 'C4': C4 of Sample Plate on Opentrons 96 Deep Well Heater-Shaker Adapter on Heater-Shaker Module GEN1 on slot C1, 'D4': D4 of Sample Plate on Opentrons 96 Deep Well Heater-Shaker Adapter on Heater-Shaker Module GEN1 on slot C1, 'E4': E4 of Sample Plate on Opentrons 96 Deep Well Heater-Shaker Adapter on Heater-Shaker Module GEN1 on slot C1, 'F4': F4 of Sample Plate on Opentrons 96 Deep Well Heater-Shaker Adapter on Heater-Shaker Module GEN1 on slot C1, 'G4': G4 of Sample Plate on Opentrons 96 Deep Well Heater-Shaker Adapter on Heater-Shaker Module GEN1 on slot C1, 'H4': H4 of Sample Plate on Opentrons 96 Deep Well Heater-Shaker Adapter on Heater-Shaker Module GEN1 on slot C1, 'A5': A5 of Sample Plate on Opentrons 96 Deep Well Heater-Shaker Adapter on Heater-Shaker Module GEN1 on slot C1, 'B5': B5 of Sample Plate on Opentrons 96 Deep Well Heater-Shaker Adapter on Heater-Shaker Module GEN1 on slot C1, 'C5': C5 of Sample Plate on Opentrons 96 Deep Well Heater-Shaker Adapter on Heater-Shaker Module GEN1 on slot C1, 'D5': D5 of Sample Plate on Opentrons 96 Deep Well Heater-Shaker Adapter on Heater-Shaker Module GEN1 on slot C1, 'E5': E5 of Sample Plate on Opentrons 96 Deep Well Heater-Shaker Adapter on Heater-Shaker Module GEN1 on slot C1, 'F5': F5 of Sample Plate on Opentrons 96 Deep Well Heater-Shaker Adapter on Heater-Shaker Module GEN1 on slot C1, 'G5': G5 of Sample Plate on Opentrons 96 Deep Well Heater-Shaker Adapter on Heater-Shaker Module GEN1 on slot C1, 'H5': H5 of Sample Plate on Opentrons 96 Deep Well Heater-Shaker Adapter on Heater-Shaker Module GEN1 on slot C1, 'A6': A6 of Sample Plate on Opentrons 96 Deep Well Heater-Shaker Adapter on Heater-Shaker Module GEN1 on slot C1, 'B6': B6 of Sample Plate on Opentrons 96 Deep Well Heater-Shaker Adapter on Heater-Shaker Module GEN1 on slot C1, 'C6': C6 of Sample Plate on Opentrons 96 Deep Well Heater-Shaker Adapter on Heater-Shaker Module GEN1 on slot C1, 'D6': D6 of Sample Plate on Opentrons 96 Deep Well Heater-Shaker Adapter on Heater-Shaker Module GEN1 on slot C1, 'E6': E6 of Sample Plate on Opentrons 96 Deep Well Heater-Shaker Adapter on Heater-Shaker Module GEN1 on slot C1, 'F6': F6 of Sample Plate on Opentrons 96 Deep Well Heater-Shaker Adapter on Heater-Shaker Module GEN1 on slot C1, 'G6': G6 of Sample Plate on Opentrons 96 Deep Well Heater-Shaker Adapter on Heater-Shaker Module GEN1 on slot C1, 'H6': H6 of Sample Plate on Opentrons 96 Deep Well Heater-Shaker Adapter on Heater-Shaker Module GEN1 on slot C1, 'A7': A7 of Sample Plate on Opentrons 96 Deep Well Heater-Shaker Adapter on Heater-Shaker Module GEN1 on slot C1, 'B7': B7 of Sample Plate on Opentrons 96 Deep Well Heater-Shaker Adapter on Heater-Shaker Module GEN1 on slot C1, 'C7': C7 of Sample Plate on Opentrons 96 Deep Well Heater-Shaker Adapter on Heater-Shaker Module GEN1 on slot C1, 'D7': D7 of Sample Plate on Opentrons 96 Deep Well Heater-Shaker Adapter on Heater-Shaker Module GEN1 on slot C1, 'E7': E7 of Sample Plate on Opentrons 96 Deep Well Heater-Shaker Adapter on Heater-Shaker Module GEN1 on slot C1, 'F7': F7 of Sample Plate on Opentrons 96 Deep Well Heater-Shaker Adapter on Heater-Shaker Module GEN1 on slot C1, 'G7': G7 of Sample Plate on Opentrons 96 Deep Well Heater-Shaker Adapter on Heater-Shaker Module GEN1 on slot C1, 'H7': H7 of Sample Plate on Opentrons 96 Deep Well Heater-Shaker Adapter on Heater-Shaker Module GEN1 on slot C1, 'A8': A8 of Sample Plate on Opentrons 96 Deep Well Heater-Shaker Adapter on Heater-Shaker Module GEN1 on slot C1, 'B8': B8 of Sample Plate on Opentrons 96 Deep Well Heater-Shaker Adapter on Heater-Shaker Module GEN1 on slot C1, 'C8': C8 of Sample Plate on Opentrons 96 Deep Well Heater-Shaker Adapter on Heater-Shaker Module GEN1 on slot C1, 'D8': D8 of Sample Plate on Opentrons 96 Deep Well Heater-Shaker Adapter on Heater-Shaker Module GEN1 on slot C1, 'E8': E8 of Sample Plate on Opentrons 96 Deep Well Heater-Shaker Adapter on Heater-Shaker Module GEN1 on slot C1, 'F8': F8 of Sample Plate on Opentrons 96 Deep Well Heater-Shaker Adapter on Heater-Shaker Module GEN1 on slot C1, 'G8': G8 of Sample Plate on Opentrons 96 Deep Well Heater-Shaker Adapter on Heater-Shaker Module GEN1 on slot C1, 'H8': H8 of Sample Plate on Opentrons 96 Deep Well Heater-Shaker Adapter on Heater-Shaker Module GEN1 on slot C1, 'A9': A9 of Sample Plate on Opentrons 96 Deep Well Heater-Shaker Adapter on Heater-Shaker Module GEN1 on slot C1, 'B9': B9 of Sample Plate on Opentrons 96 Deep Well Heater-Shaker Adapter on Heater-Shaker Module GEN1 on slot C1, 'C9': C9 of Sample Plate on Opentrons 96 Deep Well Heater-Shaker Adapter on Heater-Shaker Module GEN1 on slot C1, 'D9': D9 of Sample Plate on Opentrons 96 Deep Well Heater-Shaker Adapter on Heater-Shaker Module GEN1 on slot C1, 'E9': E9 of Sample Plate on Opentrons 96 Deep Well Heater-Shaker Adapter on Heater-Shaker Module GEN1 on slot C1, 'F9': F9 of Sample Plate on Opentrons 96 Deep Well Heater-Shaker Adapter on Heater-Shaker Module GEN1 on slot C1, 'G9': G9 of Sample Plate on Opentrons 96 Deep Well Heater-Shaker Adapter on Heater-Shaker Module GEN1 on slot C1, 'H9': H9 of Sample Plate on Opentrons 96 Deep Well Heater-Shaker Adapter on Heater-Shaker Module GEN1 on slot C1, 'A10': A10 of Sample Plate on Opentrons 96 Deep Well Heater-Shaker Adapter on Heater-Shaker Module GEN1 on slot C1, 'B10': B10 of Sample Plate on Opentrons 96 Deep Well Heater-Shaker Adapter on Heater-Shaker Module GEN1 on slot C1, 'C10': C10 of Sample Plate on Opentrons 96 Deep Well Heater-Shaker Adapter on Heater-Shaker Module GEN1 on slot C1, 'D10': D10 of Sample Plate on Opentrons 96 Deep Well Heater-Shaker Adapter on Heater-Shaker Module GEN1 on slot C1, 'E10': E10 of Sample Plate on Opentrons 96 Deep Well Heater-Shaker Adapter on Heater-Shaker Module GEN1 on slot C1, 'F10': F10 of Sample Plate on Opentrons 96 Deep Well Heater-Shaker Adapter on Heater-Shaker Module GEN1 on slot C1, 'G10': G10 of Sample Plate on Opentrons 96 Deep Well Heater-Shaker Adapter on Heater-Shaker Module GEN1 on slot C1, 'H10': H10 of Sample Plate on Opentrons 96 Deep Well Heater-Shaker Adapter on Heater-Shaker Module GEN1 on slot C1, 'A11': A11 of Sample Plate on Opentrons 96 Deep Well Heater-Shaker Adapter on Heater-Shaker Module GEN1 on slot C1, 'B11': B11 of Sample Plate on Opentrons 96 Deep Well Heater-Shaker Adapter on Heater-Shaker Module GEN1 on slot C1, 'C11': C11 of Sample Plate on Opentrons 96 Deep Well Heater-Shaker Adapter on Heater-Shaker Module GEN1 on slot C1, 'D11': D11 of Sample Plate on Opentrons 96 Deep Well Heater-Shaker Adapter on Heater-Shaker Module GEN1 on slot C1, 'E11': E11 of Sample Plate on Opentrons 96 Deep Well Heater-Shaker Adapter on Heater-Shaker Module GEN1 on slot C1, 'F11': F11 of Sample Plate on Opentrons 96 Deep Well Heater-Shaker Adapter on Heater-Shaker Module GEN1 on slot C1, 'G11': G11 of Sample Plate on Opentrons 96 Deep Well Heater-Shaker Adapter on Heater-Shaker Module GEN1 on slot C1, 'H11': H11 of Sample Plate on Opentrons 96 Deep Well Heater-Shaker Adapter on Heater-Shaker Module GEN1 on slot C1, 'A12': A12 of Sample Plate on Opentrons 96 Deep Well Heater-Shaker Adapter on Heater-Shaker Module GEN1 on slot C1, 'B12': B12 of Sample Plate on Opentrons 96 Deep Well Heater-Shaker Adapter on Heater-Shaker Module GEN1 on slot C1, 'C12': C12 of Sample Plate on Opentrons 96 Deep Well Heater-Shaker Adapter on Heater-Shaker Module GEN1 on slot C1, 'D12': D12 of Sample Plate on Opentrons 96 Deep Well Heater-Shaker Adapter on Heater-Shaker Module GEN1 on slot C1, 'E12': E12 of Sample Plate on Opentrons 96 Deep Well Heater-Shaker Adapter on Heater-Shaker Module GEN1 on slot C1, 'F12': F12 of Sample Plate on Opentrons 96 Deep Well Heater-Shaker Adapter on Heater-Shaker Module GEN1 on slot C1, 'G12': G12 of Sample Plate on Opentrons 96 Deep Well Heater-Shaker Adapter on Heater-Shaker Module GEN1 on slot C1, 'H12': H12 of Sample Plate on Opentrons 96 Deep Well Heater-Shaker Adapter on Heater-Shaker Module GEN1 on slot C1}
Loading liquid into {'A1': A1 of Sample Plate on Opentrons 96 Deep Well Heater-Shaker Adapter on Heater-Shaker Module GEN1 on slot C1, 'B1': B1 of Sample Plate on Opentrons 96 Deep Well Heater-Shaker Adapter on Heater-Shaker Module GEN1 on slot C1, 'C1': C1 of Sample Plate on Opentrons 96 Deep Well Heater-Shaker Adapter on Heater-Shaker Module GEN1 on slot C1, 'D1': D1 of Sample Plate on Opentrons 96 Deep Well Heater-Shaker Adapter on Heater-Shaker Module GEN1 on slot C1, 'E1': E1 of Sample Plate on Opentrons 96 Deep Well Heater-Shaker Adapter on Heater-Shaker Module GEN1 on slot C1, 'F1': F1 of Sample Plate on Opentrons 96 Deep Well Heater-Shaker Adapter on Heater-Shaker Module GEN1 on slot C1, 'G1': G1 of Sample Plate on Opentrons 96 Deep Well Heater-Shaker Adapter on Heater-Shaker Module GEN1 on slot C1, 'H1': H1 of Sample Plate on Opentrons 96 Deep Well Heater-Shaker Adapter on Heater-Shaker Module GEN1 on slot C1, 'A2': A2 of Sample Plate on Opentrons 96 Deep Well Heater-Shaker Adapter on Heater-Shaker Module GEN1 on slot C1, 'B2': B2 of Sample Plate on Opentrons 96 Deep Well Heater-Shaker Adapter on Heater-Shaker Module GEN1 on slot C1, 'C2': C2 of Sample Plate on Opentrons 96 Deep Well Heater-Shaker Adapter on Heater-Shaker Module GEN1 on slot C1, 'D2': D2 of Sample Plate on Opentrons 96 Deep Well Heater-Shaker Adapter on Heater-Shaker Module GEN1 on slot C1, 'E2': E2 of Sample Plate on Opentrons 96 Deep Well Heater-Shaker Adapter on Heater-Shaker Module GEN1 on slot C1, 'F2': F2 of Sample Plate on Opentrons 96 Deep Well Heater-Shaker Adapter on Heater-Shaker Module GEN1 on slot C1, 'G2': G2 of Sample Plate on Opentrons 96 Deep Well Heater-Shaker Adapter on Heater-Shaker Module GEN1 on slot C1, 'H2': H2 of Sample Plate on Opentrons 96 Deep Well Heater-Shaker Adapter on Heater-Shaker Module GEN1 on slot C1, 'A3': A3 of Sample Plate on Opentrons 96 Deep Well Heater-Shaker Adapter on Heater-Shaker Module GEN1 on slot C1, 'B3': B3 of Sample Plate on Opentrons 96 Deep Well Heater-Shaker Adapter on Heater-Shaker Module GEN1 on slot C1, 'C3': C3 of Sample Plate on Opentrons 96 Deep Well Heater-Shaker Adapter on Heater-Shaker Module GEN1 on slot C1, 'D3': D3 of Sample Plate on Opentrons 96 Deep Well Heater-Shaker Adapter on Heater-Shaker Module GEN1 on slot C1, 'E3': E3 of Sample Plate on Opentrons 96 Deep Well Heater-Shaker Adapter on Heater-Shaker Module GEN1 on slot C1, 'F3': F3 of Sample Plate on Opentrons 96 Deep Well Heater-Shaker Adapter on Heater-Shaker Module GEN1 on slot C1, 'G3': G3 of Sample Plate on Opentrons 96 Deep Well Heater-Shaker Adapter on Heater-Shaker Module GEN1 on slot C1, 'H3': H3 of Sample Plate on Opentrons 96 Deep Well Heater-Shaker Adapter on Heater-Shaker Module GEN1 on slot C1, 'A4': A4 of Sample Plate on Opentrons 96 Deep Well Heater-Shaker Adapter on Heater-Shaker Module GEN1 on slot C1, 'B4': B4 of Sample Plate on Opentrons 96 Deep Well Heater-Shaker Adapter on Heater-Shaker Module GEN1 on slot C1, 'C4': C4 of Sample Plate on Opentrons 96 Deep Well Heater-Shaker Adapter on Heater-Shaker Module GEN1 on slot C1, 'D4': D4 of Sample Plate on Opentrons 96 Deep Well Heater-Shaker Adapter on Heater-Shaker Module GEN1 on slot C1, 'E4': E4 of Sample Plate on Opentrons 96 Deep Well Heater-Shaker Adapter on Heater-Shaker Module GEN1 on slot C1, 'F4': F4 of Sample Plate on Opentrons 96 Deep Well Heater-Shaker Adapter on Heater-Shaker Module GEN1 on slot C1, 'G4': G4 of Sample Plate on Opentrons 96 Deep Well Heater-Shaker Adapter on Heater-Shaker Module GEN1 on slot C1, 'H4': H4 of Sample Plate on Opentrons 96 Deep Well Heater-Shaker Adapter on Heater-Shaker Module GEN1 on slot C1, 'A5': A5 of Sample Plate on Opentrons 96 Deep Well Heater-Shaker Adapter on Heater-Shaker Module GEN1 on slot C1, 'B5': B5 of Sample Plate on Opentrons 96 Deep Well Heater-Shaker Adapter on Heater-Shaker Module GEN1 on slot C1, 'C5': C5 of Sample Plate on Opentrons 96 Deep Well Heater-Shaker Adapter on Heater-Shaker Module GEN1 on slot C1, 'D5': D5 of Sample Plate on Opentrons 96 Deep Well Heater-Shaker Adapter on Heater-Shaker Module GEN1 on slot C1, 'E5': E5 of Sample Plate on Opentrons 96 Deep Well Heater-Shaker Adapter on Heater-Shaker Module GEN1 on slot C1, 'F5': F5 of Sample Plate on Opentrons 96 Deep Well Heater-Shaker Adapter on Heater-Shaker Module GEN1 on slot C1, 'G5': G5 of Sample Plate on Opentrons 96 Deep Well Heater-Shaker Adapter on Heater-Shaker Module GEN1 on slot C1, 'H5': H5 of Sample Plate on Opentrons 96 Deep Well Heater-Shaker Adapter on Heater-Shaker Module GEN1 on slot C1, 'A6': A6 of Sample Plate on Opentrons 96 Deep Well Heater-Shaker Adapter on Heater-Shaker Module GEN1 on slot C1, 'B6': B6 of Sample Plate on Opentrons 96 Deep Well Heater-Shaker Adapter on Heater-Shaker Module GEN1 on slot C1, 'C6': C6 of Sample Plate on Opentrons 96 Deep Well Heater-Shaker Adapter on Heater-Shaker Module GEN1 on slot C1, 'D6': D6 of Sample Plate on Opentrons 96 Deep Well Heater-Shaker Adapter on Heater-Shaker Module GEN1 on slot C1, 'E6': E6 of Sample Plate on Opentrons 96 Deep Well Heater-Shaker Adapter on Heater-Shaker Module GEN1 on slot C1, 'F6': F6 of Sample Plate on Opentrons 96 Deep Well Heater-Shaker Adapter on Heater-Shaker Module GEN1 on slot C1, 'G6': G6 of Sample Plate on Opentrons 96 Deep Well Heater-Shaker Adapter on Heater-Shaker Module GEN1 on slot C1, 'H6': H6 of Sample Plate on Opentrons 96 Deep Well Heater-Shaker Adapter on Heater-Shaker Module GEN1 on slot C1, 'A7': A7 of Sample Plate on Opentrons 96 Deep Well Heater-Shaker Adapter on Heater-Shaker Module GEN1 on slot C1, 'B7': B7 of Sample Plate on Opentrons 96 Deep Well Heater-Shaker Adapter on Heater-Shaker Module GEN1 on slot C1, 'C7': C7 of Sample Plate on Opentrons 96 Deep Well Heater-Shaker Adapter on Heater-Shaker Module GEN1 on slot C1, 'D7': D7 of Sample Plate on Opentrons 96 Deep Well Heater-Shaker Adapter on Heater-Shaker Module GEN1 on slot C1, 'E7': E7 of Sample Plate on Opentrons 96 Deep Well Heater-Shaker Adapter on Heater-Shaker Module GEN1 on slot C1, 'F7': F7 of Sample Plate on Opentrons 96 Deep Well Heater-Shaker Adapter on Heater-Shaker Module GEN1 on slot C1, 'G7': G7 of Sample Plate on Opentrons 96 Deep Well Heater-Shaker Adapter on Heater-Shaker Module GEN1 on slot C1, 'H7': H7 of Sample Plate on Opentrons 96 Deep Well Heater-Shaker Adapter on Heater-Shaker Module GEN1 on slot C1, 'A8': A8 of Sample Plate on Opentrons 96 Deep Well Heater-Shaker Adapter on Heater-Shaker Module GEN1 on slot C1, 'B8': B8 of Sample Plate on Opentrons 96 Deep Well Heater-Shaker Adapter on Heater-Shaker Module GEN1 on slot C1, 'C8': C8 of Sample Plate on Opentrons 96 Deep Well Heater-Shaker Adapter on Heater-Shaker Module GEN1 on slot C1, 'D8': D8 of Sample Plate on Opentrons 96 Deep Well Heater-Shaker Adapter on Heater-Shaker Module GEN1 on slot C1, 'E8': E8 of Sample Plate on Opentrons 96 Deep Well Heater-Shaker Adapter on Heater-Shaker Module GEN1 on slot C1, 'F8': F8 of Sample Plate on Opentrons 96 Deep Well Heater-Shaker Adapter on Heater-Shaker Module GEN1 on slot C1, 'G8': G8 of Sample Plate on Opentrons 96 Deep Well Heater-Shaker Adapter on Heater-Shaker Module GEN1 on slot C1, 'H8': H8 of Sample Plate on Opentrons 96 Deep Well Heater-Shaker Adapter on Heater-Shaker Module GEN1 on slot C1, 'A9': A9 of Sample Plate on Opentrons 96 Deep Well Heater-Shaker Adapter on Heater-Shaker Module GEN1 on slot C1, 'B9': B9 of Sample Plate on Opentrons 96 Deep Well Heater-Shaker Adapter on Heater-Shaker Module GEN1 on slot C1, 'C9': C9 of Sample Plate on Opentrons 96 Deep Well Heater-Shaker Adapter on Heater-Shaker Module GEN1 on slot C1, 'D9': D9 of Sample Plate on Opentrons 96 Deep Well Heater-Shaker Adapter on Heater-Shaker Module GEN1 on slot C1, 'E9': E9 of Sample Plate on Opentrons 96 Deep Well Heater-Shaker Adapter on Heater-Shaker Module GEN1 on slot C1, 'F9': F9 of Sample Plate on Opentrons 96 Deep Well Heater-Shaker Adapter on Heater-Shaker Module GEN1 on slot C1, 'G9': G9 of Sample Plate on Opentrons 96 Deep Well Heater-Shaker Adapter on Heater-Shaker Module GEN1 on slot C1, 'H9': H9 of Sample Plate on Opentrons 96 Deep Well Heater-Shaker Adapter on Heater-Shaker Module GEN1 on slot C1, 'A10': A10 of Sample Plate on Opentrons 96 Deep Well Heater-Shaker Adapter on Heater-Shaker Module GEN1 on slot C1, 'B10': B10 of Sample Plate on Opentrons 96 Deep Well Heater-Shaker Adapter on Heater-Shaker Module GEN1 on slot C1, 'C10': C10 of Sample Plate on Opentrons 96 Deep Well Heater-Shaker Adapter on Heater-Shaker Module GEN1 on slot C1, 'D10': D10 of Sample Plate on Opentrons 96 Deep Well Heater-Shaker Adapter on Heater-Shaker Module GEN1 on slot C1, 'E10': E10 of Sample Plate on Opentrons 96 Deep Well Heater-Shaker Adapter on Heater-Shaker Module GEN1 on slot C1, 'F10': F10 of Sample Plate on Opentrons 96 Deep Well Heater-Shaker Adapter on Heater-Shaker Module GEN1 on slot C1, 'G10': G10 of Sample Plate on Opentrons 96 Deep Well Heater-Shaker Adapter on Heater-Shaker Module GEN1 on slot C1, 'H10': H10 of Sample Plate on Opentrons 96 Deep Well Heater-Shaker Adapter on Heater-Shaker Module GEN1 on slot C1, 'A11': A11 of Sample Plate on Opentrons 96 Deep Well Heater-Shaker Adapter on Heater-Shaker Module GEN1 on slot C1, 'B11': B11 of Sample Plate on Opentrons 96 Deep Well Heater-Shaker Adapter on Heater-Shaker Module GEN1 on slot C1, 'C11': C11 of Sample Plate on Opentrons 96 Deep Well Heater-Shaker Adapter on Heater-Shaker Module GEN1 on slot C1, 'D11': D11 of Sample Plate on Opentrons 96 Deep Well Heater-Shaker Adapter on Heater-Shaker Module GEN1 on slot C1, 'E11': E11 of Sample Plate on Opentrons 96 Deep Well Heater-Shaker Adapter on Heater-Shaker Module GEN1 on slot C1, 'F11': F11 of Sample Plate on Opentrons 96 Deep Well Heater-Shaker Adapter on Heater-Shaker Module GEN1 on slot C1, 'G11': G11 of Sample Plate on Opentrons 96 Deep Well Heater-Shaker Adapter on Heater-Shaker Module GEN1 on slot C1, 'H11': H11 of Sample Plate on Opentrons 96 Deep Well Heater-Shaker Adapter on Heater-Shaker Module GEN1 on slot C1, 'A12': A12 of Sample Plate on Opentrons 96 Deep Well Heater-Shaker Adapter on Heater-Shaker Module GEN1 on slot C1, 'B12': B12 of Sample Plate on Opentrons 96 Deep Well Heater-Shaker Adapter on Heater-Shaker Module GEN1 on slot C1, 'C12': C12 of Sample Plate on Opentrons 96 Deep Well Heater-Shaker Adapter on Heater-Shaker Module GEN1 on slot C1, 'D12': D12 of Sample Plate on Opentrons 96 Deep Well Heater-Shaker Adapter on Heater-Shaker Module GEN1 on slot C1, 'E12': E12 of Sample Plate on Opentrons 96 Deep Well Heater-Shaker Adapter on Heater-Shaker Module GEN1 on slot C1, 'F12': F12 of Sample Plate on Opentrons 96 Deep Well Heater-Shaker Adapter on Heater-Shaker Module GEN1 on slot C1, 'G12': G12 of Sample Plate on Opentrons 96 Deep Well Heater-Shaker Adapter on Heater-Shaker Module GEN1 on slot C1, 'H12': H12 of Sample Plate on Opentrons 96 Deep Well Heater-Shaker Adapter on Heater-Shaker Module GEN1 on slot C1}
Loading liquid into {'A1': A1 of Sample Plate on Opentrons 96 Deep Well Heater-Shaker Adapter on Heater-Shaker Module GEN1 on slot C1, 'B1': B1 of Sample Plate on Opentrons 96 Deep Well Heater-Shaker Adapter on Heater-Shaker Module GEN1 on slot C1, 'C1': C1 of Sample Plate on Opentrons 96 Deep Well Heater-Shaker Adapter on Heater-Shaker Module GEN1 on slot C1, 'D1': D1 of Sample Plate on Opentrons 96 Deep Well Heater-Shaker Adapter on Heater-Shaker Module GEN1 on slot C1, 'E1': E1 of Sample Plate on Opentrons 96 Deep Well Heater-Shaker Adapter on Heater-Shaker Module GEN1 on slot C1, 'F1': F1 of Sample Plate on Opentrons 96 Deep Well Heater-Shaker Adapter on Heater-Shaker Module GEN1 on slot C1, 'G1': G1 of Sample Plate on Opentrons 96 Deep Well Heater-Shaker Adapter on Heater-Shaker Module GEN1 on slot C1, 'H1': H1 of Sample Plate on Opentrons 96 Deep Well Heater-Shaker Adapter on Heater-Shaker Module GEN1 on slot C1, 'A2': A2 of Sample Plate on Opentrons 96 Deep Well Heater-Shaker Adapter on Heater-Shaker Module GEN1 on slot C1, 'B2': B2 of Sample Plate on Opentrons 96 Deep Well Heater-Shaker Adapter on Heater-Shaker Module GEN1 on slot C1, 'C2': C2 of Sample Plate on Opentrons 96 Deep Well Heater-Shaker Adapter on Heater-Shaker Module GEN1 on slot C1, 'D2': D2 of Sample Plate on Opentrons 96 Deep Well Heater-Shaker Adapter on Heater-Shaker Module GEN1 on slot C1, 'E2': E2 of Sample Plate on Opentrons 96 Deep Well Heater-Shaker Adapter on Heater-Shaker Module GEN1 on slot C1, 'F2': F2 of Sample Plate on Opentrons 96 Deep Well Heater-Shaker Adapter on Heater-Shaker Module GEN1 on slot C1, 'G2': G2 of Sample Plate on Opentrons 96 Deep Well Heater-Shaker Adapter on Heater-Shaker Module GEN1 on slot C1, 'H2': H2 of Sample Plate on Opentrons 96 Deep Well Heater-Shaker Adapter on Heater-Shaker Module GEN1 on slot C1, 'A3': A3 of Sample Plate on Opentrons 96 Deep Well Heater-Shaker Adapter on Heater-Shaker Module GEN1 on slot C1, 'B3': B3 of Sample Plate on Opentrons 96 Deep Well Heater-Shaker Adapter on Heater-Shaker Module GEN1 on slot C1, 'C3': C3 of Sample Plate on Opentrons 96 Deep Well Heater-Shaker Adapter on Heater-Shaker Module GEN1 on slot C1, 'D3': D3 of Sample Plate on Opentrons 96 Deep Well Heater-Shaker Adapter on Heater-Shaker Module GEN1 on slot C1, 'E3': E3 of Sample Plate on Opentrons 96 Deep Well Heater-Shaker Adapter on Heater-Shaker Module GEN1 on slot C1, 'F3': F3 of Sample Plate on Opentrons 96 Deep Well Heater-Shaker Adapter on Heater-Shaker Module GEN1 on slot C1, 'G3': G3 of Sample Plate on Opentrons 96 Deep Well Heater-Shaker Adapter on Heater-Shaker Module GEN1 on slot C1, 'H3': H3 of Sample Plate on Opentrons 96 Deep Well Heater-Shaker Adapter on Heater-Shaker Module GEN1 on slot C1, 'A4': A4 of Sample Plate on Opentrons 96 Deep Well Heater-Shaker Adapter on Heater-Shaker Module GEN1 on slot C1, 'B4': B4 of Sample Plate on Opentrons 96 Deep Well Heater-Shaker Adapter on Heater-Shaker Module GEN1 on slot C1, 'C4': C4 of Sample Plate on Opentrons 96 Deep Well Heater-Shaker Adapter on Heater-Shaker Module GEN1 on slot C1, 'D4': D4 of Sample Plate on Opentrons 96 Deep Well Heater-Shaker Adapter on Heater-Shaker Module GEN1 on slot C1, 'E4': E4 of Sample Plate on Opentrons 96 Deep Well Heater-Shaker Adapter on Heater-Shaker Module GEN1 on slot C1, 'F4': F4 of Sample Plate on Opentrons 96 Deep Well Heater-Shaker Adapter on Heater-Shaker Module GEN1 on slot C1, 'G4': G4 of Sample Plate on Opentrons 96 Deep Well Heater-Shaker Adapter on Heater-Shaker Module GEN1 on slot C1, 'H4': H4 of Sample Plate on Opentrons 96 Deep Well Heater-Shaker Adapter on Heater-Shaker Module GEN1 on slot C1, 'A5': A5 of Sample Plate on Opentrons 96 Deep Well Heater-Shaker Adapter on Heater-Shaker Module GEN1 on slot C1, 'B5': B5 of Sample Plate on Opentrons 96 Deep Well Heater-Shaker Adapter on Heater-Shaker Module GEN1 on slot C1, 'C5': C5 of Sample Plate on Opentrons 96 Deep Well Heater-Shaker Adapter on Heater-Shaker Module GEN1 on slot C1, 'D5': D5 of Sample Plate on Opentrons 96 Deep Well Heater-Shaker Adapter on Heater-Shaker Module GEN1 on slot C1, 'E5': E5 of Sample Plate on Opentrons 96 Deep Well Heater-Shaker Adapter on Heater-Shaker Module GEN1 on slot C1, 'F5': F5 of Sample Plate on Opentrons 96 Deep Well Heater-Shaker Adapter on Heater-Shaker Module GEN1 on slot C1, 'G5': G5 of Sample Plate on Opentrons 96 Deep Well Heater-Shaker Adapter on Heater-Shaker Module GEN1 on slot C1, 'H5': H5 of Sample Plate on Opentrons 96 Deep Well Heater-Shaker Adapter on Heater-Shaker Module GEN1 on slot C1, 'A6': A6 of Sample Plate on Opentrons 96 Deep Well Heater-Shaker Adapter on Heater-Shaker Module GEN1 on slot C1, 'B6': B6 of Sample Plate on Opentrons 96 Deep Well Heater-Shaker Adapter on Heater-Shaker Module GEN1 on slot C1, 'C6': C6 of Sample Plate on Opentrons 96 Deep Well Heater-Shaker Adapter on Heater-Shaker Module GEN1 on slot C1, 'D6': D6 of Sample Plate on Opentrons 96 Deep Well Heater-Shaker Adapter on Heater-Shaker Module GEN1 on slot C1, 'E6': E6 of Sample Plate on Opentrons 96 Deep Well Heater-Shaker Adapter on Heater-Shaker Module GEN1 on slot C1, 'F6': F6 of Sample Plate on Opentrons 96 Deep Well Heater-Shaker Adapter on Heater-Shaker Module GEN1 on slot C1, 'G6': G6 of Sample Plate on Opentrons 96 Deep Well Heater-Shaker Adapter on Heater-Shaker Module GEN1 on slot C1, 'H6': H6 of Sample Plate on Opentrons 96 Deep Well Heater-Shaker Adapter on Heater-Shaker Module GEN1 on slot C1, 'A7': A7 of Sample Plate on Opentrons 96 Deep Well Heater-Shaker Adapter on Heater-Shaker Module GEN1 on slot C1, 'B7': B7 of Sample Plate on Opentrons 96 Deep Well Heater-Shaker Adapter on Heater-Shaker Module GEN1 on slot C1, 'C7': C7 of Sample Plate on Opentrons 96 Deep Well Heater-Shaker Adapter on Heater-Shaker Module GEN1 on slot C1, 'D7': D7 of Sample Plate on Opentrons 96 Deep Well Heater-Shaker Adapter on Heater-Shaker Module GEN1 on slot C1, 'E7': E7 of Sample Plate on Opentrons 96 Deep Well Heater-Shaker Adapter on Heater-Shaker Module GEN1 on slot C1, 'F7': F7 of Sample Plate on Opentrons 96 Deep Well Heater-Shaker Adapter on Heater-Shaker Module GEN1 on slot C1, 'G7': G7 of Sample Plate on Opentrons 96 Deep Well Heater-Shaker Adapter on Heater-Shaker Module GEN1 on slot C1, 'H7': H7 of Sample Plate on Opentrons 96 Deep Well Heater-Shaker Adapter on Heater-Shaker Module GEN1 on slot C1, 'A8': A8 of Sample Plate on Opentrons 96 Deep Well Heater-Shaker Adapter on Heater-Shaker Module GEN1 on slot C1, 'B8': B8 of Sample Plate on Opentrons 96 Deep Well Heater-Shaker Adapter on Heater-Shaker Module GEN1 on slot C1, 'C8': C8 of Sample Plate on Opentrons 96 Deep Well Heater-Shaker Adapter on Heater-Shaker Module GEN1 on slot C1, 'D8': D8 of Sample Plate on Opentrons 96 Deep Well Heater-Shaker Adapter on Heater-Shaker Module GEN1 on slot C1, 'E8': E8 of Sample Plate on Opentrons 96 Deep Well Heater-Shaker Adapter on Heater-Shaker Module GEN1 on slot C1, 'F8': F8 of Sample Plate on Opentrons 96 Deep Well Heater-Shaker Adapter on Heater-Shaker Module GEN1 on slot C1, 'G8': G8 of Sample Plate on Opentrons 96 Deep Well Heater-Shaker Adapter on Heater-Shaker Module GEN1 on slot C1, 'H8': H8 of Sample Plate on Opentrons 96 Deep Well Heater-Shaker Adapter on Heater-Shaker Module GEN1 on slot C1, 'A9': A9 of Sample Plate on Opentrons 96 Deep Well Heater-Shaker Adapter on Heater-Shaker Module GEN1 on slot C1, 'B9': B9 of Sample Plate on Opentrons 96 Deep Well Heater-Shaker Adapter on Heater-Shaker Module GEN1 on slot C1, 'C9': C9 of Sample Plate on Opentrons 96 Deep Well Heater-Shaker Adapter on Heater-Shaker Module GEN1 on slot C1, 'D9': D9 of Sample Plate on Opentrons 96 Deep Well Heater-Shaker Adapter on Heater-Shaker Module GEN1 on slot C1, 'E9': E9 of Sample Plate on Opentrons 96 Deep Well Heater-Shaker Adapter on Heater-Shaker Module GEN1 on slot C1, 'F9': F9 of Sample Plate on Opentrons 96 Deep Well Heater-Shaker Adapter on Heater-Shaker Module GEN1 on slot C1, 'G9': G9 of Sample Plate on Opentrons 96 Deep Well Heater-Shaker Adapter on Heater-Shaker Module GEN1 on slot C1, 'H9': H9 of Sample Plate on Opentrons 96 Deep Well Heater-Shaker Adapter on Heater-Shaker Module GEN1 on slot C1, 'A10': A10 of Sample Plate on Opentrons 96 Deep Well Heater-Shaker Adapter on Heater-Shaker Module GEN1 on slot C1, 'B10': B10 of Sample Plate on Opentrons 96 Deep Well Heater-Shaker Adapter on Heater-Shaker Module GEN1 on slot C1, 'C10': C10 of Sample Plate on Opentrons 96 Deep Well Heater-Shaker Adapter on Heater-Shaker Module GEN1 on slot C1, 'D10': D10 of Sample Plate on Opentrons 96 Deep Well Heater-Shaker Adapter on Heater-Shaker Module GEN1 on slot C1, 'E10': E10 of Sample Plate on Opentrons 96 Deep Well Heater-Shaker Adapter on Heater-Shaker Module GEN1 on slot C1, 'F10': F10 of Sample Plate on Opentrons 96 Deep Well Heater-Shaker Adapter on Heater-Shaker Module GEN1 on slot C1, 'G10': G10 of Sample Plate on Opentrons 96 Deep Well Heater-Shaker Adapter on Heater-Shaker Module GEN1 on slot C1, 'H10': H10 of Sample Plate on Opentrons 96 Deep Well Heater-Shaker Adapter on Heater-Shaker Module GEN1 on slot C1, 'A11': A11 of Sample Plate on Opentrons 96 Deep Well Heater-Shaker Adapter on Heater-Shaker Module GEN1 on slot C1, 'B11': B11 of Sample Plate on Opentrons 96 Deep Well Heater-Shaker Adapter on Heater-Shaker Module GEN1 on slot C1, 'C11': C11 of Sample Plate on Opentrons 96 Deep Well Heater-Shaker Adapter on Heater-Shaker Module GEN1 on slot C1, 'D11': D11 of Sample Plate on Opentrons 96 Deep Well Heater-Shaker Adapter on Heater-Shaker Module GEN1 on slot C1, 'E11': E11 of Sample Plate on Opentrons 96 Deep Well Heater-Shaker Adapter on Heater-Shaker Module GEN1 on slot C1, 'F11': F11 of Sample Plate on Opentrons 96 Deep Well Heater-Shaker Adapter on Heater-Shaker Module GEN1 on slot C1, 'G11': G11 of Sample Plate on Opentrons 96 Deep Well Heater-Shaker Adapter on Heater-Shaker Module GEN1 on slot C1, 'H11': H11 of Sample Plate on Opentrons 96 Deep Well Heater-Shaker Adapter on Heater-Shaker Module GEN1 on slot C1, 'A12': A12 of Sample Plate on Opentrons 96 Deep Well Heater-Shaker Adapter on Heater-Shaker Module GEN1 on slot C1, 'B12': B12 of Sample Plate on Opentrons 96 Deep Well Heater-Shaker Adapter on Heater-Shaker Module GEN1 on slot C1, 'C12': C12 of Sample Plate on Opentrons 96 Deep Well Heater-Shaker Adapter on Heater-Shaker Module GEN1 on slot C1, 'D12': D12 of Sample Plate on Opentrons 96 Deep Well Heater-Shaker Adapter on Heater-Shaker Module GEN1 on slot C1, 'E12': E12 of Sample Plate on Opentrons 96 Deep Well Heater-Shaker Adapter on Heater-Shaker Module GEN1 on slot C1, 'F12': F12 of Sample Plate on Opentrons 96 Deep Well Heater-Shaker Adapter on Heater-Shaker Module GEN1 on slot C1, 'G12': G12 of Sample Plate on Opentrons 96 Deep Well Heater-Shaker Adapter on Heater-Shaker Module GEN1 on slot C1, 'H12': H12 of Sample Plate on Opentrons 96 Deep Well Heater-Shaker Adapter on Heater-Shaker Module GEN1 on slot C1}
Loading liquid into {'A1': A1 of Sample Plate on Opentrons 96 Deep Well Heater-Shaker Adapter on Heater-Shaker Module GEN1 on slot C1, 'B1': B1 of Sample Plate on Opentrons 96 Deep Well Heater-Shaker Adapter on Heater-Shaker Module GEN1 on slot C1, 'C1': C1 of Sample Plate on Opentrons 96 Deep Well Heater-Shaker Adapter on Heater-Shaker Module GEN1 on slot C1, 'D1': D1 of Sample Plate on Opentrons 96 Deep Well Heater-Shaker Adapter on Heater-Shaker Module GEN1 on slot C1, 'E1': E1 of Sample Plate on Opentrons 96 Deep Well Heater-Shaker Adapter on Heater-Shaker Module GEN1 on slot C1, 'F1': F1 of Sample Plate on Opentrons 96 Deep Well Heater-Shaker Adapter on Heater-Shaker Module GEN1 on slot C1, 'G1': G1 of Sample Plate on Opentrons 96 Deep Well Heater-Shaker Adapter on Heater-Shaker Module GEN1 on slot C1, 'H1': H1 of Sample Plate on Opentrons 96 Deep Well Heater-Shaker Adapter on Heater-Shaker Module GEN1 on slot C1, 'A2': A2 of Sample Plate on Opentrons 96 Deep Well Heater-Shaker Adapter on Heater-Shaker Module GEN1 on slot C1, 'B2': B2 of Sample Plate on Opentrons 96 Deep Well Heater-Shaker Adapter on Heater-Shaker Module GEN1 on slot C1, 'C2': C2 of Sample Plate on Opentrons 96 Deep Well Heater-Shaker Adapter on Heater-Shaker Module GEN1 on slot C1, 'D2': D2 of Sample Plate on Opentrons 96 Deep Well Heater-Shaker Adapter on Heater-Shaker Module GEN1 on slot C1, 'E2': E2 of Sample Plate on Opentrons 96 Deep Well Heater-Shaker Adapter on Heater-Shaker Module GEN1 on slot C1, 'F2': F2 of Sample Plate on Opentrons 96 Deep Well Heater-Shaker Adapter on Heater-Shaker Module GEN1 on slot C1, 'G2': G2 of Sample Plate on Opentrons 96 Deep Well Heater-Shaker Adapter on Heater-Shaker Module GEN1 on slot C1, 'H2': H2 of Sample Plate on Opentrons 96 Deep Well Heater-Shaker Adapter on Heater-Shaker Module GEN1 on slot C1, 'A3': A3 of Sample Plate on Opentrons 96 Deep Well Heater-Shaker Adapter on Heater-Shaker Module GEN1 on slot C1, 'B3': B3 of Sample Plate on Opentrons 96 Deep Well Heater-Shaker Adapter on Heater-Shaker Module GEN1 on slot C1, 'C3': C3 of Sample Plate on Opentrons 96 Deep Well Heater-Shaker Adapter on Heater-Shaker Module GEN1 on slot C1, 'D3': D3 of Sample Plate on Opentrons 96 Deep Well Heater-Shaker Adapter on Heater-Shaker Module GEN1 on slot C1, 'E3': E3 of Sample Plate on Opentrons 96 Deep Well Heater-Shaker Adapter on Heater-Shaker Module GEN1 on slot C1, 'F3': F3 of Sample Plate on Opentrons 96 Deep Well Heater-Shaker Adapter on Heater-Shaker Module GEN1 on slot C1, 'G3': G3 of Sample Plate on Opentrons 96 Deep Well Heater-Shaker Adapter on Heater-Shaker Module GEN1 on slot C1, 'H3': H3 of Sample Plate on Opentrons 96 Deep Well Heater-Shaker Adapter on Heater-Shaker Module GEN1 on slot C1, 'A4': A4 of Sample Plate on Opentrons 96 Deep Well Heater-Shaker Adapter on Heater-Shaker Module GEN1 on slot C1, 'B4': B4 of Sample Plate on Opentrons 96 Deep Well Heater-Shaker Adapter on Heater-Shaker Module GEN1 on slot C1, 'C4': C4 of Sample Plate on Opentrons 96 Deep Well Heater-Shaker Adapter on Heater-Shaker Module GEN1 on slot C1, 'D4': D4 of Sample Plate on Opentrons 96 Deep Well Heater-Shaker Adapter on Heater-Shaker Module GEN1 on slot C1, 'E4': E4 of Sample Plate on Opentrons 96 Deep Well Heater-Shaker Adapter on Heater-Shaker Module GEN1 on slot C1, 'F4': F4 of Sample Plate on Opentrons 96 Deep Well Heater-Shaker Adapter on Heater-Shaker Module GEN1 on slot C1, 'G4': G4 of Sample Plate on Opentrons 96 Deep Well Heater-Shaker Adapter on Heater-Shaker Module GEN1 on slot C1, 'H4': H4 of Sample Plate on Opentrons 96 Deep Well Heater-Shaker Adapter on Heater-Shaker Module GEN1 on slot C1, 'A5': A5 of Sample Plate on Opentrons 96 Deep Well Heater-Shaker Adapter on Heater-Shaker Module GEN1 on slot C1, 'B5': B5 of Sample Plate on Opentrons 96 Deep Well Heater-Shaker Adapter on Heater-Shaker Module GEN1 on slot C1, 'C5': C5 of Sample Plate on Opentrons 96 Deep Well Heater-Shaker Adapter on Heater-Shaker Module GEN1 on slot C1, 'D5': D5 of Sample Plate on Opentrons 96 Deep Well Heater-Shaker Adapter on Heater-Shaker Module GEN1 on slot C1, 'E5': E5 of Sample Plate on Opentrons 96 Deep Well Heater-Shaker Adapter on Heater-Shaker Module GEN1 on slot C1, 'F5': F5 of Sample Plate on Opentrons 96 Deep Well Heater-Shaker Adapter on Heater-Shaker Module GEN1 on slot C1, 'G5': G5 of Sample Plate on Opentrons 96 Deep Well Heater-Shaker Adapter on Heater-Shaker Module GEN1 on slot C1, 'H5': H5 of Sample Plate on Opentrons 96 Deep Well Heater-Shaker Adapter on Heater-Shaker Module GEN1 on slot C1, 'A6': A6 of Sample Plate on Opentrons 96 Deep Well Heater-Shaker Adapter on Heater-Shaker Module GEN1 on slot C1, 'B6': B6 of Sample Plate on Opentrons 96 Deep Well Heater-Shaker Adapter on Heater-Shaker Module GEN1 on slot C1, 'C6': C6 of Sample Plate on Opentrons 96 Deep Well Heater-Shaker Adapter on Heater-Shaker Module GEN1 on slot C1, 'D6': D6 of Sample Plate on Opentrons 96 Deep Well Heater-Shaker Adapter on Heater-Shaker Module GEN1 on slot C1, 'E6': E6 of Sample Plate on Opentrons 96 Deep Well Heater-Shaker Adapter on Heater-Shaker Module GEN1 on slot C1, 'F6': F6 of Sample Plate on Opentrons 96 Deep Well Heater-Shaker Adapter on Heater-Shaker Module GEN1 on slot C1, 'G6': G6 of Sample Plate on Opentrons 96 Deep Well Heater-Shaker Adapter on Heater-Shaker Module GEN1 on slot C1, 'H6': H6 of Sample Plate on Opentrons 96 Deep Well Heater-Shaker Adapter on Heater-Shaker Module GEN1 on slot C1, 'A7': A7 of Sample Plate on Opentrons 96 Deep Well Heater-Shaker Adapter on Heater-Shaker Module GEN1 on slot C1, 'B7': B7 of Sample Plate on Opentrons 96 Deep Well Heater-Shaker Adapter on Heater-Shaker Module GEN1 on slot C1, 'C7': C7 of Sample Plate on Opentrons 96 Deep Well Heater-Shaker Adapter on Heater-Shaker Module GEN1 on slot C1, 'D7': D7 of Sample Plate on Opentrons 96 Deep Well Heater-Shaker Adapter on Heater-Shaker Module GEN1 on slot C1, 'E7': E7 of Sample Plate on Opentrons 96 Deep Well Heater-Shaker Adapter on Heater-Shaker Module GEN1 on slot C1, 'F7': F7 of Sample Plate on Opentrons 96 Deep Well Heater-Shaker Adapter on Heater-Shaker Module GEN1 on slot C1, 'G7': G7 of Sample Plate on Opentrons 96 Deep Well Heater-Shaker Adapter on Heater-Shaker Module GEN1 on slot C1, 'H7': H7 of Sample Plate on Opentrons 96 Deep Well Heater-Shaker Adapter on Heater-Shaker Module GEN1 on slot C1, 'A8': A8 of Sample Plate on Opentrons 96 Deep Well Heater-Shaker Adapter on Heater-Shaker Module GEN1 on slot C1, 'B8': B8 of Sample Plate on Opentrons 96 Deep Well Heater-Shaker Adapter on Heater-Shaker Module GEN1 on slot C1, 'C8': C8 of Sample Plate on Opentrons 96 Deep Well Heater-Shaker Adapter on Heater-Shaker Module GEN1 on slot C1, 'D8': D8 of Sample Plate on Opentrons 96 Deep Well Heater-Shaker Adapter on Heater-Shaker Module GEN1 on slot C1, 'E8': E8 of Sample Plate on Opentrons 96 Deep Well Heater-Shaker Adapter on Heater-Shaker Module GEN1 on slot C1, 'F8': F8 of Sample Plate on Opentrons 96 Deep Well Heater-Shaker Adapter on Heater-Shaker Module GEN1 on slot C1, 'G8': G8 of Sample Plate on Opentrons 96 Deep Well Heater-Shaker Adapter on Heater-Shaker Module GEN1 on slot C1, 'H8': H8 of Sample Plate on Opentrons 96 Deep Well Heater-Shaker Adapter on Heater-Shaker Module GEN1 on slot C1, 'A9': A9 of Sample Plate on Opentrons 96 Deep Well Heater-Shaker Adapter on Heater-Shaker Module GEN1 on slot C1, 'B9': B9 of Sample Plate on Opentrons 96 Deep Well Heater-Shaker Adapter on Heater-Shaker Module GEN1 on slot C1, 'C9': C9 of Sample Plate on Opentrons 96 Deep Well Heater-Shaker Adapter on Heater-Shaker Module GEN1 on slot C1, 'D9': D9 of Sample Plate on Opentrons 96 Deep Well Heater-Shaker Adapter on Heater-Shaker Module GEN1 on slot C1, 'E9': E9 of Sample Plate on Opentrons 96 Deep Well Heater-Shaker Adapter on Heater-Shaker Module GEN1 on slot C1, 'F9': F9 of Sample Plate on Opentrons 96 Deep Well Heater-Shaker Adapter on Heater-Shaker Module GEN1 on slot C1, 'G9': G9 of Sample Plate on Opentrons 96 Deep Well Heater-Shaker Adapter on Heater-Shaker Module GEN1 on slot C1, 'H9': H9 of Sample Plate on Opentrons 96 Deep Well Heater-Shaker Adapter on Heater-Shaker Module GEN1 on slot C1, 'A10': A10 of Sample Plate on Opentrons 96 Deep Well Heater-Shaker Adapter on Heater-Shaker Module GEN1 on slot C1, 'B10': B10 of Sample Plate on Opentrons 96 Deep Well Heater-Shaker Adapter on Heater-Shaker Module GEN1 on slot C1, 'C10': C10 of Sample Plate on Opentrons 96 Deep Well Heater-Shaker Adapter on Heater-Shaker Module GEN1 on slot C1, 'D10': D10 of Sample Plate on Opentrons 96 Deep Well Heater-Shaker Adapter on Heater-Shaker Module GEN1 on slot C1, 'E10': E10 of Sample Plate on Opentrons 96 Deep Well Heater-Shaker Adapter on Heater-Shaker Module GEN1 on slot C1, 'F10': F10 of Sample Plate on Opentrons 96 Deep Well Heater-Shaker Adapter on Heater-Shaker Module GEN1 on slot C1, 'G10': G10 of Sample Plate on Opentrons 96 Deep Well Heater-Shaker Adapter on Heater-Shaker Module GEN1 on slot C1, 'H10': H10 of Sample Plate on Opentrons 96 Deep Well Heater-Shaker Adapter on Heater-Shaker Module GEN1 on slot C1, 'A11': A11 of Sample Plate on Opentrons 96 Deep Well Heater-Shaker Adapter on Heater-Shaker Module GEN1 on slot C1, 'B11': B11 of Sample Plate on Opentrons 96 Deep Well Heater-Shaker Adapter on Heater-Shaker Module GEN1 on slot C1, 'C11': C11 of Sample Plate on Opentrons 96 Deep Well Heater-Shaker Adapter on Heater-Shaker Module GEN1 on slot C1, 'D11': D11 of Sample Plate on Opentrons 96 Deep Well Heater-Shaker Adapter on Heater-Shaker Module GEN1 on slot C1, 'E11': E11 of Sample Plate on Opentrons 96 Deep Well Heater-Shaker Adapter on Heater-Shaker Module GEN1 on slot C1, 'F11': F11 of Sample Plate on Opentrons 96 Deep Well Heater-Shaker Adapter on Heater-Shaker Module GEN1 on slot C1, 'G11': G11 of Sample Plate on Opentrons 96 Deep Well Heater-Shaker Adapter on Heater-Shaker Module GEN1 on slot C1, 'H11': H11 of Sample Plate on Opentrons 96 Deep Well Heater-Shaker Adapter on Heater-Shaker Module GEN1 on slot C1, 'A12': A12 of Sample Plate on Opentrons 96 Deep Well Heater-Shaker Adapter on Heater-Shaker Module GEN1 on slot C1, 'B12': B12 of Sample Plate on Opentrons 96 Deep Well Heater-Shaker Adapter on Heater-Shaker Module GEN1 on slot C1, 'C12': C12 of Sample Plate on Opentrons 96 Deep Well Heater-Shaker Adapter on Heater-Shaker Module GEN1 on slot C1, 'D12': D12 of Sample Plate on Opentrons 96 Deep Well Heater-Shaker Adapter on Heater-Shaker Module GEN1 on slot C1, 'E12': E12 of Sample Plate on Opentrons 96 Deep Well Heater-Shaker Adapter on Heater-Shaker Module GEN1 on slot C1, 'F12': F12 of Sample Plate on Opentrons 96 Deep Well Heater-Shaker Adapter on Heater-Shaker Module GEN1 on slot C1, 'G12': G12 of Sample Plate on Opentrons 96 Deep Well Heater-Shaker Adapter on Heater-Shaker Module GEN1 on slot C1, 'H12': H12 of Sample Plate on Opentrons 96 Deep Well Heater-Shaker Adapter on Heater-Shaker Module GEN1 on slot C1}
Loading liquid into {'A1': A1 of Sample Plate on Opentrons 96 Deep Well Heater-Shaker Adapter on Heater-Shaker Module GEN1 on slot C1, 'B1': B1 of Sample Plate on Opentrons 96 Deep Well Heater-Shaker Adapter on Heater-Shaker Module GEN1 on slot C1, 'C1': C1 of Sample Plate on Opentrons 96 Deep Well Heater-Shaker Adapter on Heater-Shaker Module GEN1 on slot C1, 'D1': D1 of Sample Plate on Opentrons 96 Deep Well Heater-Shaker Adapter on Heater-Shaker Module GEN1 on slot C1, 'E1': E1 of Sample Plate on Opentrons 96 Deep Well Heater-Shaker Adapter on Heater-Shaker Module GEN1 on slot C1, 'F1': F1 of Sample Plate on Opentrons 96 Deep Well Heater-Shaker Adapter on Heater-Shaker Module GEN1 on slot C1, 'G1': G1 of Sample Plate on Opentrons 96 Deep Well Heater-Shaker Adapter on Heater-Shaker Module GEN1 on slot C1, 'H1': H1 of Sample Plate on Opentrons 96 Deep Well Heater-Shaker Adapter on Heater-Shaker Module GEN1 on slot C1, 'A2': A2 of Sample Plate on Opentrons 96 Deep Well Heater-Shaker Adapter on Heater-Shaker Module GEN1 on slot C1, 'B2': B2 of Sample Plate on Opentrons 96 Deep Well Heater-Shaker Adapter on Heater-Shaker Module GEN1 on slot C1, 'C2': C2 of Sample Plate on Opentrons 96 Deep Well Heater-Shaker Adapter on Heater-Shaker Module GEN1 on slot C1, 'D2': D2 of Sample Plate on Opentrons 96 Deep Well Heater-Shaker Adapter on Heater-Shaker Module GEN1 on slot C1, 'E2': E2 of Sample Plate on Opentrons 96 Deep Well Heater-Shaker Adapter on Heater-Shaker Module GEN1 on slot C1, 'F2': F2 of Sample Plate on Opentrons 96 Deep Well Heater-Shaker Adapter on Heater-Shaker Module GEN1 on slot C1, 'G2': G2 of Sample Plate on Opentrons 96 Deep Well Heater-Shaker Adapter on Heater-Shaker Module GEN1 on slot C1, 'H2': H2 of Sample Plate on Opentrons 96 Deep Well Heater-Shaker Adapter on Heater-Shaker Module GEN1 on slot C1, 'A3': A3 of Sample Plate on Opentrons 96 Deep Well Heater-Shaker Adapter on Heater-Shaker Module GEN1 on slot C1, 'B3': B3 of Sample Plate on Opentrons 96 Deep Well Heater-Shaker Adapter on Heater-Shaker Module GEN1 on slot C1, 'C3': C3 of Sample Plate on Opentrons 96 Deep Well Heater-Shaker Adapter on Heater-Shaker Module GEN1 on slot C1, 'D3': D3 of Sample Plate on Opentrons 96 Deep Well Heater-Shaker Adapter on Heater-Shaker Module GEN1 on slot C1, 'E3': E3 of Sample Plate on Opentrons 96 Deep Well Heater-Shaker Adapter on Heater-Shaker Module GEN1 on slot C1, 'F3': F3 of Sample Plate on Opentrons 96 Deep Well Heater-Shaker Adapter on Heater-Shaker Module GEN1 on slot C1, 'G3': G3 of Sample Plate on Opentrons 96 Deep Well Heater-Shaker Adapter on Heater-Shaker Module GEN1 on slot C1, 'H3': H3 of Sample Plate on Opentrons 96 Deep Well Heater-Shaker Adapter on Heater-Shaker Module GEN1 on slot C1, 'A4': A4 of Sample Plate on Opentrons 96 Deep Well Heater-Shaker Adapter on Heater-Shaker Module GEN1 on slot C1, 'B4': B4 of Sample Plate on Opentrons 96 Deep Well Heater-Shaker Adapter on Heater-Shaker Module GEN1 on slot C1, 'C4': C4 of Sample Plate on Opentrons 96 Deep Well Heater-Shaker Adapter on Heater-Shaker Module GEN1 on slot C1, 'D4': D4 of Sample Plate on Opentrons 96 Deep Well Heater-Shaker Adapter on Heater-Shaker Module GEN1 on slot C1, 'E4': E4 of Sample Plate on Opentrons 96 Deep Well Heater-Shaker Adapter on Heater-Shaker Module GEN1 on slot C1, 'F4': F4 of Sample Plate on Opentrons 96 Deep Well Heater-Shaker Adapter on Heater-Shaker Module GEN1 on slot C1, 'G4': G4 of Sample Plate on Opentrons 96 Deep Well Heater-Shaker Adapter on Heater-Shaker Module GEN1 on slot C1, 'H4': H4 of Sample Plate on Opentrons 96 Deep Well Heater-Shaker Adapter on Heater-Shaker Module GEN1 on slot C1, 'A5': A5 of Sample Plate on Opentrons 96 Deep Well Heater-Shaker Adapter on Heater-Shaker Module GEN1 on slot C1, 'B5': B5 of Sample Plate on Opentrons 96 Deep Well Heater-Shaker Adapter on Heater-Shaker Module GEN1 on slot C1, 'C5': C5 of Sample Plate on Opentrons 96 Deep Well Heater-Shaker Adapter on Heater-Shaker Module GEN1 on slot C1, 'D5': D5 of Sample Plate on Opentrons 96 Deep Well Heater-Shaker Adapter on Heater-Shaker Module GEN1 on slot C1, 'E5': E5 of Sample Plate on Opentrons 96 Deep Well Heater-Shaker Adapter on Heater-Shaker Module GEN1 on slot C1, 'F5': F5 of Sample Plate on Opentrons 96 Deep Well Heater-Shaker Adapter on Heater-Shaker Module GEN1 on slot C1, 'G5': G5 of Sample Plate on Opentrons 96 Deep Well Heater-Shaker Adapter on Heater-Shaker Module GEN1 on slot C1, 'H5': H5 of Sample Plate on Opentrons 96 Deep Well Heater-Shaker Adapter on Heater-Shaker Module GEN1 on slot C1, 'A6': A6 of Sample Plate on Opentrons 96 Deep Well Heater-Shaker Adapter on Heater-Shaker Module GEN1 on slot C1, 'B6': B6 of Sample Plate on Opentrons 96 Deep Well Heater-Shaker Adapter on Heater-Shaker Module GEN1 on slot C1, 'C6': C6 of Sample Plate on Opentrons 96 Deep Well Heater-Shaker Adapter on Heater-Shaker Module GEN1 on slot C1, 'D6': D6 of Sample Plate on Opentrons 96 Deep Well Heater-Shaker Adapter on Heater-Shaker Module GEN1 on slot C1, 'E6': E6 of Sample Plate on Opentrons 96 Deep Well Heater-Shaker Adapter on Heater-Shaker Module GEN1 on slot C1, 'F6': F6 of Sample Plate on Opentrons 96 Deep Well Heater-Shaker Adapter on Heater-Shaker Module GEN1 on slot C1, 'G6': G6 of Sample Plate on Opentrons 96 Deep Well Heater-Shaker Adapter on Heater-Shaker Module GEN1 on slot C1, 'H6': H6 of Sample Plate on Opentrons 96 Deep Well Heater-Shaker Adapter on Heater-Shaker Module GEN1 on slot C1, 'A7': A7 of Sample Plate on Opentrons 96 Deep Well Heater-Shaker Adapter on Heater-Shaker Module GEN1 on slot C1, 'B7': B7 of Sample Plate on Opentrons 96 Deep Well Heater-Shaker Adapter on Heater-Shaker Module GEN1 on slot C1, 'C7': C7 of Sample Plate on Opentrons 96 Deep Well Heater-Shaker Adapter on Heater-Shaker Module GEN1 on slot C1, 'D7': D7 of Sample Plate on Opentrons 96 Deep Well Heater-Shaker Adapter on Heater-Shaker Module GEN1 on slot C1, 'E7': E7 of Sample Plate on Opentrons 96 Deep Well Heater-Shaker Adapter on Heater-Shaker Module GEN1 on slot C1, 'F7': F7 of Sample Plate on Opentrons 96 Deep Well Heater-Shaker Adapter on Heater-Shaker Module GEN1 on slot C1, 'G7': G7 of Sample Plate on Opentrons 96 Deep Well Heater-Shaker Adapter on Heater-Shaker Module GEN1 on slot C1, 'H7': H7 of Sample Plate on Opentrons 96 Deep Well Heater-Shaker Adapter on Heater-Shaker Module GEN1 on slot C1, 'A8': A8 of Sample Plate on Opentrons 96 Deep Well Heater-Shaker Adapter on Heater-Shaker Module GEN1 on slot C1, 'B8': B8 of Sample Plate on Opentrons 96 Deep Well Heater-Shaker Adapter on Heater-Shaker Module GEN1 on slot C1, 'C8': C8 of Sample Plate on Opentrons 96 Deep Well Heater-Shaker Adapter on Heater-Shaker Module GEN1 on slot C1, 'D8': D8 of Sample Plate on Opentrons 96 Deep Well Heater-Shaker Adapter on Heater-Shaker Module GEN1 on slot C1, 'E8': E8 of Sample Plate on Opentrons 96 Deep Well Heater-Shaker Adapter on Heater-Shaker Module GEN1 on slot C1, 'F8': F8 of Sample Plate on Opentrons 96 Deep Well Heater-Shaker Adapter on Heater-Shaker Module GEN1 on slot C1, 'G8': G8 of Sample Plate on Opentrons 96 Deep Well Heater-Shaker Adapter on Heater-Shaker Module GEN1 on slot C1, 'H8': H8 of Sample Plate on Opentrons 96 Deep Well Heater-Shaker Adapter on Heater-Shaker Module GEN1 on slot C1, 'A9': A9 of Sample Plate on Opentrons 96 Deep Well Heater-Shaker Adapter on Heater-Shaker Module GEN1 on slot C1, 'B9': B9 of Sample Plate on Opentrons 96 Deep Well Heater-Shaker Adapter on Heater-Shaker Module GEN1 on slot C1, 'C9': C9 of Sample Plate on Opentrons 96 Deep Well Heater-Shaker Adapter on Heater-Shaker Module GEN1 on slot C1, 'D9': D9 of Sample Plate on Opentrons 96 Deep Well Heater-Shaker Adapter on Heater-Shaker Module GEN1 on slot C1, 'E9': E9 of Sample Plate on Opentrons 96 Deep Well Heater-Shaker Adapter on Heater-Shaker Module GEN1 on slot C1, 'F9': F9 of Sample Plate on Opentrons 96 Deep Well Heater-Shaker Adapter on Heater-Shaker Module GEN1 on slot C1, 'G9': G9 of Sample Plate on Opentrons 96 Deep Well Heater-Shaker Adapter on Heater-Shaker Module GEN1 on slot C1, 'H9': H9 of Sample Plate on Opentrons 96 Deep Well Heater-Shaker Adapter on Heater-Shaker Module GEN1 on slot C1, 'A10': A10 of Sample Plate on Opentrons 96 Deep Well Heater-Shaker Adapter on Heater-Shaker Module GEN1 on slot C1, 'B10': B10 of Sample Plate on Opentrons 96 Deep Well Heater-Shaker Adapter on Heater-Shaker Module GEN1 on slot C1, 'C10': C10 of Sample Plate on Opentrons 96 Deep Well Heater-Shaker Adapter on Heater-Shaker Module GEN1 on slot C1, 'D10': D10 of Sample Plate on Opentrons 96 Deep Well Heater-Shaker Adapter on Heater-Shaker Module GEN1 on slot C1, 'E10': E10 of Sample Plate on Opentrons 96 Deep Well Heater-Shaker Adapter on Heater-Shaker Module GEN1 on slot C1, 'F10': F10 of Sample Plate on Opentrons 96 Deep Well Heater-Shaker Adapter on Heater-Shaker Module GEN1 on slot C1, 'G10': G10 of Sample Plate on Opentrons 96 Deep Well Heater-Shaker Adapter on Heater-Shaker Module GEN1 on slot C1, 'H10': H10 of Sample Plate on Opentrons 96 Deep Well Heater-Shaker Adapter on Heater-Shaker Module GEN1 on slot C1, 'A11': A11 of Sample Plate on Opentrons 96 Deep Well Heater-Shaker Adapter on Heater-Shaker Module GEN1 on slot C1, 'B11': B11 of Sample Plate on Opentrons 96 Deep Well Heater-Shaker Adapter on Heater-Shaker Module GEN1 on slot C1, 'C11': C11 of Sample Plate on Opentrons 96 Deep Well Heater-Shaker Adapter on Heater-Shaker Module GEN1 on slot C1, 'D11': D11 of Sample Plate on Opentrons 96 Deep Well Heater-Shaker Adapter on Heater-Shaker Module GEN1 on slot C1, 'E11': E11 of Sample Plate on Opentrons 96 Deep Well Heater-Shaker Adapter on Heater-Shaker Module GEN1 on slot C1, 'F11': F11 of Sample Plate on Opentrons 96 Deep Well Heater-Shaker Adapter on Heater-Shaker Module GEN1 on slot C1, 'G11': G11 of Sample Plate on Opentrons 96 Deep Well Heater-Shaker Adapter on Heater-Shaker Module GEN1 on slot C1, 'H11': H11 of Sample Plate on Opentrons 96 Deep Well Heater-Shaker Adapter on Heater-Shaker Module GEN1 on slot C1, 'A12': A12 of Sample Plate on Opentrons 96 Deep Well Heater-Shaker Adapter on Heater-Shaker Module GEN1 on slot C1, 'B12': B12 of Sample Plate on Opentrons 96 Deep Well Heater-Shaker Adapter on Heater-Shaker Module GEN1 on slot C1, 'C12': C12 of Sample Plate on Opentrons 96 Deep Well Heater-Shaker Adapter on Heater-Shaker Module GEN1 on slot C1, 'D12': D12 of Sample Plate on Opentrons 96 Deep Well Heater-Shaker Adapter on Heater-Shaker Module GEN1 on slot C1, 'E12': E12 of Sample Plate on Opentrons 96 Deep Well Heater-Shaker Adapter on Heater-Shaker Module GEN1 on slot C1, 'F12': F12 of Sample Plate on Opentrons 96 Deep Well Heater-Shaker Adapter on Heater-Shaker Module GEN1 on slot C1, 'G12': G12 of Sample Plate on Opentrons 96 Deep Well Heater-Shaker Adapter on Heater-Shaker Module GEN1 on slot C1, 'H12': H12 of Sample Plate on Opentrons 96 Deep Well Heater-Shaker Adapter on Heater-Shaker Module GEN1 on slot C1}
Loading liquid into {'A1': A1 of Sample Plate on Opentrons 96 Deep Well Heater-Shaker Adapter on Heater-Shaker Module GEN1 on slot C1, 'B1': B1 of Sample Plate on Opentrons 96 Deep Well Heater-Shaker Adapter on Heater-Shaker Module GEN1 on slot C1, 'C1': C1 of Sample Plate on Opentrons 96 Deep Well Heater-Shaker Adapter on Heater-Shaker Module GEN1 on slot C1, 'D1': D1 of Sample Plate on Opentrons 96 Deep Well Heater-Shaker Adapter on Heater-Shaker Module GEN1 on slot C1, 'E1': E1 of Sample Plate on Opentrons 96 Deep Well Heater-Shaker Adapter on Heater-Shaker Module GEN1 on slot C1, 'F1': F1 of Sample Plate on Opentrons 96 Deep Well Heater-Shaker Adapter on Heater-Shaker Module GEN1 on slot C1, 'G1': G1 of Sample Plate on Opentrons 96 Deep Well Heater-Shaker Adapter on Heater-Shaker Module GEN1 on slot C1, 'H1': H1 of Sample Plate on Opentrons 96 Deep Well Heater-Shaker Adapter on Heater-Shaker Module GEN1 on slot C1, 'A2': A2 of Sample Plate on Opentrons 96 Deep Well Heater-Shaker Adapter on Heater-Shaker Module GEN1 on slot C1, 'B2': B2 of Sample Plate on Opentrons 96 Deep Well Heater-Shaker Adapter on Heater-Shaker Module GEN1 on slot C1, 'C2': C2 of Sample Plate on Opentrons 96 Deep Well Heater-Shaker Adapter on Heater-Shaker Module GEN1 on slot C1, 'D2': D2 of Sample Plate on Opentrons 96 Deep Well Heater-Shaker Adapter on Heater-Shaker Module GEN1 on slot C1, 'E2': E2 of Sample Plate on Opentrons 96 Deep Well Heater-Shaker Adapter on Heater-Shaker Module GEN1 on slot C1, 'F2': F2 of Sample Plate on Opentrons 96 Deep Well Heater-Shaker Adapter on Heater-Shaker Module GEN1 on slot C1, 'G2': G2 of Sample Plate on Opentrons 96 Deep Well Heater-Shaker Adapter on Heater-Shaker Module GEN1 on slot C1, 'H2': H2 of Sample Plate on Opentrons 96 Deep Well Heater-Shaker Adapter on Heater-Shaker Module GEN1 on slot C1, 'A3': A3 of Sample Plate on Opentrons 96 Deep Well Heater-Shaker Adapter on Heater-Shaker Module GEN1 on slot C1, 'B3': B3 of Sample Plate on Opentrons 96 Deep Well Heater-Shaker Adapter on Heater-Shaker Module GEN1 on slot C1, 'C3': C3 of Sample Plate on Opentrons 96 Deep Well Heater-Shaker Adapter on Heater-Shaker Module GEN1 on slot C1, 'D3': D3 of Sample Plate on Opentrons 96 Deep Well Heater-Shaker Adapter on Heater-Shaker Module GEN1 on slot C1, 'E3': E3 of Sample Plate on Opentrons 96 Deep Well Heater-Shaker Adapter on Heater-Shaker Module GEN1 on slot C1, 'F3': F3 of Sample Plate on Opentrons 96 Deep Well Heater-Shaker Adapter on Heater-Shaker Module GEN1 on slot C1, 'G3': G3 of Sample Plate on Opentrons 96 Deep Well Heater-Shaker Adapter on Heater-Shaker Module GEN1 on slot C1, 'H3': H3 of Sample Plate on Opentrons 96 Deep Well Heater-Shaker Adapter on Heater-Shaker Module GEN1 on slot C1, 'A4': A4 of Sample Plate on Opentrons 96 Deep Well Heater-Shaker Adapter on Heater-Shaker Module GEN1 on slot C1, 'B4': B4 of Sample Plate on Opentrons 96 Deep Well Heater-Shaker Adapter on Heater-Shaker Module GEN1 on slot C1, 'C4': C4 of Sample Plate on Opentrons 96 Deep Well Heater-Shaker Adapter on Heater-Shaker Module GEN1 on slot C1, 'D4': D4 of Sample Plate on Opentrons 96 Deep Well Heater-Shaker Adapter on Heater-Shaker Module GEN1 on slot C1, 'E4': E4 of Sample Plate on Opentrons 96 Deep Well Heater-Shaker Adapter on Heater-Shaker Module GEN1 on slot C1, 'F4': F4 of Sample Plate on Opentrons 96 Deep Well Heater-Shaker Adapter on Heater-Shaker Module GEN1 on slot C1, 'G4': G4 of Sample Plate on Opentrons 96 Deep Well Heater-Shaker Adapter on Heater-Shaker Module GEN1 on slot C1, 'H4': H4 of Sample Plate on Opentrons 96 Deep Well Heater-Shaker Adapter on Heater-Shaker Module GEN1 on slot C1, 'A5': A5 of Sample Plate on Opentrons 96 Deep Well Heater-Shaker Adapter on Heater-Shaker Module GEN1 on slot C1, 'B5': B5 of Sample Plate on Opentrons 96 Deep Well Heater-Shaker Adapter on Heater-Shaker Module GEN1 on slot C1, 'C5': C5 of Sample Plate on Opentrons 96 Deep Well Heater-Shaker Adapter on Heater-Shaker Module GEN1 on slot C1, 'D5': D5 of Sample Plate on Opentrons 96 Deep Well Heater-Shaker Adapter on Heater-Shaker Module GEN1 on slot C1, 'E5': E5 of Sample Plate on Opentrons 96 Deep Well Heater-Shaker Adapter on Heater-Shaker Module GEN1 on slot C1, 'F5': F5 of Sample Plate on Opentrons 96 Deep Well Heater-Shaker Adapter on Heater-Shaker Module GEN1 on slot C1, 'G5': G5 of Sample Plate on Opentrons 96 Deep Well Heater-Shaker Adapter on Heater-Shaker Module GEN1 on slot C1, 'H5': H5 of Sample Plate on Opentrons 96 Deep Well Heater-Shaker Adapter on Heater-Shaker Module GEN1 on slot C1, 'A6': A6 of Sample Plate on Opentrons 96 Deep Well Heater-Shaker Adapter on Heater-Shaker Module GEN1 on slot C1, 'B6': B6 of Sample Plate on Opentrons 96 Deep Well Heater-Shaker Adapter on Heater-Shaker Module GEN1 on slot C1, 'C6': C6 of Sample Plate on Opentrons 96 Deep Well Heater-Shaker Adapter on Heater-Shaker Module GEN1 on slot C1, 'D6': D6 of Sample Plate on Opentrons 96 Deep Well Heater-Shaker Adapter on Heater-Shaker Module GEN1 on slot C1, 'E6': E6 of Sample Plate on Opentrons 96 Deep Well Heater-Shaker Adapter on Heater-Shaker Module GEN1 on slot C1, 'F6': F6 of Sample Plate on Opentrons 96 Deep Well Heater-Shaker Adapter on Heater-Shaker Module GEN1 on slot C1, 'G6': G6 of Sample Plate on Opentrons 96 Deep Well Heater-Shaker Adapter on Heater-Shaker Module GEN1 on slot C1, 'H6': H6 of Sample Plate on Opentrons 96 Deep Well Heater-Shaker Adapter on Heater-Shaker Module GEN1 on slot C1, 'A7': A7 of Sample Plate on Opentrons 96 Deep Well Heater-Shaker Adapter on Heater-Shaker Module GEN1 on slot C1, 'B7': B7 of Sample Plate on Opentrons 96 Deep Well Heater-Shaker Adapter on Heater-Shaker Module GEN1 on slot C1, 'C7': C7 of Sample Plate on Opentrons 96 Deep Well Heater-Shaker Adapter on Heater-Shaker Module GEN1 on slot C1, 'D7': D7 of Sample Plate on Opentrons 96 Deep Well Heater-Shaker Adapter on Heater-Shaker Module GEN1 on slot C1, 'E7': E7 of Sample Plate on Opentrons 96 Deep Well Heater-Shaker Adapter on Heater-Shaker Module GEN1 on slot C1, 'F7': F7 of Sample Plate on Opentrons 96 Deep Well Heater-Shaker Adapter on Heater-Shaker Module GEN1 on slot C1, 'G7': G7 of Sample Plate on Opentrons 96 Deep Well Heater-Shaker Adapter on Heater-Shaker Module GEN1 on slot C1, 'H7': H7 of Sample Plate on Opentrons 96 Deep Well Heater-Shaker Adapter on Heater-Shaker Module GEN1 on slot C1, 'A8': A8 of Sample Plate on Opentrons 96 Deep Well Heater-Shaker Adapter on Heater-Shaker Module GEN1 on slot C1, 'B8': B8 of Sample Plate on Opentrons 96 Deep Well Heater-Shaker Adapter on Heater-Shaker Module GEN1 on slot C1, 'C8': C8 of Sample Plate on Opentrons 96 Deep Well Heater-Shaker Adapter on Heater-Shaker Module GEN1 on slot C1, 'D8': D8 of Sample Plate on Opentrons 96 Deep Well Heater-Shaker Adapter on Heater-Shaker Module GEN1 on slot C1, 'E8': E8 of Sample Plate on Opentrons 96 Deep Well Heater-Shaker Adapter on Heater-Shaker Module GEN1 on slot C1, 'F8': F8 of Sample Plate on Opentrons 96 Deep Well Heater-Shaker Adapter on Heater-Shaker Module GEN1 on slot C1, 'G8': G8 of Sample Plate on Opentrons 96 Deep Well Heater-Shaker Adapter on Heater-Shaker Module GEN1 on slot C1, 'H8': H8 of Sample Plate on Opentrons 96 Deep Well Heater-Shaker Adapter on Heater-Shaker Module GEN1 on slot C1, 'A9': A9 of Sample Plate on Opentrons 96 Deep Well Heater-Shaker Adapter on Heater-Shaker Module GEN1 on slot C1, 'B9': B9 of Sample Plate on Opentrons 96 Deep Well Heater-Shaker Adapter on Heater-Shaker Module GEN1 on slot C1, 'C9': C9 of Sample Plate on Opentrons 96 Deep Well Heater-Shaker Adapter on Heater-Shaker Module GEN1 on slot C1, 'D9': D9 of Sample Plate on Opentrons 96 Deep Well Heater-Shaker Adapter on Heater-Shaker Module GEN1 on slot C1, 'E9': E9 of Sample Plate on Opentrons 96 Deep Well Heater-Shaker Adapter on Heater-Shaker Module GEN1 on slot C1, 'F9': F9 of Sample Plate on Opentrons 96 Deep Well Heater-Shaker Adapter on Heater-Shaker Module GEN1 on slot C1, 'G9': G9 of Sample Plate on Opentrons 96 Deep Well Heater-Shaker Adapter on Heater-Shaker Module GEN1 on slot C1, 'H9': H9 of Sample Plate on Opentrons 96 Deep Well Heater-Shaker Adapter on Heater-Shaker Module GEN1 on slot C1, 'A10': A10 of Sample Plate on Opentrons 96 Deep Well Heater-Shaker Adapter on Heater-Shaker Module GEN1 on slot C1, 'B10': B10 of Sample Plate on Opentrons 96 Deep Well Heater-Shaker Adapter on Heater-Shaker Module GEN1 on slot C1, 'C10': C10 of Sample Plate on Opentrons 96 Deep Well Heater-Shaker Adapter on Heater-Shaker Module GEN1 on slot C1, 'D10': D10 of Sample Plate on Opentrons 96 Deep Well Heater-Shaker Adapter on Heater-Shaker Module GEN1 on slot C1, 'E10': E10 of Sample Plate on Opentrons 96 Deep Well Heater-Shaker Adapter on Heater-Shaker Module GEN1 on slot C1, 'F10': F10 of Sample Plate on Opentrons 96 Deep Well Heater-Shaker Adapter on Heater-Shaker Module GEN1 on slot C1, 'G10': G10 of Sample Plate on Opentrons 96 Deep Well Heater-Shaker Adapter on Heater-Shaker Module GEN1 on slot C1, 'H10': H10 of Sample Plate on Opentrons 96 Deep Well Heater-Shaker Adapter on Heater-Shaker Module GEN1 on slot C1, 'A11': A11 of Sample Plate on Opentrons 96 Deep Well Heater-Shaker Adapter on Heater-Shaker Module GEN1 on slot C1, 'B11': B11 of Sample Plate on Opentrons 96 Deep Well Heater-Shaker Adapter on Heater-Shaker Module GEN1 on slot C1, 'C11': C11 of Sample Plate on Opentrons 96 Deep Well Heater-Shaker Adapter on Heater-Shaker Module GEN1 on slot C1, 'D11': D11 of Sample Plate on Opentrons 96 Deep Well Heater-Shaker Adapter on Heater-Shaker Module GEN1 on slot C1, 'E11': E11 of Sample Plate on Opentrons 96 Deep Well Heater-Shaker Adapter on Heater-Shaker Module GEN1 on slot C1, 'F11': F11 of Sample Plate on Opentrons 96 Deep Well Heater-Shaker Adapter on Heater-Shaker Module GEN1 on slot C1, 'G11': G11 of Sample Plate on Opentrons 96 Deep Well Heater-Shaker Adapter on Heater-Shaker Module GEN1 on slot C1, 'H11': H11 of Sample Plate on Opentrons 96 Deep Well Heater-Shaker Adapter on Heater-Shaker Module GEN1 on slot C1, 'A12': A12 of Sample Plate on Opentrons 96 Deep Well Heater-Shaker Adapter on Heater-Shaker Module GEN1 on slot C1, 'B12': B12 of Sample Plate on Opentrons 96 Deep Well Heater-Shaker Adapter on Heater-Shaker Module GEN1 on slot C1, 'C12': C12 of Sample Plate on Opentrons 96 Deep Well Heater-Shaker Adapter on Heater-Shaker Module GEN1 on slot C1, 'D12': D12 of Sample Plate on Opentrons 96 Deep Well Heater-Shaker Adapter on Heater-Shaker Module GEN1 on slot C1, 'E12': E12 of Sample Plate on Opentrons 96 Deep Well Heater-Shaker Adapter on Heater-Shaker Module GEN1 on slot C1, 'F12': F12 of Sample Plate on Opentrons 96 Deep Well Heater-Shaker Adapter on Heater-Shaker Module GEN1 on slot C1, 'G12': G12 of Sample Plate on Opentrons 96 Deep Well Heater-Shaker Adapter on Heater-Shaker Module GEN1 on slot C1, 'H12': H12 of Sample Plate on Opentrons 96 Deep Well Heater-Shaker Adapter on Heater-Shaker Module GEN1 on slot C1}
Loading liquid into {'A1': A1 of Sample Plate on Opentrons 96 Deep Well Heater-Shaker Adapter on Heater-Shaker Module GEN1 on slot C1, 'B1': B1 of Sample Plate on Opentrons 96 Deep Well Heater-Shaker Adapter on Heater-Shaker Module GEN1 on slot C1, 'C1': C1 of Sample Plate on Opentrons 96 Deep Well Heater-Shaker Adapter on Heater-Shaker Module GEN1 on slot C1, 'D1': D1 of Sample Plate on Opentrons 96 Deep Well Heater-Shaker Adapter on Heater-Shaker Module GEN1 on slot C1, 'E1': E1 of Sample Plate on Opentrons 96 Deep Well Heater-Shaker Adapter on Heater-Shaker Module GEN1 on slot C1, 'F1': F1 of Sample Plate on Opentrons 96 Deep Well Heater-Shaker Adapter on Heater-Shaker Module GEN1 on slot C1, 'G1': G1 of Sample Plate on Opentrons 96 Deep Well Heater-Shaker Adapter on Heater-Shaker Module GEN1 on slot C1, 'H1': H1 of Sample Plate on Opentrons 96 Deep Well Heater-Shaker Adapter on Heater-Shaker Module GEN1 on slot C1, 'A2': A2 of Sample Plate on Opentrons 96 Deep Well Heater-Shaker Adapter on Heater-Shaker Module GEN1 on slot C1, 'B2': B2 of Sample Plate on Opentrons 96 Deep Well Heater-Shaker Adapter on Heater-Shaker Module GEN1 on slot C1, 'C2': C2 of Sample Plate on Opentrons 96 Deep Well Heater-Shaker Adapter on Heater-Shaker Module GEN1 on slot C1, 'D2': D2 of Sample Plate on Opentrons 96 Deep Well Heater-Shaker Adapter on Heater-Shaker Module GEN1 on slot C1, 'E2': E2 of Sample Plate on Opentrons 96 Deep Well Heater-Shaker Adapter on Heater-Shaker Module GEN1 on slot C1, 'F2': F2 of Sample Plate on Opentrons 96 Deep Well Heater-Shaker Adapter on Heater-Shaker Module GEN1 on slot C1, 'G2': G2 of Sample Plate on Opentrons 96 Deep Well Heater-Shaker Adapter on Heater-Shaker Module GEN1 on slot C1, 'H2': H2 of Sample Plate on Opentrons 96 Deep Well Heater-Shaker Adapter on Heater-Shaker Module GEN1 on slot C1, 'A3': A3 of Sample Plate on Opentrons 96 Deep Well Heater-Shaker Adapter on Heater-Shaker Module GEN1 on slot C1, 'B3': B3 of Sample Plate on Opentrons 96 Deep Well Heater-Shaker Adapter on Heater-Shaker Module GEN1 on slot C1, 'C3': C3 of Sample Plate on Opentrons 96 Deep Well Heater-Shaker Adapter on Heater-Shaker Module GEN1 on slot C1, 'D3': D3 of Sample Plate on Opentrons 96 Deep Well Heater-Shaker Adapter on Heater-Shaker Module GEN1 on slot C1, 'E3': E3 of Sample Plate on Opentrons 96 Deep Well Heater-Shaker Adapter on Heater-Shaker Module GEN1 on slot C1, 'F3': F3 of Sample Plate on Opentrons 96 Deep Well Heater-Shaker Adapter on Heater-Shaker Module GEN1 on slot C1, 'G3': G3 of Sample Plate on Opentrons 96 Deep Well Heater-Shaker Adapter on Heater-Shaker Module GEN1 on slot C1, 'H3': H3 of Sample Plate on Opentrons 96 Deep Well Heater-Shaker Adapter on Heater-Shaker Module GEN1 on slot C1, 'A4': A4 of Sample Plate on Opentrons 96 Deep Well Heater-Shaker Adapter on Heater-Shaker Module GEN1 on slot C1, 'B4': B4 of Sample Plate on Opentrons 96 Deep Well Heater-Shaker Adapter on Heater-Shaker Module GEN1 on slot C1, 'C4': C4 of Sample Plate on Opentrons 96 Deep Well Heater-Shaker Adapter on Heater-Shaker Module GEN1 on slot C1, 'D4': D4 of Sample Plate on Opentrons 96 Deep Well Heater-Shaker Adapter on Heater-Shaker Module GEN1 on slot C1, 'E4': E4 of Sample Plate on Opentrons 96 Deep Well Heater-Shaker Adapter on Heater-Shaker Module GEN1 on slot C1, 'F4': F4 of Sample Plate on Opentrons 96 Deep Well Heater-Shaker Adapter on Heater-Shaker Module GEN1 on slot C1, 'G4': G4 of Sample Plate on Opentrons 96 Deep Well Heater-Shaker Adapter on Heater-Shaker Module GEN1 on slot C1, 'H4': H4 of Sample Plate on Opentrons 96 Deep Well Heater-Shaker Adapter on Heater-Shaker Module GEN1 on slot C1, 'A5': A5 of Sample Plate on Opentrons 96 Deep Well Heater-Shaker Adapter on Heater-Shaker Module GEN1 on slot C1, 'B5': B5 of Sample Plate on Opentrons 96 Deep Well Heater-Shaker Adapter on Heater-Shaker Module GEN1 on slot C1, 'C5': C5 of Sample Plate on Opentrons 96 Deep Well Heater-Shaker Adapter on Heater-Shaker Module GEN1 on slot C1, 'D5': D5 of Sample Plate on Opentrons 96 Deep Well Heater-Shaker Adapter on Heater-Shaker Module GEN1 on slot C1, 'E5': E5 of Sample Plate on Opentrons 96 Deep Well Heater-Shaker Adapter on Heater-Shaker Module GEN1 on slot C1, 'F5': F5 of Sample Plate on Opentrons 96 Deep Well Heater-Shaker Adapter on Heater-Shaker Module GEN1 on slot C1, 'G5': G5 of Sample Plate on Opentrons 96 Deep Well Heater-Shaker Adapter on Heater-Shaker Module GEN1 on slot C1, 'H5': H5 of Sample Plate on Opentrons 96 Deep Well Heater-Shaker Adapter on Heater-Shaker Module GEN1 on slot C1, 'A6': A6 of Sample Plate on Opentrons 96 Deep Well Heater-Shaker Adapter on Heater-Shaker Module GEN1 on slot C1, 'B6': B6 of Sample Plate on Opentrons 96 Deep Well Heater-Shaker Adapter on Heater-Shaker Module GEN1 on slot C1, 'C6': C6 of Sample Plate on Opentrons 96 Deep Well Heater-Shaker Adapter on Heater-Shaker Module GEN1 on slot C1, 'D6': D6 of Sample Plate on Opentrons 96 Deep Well Heater-Shaker Adapter on Heater-Shaker Module GEN1 on slot C1, 'E6': E6 of Sample Plate on Opentrons 96 Deep Well Heater-Shaker Adapter on Heater-Shaker Module GEN1 on slot C1, 'F6': F6 of Sample Plate on Opentrons 96 Deep Well Heater-Shaker Adapter on Heater-Shaker Module GEN1 on slot C1, 'G6': G6 of Sample Plate on Opentrons 96 Deep Well Heater-Shaker Adapter on Heater-Shaker Module GEN1 on slot C1, 'H6': H6 of Sample Plate on Opentrons 96 Deep Well Heater-Shaker Adapter on Heater-Shaker Module GEN1 on slot C1, 'A7': A7 of Sample Plate on Opentrons 96 Deep Well Heater-Shaker Adapter on Heater-Shaker Module GEN1 on slot C1, 'B7': B7 of Sample Plate on Opentrons 96 Deep Well Heater-Shaker Adapter on Heater-Shaker Module GEN1 on slot C1, 'C7': C7 of Sample Plate on Opentrons 96 Deep Well Heater-Shaker Adapter on Heater-Shaker Module GEN1 on slot C1, 'D7': D7 of Sample Plate on Opentrons 96 Deep Well Heater-Shaker Adapter on Heater-Shaker Module GEN1 on slot C1, 'E7': E7 of Sample Plate on Opentrons 96 Deep Well Heater-Shaker Adapter on Heater-Shaker Module GEN1 on slot C1, 'F7': F7 of Sample Plate on Opentrons 96 Deep Well Heater-Shaker Adapter on Heater-Shaker Module GEN1 on slot C1, 'G7': G7 of Sample Plate on Opentrons 96 Deep Well Heater-Shaker Adapter on Heater-Shaker Module GEN1 on slot C1, 'H7': H7 of Sample Plate on Opentrons 96 Deep Well Heater-Shaker Adapter on Heater-Shaker Module GEN1 on slot C1, 'A8': A8 of Sample Plate on Opentrons 96 Deep Well Heater-Shaker Adapter on Heater-Shaker Module GEN1 on slot C1, 'B8': B8 of Sample Plate on Opentrons 96 Deep Well Heater-Shaker Adapter on Heater-Shaker Module GEN1 on slot C1, 'C8': C8 of Sample Plate on Opentrons 96 Deep Well Heater-Shaker Adapter on Heater-Shaker Module GEN1 on slot C1, 'D8': D8 of Sample Plate on Opentrons 96 Deep Well Heater-Shaker Adapter on Heater-Shaker Module GEN1 on slot C1, 'E8': E8 of Sample Plate on Opentrons 96 Deep Well Heater-Shaker Adapter on Heater-Shaker Module GEN1 on slot C1, 'F8': F8 of Sample Plate on Opentrons 96 Deep Well Heater-Shaker Adapter on Heater-Shaker Module GEN1 on slot C1, 'G8': G8 of Sample Plate on Opentrons 96 Deep Well Heater-Shaker Adapter on Heater-Shaker Module GEN1 on slot C1, 'H8': H8 of Sample Plate on Opentrons 96 Deep Well Heater-Shaker Adapter on Heater-Shaker Module GEN1 on slot C1, 'A9': A9 of Sample Plate on Opentrons 96 Deep Well Heater-Shaker Adapter on Heater-Shaker Module GEN1 on slot C1, 'B9': B9 of Sample Plate on Opentrons 96 Deep Well Heater-Shaker Adapter on Heater-Shaker Module GEN1 on slot C1, 'C9': C9 of Sample Plate on Opentrons 96 Deep Well Heater-Shaker Adapter on Heater-Shaker Module GEN1 on slot C1, 'D9': D9 of Sample Plate on Opentrons 96 Deep Well Heater-Shaker Adapter on Heater-Shaker Module GEN1 on slot C1, 'E9': E9 of Sample Plate on Opentrons 96 Deep Well Heater-Shaker Adapter on Heater-Shaker Module GEN1 on slot C1, 'F9': F9 of Sample Plate on Opentrons 96 Deep Well Heater-Shaker Adapter on Heater-Shaker Module GEN1 on slot C1, 'G9': G9 of Sample Plate on Opentrons 96 Deep Well Heater-Shaker Adapter on Heater-Shaker Module GEN1 on slot C1, 'H9': H9 of Sample Plate on Opentrons 96 Deep Well Heater-Shaker Adapter on Heater-Shaker Module GEN1 on slot C1, 'A10': A10 of Sample Plate on Opentrons 96 Deep Well Heater-Shaker Adapter on Heater-Shaker Module GEN1 on slot C1, 'B10': B10 of Sample Plate on Opentrons 96 Deep Well Heater-Shaker Adapter on Heater-Shaker Module GEN1 on slot C1, 'C10': C10 of Sample Plate on Opentrons 96 Deep Well Heater-Shaker Adapter on Heater-Shaker Module GEN1 on slot C1, 'D10': D10 of Sample Plate on Opentrons 96 Deep Well Heater-Shaker Adapter on Heater-Shaker Module GEN1 on slot C1, 'E10': E10 of Sample Plate on Opentrons 96 Deep Well Heater-Shaker Adapter on Heater-Shaker Module GEN1 on slot C1, 'F10': F10 of Sample Plate on Opentrons 96 Deep Well Heater-Shaker Adapter on Heater-Shaker Module GEN1 on slot C1, 'G10': G10 of Sample Plate on Opentrons 96 Deep Well Heater-Shaker Adapter on Heater-Shaker Module GEN1 on slot C1, 'H10': H10 of Sample Plate on Opentrons 96 Deep Well Heater-Shaker Adapter on Heater-Shaker Module GEN1 on slot C1, 'A11': A11 of Sample Plate on Opentrons 96 Deep Well Heater-Shaker Adapter on Heater-Shaker Module GEN1 on slot C1, 'B11': B11 of Sample Plate on Opentrons 96 Deep Well Heater-Shaker Adapter on Heater-Shaker Module GEN1 on slot C1, 'C11': C11 of Sample Plate on Opentrons 96 Deep Well Heater-Shaker Adapter on Heater-Shaker Module GEN1 on slot C1, 'D11': D11 of Sample Plate on Opentrons 96 Deep Well Heater-Shaker Adapter on Heater-Shaker Module GEN1 on slot C1, 'E11': E11 of Sample Plate on Opentrons 96 Deep Well Heater-Shaker Adapter on Heater-Shaker Module GEN1 on slot C1, 'F11': F11 of Sample Plate on Opentrons 96 Deep Well Heater-Shaker Adapter on Heater-Shaker Module GEN1 on slot C1, 'G11': G11 of Sample Plate on Opentrons 96 Deep Well Heater-Shaker Adapter on Heater-Shaker Module GEN1 on slot C1, 'H11': H11 of Sample Plate on Opentrons 96 Deep Well Heater-Shaker Adapter on Heater-Shaker Module GEN1 on slot C1, 'A12': A12 of Sample Plate on Opentrons 96 Deep Well Heater-Shaker Adapter on Heater-Shaker Module GEN1 on slot C1, 'B12': B12 of Sample Plate on Opentrons 96 Deep Well Heater-Shaker Adapter on Heater-Shaker Module GEN1 on slot C1, 'C12': C12 of Sample Plate on Opentrons 96 Deep Well Heater-Shaker Adapter on Heater-Shaker Module GEN1 on slot C1, 'D12': D12 of Sample Plate on Opentrons 96 Deep Well Heater-Shaker Adapter on Heater-Shaker Module GEN1 on slot C1, 'E12': E12 of Sample Plate on Opentrons 96 Deep Well Heater-Shaker Adapter on Heater-Shaker Module GEN1 on slot C1, 'F12': F12 of Sample Plate on Opentrons 96 Deep Well Heater-Shaker Adapter on Heater-Shaker Module GEN1 on slot C1, 'G12': G12 of Sample Plate on Opentrons 96 Deep Well Heater-Shaker Adapter on Heater-Shaker Module GEN1 on slot C1, 'H12': H12 of Sample Plate on Opentrons 96 Deep Well Heater-Shaker Adapter on Heater-Shaker Module GEN1 on slot C1}
Loading liquid into {'A1': A1 of Sample Plate on Opentrons 96 Deep Well Heater-Shaker Adapter on Heater-Shaker Module GEN1 on slot C1, 'B1': B1 of Sample Plate on Opentrons 96 Deep Well Heater-Shaker Adapter on Heater-Shaker Module GEN1 on slot C1, 'C1': C1 of Sample Plate on Opentrons 96 Deep Well Heater-Shaker Adapter on Heater-Shaker Module GEN1 on slot C1, 'D1': D1 of Sample Plate on Opentrons 96 Deep Well Heater-Shaker Adapter on Heater-Shaker Module GEN1 on slot C1, 'E1': E1 of Sample Plate on Opentrons 96 Deep Well Heater-Shaker Adapter on Heater-Shaker Module GEN1 on slot C1, 'F1': F1 of Sample Plate on Opentrons 96 Deep Well Heater-Shaker Adapter on Heater-Shaker Module GEN1 on slot C1, 'G1': G1 of Sample Plate on Opentrons 96 Deep Well Heater-Shaker Adapter on Heater-Shaker Module GEN1 on slot C1, 'H1': H1 of Sample Plate on Opentrons 96 Deep Well Heater-Shaker Adapter on Heater-Shaker Module GEN1 on slot C1, 'A2': A2 of Sample Plate on Opentrons 96 Deep Well Heater-Shaker Adapter on Heater-Shaker Module GEN1 on slot C1, 'B2': B2 of Sample Plate on Opentrons 96 Deep Well Heater-Shaker Adapter on Heater-Shaker Module GEN1 on slot C1, 'C2': C2 of Sample Plate on Opentrons 96 Deep Well Heater-Shaker Adapter on Heater-Shaker Module GEN1 on slot C1, 'D2': D2 of Sample Plate on Opentrons 96 Deep Well Heater-Shaker Adapter on Heater-Shaker Module GEN1 on slot C1, 'E2': E2 of Sample Plate on Opentrons 96 Deep Well Heater-Shaker Adapter on Heater-Shaker Module GEN1 on slot C1, 'F2': F2 of Sample Plate on Opentrons 96 Deep Well Heater-Shaker Adapter on Heater-Shaker Module GEN1 on slot C1, 'G2': G2 of Sample Plate on Opentrons 96 Deep Well Heater-Shaker Adapter on Heater-Shaker Module GEN1 on slot C1, 'H2': H2 of Sample Plate on Opentrons 96 Deep Well Heater-Shaker Adapter on Heater-Shaker Module GEN1 on slot C1, 'A3': A3 of Sample Plate on Opentrons 96 Deep Well Heater-Shaker Adapter on Heater-Shaker Module GEN1 on slot C1, 'B3': B3 of Sample Plate on Opentrons 96 Deep Well Heater-Shaker Adapter on Heater-Shaker Module GEN1 on slot C1, 'C3': C3 of Sample Plate on Opentrons 96 Deep Well Heater-Shaker Adapter on Heater-Shaker Module GEN1 on slot C1, 'D3': D3 of Sample Plate on Opentrons 96 Deep Well Heater-Shaker Adapter on Heater-Shaker Module GEN1 on slot C1, 'E3': E3 of Sample Plate on Opentrons 96 Deep Well Heater-Shaker Adapter on Heater-Shaker Module GEN1 on slot C1, 'F3': F3 of Sample Plate on Opentrons 96 Deep Well Heater-Shaker Adapter on Heater-Shaker Module GEN1 on slot C1, 'G3': G3 of Sample Plate on Opentrons 96 Deep Well Heater-Shaker Adapter on Heater-Shaker Module GEN1 on slot C1, 'H3': H3 of Sample Plate on Opentrons 96 Deep Well Heater-Shaker Adapter on Heater-Shaker Module GEN1 on slot C1, 'A4': A4 of Sample Plate on Opentrons 96 Deep Well Heater-Shaker Adapter on Heater-Shaker Module GEN1 on slot C1, 'B4': B4 of Sample Plate on Opentrons 96 Deep Well Heater-Shaker Adapter on Heater-Shaker Module GEN1 on slot C1, 'C4': C4 of Sample Plate on Opentrons 96 Deep Well Heater-Shaker Adapter on Heater-Shaker Module GEN1 on slot C1, 'D4': D4 of Sample Plate on Opentrons 96 Deep Well Heater-Shaker Adapter on Heater-Shaker Module GEN1 on slot C1, 'E4': E4 of Sample Plate on Opentrons 96 Deep Well Heater-Shaker Adapter on Heater-Shaker Module GEN1 on slot C1, 'F4': F4 of Sample Plate on Opentrons 96 Deep Well Heater-Shaker Adapter on Heater-Shaker Module GEN1 on slot C1, 'G4': G4 of Sample Plate on Opentrons 96 Deep Well Heater-Shaker Adapter on Heater-Shaker Module GEN1 on slot C1, 'H4': H4 of Sample Plate on Opentrons 96 Deep Well Heater-Shaker Adapter on Heater-Shaker Module GEN1 on slot C1, 'A5': A5 of Sample Plate on Opentrons 96 Deep Well Heater-Shaker Adapter on Heater-Shaker Module GEN1 on slot C1, 'B5': B5 of Sample Plate on Opentrons 96 Deep Well Heater-Shaker Adapter on Heater-Shaker Module GEN1 on slot C1, 'C5': C5 of Sample Plate on Opentrons 96 Deep Well Heater-Shaker Adapter on Heater-Shaker Module GEN1 on slot C1, 'D5': D5 of Sample Plate on Opentrons 96 Deep Well Heater-Shaker Adapter on Heater-Shaker Module GEN1 on slot C1, 'E5': E5 of Sample Plate on Opentrons 96 Deep Well Heater-Shaker Adapter on Heater-Shaker Module GEN1 on slot C1, 'F5': F5 of Sample Plate on Opentrons 96 Deep Well Heater-Shaker Adapter on Heater-Shaker Module GEN1 on slot C1, 'G5': G5 of Sample Plate on Opentrons 96 Deep Well Heater-Shaker Adapter on Heater-Shaker Module GEN1 on slot C1, 'H5': H5 of Sample Plate on Opentrons 96 Deep Well Heater-Shaker Adapter on Heater-Shaker Module GEN1 on slot C1, 'A6': A6 of Sample Plate on Opentrons 96 Deep Well Heater-Shaker Adapter on Heater-Shaker Module GEN1 on slot C1, 'B6': B6 of Sample Plate on Opentrons 96 Deep Well Heater-Shaker Adapter on Heater-Shaker Module GEN1 on slot C1, 'C6': C6 of Sample Plate on Opentrons 96 Deep Well Heater-Shaker Adapter on Heater-Shaker Module GEN1 on slot C1, 'D6': D6 of Sample Plate on Opentrons 96 Deep Well Heater-Shaker Adapter on Heater-Shaker Module GEN1 on slot C1, 'E6': E6 of Sample Plate on Opentrons 96 Deep Well Heater-Shaker Adapter on Heater-Shaker Module GEN1 on slot C1, 'F6': F6 of Sample Plate on Opentrons 96 Deep Well Heater-Shaker Adapter on Heater-Shaker Module GEN1 on slot C1, 'G6': G6 of Sample Plate on Opentrons 96 Deep Well Heater-Shaker Adapter on Heater-Shaker Module GEN1 on slot C1, 'H6': H6 of Sample Plate on Opentrons 96 Deep Well Heater-Shaker Adapter on Heater-Shaker Module GEN1 on slot C1, 'A7': A7 of Sample Plate on Opentrons 96 Deep Well Heater-Shaker Adapter on Heater-Shaker Module GEN1 on slot C1, 'B7': B7 of Sample Plate on Opentrons 96 Deep Well Heater-Shaker Adapter on Heater-Shaker Module GEN1 on slot C1, 'C7': C7 of Sample Plate on Opentrons 96 Deep Well Heater-Shaker Adapter on Heater-Shaker Module GEN1 on slot C1, 'D7': D7 of Sample Plate on Opentrons 96 Deep Well Heater-Shaker Adapter on Heater-Shaker Module GEN1 on slot C1, 'E7': E7 of Sample Plate on Opentrons 96 Deep Well Heater-Shaker Adapter on Heater-Shaker Module GEN1 on slot C1, 'F7': F7 of Sample Plate on Opentrons 96 Deep Well Heater-Shaker Adapter on Heater-Shaker Module GEN1 on slot C1, 'G7': G7 of Sample Plate on Opentrons 96 Deep Well Heater-Shaker Adapter on Heater-Shaker Module GEN1 on slot C1, 'H7': H7 of Sample Plate on Opentrons 96 Deep Well Heater-Shaker Adapter on Heater-Shaker Module GEN1 on slot C1, 'A8': A8 of Sample Plate on Opentrons 96 Deep Well Heater-Shaker Adapter on Heater-Shaker Module GEN1 on slot C1, 'B8': B8 of Sample Plate on Opentrons 96 Deep Well Heater-Shaker Adapter on Heater-Shaker Module GEN1 on slot C1, 'C8': C8 of Sample Plate on Opentrons 96 Deep Well Heater-Shaker Adapter on Heater-Shaker Module GEN1 on slot C1, 'D8': D8 of Sample Plate on Opentrons 96 Deep Well Heater-Shaker Adapter on Heater-Shaker Module GEN1 on slot C1, 'E8': E8 of Sample Plate on Opentrons 96 Deep Well Heater-Shaker Adapter on Heater-Shaker Module GEN1 on slot C1, 'F8': F8 of Sample Plate on Opentrons 96 Deep Well Heater-Shaker Adapter on Heater-Shaker Module GEN1 on slot C1, 'G8': G8 of Sample Plate on Opentrons 96 Deep Well Heater-Shaker Adapter on Heater-Shaker Module GEN1 on slot C1, 'H8': H8 of Sample Plate on Opentrons 96 Deep Well Heater-Shaker Adapter on Heater-Shaker Module GEN1 on slot C1, 'A9': A9 of Sample Plate on Opentrons 96 Deep Well Heater-Shaker Adapter on Heater-Shaker Module GEN1 on slot C1, 'B9': B9 of Sample Plate on Opentrons 96 Deep Well Heater-Shaker Adapter on Heater-Shaker Module GEN1 on slot C1, 'C9': C9 of Sample Plate on Opentrons 96 Deep Well Heater-Shaker Adapter on Heater-Shaker Module GEN1 on slot C1, 'D9': D9 of Sample Plate on Opentrons 96 Deep Well Heater-Shaker Adapter on Heater-Shaker Module GEN1 on slot C1, 'E9': E9 of Sample Plate on Opentrons 96 Deep Well Heater-Shaker Adapter on Heater-Shaker Module GEN1 on slot C1, 'F9': F9 of Sample Plate on Opentrons 96 Deep Well Heater-Shaker Adapter on Heater-Shaker Module GEN1 on slot C1, 'G9': G9 of Sample Plate on Opentrons 96 Deep Well Heater-Shaker Adapter on Heater-Shaker Module GEN1 on slot C1, 'H9': H9 of Sample Plate on Opentrons 96 Deep Well Heater-Shaker Adapter on Heater-Shaker Module GEN1 on slot C1, 'A10': A10 of Sample Plate on Opentrons 96 Deep Well Heater-Shaker Adapter on Heater-Shaker Module GEN1 on slot C1, 'B10': B10 of Sample Plate on Opentrons 96 Deep Well Heater-Shaker Adapter on Heater-Shaker Module GEN1 on slot C1, 'C10': C10 of Sample Plate on Opentrons 96 Deep Well Heater-Shaker Adapter on Heater-Shaker Module GEN1 on slot C1, 'D10': D10 of Sample Plate on Opentrons 96 Deep Well Heater-Shaker Adapter on Heater-Shaker Module GEN1 on slot C1, 'E10': E10 of Sample Plate on Opentrons 96 Deep Well Heater-Shaker Adapter on Heater-Shaker Module GEN1 on slot C1, 'F10': F10 of Sample Plate on Opentrons 96 Deep Well Heater-Shaker Adapter on Heater-Shaker Module GEN1 on slot C1, 'G10': G10 of Sample Plate on Opentrons 96 Deep Well Heater-Shaker Adapter on Heater-Shaker Module GEN1 on slot C1, 'H10': H10 of Sample Plate on Opentrons 96 Deep Well Heater-Shaker Adapter on Heater-Shaker Module GEN1 on slot C1, 'A11': A11 of Sample Plate on Opentrons 96 Deep Well Heater-Shaker Adapter on Heater-Shaker Module GEN1 on slot C1, 'B11': B11 of Sample Plate on Opentrons 96 Deep Well Heater-Shaker Adapter on Heater-Shaker Module GEN1 on slot C1, 'C11': C11 of Sample Plate on Opentrons 96 Deep Well Heater-Shaker Adapter on Heater-Shaker Module GEN1 on slot C1, 'D11': D11 of Sample Plate on Opentrons 96 Deep Well Heater-Shaker Adapter on Heater-Shaker Module GEN1 on slot C1, 'E11': E11 of Sample Plate on Opentrons 96 Deep Well Heater-Shaker Adapter on Heater-Shaker Module GEN1 on slot C1, 'F11': F11 of Sample Plate on Opentrons 96 Deep Well Heater-Shaker Adapter on Heater-Shaker Module GEN1 on slot C1, 'G11': G11 of Sample Plate on Opentrons 96 Deep Well Heater-Shaker Adapter on Heater-Shaker Module GEN1 on slot C1, 'H11': H11 of Sample Plate on Opentrons 96 Deep Well Heater-Shaker Adapter on Heater-Shaker Module GEN1 on slot C1, 'A12': A12 of Sample Plate on Opentrons 96 Deep Well Heater-Shaker Adapter on Heater-Shaker Module GEN1 on slot C1, 'B12': B12 of Sample Plate on Opentrons 96 Deep Well Heater-Shaker Adapter on Heater-Shaker Module GEN1 on slot C1, 'C12': C12 of Sample Plate on Opentrons 96 Deep Well Heater-Shaker Adapter on Heater-Shaker Module GEN1 on slot C1, 'D12': D12 of Sample Plate on Opentrons 96 Deep Well Heater-Shaker Adapter on Heater-Shaker Module GEN1 on slot C1, 'E12': E12 of Sample Plate on Opentrons 96 Deep Well Heater-Shaker Adapter on Heater-Shaker Module GEN1 on slot C1, 'F12': F12 of Sample Plate on Opentrons 96 Deep Well Heater-Shaker Adapter on Heater-Shaker Module GEN1 on slot C1, 'G12': G12 of Sample Plate on Opentrons 96 Deep Well Heater-Shaker Adapter on Heater-Shaker Module GEN1 on slot C1, 'H12': H12 of Sample Plate on Opentrons 96 Deep Well Heater-Shaker Adapter on Heater-Shaker Module GEN1 on slot C1}
Loading liquid into {'A1': A1 of Sample Plate on Opentrons 96 Deep Well Heater-Shaker Adapter on Heater-Shaker Module GEN1 on slot C1, 'B1': B1 of Sample Plate on Opentrons 96 Deep Well Heater-Shaker Adapter on Heater-Shaker Module GEN1 on slot C1, 'C1': C1 of Sample Plate on Opentrons 96 Deep Well Heater-Shaker Adapter on Heater-Shaker Module GEN1 on slot C1, 'D1': D1 of Sample Plate on Opentrons 96 Deep Well Heater-Shaker Adapter on Heater-Shaker Module GEN1 on slot C1, 'E1': E1 of Sample Plate on Opentrons 96 Deep Well Heater-Shaker Adapter on Heater-Shaker Module GEN1 on slot C1, 'F1': F1 of Sample Plate on Opentrons 96 Deep Well Heater-Shaker Adapter on Heater-Shaker Module GEN1 on slot C1, 'G1': G1 of Sample Plate on Opentrons 96 Deep Well Heater-Shaker Adapter on Heater-Shaker Module GEN1 on slot C1, 'H1': H1 of Sample Plate on Opentrons 96 Deep Well Heater-Shaker Adapter on Heater-Shaker Module GEN1 on slot C1, 'A2': A2 of Sample Plate on Opentrons 96 Deep Well Heater-Shaker Adapter on Heater-Shaker Module GEN1 on slot C1, 'B2': B2 of Sample Plate on Opentrons 96 Deep Well Heater-Shaker Adapter on Heater-Shaker Module GEN1 on slot C1, 'C2': C2 of Sample Plate on Opentrons 96 Deep Well Heater-Shaker Adapter on Heater-Shaker Module GEN1 on slot C1, 'D2': D2 of Sample Plate on Opentrons 96 Deep Well Heater-Shaker Adapter on Heater-Shaker Module GEN1 on slot C1, 'E2': E2 of Sample Plate on Opentrons 96 Deep Well Heater-Shaker Adapter on Heater-Shaker Module GEN1 on slot C1, 'F2': F2 of Sample Plate on Opentrons 96 Deep Well Heater-Shaker Adapter on Heater-Shaker Module GEN1 on slot C1, 'G2': G2 of Sample Plate on Opentrons 96 Deep Well Heater-Shaker Adapter on Heater-Shaker Module GEN1 on slot C1, 'H2': H2 of Sample Plate on Opentrons 96 Deep Well Heater-Shaker Adapter on Heater-Shaker Module GEN1 on slot C1, 'A3': A3 of Sample Plate on Opentrons 96 Deep Well Heater-Shaker Adapter on Heater-Shaker Module GEN1 on slot C1, 'B3': B3 of Sample Plate on Opentrons 96 Deep Well Heater-Shaker Adapter on Heater-Shaker Module GEN1 on slot C1, 'C3': C3 of Sample Plate on Opentrons 96 Deep Well Heater-Shaker Adapter on Heater-Shaker Module GEN1 on slot C1, 'D3': D3 of Sample Plate on Opentrons 96 Deep Well Heater-Shaker Adapter on Heater-Shaker Module GEN1 on slot C1, 'E3': E3 of Sample Plate on Opentrons 96 Deep Well Heater-Shaker Adapter on Heater-Shaker Module GEN1 on slot C1, 'F3': F3 of Sample Plate on Opentrons 96 Deep Well Heater-Shaker Adapter on Heater-Shaker Module GEN1 on slot C1, 'G3': G3 of Sample Plate on Opentrons 96 Deep Well Heater-Shaker Adapter on Heater-Shaker Module GEN1 on slot C1, 'H3': H3 of Sample Plate on Opentrons 96 Deep Well Heater-Shaker Adapter on Heater-Shaker Module GEN1 on slot C1, 'A4': A4 of Sample Plate on Opentrons 96 Deep Well Heater-Shaker Adapter on Heater-Shaker Module GEN1 on slot C1, 'B4': B4 of Sample Plate on Opentrons 96 Deep Well Heater-Shaker Adapter on Heater-Shaker Module GEN1 on slot C1, 'C4': C4 of Sample Plate on Opentrons 96 Deep Well Heater-Shaker Adapter on Heater-Shaker Module GEN1 on slot C1, 'D4': D4 of Sample Plate on Opentrons 96 Deep Well Heater-Shaker Adapter on Heater-Shaker Module GEN1 on slot C1, 'E4': E4 of Sample Plate on Opentrons 96 Deep Well Heater-Shaker Adapter on Heater-Shaker Module GEN1 on slot C1, 'F4': F4 of Sample Plate on Opentrons 96 Deep Well Heater-Shaker Adapter on Heater-Shaker Module GEN1 on slot C1, 'G4': G4 of Sample Plate on Opentrons 96 Deep Well Heater-Shaker Adapter on Heater-Shaker Module GEN1 on slot C1, 'H4': H4 of Sample Plate on Opentrons 96 Deep Well Heater-Shaker Adapter on Heater-Shaker Module GEN1 on slot C1, 'A5': A5 of Sample Plate on Opentrons 96 Deep Well Heater-Shaker Adapter on Heater-Shaker Module GEN1 on slot C1, 'B5': B5 of Sample Plate on Opentrons 96 Deep Well Heater-Shaker Adapter on Heater-Shaker Module GEN1 on slot C1, 'C5': C5 of Sample Plate on Opentrons 96 Deep Well Heater-Shaker Adapter on Heater-Shaker Module GEN1 on slot C1, 'D5': D5 of Sample Plate on Opentrons 96 Deep Well Heater-Shaker Adapter on Heater-Shaker Module GEN1 on slot C1, 'E5': E5 of Sample Plate on Opentrons 96 Deep Well Heater-Shaker Adapter on Heater-Shaker Module GEN1 on slot C1, 'F5': F5 of Sample Plate on Opentrons 96 Deep Well Heater-Shaker Adapter on Heater-Shaker Module GEN1 on slot C1, 'G5': G5 of Sample Plate on Opentrons 96 Deep Well Heater-Shaker Adapter on Heater-Shaker Module GEN1 on slot C1, 'H5': H5 of Sample Plate on Opentrons 96 Deep Well Heater-Shaker Adapter on Heater-Shaker Module GEN1 on slot C1, 'A6': A6 of Sample Plate on Opentrons 96 Deep Well Heater-Shaker Adapter on Heater-Shaker Module GEN1 on slot C1, 'B6': B6 of Sample Plate on Opentrons 96 Deep Well Heater-Shaker Adapter on Heater-Shaker Module GEN1 on slot C1, 'C6': C6 of Sample Plate on Opentrons 96 Deep Well Heater-Shaker Adapter on Heater-Shaker Module GEN1 on slot C1, 'D6': D6 of Sample Plate on Opentrons 96 Deep Well Heater-Shaker Adapter on Heater-Shaker Module GEN1 on slot C1, 'E6': E6 of Sample Plate on Opentrons 96 Deep Well Heater-Shaker Adapter on Heater-Shaker Module GEN1 on slot C1, 'F6': F6 of Sample Plate on Opentrons 96 Deep Well Heater-Shaker Adapter on Heater-Shaker Module GEN1 on slot C1, 'G6': G6 of Sample Plate on Opentrons 96 Deep Well Heater-Shaker Adapter on Heater-Shaker Module GEN1 on slot C1, 'H6': H6 of Sample Plate on Opentrons 96 Deep Well Heater-Shaker Adapter on Heater-Shaker Module GEN1 on slot C1, 'A7': A7 of Sample Plate on Opentrons 96 Deep Well Heater-Shaker Adapter on Heater-Shaker Module GEN1 on slot C1, 'B7': B7 of Sample Plate on Opentrons 96 Deep Well Heater-Shaker Adapter on Heater-Shaker Module GEN1 on slot C1, 'C7': C7 of Sample Plate on Opentrons 96 Deep Well Heater-Shaker Adapter on Heater-Shaker Module GEN1 on slot C1, 'D7': D7 of Sample Plate on Opentrons 96 Deep Well Heater-Shaker Adapter on Heater-Shaker Module GEN1 on slot C1, 'E7': E7 of Sample Plate on Opentrons 96 Deep Well Heater-Shaker Adapter on Heater-Shaker Module GEN1 on slot C1, 'F7': F7 of Sample Plate on Opentrons 96 Deep Well Heater-Shaker Adapter on Heater-Shaker Module GEN1 on slot C1, 'G7': G7 of Sample Plate on Opentrons 96 Deep Well Heater-Shaker Adapter on Heater-Shaker Module GEN1 on slot C1, 'H7': H7 of Sample Plate on Opentrons 96 Deep Well Heater-Shaker Adapter on Heater-Shaker Module GEN1 on slot C1, 'A8': A8 of Sample Plate on Opentrons 96 Deep Well Heater-Shaker Adapter on Heater-Shaker Module GEN1 on slot C1, 'B8': B8 of Sample Plate on Opentrons 96 Deep Well Heater-Shaker Adapter on Heater-Shaker Module GEN1 on slot C1, 'C8': C8 of Sample Plate on Opentrons 96 Deep Well Heater-Shaker Adapter on Heater-Shaker Module GEN1 on slot C1, 'D8': D8 of Sample Plate on Opentrons 96 Deep Well Heater-Shaker Adapter on Heater-Shaker Module GEN1 on slot C1, 'E8': E8 of Sample Plate on Opentrons 96 Deep Well Heater-Shaker Adapter on Heater-Shaker Module GEN1 on slot C1, 'F8': F8 of Sample Plate on Opentrons 96 Deep Well Heater-Shaker Adapter on Heater-Shaker Module GEN1 on slot C1, 'G8': G8 of Sample Plate on Opentrons 96 Deep Well Heater-Shaker Adapter on Heater-Shaker Module GEN1 on slot C1, 'H8': H8 of Sample Plate on Opentrons 96 Deep Well Heater-Shaker Adapter on Heater-Shaker Module GEN1 on slot C1, 'A9': A9 of Sample Plate on Opentrons 96 Deep Well Heater-Shaker Adapter on Heater-Shaker Module GEN1 on slot C1, 'B9': B9 of Sample Plate on Opentrons 96 Deep Well Heater-Shaker Adapter on Heater-Shaker Module GEN1 on slot C1, 'C9': C9 of Sample Plate on Opentrons 96 Deep Well Heater-Shaker Adapter on Heater-Shaker Module GEN1 on slot C1, 'D9': D9 of Sample Plate on Opentrons 96 Deep Well Heater-Shaker Adapter on Heater-Shaker Module GEN1 on slot C1, 'E9': E9 of Sample Plate on Opentrons 96 Deep Well Heater-Shaker Adapter on Heater-Shaker Module GEN1 on slot C1, 'F9': F9 of Sample Plate on Opentrons 96 Deep Well Heater-Shaker Adapter on Heater-Shaker Module GEN1 on slot C1, 'G9': G9 of Sample Plate on Opentrons 96 Deep Well Heater-Shaker Adapter on Heater-Shaker Module GEN1 on slot C1, 'H9': H9 of Sample Plate on Opentrons 96 Deep Well Heater-Shaker Adapter on Heater-Shaker Module GEN1 on slot C1, 'A10': A10 of Sample Plate on Opentrons 96 Deep Well Heater-Shaker Adapter on Heater-Shaker Module GEN1 on slot C1, 'B10': B10 of Sample Plate on Opentrons 96 Deep Well Heater-Shaker Adapter on Heater-Shaker Module GEN1 on slot C1, 'C10': C10 of Sample Plate on Opentrons 96 Deep Well Heater-Shaker Adapter on Heater-Shaker Module GEN1 on slot C1, 'D10': D10 of Sample Plate on Opentrons 96 Deep Well Heater-Shaker Adapter on Heater-Shaker Module GEN1 on slot C1, 'E10': E10 of Sample Plate on Opentrons 96 Deep Well Heater-Shaker Adapter on Heater-Shaker Module GEN1 on slot C1, 'F10': F10 of Sample Plate on Opentrons 96 Deep Well Heater-Shaker Adapter on Heater-Shaker Module GEN1 on slot C1, 'G10': G10 of Sample Plate on Opentrons 96 Deep Well Heater-Shaker Adapter on Heater-Shaker Module GEN1 on slot C1, 'H10': H10 of Sample Plate on Opentrons 96 Deep Well Heater-Shaker Adapter on Heater-Shaker Module GEN1 on slot C1, 'A11': A11 of Sample Plate on Opentrons 96 Deep Well Heater-Shaker Adapter on Heater-Shaker Module GEN1 on slot C1, 'B11': B11 of Sample Plate on Opentrons 96 Deep Well Heater-Shaker Adapter on Heater-Shaker Module GEN1 on slot C1, 'C11': C11 of Sample Plate on Opentrons 96 Deep Well Heater-Shaker Adapter on Heater-Shaker Module GEN1 on slot C1, 'D11': D11 of Sample Plate on Opentrons 96 Deep Well Heater-Shaker Adapter on Heater-Shaker Module GEN1 on slot C1, 'E11': E11 of Sample Plate on Opentrons 96 Deep Well Heater-Shaker Adapter on Heater-Shaker Module GEN1 on slot C1, 'F11': F11 of Sample Plate on Opentrons 96 Deep Well Heater-Shaker Adapter on Heater-Shaker Module GEN1 on slot C1, 'G11': G11 of Sample Plate on Opentrons 96 Deep Well Heater-Shaker Adapter on Heater-Shaker Module GEN1 on slot C1, 'H11': H11 of Sample Plate on Opentrons 96 Deep Well Heater-Shaker Adapter on Heater-Shaker Module GEN1 on slot C1, 'A12': A12 of Sample Plate on Opentrons 96 Deep Well Heater-Shaker Adapter on Heater-Shaker Module GEN1 on slot C1, 'B12': B12 of Sample Plate on Opentrons 96 Deep Well Heater-Shaker Adapter on Heater-Shaker Module GEN1 on slot C1, 'C12': C12 of Sample Plate on Opentrons 96 Deep Well Heater-Shaker Adapter on Heater-Shaker Module GEN1 on slot C1, 'D12': D12 of Sample Plate on Opentrons 96 Deep Well Heater-Shaker Adapter on Heater-Shaker Module GEN1 on slot C1, 'E12': E12 of Sample Plate on Opentrons 96 Deep Well Heater-Shaker Adapter on Heater-Shaker Module GEN1 on slot C1, 'F12': F12 of Sample Plate on Opentrons 96 Deep Well Heater-Shaker Adapter on Heater-Shaker Module GEN1 on slot C1, 'G12': G12 of Sample Plate on Opentrons 96 Deep Well Heater-Shaker Adapter on Heater-Shaker Module GEN1 on slot C1, 'H12': H12 of Sample Plate on Opentrons 96 Deep Well Heater-Shaker Adapter on Heater-Shaker Module GEN1 on slot C1}
Loading liquid into {'A1': A1 of Sample Plate on Opentrons 96 Deep Well Heater-Shaker Adapter on Heater-Shaker Module GEN1 on slot C1, 'B1': B1 of Sample Plate on Opentrons 96 Deep Well Heater-Shaker Adapter on Heater-Shaker Module GEN1 on slot C1, 'C1': C1 of Sample Plate on Opentrons 96 Deep Well Heater-Shaker Adapter on Heater-Shaker Module GEN1 on slot C1, 'D1': D1 of Sample Plate on Opentrons 96 Deep Well Heater-Shaker Adapter on Heater-Shaker Module GEN1 on slot C1, 'E1': E1 of Sample Plate on Opentrons 96 Deep Well Heater-Shaker Adapter on Heater-Shaker Module GEN1 on slot C1, 'F1': F1 of Sample Plate on Opentrons 96 Deep Well Heater-Shaker Adapter on Heater-Shaker Module GEN1 on slot C1, 'G1': G1 of Sample Plate on Opentrons 96 Deep Well Heater-Shaker Adapter on Heater-Shaker Module GEN1 on slot C1, 'H1': H1 of Sample Plate on Opentrons 96 Deep Well Heater-Shaker Adapter on Heater-Shaker Module GEN1 on slot C1, 'A2': A2 of Sample Plate on Opentrons 96 Deep Well Heater-Shaker Adapter on Heater-Shaker Module GEN1 on slot C1, 'B2': B2 of Sample Plate on Opentrons 96 Deep Well Heater-Shaker Adapter on Heater-Shaker Module GEN1 on slot C1, 'C2': C2 of Sample Plate on Opentrons 96 Deep Well Heater-Shaker Adapter on Heater-Shaker Module GEN1 on slot C1, 'D2': D2 of Sample Plate on Opentrons 96 Deep Well Heater-Shaker Adapter on Heater-Shaker Module GEN1 on slot C1, 'E2': E2 of Sample Plate on Opentrons 96 Deep Well Heater-Shaker Adapter on Heater-Shaker Module GEN1 on slot C1, 'F2': F2 of Sample Plate on Opentrons 96 Deep Well Heater-Shaker Adapter on Heater-Shaker Module GEN1 on slot C1, 'G2': G2 of Sample Plate on Opentrons 96 Deep Well Heater-Shaker Adapter on Heater-Shaker Module GEN1 on slot C1, 'H2': H2 of Sample Plate on Opentrons 96 Deep Well Heater-Shaker Adapter on Heater-Shaker Module GEN1 on slot C1, 'A3': A3 of Sample Plate on Opentrons 96 Deep Well Heater-Shaker Adapter on Heater-Shaker Module GEN1 on slot C1, 'B3': B3 of Sample Plate on Opentrons 96 Deep Well Heater-Shaker Adapter on Heater-Shaker Module GEN1 on slot C1, 'C3': C3 of Sample Plate on Opentrons 96 Deep Well Heater-Shaker Adapter on Heater-Shaker Module GEN1 on slot C1, 'D3': D3 of Sample Plate on Opentrons 96 Deep Well Heater-Shaker Adapter on Heater-Shaker Module GEN1 on slot C1, 'E3': E3 of Sample Plate on Opentrons 96 Deep Well Heater-Shaker Adapter on Heater-Shaker Module GEN1 on slot C1, 'F3': F3 of Sample Plate on Opentrons 96 Deep Well Heater-Shaker Adapter on Heater-Shaker Module GEN1 on slot C1, 'G3': G3 of Sample Plate on Opentrons 96 Deep Well Heater-Shaker Adapter on Heater-Shaker Module GEN1 on slot C1, 'H3': H3 of Sample Plate on Opentrons 96 Deep Well Heater-Shaker Adapter on Heater-Shaker Module GEN1 on slot C1, 'A4': A4 of Sample Plate on Opentrons 96 Deep Well Heater-Shaker Adapter on Heater-Shaker Module GEN1 on slot C1, 'B4': B4 of Sample Plate on Opentrons 96 Deep Well Heater-Shaker Adapter on Heater-Shaker Module GEN1 on slot C1, 'C4': C4 of Sample Plate on Opentrons 96 Deep Well Heater-Shaker Adapter on Heater-Shaker Module GEN1 on slot C1, 'D4': D4 of Sample Plate on Opentrons 96 Deep Well Heater-Shaker Adapter on Heater-Shaker Module GEN1 on slot C1, 'E4': E4 of Sample Plate on Opentrons 96 Deep Well Heater-Shaker Adapter on Heater-Shaker Module GEN1 on slot C1, 'F4': F4 of Sample Plate on Opentrons 96 Deep Well Heater-Shaker Adapter on Heater-Shaker Module GEN1 on slot C1, 'G4': G4 of Sample Plate on Opentrons 96 Deep Well Heater-Shaker Adapter on Heater-Shaker Module GEN1 on slot C1, 'H4': H4 of Sample Plate on Opentrons 96 Deep Well Heater-Shaker Adapter on Heater-Shaker Module GEN1 on slot C1, 'A5': A5 of Sample Plate on Opentrons 96 Deep Well Heater-Shaker Adapter on Heater-Shaker Module GEN1 on slot C1, 'B5': B5 of Sample Plate on Opentrons 96 Deep Well Heater-Shaker Adapter on Heater-Shaker Module GEN1 on slot C1, 'C5': C5 of Sample Plate on Opentrons 96 Deep Well Heater-Shaker Adapter on Heater-Shaker Module GEN1 on slot C1, 'D5': D5 of Sample Plate on Opentrons 96 Deep Well Heater-Shaker Adapter on Heater-Shaker Module GEN1 on slot C1, 'E5': E5 of Sample Plate on Opentrons 96 Deep Well Heater-Shaker Adapter on Heater-Shaker Module GEN1 on slot C1, 'F5': F5 of Sample Plate on Opentrons 96 Deep Well Heater-Shaker Adapter on Heater-Shaker Module GEN1 on slot C1, 'G5': G5 of Sample Plate on Opentrons 96 Deep Well Heater-Shaker Adapter on Heater-Shaker Module GEN1 on slot C1, 'H5': H5 of Sample Plate on Opentrons 96 Deep Well Heater-Shaker Adapter on Heater-Shaker Module GEN1 on slot C1, 'A6': A6 of Sample Plate on Opentrons 96 Deep Well Heater-Shaker Adapter on Heater-Shaker Module GEN1 on slot C1, 'B6': B6 of Sample Plate on Opentrons 96 Deep Well Heater-Shaker Adapter on Heater-Shaker Module GEN1 on slot C1, 'C6': C6 of Sample Plate on Opentrons 96 Deep Well Heater-Shaker Adapter on Heater-Shaker Module GEN1 on slot C1, 'D6': D6 of Sample Plate on Opentrons 96 Deep Well Heater-Shaker Adapter on Heater-Shaker Module GEN1 on slot C1, 'E6': E6 of Sample Plate on Opentrons 96 Deep Well Heater-Shaker Adapter on Heater-Shaker Module GEN1 on slot C1, 'F6': F6 of Sample Plate on Opentrons 96 Deep Well Heater-Shaker Adapter on Heater-Shaker Module GEN1 on slot C1, 'G6': G6 of Sample Plate on Opentrons 96 Deep Well Heater-Shaker Adapter on Heater-Shaker Module GEN1 on slot C1, 'H6': H6 of Sample Plate on Opentrons 96 Deep Well Heater-Shaker Adapter on Heater-Shaker Module GEN1 on slot C1, 'A7': A7 of Sample Plate on Opentrons 96 Deep Well Heater-Shaker Adapter on Heater-Shaker Module GEN1 on slot C1, 'B7': B7 of Sample Plate on Opentrons 96 Deep Well Heater-Shaker Adapter on Heater-Shaker Module GEN1 on slot C1, 'C7': C7 of Sample Plate on Opentrons 96 Deep Well Heater-Shaker Adapter on Heater-Shaker Module GEN1 on slot C1, 'D7': D7 of Sample Plate on Opentrons 96 Deep Well Heater-Shaker Adapter on Heater-Shaker Module GEN1 on slot C1, 'E7': E7 of Sample Plate on Opentrons 96 Deep Well Heater-Shaker Adapter on Heater-Shaker Module GEN1 on slot C1, 'F7': F7 of Sample Plate on Opentrons 96 Deep Well Heater-Shaker Adapter on Heater-Shaker Module GEN1 on slot C1, 'G7': G7 of Sample Plate on Opentrons 96 Deep Well Heater-Shaker Adapter on Heater-Shaker Module GEN1 on slot C1, 'H7': H7 of Sample Plate on Opentrons 96 Deep Well Heater-Shaker Adapter on Heater-Shaker Module GEN1 on slot C1, 'A8': A8 of Sample Plate on Opentrons 96 Deep Well Heater-Shaker Adapter on Heater-Shaker Module GEN1 on slot C1, 'B8': B8 of Sample Plate on Opentrons 96 Deep Well Heater-Shaker Adapter on Heater-Shaker Module GEN1 on slot C1, 'C8': C8 of Sample Plate on Opentrons 96 Deep Well Heater-Shaker Adapter on Heater-Shaker Module GEN1 on slot C1, 'D8': D8 of Sample Plate on Opentrons 96 Deep Well Heater-Shaker Adapter on Heater-Shaker Module GEN1 on slot C1, 'E8': E8 of Sample Plate on Opentrons 96 Deep Well Heater-Shaker Adapter on Heater-Shaker Module GEN1 on slot C1, 'F8': F8 of Sample Plate on Opentrons 96 Deep Well Heater-Shaker Adapter on Heater-Shaker Module GEN1 on slot C1, 'G8': G8 of Sample Plate on Opentrons 96 Deep Well Heater-Shaker Adapter on Heater-Shaker Module GEN1 on slot C1, 'H8': H8 of Sample Plate on Opentrons 96 Deep Well Heater-Shaker Adapter on Heater-Shaker Module GEN1 on slot C1, 'A9': A9 of Sample Plate on Opentrons 96 Deep Well Heater-Shaker Adapter on Heater-Shaker Module GEN1 on slot C1, 'B9': B9 of Sample Plate on Opentrons 96 Deep Well Heater-Shaker Adapter on Heater-Shaker Module GEN1 on slot C1, 'C9': C9 of Sample Plate on Opentrons 96 Deep Well Heater-Shaker Adapter on Heater-Shaker Module GEN1 on slot C1, 'D9': D9 of Sample Plate on Opentrons 96 Deep Well Heater-Shaker Adapter on Heater-Shaker Module GEN1 on slot C1, 'E9': E9 of Sample Plate on Opentrons 96 Deep Well Heater-Shaker Adapter on Heater-Shaker Module GEN1 on slot C1, 'F9': F9 of Sample Plate on Opentrons 96 Deep Well Heater-Shaker Adapter on Heater-Shaker Module GEN1 on slot C1, 'G9': G9 of Sample Plate on Opentrons 96 Deep Well Heater-Shaker Adapter on Heater-Shaker Module GEN1 on slot C1, 'H9': H9 of Sample Plate on Opentrons 96 Deep Well Heater-Shaker Adapter on Heater-Shaker Module GEN1 on slot C1, 'A10': A10 of Sample Plate on Opentrons 96 Deep Well Heater-Shaker Adapter on Heater-Shaker Module GEN1 on slot C1, 'B10': B10 of Sample Plate on Opentrons 96 Deep Well Heater-Shaker Adapter on Heater-Shaker Module GEN1 on slot C1, 'C10': C10 of Sample Plate on Opentrons 96 Deep Well Heater-Shaker Adapter on Heater-Shaker Module GEN1 on slot C1, 'D10': D10 of Sample Plate on Opentrons 96 Deep Well Heater-Shaker Adapter on Heater-Shaker Module GEN1 on slot C1, 'E10': E10 of Sample Plate on Opentrons 96 Deep Well Heater-Shaker Adapter on Heater-Shaker Module GEN1 on slot C1, 'F10': F10 of Sample Plate on Opentrons 96 Deep Well Heater-Shaker Adapter on Heater-Shaker Module GEN1 on slot C1, 'G10': G10 of Sample Plate on Opentrons 96 Deep Well Heater-Shaker Adapter on Heater-Shaker Module GEN1 on slot C1, 'H10': H10 of Sample Plate on Opentrons 96 Deep Well Heater-Shaker Adapter on Heater-Shaker Module GEN1 on slot C1, 'A11': A11 of Sample Plate on Opentrons 96 Deep Well Heater-Shaker Adapter on Heater-Shaker Module GEN1 on slot C1, 'B11': B11 of Sample Plate on Opentrons 96 Deep Well Heater-Shaker Adapter on Heater-Shaker Module GEN1 on slot C1, 'C11': C11 of Sample Plate on Opentrons 96 Deep Well Heater-Shaker Adapter on Heater-Shaker Module GEN1 on slot C1, 'D11': D11 of Sample Plate on Opentrons 96 Deep Well Heater-Shaker Adapter on Heater-Shaker Module GEN1 on slot C1, 'E11': E11 of Sample Plate on Opentrons 96 Deep Well Heater-Shaker Adapter on Heater-Shaker Module GEN1 on slot C1, 'F11': F11 of Sample Plate on Opentrons 96 Deep Well Heater-Shaker Adapter on Heater-Shaker Module GEN1 on slot C1, 'G11': G11 of Sample Plate on Opentrons 96 Deep Well Heater-Shaker Adapter on Heater-Shaker Module GEN1 on slot C1, 'H11': H11 of Sample Plate on Opentrons 96 Deep Well Heater-Shaker Adapter on Heater-Shaker Module GEN1 on slot C1, 'A12': A12 of Sample Plate on Opentrons 96 Deep Well Heater-Shaker Adapter on Heater-Shaker Module GEN1 on slot C1, 'B12': B12 of Sample Plate on Opentrons 96 Deep Well Heater-Shaker Adapter on Heater-Shaker Module GEN1 on slot C1, 'C12': C12 of Sample Plate on Opentrons 96 Deep Well Heater-Shaker Adapter on Heater-Shaker Module GEN1 on slot C1, 'D12': D12 of Sample Plate on Opentrons 96 Deep Well Heater-Shaker Adapter on Heater-Shaker Module GEN1 on slot C1, 'E12': E12 of Sample Plate on Opentrons 96 Deep Well Heater-Shaker Adapter on Heater-Shaker Module GEN1 on slot C1, 'F12': F12 of Sample Plate on Opentrons 96 Deep Well Heater-Shaker Adapter on Heater-Shaker Module GEN1 on slot C1, 'G12': G12 of Sample Plate on Opentrons 96 Deep Well Heater-Shaker Adapter on Heater-Shaker Module GEN1 on slot C1, 'H12': H12 of Sample Plate on Opentrons 96 Deep Well Heater-Shaker Adapter on Heater-Shaker Module GEN1 on slot C1}
Loading liquid into {'A1': A1 of Sample Plate on Opentrons 96 Deep Well Heater-Shaker Adapter on Heater-Shaker Module GEN1 on slot C1, 'B1': B1 of Sample Plate on Opentrons 96 Deep Well Heater-Shaker Adapter on Heater-Shaker Module GEN1 on slot C1, 'C1': C1 of Sample Plate on Opentrons 96 Deep Well Heater-Shaker Adapter on Heater-Shaker Module GEN1 on slot C1, 'D1': D1 of Sample Plate on Opentrons 96 Deep Well Heater-Shaker Adapter on Heater-Shaker Module GEN1 on slot C1, 'E1': E1 of Sample Plate on Opentrons 96 Deep Well Heater-Shaker Adapter on Heater-Shaker Module GEN1 on slot C1, 'F1': F1 of Sample Plate on Opentrons 96 Deep Well Heater-Shaker Adapter on Heater-Shaker Module GEN1 on slot C1, 'G1': G1 of Sample Plate on Opentrons 96 Deep Well Heater-Shaker Adapter on Heater-Shaker Module GEN1 on slot C1, 'H1': H1 of Sample Plate on Opentrons 96 Deep Well Heater-Shaker Adapter on Heater-Shaker Module GEN1 on slot C1, 'A2': A2 of Sample Plate on Opentrons 96 Deep Well Heater-Shaker Adapter on Heater-Shaker Module GEN1 on slot C1, 'B2': B2 of Sample Plate on Opentrons 96 Deep Well Heater-Shaker Adapter on Heater-Shaker Module GEN1 on slot C1, 'C2': C2 of Sample Plate on Opentrons 96 Deep Well Heater-Shaker Adapter on Heater-Shaker Module GEN1 on slot C1, 'D2': D2 of Sample Plate on Opentrons 96 Deep Well Heater-Shaker Adapter on Heater-Shaker Module GEN1 on slot C1, 'E2': E2 of Sample Plate on Opentrons 96 Deep Well Heater-Shaker Adapter on Heater-Shaker Module GEN1 on slot C1, 'F2': F2 of Sample Plate on Opentrons 96 Deep Well Heater-Shaker Adapter on Heater-Shaker Module GEN1 on slot C1, 'G2': G2 of Sample Plate on Opentrons 96 Deep Well Heater-Shaker Adapter on Heater-Shaker Module GEN1 on slot C1, 'H2': H2 of Sample Plate on Opentrons 96 Deep Well Heater-Shaker Adapter on Heater-Shaker Module GEN1 on slot C1, 'A3': A3 of Sample Plate on Opentrons 96 Deep Well Heater-Shaker Adapter on Heater-Shaker Module GEN1 on slot C1, 'B3': B3 of Sample Plate on Opentrons 96 Deep Well Heater-Shaker Adapter on Heater-Shaker Module GEN1 on slot C1, 'C3': C3 of Sample Plate on Opentrons 96 Deep Well Heater-Shaker Adapter on Heater-Shaker Module GEN1 on slot C1, 'D3': D3 of Sample Plate on Opentrons 96 Deep Well Heater-Shaker Adapter on Heater-Shaker Module GEN1 on slot C1, 'E3': E3 of Sample Plate on Opentrons 96 Deep Well Heater-Shaker Adapter on Heater-Shaker Module GEN1 on slot C1, 'F3': F3 of Sample Plate on Opentrons 96 Deep Well Heater-Shaker Adapter on Heater-Shaker Module GEN1 on slot C1, 'G3': G3 of Sample Plate on Opentrons 96 Deep Well Heater-Shaker Adapter on Heater-Shaker Module GEN1 on slot C1, 'H3': H3 of Sample Plate on Opentrons 96 Deep Well Heater-Shaker Adapter on Heater-Shaker Module GEN1 on slot C1, 'A4': A4 of Sample Plate on Opentrons 96 Deep Well Heater-Shaker Adapter on Heater-Shaker Module GEN1 on slot C1, 'B4': B4 of Sample Plate on Opentrons 96 Deep Well Heater-Shaker Adapter on Heater-Shaker Module GEN1 on slot C1, 'C4': C4 of Sample Plate on Opentrons 96 Deep Well Heater-Shaker Adapter on Heater-Shaker Module GEN1 on slot C1, 'D4': D4 of Sample Plate on Opentrons 96 Deep Well Heater-Shaker Adapter on Heater-Shaker Module GEN1 on slot C1, 'E4': E4 of Sample Plate on Opentrons 96 Deep Well Heater-Shaker Adapter on Heater-Shaker Module GEN1 on slot C1, 'F4': F4 of Sample Plate on Opentrons 96 Deep Well Heater-Shaker Adapter on Heater-Shaker Module GEN1 on slot C1, 'G4': G4 of Sample Plate on Opentrons 96 Deep Well Heater-Shaker Adapter on Heater-Shaker Module GEN1 on slot C1, 'H4': H4 of Sample Plate on Opentrons 96 Deep Well Heater-Shaker Adapter on Heater-Shaker Module GEN1 on slot C1, 'A5': A5 of Sample Plate on Opentrons 96 Deep Well Heater-Shaker Adapter on Heater-Shaker Module GEN1 on slot C1, 'B5': B5 of Sample Plate on Opentrons 96 Deep Well Heater-Shaker Adapter on Heater-Shaker Module GEN1 on slot C1, 'C5': C5 of Sample Plate on Opentrons 96 Deep Well Heater-Shaker Adapter on Heater-Shaker Module GEN1 on slot C1, 'D5': D5 of Sample Plate on Opentrons 96 Deep Well Heater-Shaker Adapter on Heater-Shaker Module GEN1 on slot C1, 'E5': E5 of Sample Plate on Opentrons 96 Deep Well Heater-Shaker Adapter on Heater-Shaker Module GEN1 on slot C1, 'F5': F5 of Sample Plate on Opentrons 96 Deep Well Heater-Shaker Adapter on Heater-Shaker Module GEN1 on slot C1, 'G5': G5 of Sample Plate on Opentrons 96 Deep Well Heater-Shaker Adapter on Heater-Shaker Module GEN1 on slot C1, 'H5': H5 of Sample Plate on Opentrons 96 Deep Well Heater-Shaker Adapter on Heater-Shaker Module GEN1 on slot C1, 'A6': A6 of Sample Plate on Opentrons 96 Deep Well Heater-Shaker Adapter on Heater-Shaker Module GEN1 on slot C1, 'B6': B6 of Sample Plate on Opentrons 96 Deep Well Heater-Shaker Adapter on Heater-Shaker Module GEN1 on slot C1, 'C6': C6 of Sample Plate on Opentrons 96 Deep Well Heater-Shaker Adapter on Heater-Shaker Module GEN1 on slot C1, 'D6': D6 of Sample Plate on Opentrons 96 Deep Well Heater-Shaker Adapter on Heater-Shaker Module GEN1 on slot C1, 'E6': E6 of Sample Plate on Opentrons 96 Deep Well Heater-Shaker Adapter on Heater-Shaker Module GEN1 on slot C1, 'F6': F6 of Sample Plate on Opentrons 96 Deep Well Heater-Shaker Adapter on Heater-Shaker Module GEN1 on slot C1, 'G6': G6 of Sample Plate on Opentrons 96 Deep Well Heater-Shaker Adapter on Heater-Shaker Module GEN1 on slot C1, 'H6': H6 of Sample Plate on Opentrons 96 Deep Well Heater-Shaker Adapter on Heater-Shaker Module GEN1 on slot C1, 'A7': A7 of Sample Plate on Opentrons 96 Deep Well Heater-Shaker Adapter on Heater-Shaker Module GEN1 on slot C1, 'B7': B7 of Sample Plate on Opentrons 96 Deep Well Heater-Shaker Adapter on Heater-Shaker Module GEN1 on slot C1, 'C7': C7 of Sample Plate on Opentrons 96 Deep Well Heater-Shaker Adapter on Heater-Shaker Module GEN1 on slot C1, 'D7': D7 of Sample Plate on Opentrons 96 Deep Well Heater-Shaker Adapter on Heater-Shaker Module GEN1 on slot C1, 'E7': E7 of Sample Plate on Opentrons 96 Deep Well Heater-Shaker Adapter on Heater-Shaker Module GEN1 on slot C1, 'F7': F7 of Sample Plate on Opentrons 96 Deep Well Heater-Shaker Adapter on Heater-Shaker Module GEN1 on slot C1, 'G7': G7 of Sample Plate on Opentrons 96 Deep Well Heater-Shaker Adapter on Heater-Shaker Module GEN1 on slot C1, 'H7': H7 of Sample Plate on Opentrons 96 Deep Well Heater-Shaker Adapter on Heater-Shaker Module GEN1 on slot C1, 'A8': A8 of Sample Plate on Opentrons 96 Deep Well Heater-Shaker Adapter on Heater-Shaker Module GEN1 on slot C1, 'B8': B8 of Sample Plate on Opentrons 96 Deep Well Heater-Shaker Adapter on Heater-Shaker Module GEN1 on slot C1, 'C8': C8 of Sample Plate on Opentrons 96 Deep Well Heater-Shaker Adapter on Heater-Shaker Module GEN1 on slot C1, 'D8': D8 of Sample Plate on Opentrons 96 Deep Well Heater-Shaker Adapter on Heater-Shaker Module GEN1 on slot C1, 'E8': E8 of Sample Plate on Opentrons 96 Deep Well Heater-Shaker Adapter on Heater-Shaker Module GEN1 on slot C1, 'F8': F8 of Sample Plate on Opentrons 96 Deep Well Heater-Shaker Adapter on Heater-Shaker Module GEN1 on slot C1, 'G8': G8 of Sample Plate on Opentrons 96 Deep Well Heater-Shaker Adapter on Heater-Shaker Module GEN1 on slot C1, 'H8': H8 of Sample Plate on Opentrons 96 Deep Well Heater-Shaker Adapter on Heater-Shaker Module GEN1 on slot C1, 'A9': A9 of Sample Plate on Opentrons 96 Deep Well Heater-Shaker Adapter on Heater-Shaker Module GEN1 on slot C1, 'B9': B9 of Sample Plate on Opentrons 96 Deep Well Heater-Shaker Adapter on Heater-Shaker Module GEN1 on slot C1, 'C9': C9 of Sample Plate on Opentrons 96 Deep Well Heater-Shaker Adapter on Heater-Shaker Module GEN1 on slot C1, 'D9': D9 of Sample Plate on Opentrons 96 Deep Well Heater-Shaker Adapter on Heater-Shaker Module GEN1 on slot C1, 'E9': E9 of Sample Plate on Opentrons 96 Deep Well Heater-Shaker Adapter on Heater-Shaker Module GEN1 on slot C1, 'F9': F9 of Sample Plate on Opentrons 96 Deep Well Heater-Shaker Adapter on Heater-Shaker Module GEN1 on slot C1, 'G9': G9 of Sample Plate on Opentrons 96 Deep Well Heater-Shaker Adapter on Heater-Shaker Module GEN1 on slot C1, 'H9': H9 of Sample Plate on Opentrons 96 Deep Well Heater-Shaker Adapter on Heater-Shaker Module GEN1 on slot C1, 'A10': A10 of Sample Plate on Opentrons 96 Deep Well Heater-Shaker Adapter on Heater-Shaker Module GEN1 on slot C1, 'B10': B10 of Sample Plate on Opentrons 96 Deep Well Heater-Shaker Adapter on Heater-Shaker Module GEN1 on slot C1, 'C10': C10 of Sample Plate on Opentrons 96 Deep Well Heater-Shaker Adapter on Heater-Shaker Module GEN1 on slot C1, 'D10': D10 of Sample Plate on Opentrons 96 Deep Well Heater-Shaker Adapter on Heater-Shaker Module GEN1 on slot C1, 'E10': E10 of Sample Plate on Opentrons 96 Deep Well Heater-Shaker Adapter on Heater-Shaker Module GEN1 on slot C1, 'F10': F10 of Sample Plate on Opentrons 96 Deep Well Heater-Shaker Adapter on Heater-Shaker Module GEN1 on slot C1, 'G10': G10 of Sample Plate on Opentrons 96 Deep Well Heater-Shaker Adapter on Heater-Shaker Module GEN1 on slot C1, 'H10': H10 of Sample Plate on Opentrons 96 Deep Well Heater-Shaker Adapter on Heater-Shaker Module GEN1 on slot C1, 'A11': A11 of Sample Plate on Opentrons 96 Deep Well Heater-Shaker Adapter on Heater-Shaker Module GEN1 on slot C1, 'B11': B11 of Sample Plate on Opentrons 96 Deep Well Heater-Shaker Adapter on Heater-Shaker Module GEN1 on slot C1, 'C11': C11 of Sample Plate on Opentrons 96 Deep Well Heater-Shaker Adapter on Heater-Shaker Module GEN1 on slot C1, 'D11': D11 of Sample Plate on Opentrons 96 Deep Well Heater-Shaker Adapter on Heater-Shaker Module GEN1 on slot C1, 'E11': E11 of Sample Plate on Opentrons 96 Deep Well Heater-Shaker Adapter on Heater-Shaker Module GEN1 on slot C1, 'F11': F11 of Sample Plate on Opentrons 96 Deep Well Heater-Shaker Adapter on Heater-Shaker Module GEN1 on slot C1, 'G11': G11 of Sample Plate on Opentrons 96 Deep Well Heater-Shaker Adapter on Heater-Shaker Module GEN1 on slot C1, 'H11': H11 of Sample Plate on Opentrons 96 Deep Well Heater-Shaker Adapter on Heater-Shaker Module GEN1 on slot C1, 'A12': A12 of Sample Plate on Opentrons 96 Deep Well Heater-Shaker Adapter on Heater-Shaker Module GEN1 on slot C1, 'B12': B12 of Sample Plate on Opentrons 96 Deep Well Heater-Shaker Adapter on Heater-Shaker Module GEN1 on slot C1, 'C12': C12 of Sample Plate on Opentrons 96 Deep Well Heater-Shaker Adapter on Heater-Shaker Module GEN1 on slot C1, 'D12': D12 of Sample Plate on Opentrons 96 Deep Well Heater-Shaker Adapter on Heater-Shaker Module GEN1 on slot C1, 'E12': E12 of Sample Plate on Opentrons 96 Deep Well Heater-Shaker Adapter on Heater-Shaker Module GEN1 on slot C1, 'F12': F12 of Sample Plate on Opentrons 96 Deep Well Heater-Shaker Adapter on Heater-Shaker Module GEN1 on slot C1, 'G12': G12 of Sample Plate on Opentrons 96 Deep Well Heater-Shaker Adapter on Heater-Shaker Module GEN1 on slot C1, 'H12': H12 of Sample Plate on Opentrons 96 Deep Well Heater-Shaker Adapter on Heater-Shaker Module GEN1 on slot C1}
Loading liquid into {'A1': A1 of Sample Plate on Opentrons 96 Deep Well Heater-Shaker Adapter on Heater-Shaker Module GEN1 on slot C1, 'B1': B1 of Sample Plate on Opentrons 96 Deep Well Heater-Shaker Adapter on Heater-Shaker Module GEN1 on slot C1, 'C1': C1 of Sample Plate on Opentrons 96 Deep Well Heater-Shaker Adapter on Heater-Shaker Module GEN1 on slot C1, 'D1': D1 of Sample Plate on Opentrons 96 Deep Well Heater-Shaker Adapter on Heater-Shaker Module GEN1 on slot C1, 'E1': E1 of Sample Plate on Opentrons 96 Deep Well Heater-Shaker Adapter on Heater-Shaker Module GEN1 on slot C1, 'F1': F1 of Sample Plate on Opentrons 96 Deep Well Heater-Shaker Adapter on Heater-Shaker Module GEN1 on slot C1, 'G1': G1 of Sample Plate on Opentrons 96 Deep Well Heater-Shaker Adapter on Heater-Shaker Module GEN1 on slot C1, 'H1': H1 of Sample Plate on Opentrons 96 Deep Well Heater-Shaker Adapter on Heater-Shaker Module GEN1 on slot C1, 'A2': A2 of Sample Plate on Opentrons 96 Deep Well Heater-Shaker Adapter on Heater-Shaker Module GEN1 on slot C1, 'B2': B2 of Sample Plate on Opentrons 96 Deep Well Heater-Shaker Adapter on Heater-Shaker Module GEN1 on slot C1, 'C2': C2 of Sample Plate on Opentrons 96 Deep Well Heater-Shaker Adapter on Heater-Shaker Module GEN1 on slot C1, 'D2': D2 of Sample Plate on Opentrons 96 Deep Well Heater-Shaker Adapter on Heater-Shaker Module GEN1 on slot C1, 'E2': E2 of Sample Plate on Opentrons 96 Deep Well Heater-Shaker Adapter on Heater-Shaker Module GEN1 on slot C1, 'F2': F2 of Sample Plate on Opentrons 96 Deep Well Heater-Shaker Adapter on Heater-Shaker Module GEN1 on slot C1, 'G2': G2 of Sample Plate on Opentrons 96 Deep Well Heater-Shaker Adapter on Heater-Shaker Module GEN1 on slot C1, 'H2': H2 of Sample Plate on Opentrons 96 Deep Well Heater-Shaker Adapter on Heater-Shaker Module GEN1 on slot C1, 'A3': A3 of Sample Plate on Opentrons 96 Deep Well Heater-Shaker Adapter on Heater-Shaker Module GEN1 on slot C1, 'B3': B3 of Sample Plate on Opentrons 96 Deep Well Heater-Shaker Adapter on Heater-Shaker Module GEN1 on slot C1, 'C3': C3 of Sample Plate on Opentrons 96 Deep Well Heater-Shaker Adapter on Heater-Shaker Module GEN1 on slot C1, 'D3': D3 of Sample Plate on Opentrons 96 Deep Well Heater-Shaker Adapter on Heater-Shaker Module GEN1 on slot C1, 'E3': E3 of Sample Plate on Opentrons 96 Deep Well Heater-Shaker Adapter on Heater-Shaker Module GEN1 on slot C1, 'F3': F3 of Sample Plate on Opentrons 96 Deep Well Heater-Shaker Adapter on Heater-Shaker Module GEN1 on slot C1, 'G3': G3 of Sample Plate on Opentrons 96 Deep Well Heater-Shaker Adapter on Heater-Shaker Module GEN1 on slot C1, 'H3': H3 of Sample Plate on Opentrons 96 Deep Well Heater-Shaker Adapter on Heater-Shaker Module GEN1 on slot C1, 'A4': A4 of Sample Plate on Opentrons 96 Deep Well Heater-Shaker Adapter on Heater-Shaker Module GEN1 on slot C1, 'B4': B4 of Sample Plate on Opentrons 96 Deep Well Heater-Shaker Adapter on Heater-Shaker Module GEN1 on slot C1, 'C4': C4 of Sample Plate on Opentrons 96 Deep Well Heater-Shaker Adapter on Heater-Shaker Module GEN1 on slot C1, 'D4': D4 of Sample Plate on Opentrons 96 Deep Well Heater-Shaker Adapter on Heater-Shaker Module GEN1 on slot C1, 'E4': E4 of Sample Plate on Opentrons 96 Deep Well Heater-Shaker Adapter on Heater-Shaker Module GEN1 on slot C1, 'F4': F4 of Sample Plate on Opentrons 96 Deep Well Heater-Shaker Adapter on Heater-Shaker Module GEN1 on slot C1, 'G4': G4 of Sample Plate on Opentrons 96 Deep Well Heater-Shaker Adapter on Heater-Shaker Module GEN1 on slot C1, 'H4': H4 of Sample Plate on Opentrons 96 Deep Well Heater-Shaker Adapter on Heater-Shaker Module GEN1 on slot C1, 'A5': A5 of Sample Plate on Opentrons 96 Deep Well Heater-Shaker Adapter on Heater-Shaker Module GEN1 on slot C1, 'B5': B5 of Sample Plate on Opentrons 96 Deep Well Heater-Shaker Adapter on Heater-Shaker Module GEN1 on slot C1, 'C5': C5 of Sample Plate on Opentrons 96 Deep Well Heater-Shaker Adapter on Heater-Shaker Module GEN1 on slot C1, 'D5': D5 of Sample Plate on Opentrons 96 Deep Well Heater-Shaker Adapter on Heater-Shaker Module GEN1 on slot C1, 'E5': E5 of Sample Plate on Opentrons 96 Deep Well Heater-Shaker Adapter on Heater-Shaker Module GEN1 on slot C1, 'F5': F5 of Sample Plate on Opentrons 96 Deep Well Heater-Shaker Adapter on Heater-Shaker Module GEN1 on slot C1, 'G5': G5 of Sample Plate on Opentrons 96 Deep Well Heater-Shaker Adapter on Heater-Shaker Module GEN1 on slot C1, 'H5': H5 of Sample Plate on Opentrons 96 Deep Well Heater-Shaker Adapter on Heater-Shaker Module GEN1 on slot C1, 'A6': A6 of Sample Plate on Opentrons 96 Deep Well Heater-Shaker Adapter on Heater-Shaker Module GEN1 on slot C1, 'B6': B6 of Sample Plate on Opentrons 96 Deep Well Heater-Shaker Adapter on Heater-Shaker Module GEN1 on slot C1, 'C6': C6 of Sample Plate on Opentrons 96 Deep Well Heater-Shaker Adapter on Heater-Shaker Module GEN1 on slot C1, 'D6': D6 of Sample Plate on Opentrons 96 Deep Well Heater-Shaker Adapter on Heater-Shaker Module GEN1 on slot C1, 'E6': E6 of Sample Plate on Opentrons 96 Deep Well Heater-Shaker Adapter on Heater-Shaker Module GEN1 on slot C1, 'F6': F6 of Sample Plate on Opentrons 96 Deep Well Heater-Shaker Adapter on Heater-Shaker Module GEN1 on slot C1, 'G6': G6 of Sample Plate on Opentrons 96 Deep Well Heater-Shaker Adapter on Heater-Shaker Module GEN1 on slot C1, 'H6': H6 of Sample Plate on Opentrons 96 Deep Well Heater-Shaker Adapter on Heater-Shaker Module GEN1 on slot C1, 'A7': A7 of Sample Plate on Opentrons 96 Deep Well Heater-Shaker Adapter on Heater-Shaker Module GEN1 on slot C1, 'B7': B7 of Sample Plate on Opentrons 96 Deep Well Heater-Shaker Adapter on Heater-Shaker Module GEN1 on slot C1, 'C7': C7 of Sample Plate on Opentrons 96 Deep Well Heater-Shaker Adapter on Heater-Shaker Module GEN1 on slot C1, 'D7': D7 of Sample Plate on Opentrons 96 Deep Well Heater-Shaker Adapter on Heater-Shaker Module GEN1 on slot C1, 'E7': E7 of Sample Plate on Opentrons 96 Deep Well Heater-Shaker Adapter on Heater-Shaker Module GEN1 on slot C1, 'F7': F7 of Sample Plate on Opentrons 96 Deep Well Heater-Shaker Adapter on Heater-Shaker Module GEN1 on slot C1, 'G7': G7 of Sample Plate on Opentrons 96 Deep Well Heater-Shaker Adapter on Heater-Shaker Module GEN1 on slot C1, 'H7': H7 of Sample Plate on Opentrons 96 Deep Well Heater-Shaker Adapter on Heater-Shaker Module GEN1 on slot C1, 'A8': A8 of Sample Plate on Opentrons 96 Deep Well Heater-Shaker Adapter on Heater-Shaker Module GEN1 on slot C1, 'B8': B8 of Sample Plate on Opentrons 96 Deep Well Heater-Shaker Adapter on Heater-Shaker Module GEN1 on slot C1, 'C8': C8 of Sample Plate on Opentrons 96 Deep Well Heater-Shaker Adapter on Heater-Shaker Module GEN1 on slot C1, 'D8': D8 of Sample Plate on Opentrons 96 Deep Well Heater-Shaker Adapter on Heater-Shaker Module GEN1 on slot C1, 'E8': E8 of Sample Plate on Opentrons 96 Deep Well Heater-Shaker Adapter on Heater-Shaker Module GEN1 on slot C1, 'F8': F8 of Sample Plate on Opentrons 96 Deep Well Heater-Shaker Adapter on Heater-Shaker Module GEN1 on slot C1, 'G8': G8 of Sample Plate on Opentrons 96 Deep Well Heater-Shaker Adapter on Heater-Shaker Module GEN1 on slot C1, 'H8': H8 of Sample Plate on Opentrons 96 Deep Well Heater-Shaker Adapter on Heater-Shaker Module GEN1 on slot C1, 'A9': A9 of Sample Plate on Opentrons 96 Deep Well Heater-Shaker Adapter on Heater-Shaker Module GEN1 on slot C1, 'B9': B9 of Sample Plate on Opentrons 96 Deep Well Heater-Shaker Adapter on Heater-Shaker Module GEN1 on slot C1, 'C9': C9 of Sample Plate on Opentrons 96 Deep Well Heater-Shaker Adapter on Heater-Shaker Module GEN1 on slot C1, 'D9': D9 of Sample Plate on Opentrons 96 Deep Well Heater-Shaker Adapter on Heater-Shaker Module GEN1 on slot C1, 'E9': E9 of Sample Plate on Opentrons 96 Deep Well Heater-Shaker Adapter on Heater-Shaker Module GEN1 on slot C1, 'F9': F9 of Sample Plate on Opentrons 96 Deep Well Heater-Shaker Adapter on Heater-Shaker Module GEN1 on slot C1, 'G9': G9 of Sample Plate on Opentrons 96 Deep Well Heater-Shaker Adapter on Heater-Shaker Module GEN1 on slot C1, 'H9': H9 of Sample Plate on Opentrons 96 Deep Well Heater-Shaker Adapter on Heater-Shaker Module GEN1 on slot C1, 'A10': A10 of Sample Plate on Opentrons 96 Deep Well Heater-Shaker Adapter on Heater-Shaker Module GEN1 on slot C1, 'B10': B10 of Sample Plate on Opentrons 96 Deep Well Heater-Shaker Adapter on Heater-Shaker Module GEN1 on slot C1, 'C10': C10 of Sample Plate on Opentrons 96 Deep Well Heater-Shaker Adapter on Heater-Shaker Module GEN1 on slot C1, 'D10': D10 of Sample Plate on Opentrons 96 Deep Well Heater-Shaker Adapter on Heater-Shaker Module GEN1 on slot C1, 'E10': E10 of Sample Plate on Opentrons 96 Deep Well Heater-Shaker Adapter on Heater-Shaker Module GEN1 on slot C1, 'F10': F10 of Sample Plate on Opentrons 96 Deep Well Heater-Shaker Adapter on Heater-Shaker Module GEN1 on slot C1, 'G10': G10 of Sample Plate on Opentrons 96 Deep Well Heater-Shaker Adapter on Heater-Shaker Module GEN1 on slot C1, 'H10': H10 of Sample Plate on Opentrons 96 Deep Well Heater-Shaker Adapter on Heater-Shaker Module GEN1 on slot C1, 'A11': A11 of Sample Plate on Opentrons 96 Deep Well Heater-Shaker Adapter on Heater-Shaker Module GEN1 on slot C1, 'B11': B11 of Sample Plate on Opentrons 96 Deep Well Heater-Shaker Adapter on Heater-Shaker Module GEN1 on slot C1, 'C11': C11 of Sample Plate on Opentrons 96 Deep Well Heater-Shaker Adapter on Heater-Shaker Module GEN1 on slot C1, 'D11': D11 of Sample Plate on Opentrons 96 Deep Well Heater-Shaker Adapter on Heater-Shaker Module GEN1 on slot C1, 'E11': E11 of Sample Plate on Opentrons 96 Deep Well Heater-Shaker Adapter on Heater-Shaker Module GEN1 on slot C1, 'F11': F11 of Sample Plate on Opentrons 96 Deep Well Heater-Shaker Adapter on Heater-Shaker Module GEN1 on slot C1, 'G11': G11 of Sample Plate on Opentrons 96 Deep Well Heater-Shaker Adapter on Heater-Shaker Module GEN1 on slot C1, 'H11': H11 of Sample Plate on Opentrons 96 Deep Well Heater-Shaker Adapter on Heater-Shaker Module GEN1 on slot C1, 'A12': A12 of Sample Plate on Opentrons 96 Deep Well Heater-Shaker Adapter on Heater-Shaker Module GEN1 on slot C1, 'B12': B12 of Sample Plate on Opentrons 96 Deep Well Heater-Shaker Adapter on Heater-Shaker Module GEN1 on slot C1, 'C12': C12 of Sample Plate on Opentrons 96 Deep Well Heater-Shaker Adapter on Heater-Shaker Module GEN1 on slot C1, 'D12': D12 of Sample Plate on Opentrons 96 Deep Well Heater-Shaker Adapter on Heater-Shaker Module GEN1 on slot C1, 'E12': E12 of Sample Plate on Opentrons 96 Deep Well Heater-Shaker Adapter on Heater-Shaker Module GEN1 on slot C1, 'F12': F12 of Sample Plate on Opentrons 96 Deep Well Heater-Shaker Adapter on Heater-Shaker Module GEN1 on slot C1, 'G12': G12 of Sample Plate on Opentrons 96 Deep Well Heater-Shaker Adapter on Heater-Shaker Module GEN1 on slot C1, 'H12': H12 of Sample Plate on Opentrons 96 Deep Well Heater-Shaker Adapter on Heater-Shaker Module GEN1 on slot C1}
Loading liquid into {'A1': A1 of Sample Plate on Opentrons 96 Deep Well Heater-Shaker Adapter on Heater-Shaker Module GEN1 on slot C1, 'B1': B1 of Sample Plate on Opentrons 96 Deep Well Heater-Shaker Adapter on Heater-Shaker Module GEN1 on slot C1, 'C1': C1 of Sample Plate on Opentrons 96 Deep Well Heater-Shaker Adapter on Heater-Shaker Module GEN1 on slot C1, 'D1': D1 of Sample Plate on Opentrons 96 Deep Well Heater-Shaker Adapter on Heater-Shaker Module GEN1 on slot C1, 'E1': E1 of Sample Plate on Opentrons 96 Deep Well Heater-Shaker Adapter on Heater-Shaker Module GEN1 on slot C1, 'F1': F1 of Sample Plate on Opentrons 96 Deep Well Heater-Shaker Adapter on Heater-Shaker Module GEN1 on slot C1, 'G1': G1 of Sample Plate on Opentrons 96 Deep Well Heater-Shaker Adapter on Heater-Shaker Module GEN1 on slot C1, 'H1': H1 of Sample Plate on Opentrons 96 Deep Well Heater-Shaker Adapter on Heater-Shaker Module GEN1 on slot C1, 'A2': A2 of Sample Plate on Opentrons 96 Deep Well Heater-Shaker Adapter on Heater-Shaker Module GEN1 on slot C1, 'B2': B2 of Sample Plate on Opentrons 96 Deep Well Heater-Shaker Adapter on Heater-Shaker Module GEN1 on slot C1, 'C2': C2 of Sample Plate on Opentrons 96 Deep Well Heater-Shaker Adapter on Heater-Shaker Module GEN1 on slot C1, 'D2': D2 of Sample Plate on Opentrons 96 Deep Well Heater-Shaker Adapter on Heater-Shaker Module GEN1 on slot C1, 'E2': E2 of Sample Plate on Opentrons 96 Deep Well Heater-Shaker Adapter on Heater-Shaker Module GEN1 on slot C1, 'F2': F2 of Sample Plate on Opentrons 96 Deep Well Heater-Shaker Adapter on Heater-Shaker Module GEN1 on slot C1, 'G2': G2 of Sample Plate on Opentrons 96 Deep Well Heater-Shaker Adapter on Heater-Shaker Module GEN1 on slot C1, 'H2': H2 of Sample Plate on Opentrons 96 Deep Well Heater-Shaker Adapter on Heater-Shaker Module GEN1 on slot C1, 'A3': A3 of Sample Plate on Opentrons 96 Deep Well Heater-Shaker Adapter on Heater-Shaker Module GEN1 on slot C1, 'B3': B3 of Sample Plate on Opentrons 96 Deep Well Heater-Shaker Adapter on Heater-Shaker Module GEN1 on slot C1, 'C3': C3 of Sample Plate on Opentrons 96 Deep Well Heater-Shaker Adapter on Heater-Shaker Module GEN1 on slot C1, 'D3': D3 of Sample Plate on Opentrons 96 Deep Well Heater-Shaker Adapter on Heater-Shaker Module GEN1 on slot C1, 'E3': E3 of Sample Plate on Opentrons 96 Deep Well Heater-Shaker Adapter on Heater-Shaker Module GEN1 on slot C1, 'F3': F3 of Sample Plate on Opentrons 96 Deep Well Heater-Shaker Adapter on Heater-Shaker Module GEN1 on slot C1, 'G3': G3 of Sample Plate on Opentrons 96 Deep Well Heater-Shaker Adapter on Heater-Shaker Module GEN1 on slot C1, 'H3': H3 of Sample Plate on Opentrons 96 Deep Well Heater-Shaker Adapter on Heater-Shaker Module GEN1 on slot C1, 'A4': A4 of Sample Plate on Opentrons 96 Deep Well Heater-Shaker Adapter on Heater-Shaker Module GEN1 on slot C1, 'B4': B4 of Sample Plate on Opentrons 96 Deep Well Heater-Shaker Adapter on Heater-Shaker Module GEN1 on slot C1, 'C4': C4 of Sample Plate on Opentrons 96 Deep Well Heater-Shaker Adapter on Heater-Shaker Module GEN1 on slot C1, 'D4': D4 of Sample Plate on Opentrons 96 Deep Well Heater-Shaker Adapter on Heater-Shaker Module GEN1 on slot C1, 'E4': E4 of Sample Plate on Opentrons 96 Deep Well Heater-Shaker Adapter on Heater-Shaker Module GEN1 on slot C1, 'F4': F4 of Sample Plate on Opentrons 96 Deep Well Heater-Shaker Adapter on Heater-Shaker Module GEN1 on slot C1, 'G4': G4 of Sample Plate on Opentrons 96 Deep Well Heater-Shaker Adapter on Heater-Shaker Module GEN1 on slot C1, 'H4': H4 of Sample Plate on Opentrons 96 Deep Well Heater-Shaker Adapter on Heater-Shaker Module GEN1 on slot C1, 'A5': A5 of Sample Plate on Opentrons 96 Deep Well Heater-Shaker Adapter on Heater-Shaker Module GEN1 on slot C1, 'B5': B5 of Sample Plate on Opentrons 96 Deep Well Heater-Shaker Adapter on Heater-Shaker Module GEN1 on slot C1, 'C5': C5 of Sample Plate on Opentrons 96 Deep Well Heater-Shaker Adapter on Heater-Shaker Module GEN1 on slot C1, 'D5': D5 of Sample Plate on Opentrons 96 Deep Well Heater-Shaker Adapter on Heater-Shaker Module GEN1 on slot C1, 'E5': E5 of Sample Plate on Opentrons 96 Deep Well Heater-Shaker Adapter on Heater-Shaker Module GEN1 on slot C1, 'F5': F5 of Sample Plate on Opentrons 96 Deep Well Heater-Shaker Adapter on Heater-Shaker Module GEN1 on slot C1, 'G5': G5 of Sample Plate on Opentrons 96 Deep Well Heater-Shaker Adapter on Heater-Shaker Module GEN1 on slot C1, 'H5': H5 of Sample Plate on Opentrons 96 Deep Well Heater-Shaker Adapter on Heater-Shaker Module GEN1 on slot C1, 'A6': A6 of Sample Plate on Opentrons 96 Deep Well Heater-Shaker Adapter on Heater-Shaker Module GEN1 on slot C1, 'B6': B6 of Sample Plate on Opentrons 96 Deep Well Heater-Shaker Adapter on Heater-Shaker Module GEN1 on slot C1, 'C6': C6 of Sample Plate on Opentrons 96 Deep Well Heater-Shaker Adapter on Heater-Shaker Module GEN1 on slot C1, 'D6': D6 of Sample Plate on Opentrons 96 Deep Well Heater-Shaker Adapter on Heater-Shaker Module GEN1 on slot C1, 'E6': E6 of Sample Plate on Opentrons 96 Deep Well Heater-Shaker Adapter on Heater-Shaker Module GEN1 on slot C1, 'F6': F6 of Sample Plate on Opentrons 96 Deep Well Heater-Shaker Adapter on Heater-Shaker Module GEN1 on slot C1, 'G6': G6 of Sample Plate on Opentrons 96 Deep Well Heater-Shaker Adapter on Heater-Shaker Module GEN1 on slot C1, 'H6': H6 of Sample Plate on Opentrons 96 Deep Well Heater-Shaker Adapter on Heater-Shaker Module GEN1 on slot C1, 'A7': A7 of Sample Plate on Opentrons 96 Deep Well Heater-Shaker Adapter on Heater-Shaker Module GEN1 on slot C1, 'B7': B7 of Sample Plate on Opentrons 96 Deep Well Heater-Shaker Adapter on Heater-Shaker Module GEN1 on slot C1, 'C7': C7 of Sample Plate on Opentrons 96 Deep Well Heater-Shaker Adapter on Heater-Shaker Module GEN1 on slot C1, 'D7': D7 of Sample Plate on Opentrons 96 Deep Well Heater-Shaker Adapter on Heater-Shaker Module GEN1 on slot C1, 'E7': E7 of Sample Plate on Opentrons 96 Deep Well Heater-Shaker Adapter on Heater-Shaker Module GEN1 on slot C1, 'F7': F7 of Sample Plate on Opentrons 96 Deep Well Heater-Shaker Adapter on Heater-Shaker Module GEN1 on slot C1, 'G7': G7 of Sample Plate on Opentrons 96 Deep Well Heater-Shaker Adapter on Heater-Shaker Module GEN1 on slot C1, 'H7': H7 of Sample Plate on Opentrons 96 Deep Well Heater-Shaker Adapter on Heater-Shaker Module GEN1 on slot C1, 'A8': A8 of Sample Plate on Opentrons 96 Deep Well Heater-Shaker Adapter on Heater-Shaker Module GEN1 on slot C1, 'B8': B8 of Sample Plate on Opentrons 96 Deep Well Heater-Shaker Adapter on Heater-Shaker Module GEN1 on slot C1, 'C8': C8 of Sample Plate on Opentrons 96 Deep Well Heater-Shaker Adapter on Heater-Shaker Module GEN1 on slot C1, 'D8': D8 of Sample Plate on Opentrons 96 Deep Well Heater-Shaker Adapter on Heater-Shaker Module GEN1 on slot C1, 'E8': E8 of Sample Plate on Opentrons 96 Deep Well Heater-Shaker Adapter on Heater-Shaker Module GEN1 on slot C1, 'F8': F8 of Sample Plate on Opentrons 96 Deep Well Heater-Shaker Adapter on Heater-Shaker Module GEN1 on slot C1, 'G8': G8 of Sample Plate on Opentrons 96 Deep Well Heater-Shaker Adapter on Heater-Shaker Module GEN1 on slot C1, 'H8': H8 of Sample Plate on Opentrons 96 Deep Well Heater-Shaker Adapter on Heater-Shaker Module GEN1 on slot C1, 'A9': A9 of Sample Plate on Opentrons 96 Deep Well Heater-Shaker Adapter on Heater-Shaker Module GEN1 on slot C1, 'B9': B9 of Sample Plate on Opentrons 96 Deep Well Heater-Shaker Adapter on Heater-Shaker Module GEN1 on slot C1, 'C9': C9 of Sample Plate on Opentrons 96 Deep Well Heater-Shaker Adapter on Heater-Shaker Module GEN1 on slot C1, 'D9': D9 of Sample Plate on Opentrons 96 Deep Well Heater-Shaker Adapter on Heater-Shaker Module GEN1 on slot C1, 'E9': E9 of Sample Plate on Opentrons 96 Deep Well Heater-Shaker Adapter on Heater-Shaker Module GEN1 on slot C1, 'F9': F9 of Sample Plate on Opentrons 96 Deep Well Heater-Shaker Adapter on Heater-Shaker Module GEN1 on slot C1, 'G9': G9 of Sample Plate on Opentrons 96 Deep Well Heater-Shaker Adapter on Heater-Shaker Module GEN1 on slot C1, 'H9': H9 of Sample Plate on Opentrons 96 Deep Well Heater-Shaker Adapter on Heater-Shaker Module GEN1 on slot C1, 'A10': A10 of Sample Plate on Opentrons 96 Deep Well Heater-Shaker Adapter on Heater-Shaker Module GEN1 on slot C1, 'B10': B10 of Sample Plate on Opentrons 96 Deep Well Heater-Shaker Adapter on Heater-Shaker Module GEN1 on slot C1, 'C10': C10 of Sample Plate on Opentrons 96 Deep Well Heater-Shaker Adapter on Heater-Shaker Module GEN1 on slot C1, 'D10': D10 of Sample Plate on Opentrons 96 Deep Well Heater-Shaker Adapter on Heater-Shaker Module GEN1 on slot C1, 'E10': E10 of Sample Plate on Opentrons 96 Deep Well Heater-Shaker Adapter on Heater-Shaker Module GEN1 on slot C1, 'F10': F10 of Sample Plate on Opentrons 96 Deep Well Heater-Shaker Adapter on Heater-Shaker Module GEN1 on slot C1, 'G10': G10 of Sample Plate on Opentrons 96 Deep Well Heater-Shaker Adapter on Heater-Shaker Module GEN1 on slot C1, 'H10': H10 of Sample Plate on Opentrons 96 Deep Well Heater-Shaker Adapter on Heater-Shaker Module GEN1 on slot C1, 'A11': A11 of Sample Plate on Opentrons 96 Deep Well Heater-Shaker Adapter on Heater-Shaker Module GEN1 on slot C1, 'B11': B11 of Sample Plate on Opentrons 96 Deep Well Heater-Shaker Adapter on Heater-Shaker Module GEN1 on slot C1, 'C11': C11 of Sample Plate on Opentrons 96 Deep Well Heater-Shaker Adapter on Heater-Shaker Module GEN1 on slot C1, 'D11': D11 of Sample Plate on Opentrons 96 Deep Well Heater-Shaker Adapter on Heater-Shaker Module GEN1 on slot C1, 'E11': E11 of Sample Plate on Opentrons 96 Deep Well Heater-Shaker Adapter on Heater-Shaker Module GEN1 on slot C1, 'F11': F11 of Sample Plate on Opentrons 96 Deep Well Heater-Shaker Adapter on Heater-Shaker Module GEN1 on slot C1, 'G11': G11 of Sample Plate on Opentrons 96 Deep Well Heater-Shaker Adapter on Heater-Shaker Module GEN1 on slot C1, 'H11': H11 of Sample Plate on Opentrons 96 Deep Well Heater-Shaker Adapter on Heater-Shaker Module GEN1 on slot C1, 'A12': A12 of Sample Plate on Opentrons 96 Deep Well Heater-Shaker Adapter on Heater-Shaker Module GEN1 on slot C1, 'B12': B12 of Sample Plate on Opentrons 96 Deep Well Heater-Shaker Adapter on Heater-Shaker Module GEN1 on slot C1, 'C12': C12 of Sample Plate on Opentrons 96 Deep Well Heater-Shaker Adapter on Heater-Shaker Module GEN1 on slot C1, 'D12': D12 of Sample Plate on Opentrons 96 Deep Well Heater-Shaker Adapter on Heater-Shaker Module GEN1 on slot C1, 'E12': E12 of Sample Plate on Opentrons 96 Deep Well Heater-Shaker Adapter on Heater-Shaker Module GEN1 on slot C1, 'F12': F12 of Sample Plate on Opentrons 96 Deep Well Heater-Shaker Adapter on Heater-Shaker Module GEN1 on slot C1, 'G12': G12 of Sample Plate on Opentrons 96 Deep Well Heater-Shaker Adapter on Heater-Shaker Module GEN1 on slot C1, 'H12': H12 of Sample Plate on Opentrons 96 Deep Well Heater-Shaker Adapter on Heater-Shaker Module GEN1 on slot C1}
Loading liquid into {'A1': A1 of Sample Plate on Opentrons 96 Deep Well Heater-Shaker Adapter on Heater-Shaker Module GEN1 on slot C1, 'B1': B1 of Sample Plate on Opentrons 96 Deep Well Heater-Shaker Adapter on Heater-Shaker Module GEN1 on slot C1, 'C1': C1 of Sample Plate on Opentrons 96 Deep Well Heater-Shaker Adapter on Heater-Shaker Module GEN1 on slot C1, 'D1': D1 of Sample Plate on Opentrons 96 Deep Well Heater-Shaker Adapter on Heater-Shaker Module GEN1 on slot C1, 'E1': E1 of Sample Plate on Opentrons 96 Deep Well Heater-Shaker Adapter on Heater-Shaker Module GEN1 on slot C1, 'F1': F1 of Sample Plate on Opentrons 96 Deep Well Heater-Shaker Adapter on Heater-Shaker Module GEN1 on slot C1, 'G1': G1 of Sample Plate on Opentrons 96 Deep Well Heater-Shaker Adapter on Heater-Shaker Module GEN1 on slot C1, 'H1': H1 of Sample Plate on Opentrons 96 Deep Well Heater-Shaker Adapter on Heater-Shaker Module GEN1 on slot C1, 'A2': A2 of Sample Plate on Opentrons 96 Deep Well Heater-Shaker Adapter on Heater-Shaker Module GEN1 on slot C1, 'B2': B2 of Sample Plate on Opentrons 96 Deep Well Heater-Shaker Adapter on Heater-Shaker Module GEN1 on slot C1, 'C2': C2 of Sample Plate on Opentrons 96 Deep Well Heater-Shaker Adapter on Heater-Shaker Module GEN1 on slot C1, 'D2': D2 of Sample Plate on Opentrons 96 Deep Well Heater-Shaker Adapter on Heater-Shaker Module GEN1 on slot C1, 'E2': E2 of Sample Plate on Opentrons 96 Deep Well Heater-Shaker Adapter on Heater-Shaker Module GEN1 on slot C1, 'F2': F2 of Sample Plate on Opentrons 96 Deep Well Heater-Shaker Adapter on Heater-Shaker Module GEN1 on slot C1, 'G2': G2 of Sample Plate on Opentrons 96 Deep Well Heater-Shaker Adapter on Heater-Shaker Module GEN1 on slot C1, 'H2': H2 of Sample Plate on Opentrons 96 Deep Well Heater-Shaker Adapter on Heater-Shaker Module GEN1 on slot C1, 'A3': A3 of Sample Plate on Opentrons 96 Deep Well Heater-Shaker Adapter on Heater-Shaker Module GEN1 on slot C1, 'B3': B3 of Sample Plate on Opentrons 96 Deep Well Heater-Shaker Adapter on Heater-Shaker Module GEN1 on slot C1, 'C3': C3 of Sample Plate on Opentrons 96 Deep Well Heater-Shaker Adapter on Heater-Shaker Module GEN1 on slot C1, 'D3': D3 of Sample Plate on Opentrons 96 Deep Well Heater-Shaker Adapter on Heater-Shaker Module GEN1 on slot C1, 'E3': E3 of Sample Plate on Opentrons 96 Deep Well Heater-Shaker Adapter on Heater-Shaker Module GEN1 on slot C1, 'F3': F3 of Sample Plate on Opentrons 96 Deep Well Heater-Shaker Adapter on Heater-Shaker Module GEN1 on slot C1, 'G3': G3 of Sample Plate on Opentrons 96 Deep Well Heater-Shaker Adapter on Heater-Shaker Module GEN1 on slot C1, 'H3': H3 of Sample Plate on Opentrons 96 Deep Well Heater-Shaker Adapter on Heater-Shaker Module GEN1 on slot C1, 'A4': A4 of Sample Plate on Opentrons 96 Deep Well Heater-Shaker Adapter on Heater-Shaker Module GEN1 on slot C1, 'B4': B4 of Sample Plate on Opentrons 96 Deep Well Heater-Shaker Adapter on Heater-Shaker Module GEN1 on slot C1, 'C4': C4 of Sample Plate on Opentrons 96 Deep Well Heater-Shaker Adapter on Heater-Shaker Module GEN1 on slot C1, 'D4': D4 of Sample Plate on Opentrons 96 Deep Well Heater-Shaker Adapter on Heater-Shaker Module GEN1 on slot C1, 'E4': E4 of Sample Plate on Opentrons 96 Deep Well Heater-Shaker Adapter on Heater-Shaker Module GEN1 on slot C1, 'F4': F4 of Sample Plate on Opentrons 96 Deep Well Heater-Shaker Adapter on Heater-Shaker Module GEN1 on slot C1, 'G4': G4 of Sample Plate on Opentrons 96 Deep Well Heater-Shaker Adapter on Heater-Shaker Module GEN1 on slot C1, 'H4': H4 of Sample Plate on Opentrons 96 Deep Well Heater-Shaker Adapter on Heater-Shaker Module GEN1 on slot C1, 'A5': A5 of Sample Plate on Opentrons 96 Deep Well Heater-Shaker Adapter on Heater-Shaker Module GEN1 on slot C1, 'B5': B5 of Sample Plate on Opentrons 96 Deep Well Heater-Shaker Adapter on Heater-Shaker Module GEN1 on slot C1, 'C5': C5 of Sample Plate on Opentrons 96 Deep Well Heater-Shaker Adapter on Heater-Shaker Module GEN1 on slot C1, 'D5': D5 of Sample Plate on Opentrons 96 Deep Well Heater-Shaker Adapter on Heater-Shaker Module GEN1 on slot C1, 'E5': E5 of Sample Plate on Opentrons 96 Deep Well Heater-Shaker Adapter on Heater-Shaker Module GEN1 on slot C1, 'F5': F5 of Sample Plate on Opentrons 96 Deep Well Heater-Shaker Adapter on Heater-Shaker Module GEN1 on slot C1, 'G5': G5 of Sample Plate on Opentrons 96 Deep Well Heater-Shaker Adapter on Heater-Shaker Module GEN1 on slot C1, 'H5': H5 of Sample Plate on Opentrons 96 Deep Well Heater-Shaker Adapter on Heater-Shaker Module GEN1 on slot C1, 'A6': A6 of Sample Plate on Opentrons 96 Deep Well Heater-Shaker Adapter on Heater-Shaker Module GEN1 on slot C1, 'B6': B6 of Sample Plate on Opentrons 96 Deep Well Heater-Shaker Adapter on Heater-Shaker Module GEN1 on slot C1, 'C6': C6 of Sample Plate on Opentrons 96 Deep Well Heater-Shaker Adapter on Heater-Shaker Module GEN1 on slot C1, 'D6': D6 of Sample Plate on Opentrons 96 Deep Well Heater-Shaker Adapter on Heater-Shaker Module GEN1 on slot C1, 'E6': E6 of Sample Plate on Opentrons 96 Deep Well Heater-Shaker Adapter on Heater-Shaker Module GEN1 on slot C1, 'F6': F6 of Sample Plate on Opentrons 96 Deep Well Heater-Shaker Adapter on Heater-Shaker Module GEN1 on slot C1, 'G6': G6 of Sample Plate on Opentrons 96 Deep Well Heater-Shaker Adapter on Heater-Shaker Module GEN1 on slot C1, 'H6': H6 of Sample Plate on Opentrons 96 Deep Well Heater-Shaker Adapter on Heater-Shaker Module GEN1 on slot C1, 'A7': A7 of Sample Plate on Opentrons 96 Deep Well Heater-Shaker Adapter on Heater-Shaker Module GEN1 on slot C1, 'B7': B7 of Sample Plate on Opentrons 96 Deep Well Heater-Shaker Adapter on Heater-Shaker Module GEN1 on slot C1, 'C7': C7 of Sample Plate on Opentrons 96 Deep Well Heater-Shaker Adapter on Heater-Shaker Module GEN1 on slot C1, 'D7': D7 of Sample Plate on Opentrons 96 Deep Well Heater-Shaker Adapter on Heater-Shaker Module GEN1 on slot C1, 'E7': E7 of Sample Plate on Opentrons 96 Deep Well Heater-Shaker Adapter on Heater-Shaker Module GEN1 on slot C1, 'F7': F7 of Sample Plate on Opentrons 96 Deep Well Heater-Shaker Adapter on Heater-Shaker Module GEN1 on slot C1, 'G7': G7 of Sample Plate on Opentrons 96 Deep Well Heater-Shaker Adapter on Heater-Shaker Module GEN1 on slot C1, 'H7': H7 of Sample Plate on Opentrons 96 Deep Well Heater-Shaker Adapter on Heater-Shaker Module GEN1 on slot C1, 'A8': A8 of Sample Plate on Opentrons 96 Deep Well Heater-Shaker Adapter on Heater-Shaker Module GEN1 on slot C1, 'B8': B8 of Sample Plate on Opentrons 96 Deep Well Heater-Shaker Adapter on Heater-Shaker Module GEN1 on slot C1, 'C8': C8 of Sample Plate on Opentrons 96 Deep Well Heater-Shaker Adapter on Heater-Shaker Module GEN1 on slot C1, 'D8': D8 of Sample Plate on Opentrons 96 Deep Well Heater-Shaker Adapter on Heater-Shaker Module GEN1 on slot C1, 'E8': E8 of Sample Plate on Opentrons 96 Deep Well Heater-Shaker Adapter on Heater-Shaker Module GEN1 on slot C1, 'F8': F8 of Sample Plate on Opentrons 96 Deep Well Heater-Shaker Adapter on Heater-Shaker Module GEN1 on slot C1, 'G8': G8 of Sample Plate on Opentrons 96 Deep Well Heater-Shaker Adapter on Heater-Shaker Module GEN1 on slot C1, 'H8': H8 of Sample Plate on Opentrons 96 Deep Well Heater-Shaker Adapter on Heater-Shaker Module GEN1 on slot C1, 'A9': A9 of Sample Plate on Opentrons 96 Deep Well Heater-Shaker Adapter on Heater-Shaker Module GEN1 on slot C1, 'B9': B9 of Sample Plate on Opentrons 96 Deep Well Heater-Shaker Adapter on Heater-Shaker Module GEN1 on slot C1, 'C9': C9 of Sample Plate on Opentrons 96 Deep Well Heater-Shaker Adapter on Heater-Shaker Module GEN1 on slot C1, 'D9': D9 of Sample Plate on Opentrons 96 Deep Well Heater-Shaker Adapter on Heater-Shaker Module GEN1 on slot C1, 'E9': E9 of Sample Plate on Opentrons 96 Deep Well Heater-Shaker Adapter on Heater-Shaker Module GEN1 on slot C1, 'F9': F9 of Sample Plate on Opentrons 96 Deep Well Heater-Shaker Adapter on Heater-Shaker Module GEN1 on slot C1, 'G9': G9 of Sample Plate on Opentrons 96 Deep Well Heater-Shaker Adapter on Heater-Shaker Module GEN1 on slot C1, 'H9': H9 of Sample Plate on Opentrons 96 Deep Well Heater-Shaker Adapter on Heater-Shaker Module GEN1 on slot C1, 'A10': A10 of Sample Plate on Opentrons 96 Deep Well Heater-Shaker Adapter on Heater-Shaker Module GEN1 on slot C1, 'B10': B10 of Sample Plate on Opentrons 96 Deep Well Heater-Shaker Adapter on Heater-Shaker Module GEN1 on slot C1, 'C10': C10 of Sample Plate on Opentrons 96 Deep Well Heater-Shaker Adapter on Heater-Shaker Module GEN1 on slot C1, 'D10': D10 of Sample Plate on Opentrons 96 Deep Well Heater-Shaker Adapter on Heater-Shaker Module GEN1 on slot C1, 'E10': E10 of Sample Plate on Opentrons 96 Deep Well Heater-Shaker Adapter on Heater-Shaker Module GEN1 on slot C1, 'F10': F10 of Sample Plate on Opentrons 96 Deep Well Heater-Shaker Adapter on Heater-Shaker Module GEN1 on slot C1, 'G10': G10 of Sample Plate on Opentrons 96 Deep Well Heater-Shaker Adapter on Heater-Shaker Module GEN1 on slot C1, 'H10': H10 of Sample Plate on Opentrons 96 Deep Well Heater-Shaker Adapter on Heater-Shaker Module GEN1 on slot C1, 'A11': A11 of Sample Plate on Opentrons 96 Deep Well Heater-Shaker Adapter on Heater-Shaker Module GEN1 on slot C1, 'B11': B11 of Sample Plate on Opentrons 96 Deep Well Heater-Shaker Adapter on Heater-Shaker Module GEN1 on slot C1, 'C11': C11 of Sample Plate on Opentrons 96 Deep Well Heater-Shaker Adapter on Heater-Shaker Module GEN1 on slot C1, 'D11': D11 of Sample Plate on Opentrons 96 Deep Well Heater-Shaker Adapter on Heater-Shaker Module GEN1 on slot C1, 'E11': E11 of Sample Plate on Opentrons 96 Deep Well Heater-Shaker Adapter on Heater-Shaker Module GEN1 on slot C1, 'F11': F11 of Sample Plate on Opentrons 96 Deep Well Heater-Shaker Adapter on Heater-Shaker Module GEN1 on slot C1, 'G11': G11 of Sample Plate on Opentrons 96 Deep Well Heater-Shaker Adapter on Heater-Shaker Module GEN1 on slot C1, 'H11': H11 of Sample Plate on Opentrons 96 Deep Well Heater-Shaker Adapter on Heater-Shaker Module GEN1 on slot C1, 'A12': A12 of Sample Plate on Opentrons 96 Deep Well Heater-Shaker Adapter on Heater-Shaker Module GEN1 on slot C1, 'B12': B12 of Sample Plate on Opentrons 96 Deep Well Heater-Shaker Adapter on Heater-Shaker Module GEN1 on slot C1, 'C12': C12 of Sample Plate on Opentrons 96 Deep Well Heater-Shaker Adapter on Heater-Shaker Module GEN1 on slot C1, 'D12': D12 of Sample Plate on Opentrons 96 Deep Well Heater-Shaker Adapter on Heater-Shaker Module GEN1 on slot C1, 'E12': E12 of Sample Plate on Opentrons 96 Deep Well Heater-Shaker Adapter on Heater-Shaker Module GEN1 on slot C1, 'F12': F12 of Sample Plate on Opentrons 96 Deep Well Heater-Shaker Adapter on Heater-Shaker Module GEN1 on slot C1, 'G12': G12 of Sample Plate on Opentrons 96 Deep Well Heater-Shaker Adapter on Heater-Shaker Module GEN1 on slot C1, 'H12': H12 of Sample Plate on Opentrons 96 Deep Well Heater-Shaker Adapter on Heater-Shaker Module GEN1 on slot C1}
Loading liquid into {'A1': A1 of Sample Plate on Opentrons 96 Deep Well Heater-Shaker Adapter on Heater-Shaker Module GEN1 on slot C1, 'B1': B1 of Sample Plate on Opentrons 96 Deep Well Heater-Shaker Adapter on Heater-Shaker Module GEN1 on slot C1, 'C1': C1 of Sample Plate on Opentrons 96 Deep Well Heater-Shaker Adapter on Heater-Shaker Module GEN1 on slot C1, 'D1': D1 of Sample Plate on Opentrons 96 Deep Well Heater-Shaker Adapter on Heater-Shaker Module GEN1 on slot C1, 'E1': E1 of Sample Plate on Opentrons 96 Deep Well Heater-Shaker Adapter on Heater-Shaker Module GEN1 on slot C1, 'F1': F1 of Sample Plate on Opentrons 96 Deep Well Heater-Shaker Adapter on Heater-Shaker Module GEN1 on slot C1, 'G1': G1 of Sample Plate on Opentrons 96 Deep Well Heater-Shaker Adapter on Heater-Shaker Module GEN1 on slot C1, 'H1': H1 of Sample Plate on Opentrons 96 Deep Well Heater-Shaker Adapter on Heater-Shaker Module GEN1 on slot C1, 'A2': A2 of Sample Plate on Opentrons 96 Deep Well Heater-Shaker Adapter on Heater-Shaker Module GEN1 on slot C1, 'B2': B2 of Sample Plate on Opentrons 96 Deep Well Heater-Shaker Adapter on Heater-Shaker Module GEN1 on slot C1, 'C2': C2 of Sample Plate on Opentrons 96 Deep Well Heater-Shaker Adapter on Heater-Shaker Module GEN1 on slot C1, 'D2': D2 of Sample Plate on Opentrons 96 Deep Well Heater-Shaker Adapter on Heater-Shaker Module GEN1 on slot C1, 'E2': E2 of Sample Plate on Opentrons 96 Deep Well Heater-Shaker Adapter on Heater-Shaker Module GEN1 on slot C1, 'F2': F2 of Sample Plate on Opentrons 96 Deep Well Heater-Shaker Adapter on Heater-Shaker Module GEN1 on slot C1, 'G2': G2 of Sample Plate on Opentrons 96 Deep Well Heater-Shaker Adapter on Heater-Shaker Module GEN1 on slot C1, 'H2': H2 of Sample Plate on Opentrons 96 Deep Well Heater-Shaker Adapter on Heater-Shaker Module GEN1 on slot C1, 'A3': A3 of Sample Plate on Opentrons 96 Deep Well Heater-Shaker Adapter on Heater-Shaker Module GEN1 on slot C1, 'B3': B3 of Sample Plate on Opentrons 96 Deep Well Heater-Shaker Adapter on Heater-Shaker Module GEN1 on slot C1, 'C3': C3 of Sample Plate on Opentrons 96 Deep Well Heater-Shaker Adapter on Heater-Shaker Module GEN1 on slot C1, 'D3': D3 of Sample Plate on Opentrons 96 Deep Well Heater-Shaker Adapter on Heater-Shaker Module GEN1 on slot C1, 'E3': E3 of Sample Plate on Opentrons 96 Deep Well Heater-Shaker Adapter on Heater-Shaker Module GEN1 on slot C1, 'F3': F3 of Sample Plate on Opentrons 96 Deep Well Heater-Shaker Adapter on Heater-Shaker Module GEN1 on slot C1, 'G3': G3 of Sample Plate on Opentrons 96 Deep Well Heater-Shaker Adapter on Heater-Shaker Module GEN1 on slot C1, 'H3': H3 of Sample Plate on Opentrons 96 Deep Well Heater-Shaker Adapter on Heater-Shaker Module GEN1 on slot C1, 'A4': A4 of Sample Plate on Opentrons 96 Deep Well Heater-Shaker Adapter on Heater-Shaker Module GEN1 on slot C1, 'B4': B4 of Sample Plate on Opentrons 96 Deep Well Heater-Shaker Adapter on Heater-Shaker Module GEN1 on slot C1, 'C4': C4 of Sample Plate on Opentrons 96 Deep Well Heater-Shaker Adapter on Heater-Shaker Module GEN1 on slot C1, 'D4': D4 of Sample Plate on Opentrons 96 Deep Well Heater-Shaker Adapter on Heater-Shaker Module GEN1 on slot C1, 'E4': E4 of Sample Plate on Opentrons 96 Deep Well Heater-Shaker Adapter on Heater-Shaker Module GEN1 on slot C1, 'F4': F4 of Sample Plate on Opentrons 96 Deep Well Heater-Shaker Adapter on Heater-Shaker Module GEN1 on slot C1, 'G4': G4 of Sample Plate on Opentrons 96 Deep Well Heater-Shaker Adapter on Heater-Shaker Module GEN1 on slot C1, 'H4': H4 of Sample Plate on Opentrons 96 Deep Well Heater-Shaker Adapter on Heater-Shaker Module GEN1 on slot C1, 'A5': A5 of Sample Plate on Opentrons 96 Deep Well Heater-Shaker Adapter on Heater-Shaker Module GEN1 on slot C1, 'B5': B5 of Sample Plate on Opentrons 96 Deep Well Heater-Shaker Adapter on Heater-Shaker Module GEN1 on slot C1, 'C5': C5 of Sample Plate on Opentrons 96 Deep Well Heater-Shaker Adapter on Heater-Shaker Module GEN1 on slot C1, 'D5': D5 of Sample Plate on Opentrons 96 Deep Well Heater-Shaker Adapter on Heater-Shaker Module GEN1 on slot C1, 'E5': E5 of Sample Plate on Opentrons 96 Deep Well Heater-Shaker Adapter on Heater-Shaker Module GEN1 on slot C1, 'F5': F5 of Sample Plate on Opentrons 96 Deep Well Heater-Shaker Adapter on Heater-Shaker Module GEN1 on slot C1, 'G5': G5 of Sample Plate on Opentrons 96 Deep Well Heater-Shaker Adapter on Heater-Shaker Module GEN1 on slot C1, 'H5': H5 of Sample Plate on Opentrons 96 Deep Well Heater-Shaker Adapter on Heater-Shaker Module GEN1 on slot C1, 'A6': A6 of Sample Plate on Opentrons 96 Deep Well Heater-Shaker Adapter on Heater-Shaker Module GEN1 on slot C1, 'B6': B6 of Sample Plate on Opentrons 96 Deep Well Heater-Shaker Adapter on Heater-Shaker Module GEN1 on slot C1, 'C6': C6 of Sample Plate on Opentrons 96 Deep Well Heater-Shaker Adapter on Heater-Shaker Module GEN1 on slot C1, 'D6': D6 of Sample Plate on Opentrons 96 Deep Well Heater-Shaker Adapter on Heater-Shaker Module GEN1 on slot C1, 'E6': E6 of Sample Plate on Opentrons 96 Deep Well Heater-Shaker Adapter on Heater-Shaker Module GEN1 on slot C1, 'F6': F6 of Sample Plate on Opentrons 96 Deep Well Heater-Shaker Adapter on Heater-Shaker Module GEN1 on slot C1, 'G6': G6 of Sample Plate on Opentrons 96 Deep Well Heater-Shaker Adapter on Heater-Shaker Module GEN1 on slot C1, 'H6': H6 of Sample Plate on Opentrons 96 Deep Well Heater-Shaker Adapter on Heater-Shaker Module GEN1 on slot C1, 'A7': A7 of Sample Plate on Opentrons 96 Deep Well Heater-Shaker Adapter on Heater-Shaker Module GEN1 on slot C1, 'B7': B7 of Sample Plate on Opentrons 96 Deep Well Heater-Shaker Adapter on Heater-Shaker Module GEN1 on slot C1, 'C7': C7 of Sample Plate on Opentrons 96 Deep Well Heater-Shaker Adapter on Heater-Shaker Module GEN1 on slot C1, 'D7': D7 of Sample Plate on Opentrons 96 Deep Well Heater-Shaker Adapter on Heater-Shaker Module GEN1 on slot C1, 'E7': E7 of Sample Plate on Opentrons 96 Deep Well Heater-Shaker Adapter on Heater-Shaker Module GEN1 on slot C1, 'F7': F7 of Sample Plate on Opentrons 96 Deep Well Heater-Shaker Adapter on Heater-Shaker Module GEN1 on slot C1, 'G7': G7 of Sample Plate on Opentrons 96 Deep Well Heater-Shaker Adapter on Heater-Shaker Module GEN1 on slot C1, 'H7': H7 of Sample Plate on Opentrons 96 Deep Well Heater-Shaker Adapter on Heater-Shaker Module GEN1 on slot C1, 'A8': A8 of Sample Plate on Opentrons 96 Deep Well Heater-Shaker Adapter on Heater-Shaker Module GEN1 on slot C1, 'B8': B8 of Sample Plate on Opentrons 96 Deep Well Heater-Shaker Adapter on Heater-Shaker Module GEN1 on slot C1, 'C8': C8 of Sample Plate on Opentrons 96 Deep Well Heater-Shaker Adapter on Heater-Shaker Module GEN1 on slot C1, 'D8': D8 of Sample Plate on Opentrons 96 Deep Well Heater-Shaker Adapter on Heater-Shaker Module GEN1 on slot C1, 'E8': E8 of Sample Plate on Opentrons 96 Deep Well Heater-Shaker Adapter on Heater-Shaker Module GEN1 on slot C1, 'F8': F8 of Sample Plate on Opentrons 96 Deep Well Heater-Shaker Adapter on Heater-Shaker Module GEN1 on slot C1, 'G8': G8 of Sample Plate on Opentrons 96 Deep Well Heater-Shaker Adapter on Heater-Shaker Module GEN1 on slot C1, 'H8': H8 of Sample Plate on Opentrons 96 Deep Well Heater-Shaker Adapter on Heater-Shaker Module GEN1 on slot C1, 'A9': A9 of Sample Plate on Opentrons 96 Deep Well Heater-Shaker Adapter on Heater-Shaker Module GEN1 on slot C1, 'B9': B9 of Sample Plate on Opentrons 96 Deep Well Heater-Shaker Adapter on Heater-Shaker Module GEN1 on slot C1, 'C9': C9 of Sample Plate on Opentrons 96 Deep Well Heater-Shaker Adapter on Heater-Shaker Module GEN1 on slot C1, 'D9': D9 of Sample Plate on Opentrons 96 Deep Well Heater-Shaker Adapter on Heater-Shaker Module GEN1 on slot C1, 'E9': E9 of Sample Plate on Opentrons 96 Deep Well Heater-Shaker Adapter on Heater-Shaker Module GEN1 on slot C1, 'F9': F9 of Sample Plate on Opentrons 96 Deep Well Heater-Shaker Adapter on Heater-Shaker Module GEN1 on slot C1, 'G9': G9 of Sample Plate on Opentrons 96 Deep Well Heater-Shaker Adapter on Heater-Shaker Module GEN1 on slot C1, 'H9': H9 of Sample Plate on Opentrons 96 Deep Well Heater-Shaker Adapter on Heater-Shaker Module GEN1 on slot C1, 'A10': A10 of Sample Plate on Opentrons 96 Deep Well Heater-Shaker Adapter on Heater-Shaker Module GEN1 on slot C1, 'B10': B10 of Sample Plate on Opentrons 96 Deep Well Heater-Shaker Adapter on Heater-Shaker Module GEN1 on slot C1, 'C10': C10 of Sample Plate on Opentrons 96 Deep Well Heater-Shaker Adapter on Heater-Shaker Module GEN1 on slot C1, 'D10': D10 of Sample Plate on Opentrons 96 Deep Well Heater-Shaker Adapter on Heater-Shaker Module GEN1 on slot C1, 'E10': E10 of Sample Plate on Opentrons 96 Deep Well Heater-Shaker Adapter on Heater-Shaker Module GEN1 on slot C1, 'F10': F10 of Sample Plate on Opentrons 96 Deep Well Heater-Shaker Adapter on Heater-Shaker Module GEN1 on slot C1, 'G10': G10 of Sample Plate on Opentrons 96 Deep Well Heater-Shaker Adapter on Heater-Shaker Module GEN1 on slot C1, 'H10': H10 of Sample Plate on Opentrons 96 Deep Well Heater-Shaker Adapter on Heater-Shaker Module GEN1 on slot C1, 'A11': A11 of Sample Plate on Opentrons 96 Deep Well Heater-Shaker Adapter on Heater-Shaker Module GEN1 on slot C1, 'B11': B11 of Sample Plate on Opentrons 96 Deep Well Heater-Shaker Adapter on Heater-Shaker Module GEN1 on slot C1, 'C11': C11 of Sample Plate on Opentrons 96 Deep Well Heater-Shaker Adapter on Heater-Shaker Module GEN1 on slot C1, 'D11': D11 of Sample Plate on Opentrons 96 Deep Well Heater-Shaker Adapter on Heater-Shaker Module GEN1 on slot C1, 'E11': E11 of Sample Plate on Opentrons 96 Deep Well Heater-Shaker Adapter on Heater-Shaker Module GEN1 on slot C1, 'F11': F11 of Sample Plate on Opentrons 96 Deep Well Heater-Shaker Adapter on Heater-Shaker Module GEN1 on slot C1, 'G11': G11 of Sample Plate on Opentrons 96 Deep Well Heater-Shaker Adapter on Heater-Shaker Module GEN1 on slot C1, 'H11': H11 of Sample Plate on Opentrons 96 Deep Well Heater-Shaker Adapter on Heater-Shaker Module GEN1 on slot C1, 'A12': A12 of Sample Plate on Opentrons 96 Deep Well Heater-Shaker Adapter on Heater-Shaker Module GEN1 on slot C1, 'B12': B12 of Sample Plate on Opentrons 96 Deep Well Heater-Shaker Adapter on Heater-Shaker Module GEN1 on slot C1, 'C12': C12 of Sample Plate on Opentrons 96 Deep Well Heater-Shaker Adapter on Heater-Shaker Module GEN1 on slot C1, 'D12': D12 of Sample Plate on Opentrons 96 Deep Well Heater-Shaker Adapter on Heater-Shaker Module GEN1 on slot C1, 'E12': E12 of Sample Plate on Opentrons 96 Deep Well Heater-Shaker Adapter on Heater-Shaker Module GEN1 on slot C1, 'F12': F12 of Sample Plate on Opentrons 96 Deep Well Heater-Shaker Adapter on Heater-Shaker Module GEN1 on slot C1, 'G12': G12 of Sample Plate on Opentrons 96 Deep Well Heater-Shaker Adapter on Heater-Shaker Module GEN1 on slot C1, 'H12': H12 of Sample Plate on Opentrons 96 Deep Well Heater-Shaker Adapter on Heater-Shaker Module GEN1 on slot C1}
Loading liquid into {'A1': A1 of Sample Plate on Opentrons 96 Deep Well Heater-Shaker Adapter on Heater-Shaker Module GEN1 on slot C1, 'B1': B1 of Sample Plate on Opentrons 96 Deep Well Heater-Shaker Adapter on Heater-Shaker Module GEN1 on slot C1, 'C1': C1 of Sample Plate on Opentrons 96 Deep Well Heater-Shaker Adapter on Heater-Shaker Module GEN1 on slot C1, 'D1': D1 of Sample Plate on Opentrons 96 Deep Well Heater-Shaker Adapter on Heater-Shaker Module GEN1 on slot C1, 'E1': E1 of Sample Plate on Opentrons 96 Deep Well Heater-Shaker Adapter on Heater-Shaker Module GEN1 on slot C1, 'F1': F1 of Sample Plate on Opentrons 96 Deep Well Heater-Shaker Adapter on Heater-Shaker Module GEN1 on slot C1, 'G1': G1 of Sample Plate on Opentrons 96 Deep Well Heater-Shaker Adapter on Heater-Shaker Module GEN1 on slot C1, 'H1': H1 of Sample Plate on Opentrons 96 Deep Well Heater-Shaker Adapter on Heater-Shaker Module GEN1 on slot C1, 'A2': A2 of Sample Plate on Opentrons 96 Deep Well Heater-Shaker Adapter on Heater-Shaker Module GEN1 on slot C1, 'B2': B2 of Sample Plate on Opentrons 96 Deep Well Heater-Shaker Adapter on Heater-Shaker Module GEN1 on slot C1, 'C2': C2 of Sample Plate on Opentrons 96 Deep Well Heater-Shaker Adapter on Heater-Shaker Module GEN1 on slot C1, 'D2': D2 of Sample Plate on Opentrons 96 Deep Well Heater-Shaker Adapter on Heater-Shaker Module GEN1 on slot C1, 'E2': E2 of Sample Plate on Opentrons 96 Deep Well Heater-Shaker Adapter on Heater-Shaker Module GEN1 on slot C1, 'F2': F2 of Sample Plate on Opentrons 96 Deep Well Heater-Shaker Adapter on Heater-Shaker Module GEN1 on slot C1, 'G2': G2 of Sample Plate on Opentrons 96 Deep Well Heater-Shaker Adapter on Heater-Shaker Module GEN1 on slot C1, 'H2': H2 of Sample Plate on Opentrons 96 Deep Well Heater-Shaker Adapter on Heater-Shaker Module GEN1 on slot C1, 'A3': A3 of Sample Plate on Opentrons 96 Deep Well Heater-Shaker Adapter on Heater-Shaker Module GEN1 on slot C1, 'B3': B3 of Sample Plate on Opentrons 96 Deep Well Heater-Shaker Adapter on Heater-Shaker Module GEN1 on slot C1, 'C3': C3 of Sample Plate on Opentrons 96 Deep Well Heater-Shaker Adapter on Heater-Shaker Module GEN1 on slot C1, 'D3': D3 of Sample Plate on Opentrons 96 Deep Well Heater-Shaker Adapter on Heater-Shaker Module GEN1 on slot C1, 'E3': E3 of Sample Plate on Opentrons 96 Deep Well Heater-Shaker Adapter on Heater-Shaker Module GEN1 on slot C1, 'F3': F3 of Sample Plate on Opentrons 96 Deep Well Heater-Shaker Adapter on Heater-Shaker Module GEN1 on slot C1, 'G3': G3 of Sample Plate on Opentrons 96 Deep Well Heater-Shaker Adapter on Heater-Shaker Module GEN1 on slot C1, 'H3': H3 of Sample Plate on Opentrons 96 Deep Well Heater-Shaker Adapter on Heater-Shaker Module GEN1 on slot C1, 'A4': A4 of Sample Plate on Opentrons 96 Deep Well Heater-Shaker Adapter on Heater-Shaker Module GEN1 on slot C1, 'B4': B4 of Sample Plate on Opentrons 96 Deep Well Heater-Shaker Adapter on Heater-Shaker Module GEN1 on slot C1, 'C4': C4 of Sample Plate on Opentrons 96 Deep Well Heater-Shaker Adapter on Heater-Shaker Module GEN1 on slot C1, 'D4': D4 of Sample Plate on Opentrons 96 Deep Well Heater-Shaker Adapter on Heater-Shaker Module GEN1 on slot C1, 'E4': E4 of Sample Plate on Opentrons 96 Deep Well Heater-Shaker Adapter on Heater-Shaker Module GEN1 on slot C1, 'F4': F4 of Sample Plate on Opentrons 96 Deep Well Heater-Shaker Adapter on Heater-Shaker Module GEN1 on slot C1, 'G4': G4 of Sample Plate on Opentrons 96 Deep Well Heater-Shaker Adapter on Heater-Shaker Module GEN1 on slot C1, 'H4': H4 of Sample Plate on Opentrons 96 Deep Well Heater-Shaker Adapter on Heater-Shaker Module GEN1 on slot C1, 'A5': A5 of Sample Plate on Opentrons 96 Deep Well Heater-Shaker Adapter on Heater-Shaker Module GEN1 on slot C1, 'B5': B5 of Sample Plate on Opentrons 96 Deep Well Heater-Shaker Adapter on Heater-Shaker Module GEN1 on slot C1, 'C5': C5 of Sample Plate on Opentrons 96 Deep Well Heater-Shaker Adapter on Heater-Shaker Module GEN1 on slot C1, 'D5': D5 of Sample Plate on Opentrons 96 Deep Well Heater-Shaker Adapter on Heater-Shaker Module GEN1 on slot C1, 'E5': E5 of Sample Plate on Opentrons 96 Deep Well Heater-Shaker Adapter on Heater-Shaker Module GEN1 on slot C1, 'F5': F5 of Sample Plate on Opentrons 96 Deep Well Heater-Shaker Adapter on Heater-Shaker Module GEN1 on slot C1, 'G5': G5 of Sample Plate on Opentrons 96 Deep Well Heater-Shaker Adapter on Heater-Shaker Module GEN1 on slot C1, 'H5': H5 of Sample Plate on Opentrons 96 Deep Well Heater-Shaker Adapter on Heater-Shaker Module GEN1 on slot C1, 'A6': A6 of Sample Plate on Opentrons 96 Deep Well Heater-Shaker Adapter on Heater-Shaker Module GEN1 on slot C1, 'B6': B6 of Sample Plate on Opentrons 96 Deep Well Heater-Shaker Adapter on Heater-Shaker Module GEN1 on slot C1, 'C6': C6 of Sample Plate on Opentrons 96 Deep Well Heater-Shaker Adapter on Heater-Shaker Module GEN1 on slot C1, 'D6': D6 of Sample Plate on Opentrons 96 Deep Well Heater-Shaker Adapter on Heater-Shaker Module GEN1 on slot C1, 'E6': E6 of Sample Plate on Opentrons 96 Deep Well Heater-Shaker Adapter on Heater-Shaker Module GEN1 on slot C1, 'F6': F6 of Sample Plate on Opentrons 96 Deep Well Heater-Shaker Adapter on Heater-Shaker Module GEN1 on slot C1, 'G6': G6 of Sample Plate on Opentrons 96 Deep Well Heater-Shaker Adapter on Heater-Shaker Module GEN1 on slot C1, 'H6': H6 of Sample Plate on Opentrons 96 Deep Well Heater-Shaker Adapter on Heater-Shaker Module GEN1 on slot C1, 'A7': A7 of Sample Plate on Opentrons 96 Deep Well Heater-Shaker Adapter on Heater-Shaker Module GEN1 on slot C1, 'B7': B7 of Sample Plate on Opentrons 96 Deep Well Heater-Shaker Adapter on Heater-Shaker Module GEN1 on slot C1, 'C7': C7 of Sample Plate on Opentrons 96 Deep Well Heater-Shaker Adapter on Heater-Shaker Module GEN1 on slot C1, 'D7': D7 of Sample Plate on Opentrons 96 Deep Well Heater-Shaker Adapter on Heater-Shaker Module GEN1 on slot C1, 'E7': E7 of Sample Plate on Opentrons 96 Deep Well Heater-Shaker Adapter on Heater-Shaker Module GEN1 on slot C1, 'F7': F7 of Sample Plate on Opentrons 96 Deep Well Heater-Shaker Adapter on Heater-Shaker Module GEN1 on slot C1, 'G7': G7 of Sample Plate on Opentrons 96 Deep Well Heater-Shaker Adapter on Heater-Shaker Module GEN1 on slot C1, 'H7': H7 of Sample Plate on Opentrons 96 Deep Well Heater-Shaker Adapter on Heater-Shaker Module GEN1 on slot C1, 'A8': A8 of Sample Plate on Opentrons 96 Deep Well Heater-Shaker Adapter on Heater-Shaker Module GEN1 on slot C1, 'B8': B8 of Sample Plate on Opentrons 96 Deep Well Heater-Shaker Adapter on Heater-Shaker Module GEN1 on slot C1, 'C8': C8 of Sample Plate on Opentrons 96 Deep Well Heater-Shaker Adapter on Heater-Shaker Module GEN1 on slot C1, 'D8': D8 of Sample Plate on Opentrons 96 Deep Well Heater-Shaker Adapter on Heater-Shaker Module GEN1 on slot C1, 'E8': E8 of Sample Plate on Opentrons 96 Deep Well Heater-Shaker Adapter on Heater-Shaker Module GEN1 on slot C1, 'F8': F8 of Sample Plate on Opentrons 96 Deep Well Heater-Shaker Adapter on Heater-Shaker Module GEN1 on slot C1, 'G8': G8 of Sample Plate on Opentrons 96 Deep Well Heater-Shaker Adapter on Heater-Shaker Module GEN1 on slot C1, 'H8': H8 of Sample Plate on Opentrons 96 Deep Well Heater-Shaker Adapter on Heater-Shaker Module GEN1 on slot C1, 'A9': A9 of Sample Plate on Opentrons 96 Deep Well Heater-Shaker Adapter on Heater-Shaker Module GEN1 on slot C1, 'B9': B9 of Sample Plate on Opentrons 96 Deep Well Heater-Shaker Adapter on Heater-Shaker Module GEN1 on slot C1, 'C9': C9 of Sample Plate on Opentrons 96 Deep Well Heater-Shaker Adapter on Heater-Shaker Module GEN1 on slot C1, 'D9': D9 of Sample Plate on Opentrons 96 Deep Well Heater-Shaker Adapter on Heater-Shaker Module GEN1 on slot C1, 'E9': E9 of Sample Plate on Opentrons 96 Deep Well Heater-Shaker Adapter on Heater-Shaker Module GEN1 on slot C1, 'F9': F9 of Sample Plate on Opentrons 96 Deep Well Heater-Shaker Adapter on Heater-Shaker Module GEN1 on slot C1, 'G9': G9 of Sample Plate on Opentrons 96 Deep Well Heater-Shaker Adapter on Heater-Shaker Module GEN1 on slot C1, 'H9': H9 of Sample Plate on Opentrons 96 Deep Well Heater-Shaker Adapter on Heater-Shaker Module GEN1 on slot C1, 'A10': A10 of Sample Plate on Opentrons 96 Deep Well Heater-Shaker Adapter on Heater-Shaker Module GEN1 on slot C1, 'B10': B10 of Sample Plate on Opentrons 96 Deep Well Heater-Shaker Adapter on Heater-Shaker Module GEN1 on slot C1, 'C10': C10 of Sample Plate on Opentrons 96 Deep Well Heater-Shaker Adapter on Heater-Shaker Module GEN1 on slot C1, 'D10': D10 of Sample Plate on Opentrons 96 Deep Well Heater-Shaker Adapter on Heater-Shaker Module GEN1 on slot C1, 'E10': E10 of Sample Plate on Opentrons 96 Deep Well Heater-Shaker Adapter on Heater-Shaker Module GEN1 on slot C1, 'F10': F10 of Sample Plate on Opentrons 96 Deep Well Heater-Shaker Adapter on Heater-Shaker Module GEN1 on slot C1, 'G10': G10 of Sample Plate on Opentrons 96 Deep Well Heater-Shaker Adapter on Heater-Shaker Module GEN1 on slot C1, 'H10': H10 of Sample Plate on Opentrons 96 Deep Well Heater-Shaker Adapter on Heater-Shaker Module GEN1 on slot C1, 'A11': A11 of Sample Plate on Opentrons 96 Deep Well Heater-Shaker Adapter on Heater-Shaker Module GEN1 on slot C1, 'B11': B11 of Sample Plate on Opentrons 96 Deep Well Heater-Shaker Adapter on Heater-Shaker Module GEN1 on slot C1, 'C11': C11 of Sample Plate on Opentrons 96 Deep Well Heater-Shaker Adapter on Heater-Shaker Module GEN1 on slot C1, 'D11': D11 of Sample Plate on Opentrons 96 Deep Well Heater-Shaker Adapter on Heater-Shaker Module GEN1 on slot C1, 'E11': E11 of Sample Plate on Opentrons 96 Deep Well Heater-Shaker Adapter on Heater-Shaker Module GEN1 on slot C1, 'F11': F11 of Sample Plate on Opentrons 96 Deep Well Heater-Shaker Adapter on Heater-Shaker Module GEN1 on slot C1, 'G11': G11 of Sample Plate on Opentrons 96 Deep Well Heater-Shaker Adapter on Heater-Shaker Module GEN1 on slot C1, 'H11': H11 of Sample Plate on Opentrons 96 Deep Well Heater-Shaker Adapter on Heater-Shaker Module GEN1 on slot C1, 'A12': A12 of Sample Plate on Opentrons 96 Deep Well Heater-Shaker Adapter on Heater-Shaker Module GEN1 on slot C1, 'B12': B12 of Sample Plate on Opentrons 96 Deep Well Heater-Shaker Adapter on Heater-Shaker Module GEN1 on slot C1, 'C12': C12 of Sample Plate on Opentrons 96 Deep Well Heater-Shaker Adapter on Heater-Shaker Module GEN1 on slot C1, 'D12': D12 of Sample Plate on Opentrons 96 Deep Well Heater-Shaker Adapter on Heater-Shaker Module GEN1 on slot C1, 'E12': E12 of Sample Plate on Opentrons 96 Deep Well Heater-Shaker Adapter on Heater-Shaker Module GEN1 on slot C1, 'F12': F12 of Sample Plate on Opentrons 96 Deep Well Heater-Shaker Adapter on Heater-Shaker Module GEN1 on slot C1, 'G12': G12 of Sample Plate on Opentrons 96 Deep Well Heater-Shaker Adapter on Heater-Shaker Module GEN1 on slot C1, 'H12': H12 of Sample Plate on Opentrons 96 Deep Well Heater-Shaker Adapter on Heater-Shaker Module GEN1 on slot C1}
Loading liquid into {'A1': A1 of Sample Plate on Opentrons 96 Deep Well Heater-Shaker Adapter on Heater-Shaker Module GEN1 on slot C1, 'B1': B1 of Sample Plate on Opentrons 96 Deep Well Heater-Shaker Adapter on Heater-Shaker Module GEN1 on slot C1, 'C1': C1 of Sample Plate on Opentrons 96 Deep Well Heater-Shaker Adapter on Heater-Shaker Module GEN1 on slot C1, 'D1': D1 of Sample Plate on Opentrons 96 Deep Well Heater-Shaker Adapter on Heater-Shaker Module GEN1 on slot C1, 'E1': E1 of Sample Plate on Opentrons 96 Deep Well Heater-Shaker Adapter on Heater-Shaker Module GEN1 on slot C1, 'F1': F1 of Sample Plate on Opentrons 96 Deep Well Heater-Shaker Adapter on Heater-Shaker Module GEN1 on slot C1, 'G1': G1 of Sample Plate on Opentrons 96 Deep Well Heater-Shaker Adapter on Heater-Shaker Module GEN1 on slot C1, 'H1': H1 of Sample Plate on Opentrons 96 Deep Well Heater-Shaker Adapter on Heater-Shaker Module GEN1 on slot C1, 'A2': A2 of Sample Plate on Opentrons 96 Deep Well Heater-Shaker Adapter on Heater-Shaker Module GEN1 on slot C1, 'B2': B2 of Sample Plate on Opentrons 96 Deep Well Heater-Shaker Adapter on Heater-Shaker Module GEN1 on slot C1, 'C2': C2 of Sample Plate on Opentrons 96 Deep Well Heater-Shaker Adapter on Heater-Shaker Module GEN1 on slot C1, 'D2': D2 of Sample Plate on Opentrons 96 Deep Well Heater-Shaker Adapter on Heater-Shaker Module GEN1 on slot C1, 'E2': E2 of Sample Plate on Opentrons 96 Deep Well Heater-Shaker Adapter on Heater-Shaker Module GEN1 on slot C1, 'F2': F2 of Sample Plate on Opentrons 96 Deep Well Heater-Shaker Adapter on Heater-Shaker Module GEN1 on slot C1, 'G2': G2 of Sample Plate on Opentrons 96 Deep Well Heater-Shaker Adapter on Heater-Shaker Module GEN1 on slot C1, 'H2': H2 of Sample Plate on Opentrons 96 Deep Well Heater-Shaker Adapter on Heater-Shaker Module GEN1 on slot C1, 'A3': A3 of Sample Plate on Opentrons 96 Deep Well Heater-Shaker Adapter on Heater-Shaker Module GEN1 on slot C1, 'B3': B3 of Sample Plate on Opentrons 96 Deep Well Heater-Shaker Adapter on Heater-Shaker Module GEN1 on slot C1, 'C3': C3 of Sample Plate on Opentrons 96 Deep Well Heater-Shaker Adapter on Heater-Shaker Module GEN1 on slot C1, 'D3': D3 of Sample Plate on Opentrons 96 Deep Well Heater-Shaker Adapter on Heater-Shaker Module GEN1 on slot C1, 'E3': E3 of Sample Plate on Opentrons 96 Deep Well Heater-Shaker Adapter on Heater-Shaker Module GEN1 on slot C1, 'F3': F3 of Sample Plate on Opentrons 96 Deep Well Heater-Shaker Adapter on Heater-Shaker Module GEN1 on slot C1, 'G3': G3 of Sample Plate on Opentrons 96 Deep Well Heater-Shaker Adapter on Heater-Shaker Module GEN1 on slot C1, 'H3': H3 of Sample Plate on Opentrons 96 Deep Well Heater-Shaker Adapter on Heater-Shaker Module GEN1 on slot C1, 'A4': A4 of Sample Plate on Opentrons 96 Deep Well Heater-Shaker Adapter on Heater-Shaker Module GEN1 on slot C1, 'B4': B4 of Sample Plate on Opentrons 96 Deep Well Heater-Shaker Adapter on Heater-Shaker Module GEN1 on slot C1, 'C4': C4 of Sample Plate on Opentrons 96 Deep Well Heater-Shaker Adapter on Heater-Shaker Module GEN1 on slot C1, 'D4': D4 of Sample Plate on Opentrons 96 Deep Well Heater-Shaker Adapter on Heater-Shaker Module GEN1 on slot C1, 'E4': E4 of Sample Plate on Opentrons 96 Deep Well Heater-Shaker Adapter on Heater-Shaker Module GEN1 on slot C1, 'F4': F4 of Sample Plate on Opentrons 96 Deep Well Heater-Shaker Adapter on Heater-Shaker Module GEN1 on slot C1, 'G4': G4 of Sample Plate on Opentrons 96 Deep Well Heater-Shaker Adapter on Heater-Shaker Module GEN1 on slot C1, 'H4': H4 of Sample Plate on Opentrons 96 Deep Well Heater-Shaker Adapter on Heater-Shaker Module GEN1 on slot C1, 'A5': A5 of Sample Plate on Opentrons 96 Deep Well Heater-Shaker Adapter on Heater-Shaker Module GEN1 on slot C1, 'B5': B5 of Sample Plate on Opentrons 96 Deep Well Heater-Shaker Adapter on Heater-Shaker Module GEN1 on slot C1, 'C5': C5 of Sample Plate on Opentrons 96 Deep Well Heater-Shaker Adapter on Heater-Shaker Module GEN1 on slot C1, 'D5': D5 of Sample Plate on Opentrons 96 Deep Well Heater-Shaker Adapter on Heater-Shaker Module GEN1 on slot C1, 'E5': E5 of Sample Plate on Opentrons 96 Deep Well Heater-Shaker Adapter on Heater-Shaker Module GEN1 on slot C1, 'F5': F5 of Sample Plate on Opentrons 96 Deep Well Heater-Shaker Adapter on Heater-Shaker Module GEN1 on slot C1, 'G5': G5 of Sample Plate on Opentrons 96 Deep Well Heater-Shaker Adapter on Heater-Shaker Module GEN1 on slot C1, 'H5': H5 of Sample Plate on Opentrons 96 Deep Well Heater-Shaker Adapter on Heater-Shaker Module GEN1 on slot C1, 'A6': A6 of Sample Plate on Opentrons 96 Deep Well Heater-Shaker Adapter on Heater-Shaker Module GEN1 on slot C1, 'B6': B6 of Sample Plate on Opentrons 96 Deep Well Heater-Shaker Adapter on Heater-Shaker Module GEN1 on slot C1, 'C6': C6 of Sample Plate on Opentrons 96 Deep Well Heater-Shaker Adapter on Heater-Shaker Module GEN1 on slot C1, 'D6': D6 of Sample Plate on Opentrons 96 Deep Well Heater-Shaker Adapter on Heater-Shaker Module GEN1 on slot C1, 'E6': E6 of Sample Plate on Opentrons 96 Deep Well Heater-Shaker Adapter on Heater-Shaker Module GEN1 on slot C1, 'F6': F6 of Sample Plate on Opentrons 96 Deep Well Heater-Shaker Adapter on Heater-Shaker Module GEN1 on slot C1, 'G6': G6 of Sample Plate on Opentrons 96 Deep Well Heater-Shaker Adapter on Heater-Shaker Module GEN1 on slot C1, 'H6': H6 of Sample Plate on Opentrons 96 Deep Well Heater-Shaker Adapter on Heater-Shaker Module GEN1 on slot C1, 'A7': A7 of Sample Plate on Opentrons 96 Deep Well Heater-Shaker Adapter on Heater-Shaker Module GEN1 on slot C1, 'B7': B7 of Sample Plate on Opentrons 96 Deep Well Heater-Shaker Adapter on Heater-Shaker Module GEN1 on slot C1, 'C7': C7 of Sample Plate on Opentrons 96 Deep Well Heater-Shaker Adapter on Heater-Shaker Module GEN1 on slot C1, 'D7': D7 of Sample Plate on Opentrons 96 Deep Well Heater-Shaker Adapter on Heater-Shaker Module GEN1 on slot C1, 'E7': E7 of Sample Plate on Opentrons 96 Deep Well Heater-Shaker Adapter on Heater-Shaker Module GEN1 on slot C1, 'F7': F7 of Sample Plate on Opentrons 96 Deep Well Heater-Shaker Adapter on Heater-Shaker Module GEN1 on slot C1, 'G7': G7 of Sample Plate on Opentrons 96 Deep Well Heater-Shaker Adapter on Heater-Shaker Module GEN1 on slot C1, 'H7': H7 of Sample Plate on Opentrons 96 Deep Well Heater-Shaker Adapter on Heater-Shaker Module GEN1 on slot C1, 'A8': A8 of Sample Plate on Opentrons 96 Deep Well Heater-Shaker Adapter on Heater-Shaker Module GEN1 on slot C1, 'B8': B8 of Sample Plate on Opentrons 96 Deep Well Heater-Shaker Adapter on Heater-Shaker Module GEN1 on slot C1, 'C8': C8 of Sample Plate on Opentrons 96 Deep Well Heater-Shaker Adapter on Heater-Shaker Module GEN1 on slot C1, 'D8': D8 of Sample Plate on Opentrons 96 Deep Well Heater-Shaker Adapter on Heater-Shaker Module GEN1 on slot C1, 'E8': E8 of Sample Plate on Opentrons 96 Deep Well Heater-Shaker Adapter on Heater-Shaker Module GEN1 on slot C1, 'F8': F8 of Sample Plate on Opentrons 96 Deep Well Heater-Shaker Adapter on Heater-Shaker Module GEN1 on slot C1, 'G8': G8 of Sample Plate on Opentrons 96 Deep Well Heater-Shaker Adapter on Heater-Shaker Module GEN1 on slot C1, 'H8': H8 of Sample Plate on Opentrons 96 Deep Well Heater-Shaker Adapter on Heater-Shaker Module GEN1 on slot C1, 'A9': A9 of Sample Plate on Opentrons 96 Deep Well Heater-Shaker Adapter on Heater-Shaker Module GEN1 on slot C1, 'B9': B9 of Sample Plate on Opentrons 96 Deep Well Heater-Shaker Adapter on Heater-Shaker Module GEN1 on slot C1, 'C9': C9 of Sample Plate on Opentrons 96 Deep Well Heater-Shaker Adapter on Heater-Shaker Module GEN1 on slot C1, 'D9': D9 of Sample Plate on Opentrons 96 Deep Well Heater-Shaker Adapter on Heater-Shaker Module GEN1 on slot C1, 'E9': E9 of Sample Plate on Opentrons 96 Deep Well Heater-Shaker Adapter on Heater-Shaker Module GEN1 on slot C1, 'F9': F9 of Sample Plate on Opentrons 96 Deep Well Heater-Shaker Adapter on Heater-Shaker Module GEN1 on slot C1, 'G9': G9 of Sample Plate on Opentrons 96 Deep Well Heater-Shaker Adapter on Heater-Shaker Module GEN1 on slot C1, 'H9': H9 of Sample Plate on Opentrons 96 Deep Well Heater-Shaker Adapter on Heater-Shaker Module GEN1 on slot C1, 'A10': A10 of Sample Plate on Opentrons 96 Deep Well Heater-Shaker Adapter on Heater-Shaker Module GEN1 on slot C1, 'B10': B10 of Sample Plate on Opentrons 96 Deep Well Heater-Shaker Adapter on Heater-Shaker Module GEN1 on slot C1, 'C10': C10 of Sample Plate on Opentrons 96 Deep Well Heater-Shaker Adapter on Heater-Shaker Module GEN1 on slot C1, 'D10': D10 of Sample Plate on Opentrons 96 Deep Well Heater-Shaker Adapter on Heater-Shaker Module GEN1 on slot C1, 'E10': E10 of Sample Plate on Opentrons 96 Deep Well Heater-Shaker Adapter on Heater-Shaker Module GEN1 on slot C1, 'F10': F10 of Sample Plate on Opentrons 96 Deep Well Heater-Shaker Adapter on Heater-Shaker Module GEN1 on slot C1, 'G10': G10 of Sample Plate on Opentrons 96 Deep Well Heater-Shaker Adapter on Heater-Shaker Module GEN1 on slot C1, 'H10': H10 of Sample Plate on Opentrons 96 Deep Well Heater-Shaker Adapter on Heater-Shaker Module GEN1 on slot C1, 'A11': A11 of Sample Plate on Opentrons 96 Deep Well Heater-Shaker Adapter on Heater-Shaker Module GEN1 on slot C1, 'B11': B11 of Sample Plate on Opentrons 96 Deep Well Heater-Shaker Adapter on Heater-Shaker Module GEN1 on slot C1, 'C11': C11 of Sample Plate on Opentrons 96 Deep Well Heater-Shaker Adapter on Heater-Shaker Module GEN1 on slot C1, 'D11': D11 of Sample Plate on Opentrons 96 Deep Well Heater-Shaker Adapter on Heater-Shaker Module GEN1 on slot C1, 'E11': E11 of Sample Plate on Opentrons 96 Deep Well Heater-Shaker Adapter on Heater-Shaker Module GEN1 on slot C1, 'F11': F11 of Sample Plate on Opentrons 96 Deep Well Heater-Shaker Adapter on Heater-Shaker Module GEN1 on slot C1, 'G11': G11 of Sample Plate on Opentrons 96 Deep Well Heater-Shaker Adapter on Heater-Shaker Module GEN1 on slot C1, 'H11': H11 of Sample Plate on Opentrons 96 Deep Well Heater-Shaker Adapter on Heater-Shaker Module GEN1 on slot C1, 'A12': A12 of Sample Plate on Opentrons 96 Deep Well Heater-Shaker Adapter on Heater-Shaker Module GEN1 on slot C1, 'B12': B12 of Sample Plate on Opentrons 96 Deep Well Heater-Shaker Adapter on Heater-Shaker Module GEN1 on slot C1, 'C12': C12 of Sample Plate on Opentrons 96 Deep Well Heater-Shaker Adapter on Heater-Shaker Module GEN1 on slot C1, 'D12': D12 of Sample Plate on Opentrons 96 Deep Well Heater-Shaker Adapter on Heater-Shaker Module GEN1 on slot C1, 'E12': E12 of Sample Plate on Opentrons 96 Deep Well Heater-Shaker Adapter on Heater-Shaker Module GEN1 on slot C1, 'F12': F12 of Sample Plate on Opentrons 96 Deep Well Heater-Shaker Adapter on Heater-Shaker Module GEN1 on slot C1, 'G12': G12 of Sample Plate on Opentrons 96 Deep Well Heater-Shaker Adapter on Heater-Shaker Module GEN1 on slot C1, 'H12': H12 of Sample Plate on Opentrons 96 Deep Well Heater-Shaker Adapter on Heater-Shaker Module GEN1 on slot C1}
Loading liquid into {'A1': A1 of Sample Plate on Opentrons 96 Deep Well Heater-Shaker Adapter on Heater-Shaker Module GEN1 on slot C1, 'B1': B1 of Sample Plate on Opentrons 96 Deep Well Heater-Shaker Adapter on Heater-Shaker Module GEN1 on slot C1, 'C1': C1 of Sample Plate on Opentrons 96 Deep Well Heater-Shaker Adapter on Heater-Shaker Module GEN1 on slot C1, 'D1': D1 of Sample Plate on Opentrons 96 Deep Well Heater-Shaker Adapter on Heater-Shaker Module GEN1 on slot C1, 'E1': E1 of Sample Plate on Opentrons 96 Deep Well Heater-Shaker Adapter on Heater-Shaker Module GEN1 on slot C1, 'F1': F1 of Sample Plate on Opentrons 96 Deep Well Heater-Shaker Adapter on Heater-Shaker Module GEN1 on slot C1, 'G1': G1 of Sample Plate on Opentrons 96 Deep Well Heater-Shaker Adapter on Heater-Shaker Module GEN1 on slot C1, 'H1': H1 of Sample Plate on Opentrons 96 Deep Well Heater-Shaker Adapter on Heater-Shaker Module GEN1 on slot C1, 'A2': A2 of Sample Plate on Opentrons 96 Deep Well Heater-Shaker Adapter on Heater-Shaker Module GEN1 on slot C1, 'B2': B2 of Sample Plate on Opentrons 96 Deep Well Heater-Shaker Adapter on Heater-Shaker Module GEN1 on slot C1, 'C2': C2 of Sample Plate on Opentrons 96 Deep Well Heater-Shaker Adapter on Heater-Shaker Module GEN1 on slot C1, 'D2': D2 of Sample Plate on Opentrons 96 Deep Well Heater-Shaker Adapter on Heater-Shaker Module GEN1 on slot C1, 'E2': E2 of Sample Plate on Opentrons 96 Deep Well Heater-Shaker Adapter on Heater-Shaker Module GEN1 on slot C1, 'F2': F2 of Sample Plate on Opentrons 96 Deep Well Heater-Shaker Adapter on Heater-Shaker Module GEN1 on slot C1, 'G2': G2 of Sample Plate on Opentrons 96 Deep Well Heater-Shaker Adapter on Heater-Shaker Module GEN1 on slot C1, 'H2': H2 of Sample Plate on Opentrons 96 Deep Well Heater-Shaker Adapter on Heater-Shaker Module GEN1 on slot C1, 'A3': A3 of Sample Plate on Opentrons 96 Deep Well Heater-Shaker Adapter on Heater-Shaker Module GEN1 on slot C1, 'B3': B3 of Sample Plate on Opentrons 96 Deep Well Heater-Shaker Adapter on Heater-Shaker Module GEN1 on slot C1, 'C3': C3 of Sample Plate on Opentrons 96 Deep Well Heater-Shaker Adapter on Heater-Shaker Module GEN1 on slot C1, 'D3': D3 of Sample Plate on Opentrons 96 Deep Well Heater-Shaker Adapter on Heater-Shaker Module GEN1 on slot C1, 'E3': E3 of Sample Plate on Opentrons 96 Deep Well Heater-Shaker Adapter on Heater-Shaker Module GEN1 on slot C1, 'F3': F3 of Sample Plate on Opentrons 96 Deep Well Heater-Shaker Adapter on Heater-Shaker Module GEN1 on slot C1, 'G3': G3 of Sample Plate on Opentrons 96 Deep Well Heater-Shaker Adapter on Heater-Shaker Module GEN1 on slot C1, 'H3': H3 of Sample Plate on Opentrons 96 Deep Well Heater-Shaker Adapter on Heater-Shaker Module GEN1 on slot C1, 'A4': A4 of Sample Plate on Opentrons 96 Deep Well Heater-Shaker Adapter on Heater-Shaker Module GEN1 on slot C1, 'B4': B4 of Sample Plate on Opentrons 96 Deep Well Heater-Shaker Adapter on Heater-Shaker Module GEN1 on slot C1, 'C4': C4 of Sample Plate on Opentrons 96 Deep Well Heater-Shaker Adapter on Heater-Shaker Module GEN1 on slot C1, 'D4': D4 of Sample Plate on Opentrons 96 Deep Well Heater-Shaker Adapter on Heater-Shaker Module GEN1 on slot C1, 'E4': E4 of Sample Plate on Opentrons 96 Deep Well Heater-Shaker Adapter on Heater-Shaker Module GEN1 on slot C1, 'F4': F4 of Sample Plate on Opentrons 96 Deep Well Heater-Shaker Adapter on Heater-Shaker Module GEN1 on slot C1, 'G4': G4 of Sample Plate on Opentrons 96 Deep Well Heater-Shaker Adapter on Heater-Shaker Module GEN1 on slot C1, 'H4': H4 of Sample Plate on Opentrons 96 Deep Well Heater-Shaker Adapter on Heater-Shaker Module GEN1 on slot C1, 'A5': A5 of Sample Plate on Opentrons 96 Deep Well Heater-Shaker Adapter on Heater-Shaker Module GEN1 on slot C1, 'B5': B5 of Sample Plate on Opentrons 96 Deep Well Heater-Shaker Adapter on Heater-Shaker Module GEN1 on slot C1, 'C5': C5 of Sample Plate on Opentrons 96 Deep Well Heater-Shaker Adapter on Heater-Shaker Module GEN1 on slot C1, 'D5': D5 of Sample Plate on Opentrons 96 Deep Well Heater-Shaker Adapter on Heater-Shaker Module GEN1 on slot C1, 'E5': E5 of Sample Plate on Opentrons 96 Deep Well Heater-Shaker Adapter on Heater-Shaker Module GEN1 on slot C1, 'F5': F5 of Sample Plate on Opentrons 96 Deep Well Heater-Shaker Adapter on Heater-Shaker Module GEN1 on slot C1, 'G5': G5 of Sample Plate on Opentrons 96 Deep Well Heater-Shaker Adapter on Heater-Shaker Module GEN1 on slot C1, 'H5': H5 of Sample Plate on Opentrons 96 Deep Well Heater-Shaker Adapter on Heater-Shaker Module GEN1 on slot C1, 'A6': A6 of Sample Plate on Opentrons 96 Deep Well Heater-Shaker Adapter on Heater-Shaker Module GEN1 on slot C1, 'B6': B6 of Sample Plate on Opentrons 96 Deep Well Heater-Shaker Adapter on Heater-Shaker Module GEN1 on slot C1, 'C6': C6 of Sample Plate on Opentrons 96 Deep Well Heater-Shaker Adapter on Heater-Shaker Module GEN1 on slot C1, 'D6': D6 of Sample Plate on Opentrons 96 Deep Well Heater-Shaker Adapter on Heater-Shaker Module GEN1 on slot C1, 'E6': E6 of Sample Plate on Opentrons 96 Deep Well Heater-Shaker Adapter on Heater-Shaker Module GEN1 on slot C1, 'F6': F6 of Sample Plate on Opentrons 96 Deep Well Heater-Shaker Adapter on Heater-Shaker Module GEN1 on slot C1, 'G6': G6 of Sample Plate on Opentrons 96 Deep Well Heater-Shaker Adapter on Heater-Shaker Module GEN1 on slot C1, 'H6': H6 of Sample Plate on Opentrons 96 Deep Well Heater-Shaker Adapter on Heater-Shaker Module GEN1 on slot C1, 'A7': A7 of Sample Plate on Opentrons 96 Deep Well Heater-Shaker Adapter on Heater-Shaker Module GEN1 on slot C1, 'B7': B7 of Sample Plate on Opentrons 96 Deep Well Heater-Shaker Adapter on Heater-Shaker Module GEN1 on slot C1, 'C7': C7 of Sample Plate on Opentrons 96 Deep Well Heater-Shaker Adapter on Heater-Shaker Module GEN1 on slot C1, 'D7': D7 of Sample Plate on Opentrons 96 Deep Well Heater-Shaker Adapter on Heater-Shaker Module GEN1 on slot C1, 'E7': E7 of Sample Plate on Opentrons 96 Deep Well Heater-Shaker Adapter on Heater-Shaker Module GEN1 on slot C1, 'F7': F7 of Sample Plate on Opentrons 96 Deep Well Heater-Shaker Adapter on Heater-Shaker Module GEN1 on slot C1, 'G7': G7 of Sample Plate on Opentrons 96 Deep Well Heater-Shaker Adapter on Heater-Shaker Module GEN1 on slot C1, 'H7': H7 of Sample Plate on Opentrons 96 Deep Well Heater-Shaker Adapter on Heater-Shaker Module GEN1 on slot C1, 'A8': A8 of Sample Plate on Opentrons 96 Deep Well Heater-Shaker Adapter on Heater-Shaker Module GEN1 on slot C1, 'B8': B8 of Sample Plate on Opentrons 96 Deep Well Heater-Shaker Adapter on Heater-Shaker Module GEN1 on slot C1, 'C8': C8 of Sample Plate on Opentrons 96 Deep Well Heater-Shaker Adapter on Heater-Shaker Module GEN1 on slot C1, 'D8': D8 of Sample Plate on Opentrons 96 Deep Well Heater-Shaker Adapter on Heater-Shaker Module GEN1 on slot C1, 'E8': E8 of Sample Plate on Opentrons 96 Deep Well Heater-Shaker Adapter on Heater-Shaker Module GEN1 on slot C1, 'F8': F8 of Sample Plate on Opentrons 96 Deep Well Heater-Shaker Adapter on Heater-Shaker Module GEN1 on slot C1, 'G8': G8 of Sample Plate on Opentrons 96 Deep Well Heater-Shaker Adapter on Heater-Shaker Module GEN1 on slot C1, 'H8': H8 of Sample Plate on Opentrons 96 Deep Well Heater-Shaker Adapter on Heater-Shaker Module GEN1 on slot C1, 'A9': A9 of Sample Plate on Opentrons 96 Deep Well Heater-Shaker Adapter on Heater-Shaker Module GEN1 on slot C1, 'B9': B9 of Sample Plate on Opentrons 96 Deep Well Heater-Shaker Adapter on Heater-Shaker Module GEN1 on slot C1, 'C9': C9 of Sample Plate on Opentrons 96 Deep Well Heater-Shaker Adapter on Heater-Shaker Module GEN1 on slot C1, 'D9': D9 of Sample Plate on Opentrons 96 Deep Well Heater-Shaker Adapter on Heater-Shaker Module GEN1 on slot C1, 'E9': E9 of Sample Plate on Opentrons 96 Deep Well Heater-Shaker Adapter on Heater-Shaker Module GEN1 on slot C1, 'F9': F9 of Sample Plate on Opentrons 96 Deep Well Heater-Shaker Adapter on Heater-Shaker Module GEN1 on slot C1, 'G9': G9 of Sample Plate on Opentrons 96 Deep Well Heater-Shaker Adapter on Heater-Shaker Module GEN1 on slot C1, 'H9': H9 of Sample Plate on Opentrons 96 Deep Well Heater-Shaker Adapter on Heater-Shaker Module GEN1 on slot C1, 'A10': A10 of Sample Plate on Opentrons 96 Deep Well Heater-Shaker Adapter on Heater-Shaker Module GEN1 on slot C1, 'B10': B10 of Sample Plate on Opentrons 96 Deep Well Heater-Shaker Adapter on Heater-Shaker Module GEN1 on slot C1, 'C10': C10 of Sample Plate on Opentrons 96 Deep Well Heater-Shaker Adapter on Heater-Shaker Module GEN1 on slot C1, 'D10': D10 of Sample Plate on Opentrons 96 Deep Well Heater-Shaker Adapter on Heater-Shaker Module GEN1 on slot C1, 'E10': E10 of Sample Plate on Opentrons 96 Deep Well Heater-Shaker Adapter on Heater-Shaker Module GEN1 on slot C1, 'F10': F10 of Sample Plate on Opentrons 96 Deep Well Heater-Shaker Adapter on Heater-Shaker Module GEN1 on slot C1, 'G10': G10 of Sample Plate on Opentrons 96 Deep Well Heater-Shaker Adapter on Heater-Shaker Module GEN1 on slot C1, 'H10': H10 of Sample Plate on Opentrons 96 Deep Well Heater-Shaker Adapter on Heater-Shaker Module GEN1 on slot C1, 'A11': A11 of Sample Plate on Opentrons 96 Deep Well Heater-Shaker Adapter on Heater-Shaker Module GEN1 on slot C1, 'B11': B11 of Sample Plate on Opentrons 96 Deep Well Heater-Shaker Adapter on Heater-Shaker Module GEN1 on slot C1, 'C11': C11 of Sample Plate on Opentrons 96 Deep Well Heater-Shaker Adapter on Heater-Shaker Module GEN1 on slot C1, 'D11': D11 of Sample Plate on Opentrons 96 Deep Well Heater-Shaker Adapter on Heater-Shaker Module GEN1 on slot C1, 'E11': E11 of Sample Plate on Opentrons 96 Deep Well Heater-Shaker Adapter on Heater-Shaker Module GEN1 on slot C1, 'F11': F11 of Sample Plate on Opentrons 96 Deep Well Heater-Shaker Adapter on Heater-Shaker Module GEN1 on slot C1, 'G11': G11 of Sample Plate on Opentrons 96 Deep Well Heater-Shaker Adapter on Heater-Shaker Module GEN1 on slot C1, 'H11': H11 of Sample Plate on Opentrons 96 Deep Well Heater-Shaker Adapter on Heater-Shaker Module GEN1 on slot C1, 'A12': A12 of Sample Plate on Opentrons 96 Deep Well Heater-Shaker Adapter on Heater-Shaker Module GEN1 on slot C1, 'B12': B12 of Sample Plate on Opentrons 96 Deep Well Heater-Shaker Adapter on Heater-Shaker Module GEN1 on slot C1, 'C12': C12 of Sample Plate on Opentrons 96 Deep Well Heater-Shaker Adapter on Heater-Shaker Module GEN1 on slot C1, 'D12': D12 of Sample Plate on Opentrons 96 Deep Well Heater-Shaker Adapter on Heater-Shaker Module GEN1 on slot C1, 'E12': E12 of Sample Plate on Opentrons 96 Deep Well Heater-Shaker Adapter on Heater-Shaker Module GEN1 on slot C1, 'F12': F12 of Sample Plate on Opentrons 96 Deep Well Heater-Shaker Adapter on Heater-Shaker Module GEN1 on slot C1, 'G12': G12 of Sample Plate on Opentrons 96 Deep Well Heater-Shaker Adapter on Heater-Shaker Module GEN1 on slot C1, 'H12': H12 of Sample Plate on Opentrons 96 Deep Well Heater-Shaker Adapter on Heater-Shaker Module GEN1 on slot C1}
Loading liquid into {'A1': A1 of Sample Plate on Opentrons 96 Deep Well Heater-Shaker Adapter on Heater-Shaker Module GEN1 on slot C1, 'B1': B1 of Sample Plate on Opentrons 96 Deep Well Heater-Shaker Adapter on Heater-Shaker Module GEN1 on slot C1, 'C1': C1 of Sample Plate on Opentrons 96 Deep Well Heater-Shaker Adapter on Heater-Shaker Module GEN1 on slot C1, 'D1': D1 of Sample Plate on Opentrons 96 Deep Well Heater-Shaker Adapter on Heater-Shaker Module GEN1 on slot C1, 'E1': E1 of Sample Plate on Opentrons 96 Deep Well Heater-Shaker Adapter on Heater-Shaker Module GEN1 on slot C1, 'F1': F1 of Sample Plate on Opentrons 96 Deep Well Heater-Shaker Adapter on Heater-Shaker Module GEN1 on slot C1, 'G1': G1 of Sample Plate on Opentrons 96 Deep Well Heater-Shaker Adapter on Heater-Shaker Module GEN1 on slot C1, 'H1': H1 of Sample Plate on Opentrons 96 Deep Well Heater-Shaker Adapter on Heater-Shaker Module GEN1 on slot C1, 'A2': A2 of Sample Plate on Opentrons 96 Deep Well Heater-Shaker Adapter on Heater-Shaker Module GEN1 on slot C1, 'B2': B2 of Sample Plate on Opentrons 96 Deep Well Heater-Shaker Adapter on Heater-Shaker Module GEN1 on slot C1, 'C2': C2 of Sample Plate on Opentrons 96 Deep Well Heater-Shaker Adapter on Heater-Shaker Module GEN1 on slot C1, 'D2': D2 of Sample Plate on Opentrons 96 Deep Well Heater-Shaker Adapter on Heater-Shaker Module GEN1 on slot C1, 'E2': E2 of Sample Plate on Opentrons 96 Deep Well Heater-Shaker Adapter on Heater-Shaker Module GEN1 on slot C1, 'F2': F2 of Sample Plate on Opentrons 96 Deep Well Heater-Shaker Adapter on Heater-Shaker Module GEN1 on slot C1, 'G2': G2 of Sample Plate on Opentrons 96 Deep Well Heater-Shaker Adapter on Heater-Shaker Module GEN1 on slot C1, 'H2': H2 of Sample Plate on Opentrons 96 Deep Well Heater-Shaker Adapter on Heater-Shaker Module GEN1 on slot C1, 'A3': A3 of Sample Plate on Opentrons 96 Deep Well Heater-Shaker Adapter on Heater-Shaker Module GEN1 on slot C1, 'B3': B3 of Sample Plate on Opentrons 96 Deep Well Heater-Shaker Adapter on Heater-Shaker Module GEN1 on slot C1, 'C3': C3 of Sample Plate on Opentrons 96 Deep Well Heater-Shaker Adapter on Heater-Shaker Module GEN1 on slot C1, 'D3': D3 of Sample Plate on Opentrons 96 Deep Well Heater-Shaker Adapter on Heater-Shaker Module GEN1 on slot C1, 'E3': E3 of Sample Plate on Opentrons 96 Deep Well Heater-Shaker Adapter on Heater-Shaker Module GEN1 on slot C1, 'F3': F3 of Sample Plate on Opentrons 96 Deep Well Heater-Shaker Adapter on Heater-Shaker Module GEN1 on slot C1, 'G3': G3 of Sample Plate on Opentrons 96 Deep Well Heater-Shaker Adapter on Heater-Shaker Module GEN1 on slot C1, 'H3': H3 of Sample Plate on Opentrons 96 Deep Well Heater-Shaker Adapter on Heater-Shaker Module GEN1 on slot C1, 'A4': A4 of Sample Plate on Opentrons 96 Deep Well Heater-Shaker Adapter on Heater-Shaker Module GEN1 on slot C1, 'B4': B4 of Sample Plate on Opentrons 96 Deep Well Heater-Shaker Adapter on Heater-Shaker Module GEN1 on slot C1, 'C4': C4 of Sample Plate on Opentrons 96 Deep Well Heater-Shaker Adapter on Heater-Shaker Module GEN1 on slot C1, 'D4': D4 of Sample Plate on Opentrons 96 Deep Well Heater-Shaker Adapter on Heater-Shaker Module GEN1 on slot C1, 'E4': E4 of Sample Plate on Opentrons 96 Deep Well Heater-Shaker Adapter on Heater-Shaker Module GEN1 on slot C1, 'F4': F4 of Sample Plate on Opentrons 96 Deep Well Heater-Shaker Adapter on Heater-Shaker Module GEN1 on slot C1, 'G4': G4 of Sample Plate on Opentrons 96 Deep Well Heater-Shaker Adapter on Heater-Shaker Module GEN1 on slot C1, 'H4': H4 of Sample Plate on Opentrons 96 Deep Well Heater-Shaker Adapter on Heater-Shaker Module GEN1 on slot C1, 'A5': A5 of Sample Plate on Opentrons 96 Deep Well Heater-Shaker Adapter on Heater-Shaker Module GEN1 on slot C1, 'B5': B5 of Sample Plate on Opentrons 96 Deep Well Heater-Shaker Adapter on Heater-Shaker Module GEN1 on slot C1, 'C5': C5 of Sample Plate on Opentrons 96 Deep Well Heater-Shaker Adapter on Heater-Shaker Module GEN1 on slot C1, 'D5': D5 of Sample Plate on Opentrons 96 Deep Well Heater-Shaker Adapter on Heater-Shaker Module GEN1 on slot C1, 'E5': E5 of Sample Plate on Opentrons 96 Deep Well Heater-Shaker Adapter on Heater-Shaker Module GEN1 on slot C1, 'F5': F5 of Sample Plate on Opentrons 96 Deep Well Heater-Shaker Adapter on Heater-Shaker Module GEN1 on slot C1, 'G5': G5 of Sample Plate on Opentrons 96 Deep Well Heater-Shaker Adapter on Heater-Shaker Module GEN1 on slot C1, 'H5': H5 of Sample Plate on Opentrons 96 Deep Well Heater-Shaker Adapter on Heater-Shaker Module GEN1 on slot C1, 'A6': A6 of Sample Plate on Opentrons 96 Deep Well Heater-Shaker Adapter on Heater-Shaker Module GEN1 on slot C1, 'B6': B6 of Sample Plate on Opentrons 96 Deep Well Heater-Shaker Adapter on Heater-Shaker Module GEN1 on slot C1, 'C6': C6 of Sample Plate on Opentrons 96 Deep Well Heater-Shaker Adapter on Heater-Shaker Module GEN1 on slot C1, 'D6': D6 of Sample Plate on Opentrons 96 Deep Well Heater-Shaker Adapter on Heater-Shaker Module GEN1 on slot C1, 'E6': E6 of Sample Plate on Opentrons 96 Deep Well Heater-Shaker Adapter on Heater-Shaker Module GEN1 on slot C1, 'F6': F6 of Sample Plate on Opentrons 96 Deep Well Heater-Shaker Adapter on Heater-Shaker Module GEN1 on slot C1, 'G6': G6 of Sample Plate on Opentrons 96 Deep Well Heater-Shaker Adapter on Heater-Shaker Module GEN1 on slot C1, 'H6': H6 of Sample Plate on Opentrons 96 Deep Well Heater-Shaker Adapter on Heater-Shaker Module GEN1 on slot C1, 'A7': A7 of Sample Plate on Opentrons 96 Deep Well Heater-Shaker Adapter on Heater-Shaker Module GEN1 on slot C1, 'B7': B7 of Sample Plate on Opentrons 96 Deep Well Heater-Shaker Adapter on Heater-Shaker Module GEN1 on slot C1, 'C7': C7 of Sample Plate on Opentrons 96 Deep Well Heater-Shaker Adapter on Heater-Shaker Module GEN1 on slot C1, 'D7': D7 of Sample Plate on Opentrons 96 Deep Well Heater-Shaker Adapter on Heater-Shaker Module GEN1 on slot C1, 'E7': E7 of Sample Plate on Opentrons 96 Deep Well Heater-Shaker Adapter on Heater-Shaker Module GEN1 on slot C1, 'F7': F7 of Sample Plate on Opentrons 96 Deep Well Heater-Shaker Adapter on Heater-Shaker Module GEN1 on slot C1, 'G7': G7 of Sample Plate on Opentrons 96 Deep Well Heater-Shaker Adapter on Heater-Shaker Module GEN1 on slot C1, 'H7': H7 of Sample Plate on Opentrons 96 Deep Well Heater-Shaker Adapter on Heater-Shaker Module GEN1 on slot C1, 'A8': A8 of Sample Plate on Opentrons 96 Deep Well Heater-Shaker Adapter on Heater-Shaker Module GEN1 on slot C1, 'B8': B8 of Sample Plate on Opentrons 96 Deep Well Heater-Shaker Adapter on Heater-Shaker Module GEN1 on slot C1, 'C8': C8 of Sample Plate on Opentrons 96 Deep Well Heater-Shaker Adapter on Heater-Shaker Module GEN1 on slot C1, 'D8': D8 of Sample Plate on Opentrons 96 Deep Well Heater-Shaker Adapter on Heater-Shaker Module GEN1 on slot C1, 'E8': E8 of Sample Plate on Opentrons 96 Deep Well Heater-Shaker Adapter on Heater-Shaker Module GEN1 on slot C1, 'F8': F8 of Sample Plate on Opentrons 96 Deep Well Heater-Shaker Adapter on Heater-Shaker Module GEN1 on slot C1, 'G8': G8 of Sample Plate on Opentrons 96 Deep Well Heater-Shaker Adapter on Heater-Shaker Module GEN1 on slot C1, 'H8': H8 of Sample Plate on Opentrons 96 Deep Well Heater-Shaker Adapter on Heater-Shaker Module GEN1 on slot C1, 'A9': A9 of Sample Plate on Opentrons 96 Deep Well Heater-Shaker Adapter on Heater-Shaker Module GEN1 on slot C1, 'B9': B9 of Sample Plate on Opentrons 96 Deep Well Heater-Shaker Adapter on Heater-Shaker Module GEN1 on slot C1, 'C9': C9 of Sample Plate on Opentrons 96 Deep Well Heater-Shaker Adapter on Heater-Shaker Module GEN1 on slot C1, 'D9': D9 of Sample Plate on Opentrons 96 Deep Well Heater-Shaker Adapter on Heater-Shaker Module GEN1 on slot C1, 'E9': E9 of Sample Plate on Opentrons 96 Deep Well Heater-Shaker Adapter on Heater-Shaker Module GEN1 on slot C1, 'F9': F9 of Sample Plate on Opentrons 96 Deep Well Heater-Shaker Adapter on Heater-Shaker Module GEN1 on slot C1, 'G9': G9 of Sample Plate on Opentrons 96 Deep Well Heater-Shaker Adapter on Heater-Shaker Module GEN1 on slot C1, 'H9': H9 of Sample Plate on Opentrons 96 Deep Well Heater-Shaker Adapter on Heater-Shaker Module GEN1 on slot C1, 'A10': A10 of Sample Plate on Opentrons 96 Deep Well Heater-Shaker Adapter on Heater-Shaker Module GEN1 on slot C1, 'B10': B10 of Sample Plate on Opentrons 96 Deep Well Heater-Shaker Adapter on Heater-Shaker Module GEN1 on slot C1, 'C10': C10 of Sample Plate on Opentrons 96 Deep Well Heater-Shaker Adapter on Heater-Shaker Module GEN1 on slot C1, 'D10': D10 of Sample Plate on Opentrons 96 Deep Well Heater-Shaker Adapter on Heater-Shaker Module GEN1 on slot C1, 'E10': E10 of Sample Plate on Opentrons 96 Deep Well Heater-Shaker Adapter on Heater-Shaker Module GEN1 on slot C1, 'F10': F10 of Sample Plate on Opentrons 96 Deep Well Heater-Shaker Adapter on Heater-Shaker Module GEN1 on slot C1, 'G10': G10 of Sample Plate on Opentrons 96 Deep Well Heater-Shaker Adapter on Heater-Shaker Module GEN1 on slot C1, 'H10': H10 of Sample Plate on Opentrons 96 Deep Well Heater-Shaker Adapter on Heater-Shaker Module GEN1 on slot C1, 'A11': A11 of Sample Plate on Opentrons 96 Deep Well Heater-Shaker Adapter on Heater-Shaker Module GEN1 on slot C1, 'B11': B11 of Sample Plate on Opentrons 96 Deep Well Heater-Shaker Adapter on Heater-Shaker Module GEN1 on slot C1, 'C11': C11 of Sample Plate on Opentrons 96 Deep Well Heater-Shaker Adapter on Heater-Shaker Module GEN1 on slot C1, 'D11': D11 of Sample Plate on Opentrons 96 Deep Well Heater-Shaker Adapter on Heater-Shaker Module GEN1 on slot C1, 'E11': E11 of Sample Plate on Opentrons 96 Deep Well Heater-Shaker Adapter on Heater-Shaker Module GEN1 on slot C1, 'F11': F11 of Sample Plate on Opentrons 96 Deep Well Heater-Shaker Adapter on Heater-Shaker Module GEN1 on slot C1, 'G11': G11 of Sample Plate on Opentrons 96 Deep Well Heater-Shaker Adapter on Heater-Shaker Module GEN1 on slot C1, 'H11': H11 of Sample Plate on Opentrons 96 Deep Well Heater-Shaker Adapter on Heater-Shaker Module GEN1 on slot C1, 'A12': A12 of Sample Plate on Opentrons 96 Deep Well Heater-Shaker Adapter on Heater-Shaker Module GEN1 on slot C1, 'B12': B12 of Sample Plate on Opentrons 96 Deep Well Heater-Shaker Adapter on Heater-Shaker Module GEN1 on slot C1, 'C12': C12 of Sample Plate on Opentrons 96 Deep Well Heater-Shaker Adapter on Heater-Shaker Module GEN1 on slot C1, 'D12': D12 of Sample Plate on Opentrons 96 Deep Well Heater-Shaker Adapter on Heater-Shaker Module GEN1 on slot C1, 'E12': E12 of Sample Plate on Opentrons 96 Deep Well Heater-Shaker Adapter on Heater-Shaker Module GEN1 on slot C1, 'F12': F12 of Sample Plate on Opentrons 96 Deep Well Heater-Shaker Adapter on Heater-Shaker Module GEN1 on slot C1, 'G12': G12 of Sample Plate on Opentrons 96 Deep Well Heater-Shaker Adapter on Heater-Shaker Module GEN1 on slot C1, 'H12': H12 of Sample Plate on Opentrons 96 Deep Well Heater-Shaker Adapter on Heater-Shaker Module GEN1 on slot C1}
Loading liquid into {'A1': A1 of Sample Plate on Opentrons 96 Deep Well Heater-Shaker Adapter on Heater-Shaker Module GEN1 on slot C1, 'B1': B1 of Sample Plate on Opentrons 96 Deep Well Heater-Shaker Adapter on Heater-Shaker Module GEN1 on slot C1, 'C1': C1 of Sample Plate on Opentrons 96 Deep Well Heater-Shaker Adapter on Heater-Shaker Module GEN1 on slot C1, 'D1': D1 of Sample Plate on Opentrons 96 Deep Well Heater-Shaker Adapter on Heater-Shaker Module GEN1 on slot C1, 'E1': E1 of Sample Plate on Opentrons 96 Deep Well Heater-Shaker Adapter on Heater-Shaker Module GEN1 on slot C1, 'F1': F1 of Sample Plate on Opentrons 96 Deep Well Heater-Shaker Adapter on Heater-Shaker Module GEN1 on slot C1, 'G1': G1 of Sample Plate on Opentrons 96 Deep Well Heater-Shaker Adapter on Heater-Shaker Module GEN1 on slot C1, 'H1': H1 of Sample Plate on Opentrons 96 Deep Well Heater-Shaker Adapter on Heater-Shaker Module GEN1 on slot C1, 'A2': A2 of Sample Plate on Opentrons 96 Deep Well Heater-Shaker Adapter on Heater-Shaker Module GEN1 on slot C1, 'B2': B2 of Sample Plate on Opentrons 96 Deep Well Heater-Shaker Adapter on Heater-Shaker Module GEN1 on slot C1, 'C2': C2 of Sample Plate on Opentrons 96 Deep Well Heater-Shaker Adapter on Heater-Shaker Module GEN1 on slot C1, 'D2': D2 of Sample Plate on Opentrons 96 Deep Well Heater-Shaker Adapter on Heater-Shaker Module GEN1 on slot C1, 'E2': E2 of Sample Plate on Opentrons 96 Deep Well Heater-Shaker Adapter on Heater-Shaker Module GEN1 on slot C1, 'F2': F2 of Sample Plate on Opentrons 96 Deep Well Heater-Shaker Adapter on Heater-Shaker Module GEN1 on slot C1, 'G2': G2 of Sample Plate on Opentrons 96 Deep Well Heater-Shaker Adapter on Heater-Shaker Module GEN1 on slot C1, 'H2': H2 of Sample Plate on Opentrons 96 Deep Well Heater-Shaker Adapter on Heater-Shaker Module GEN1 on slot C1, 'A3': A3 of Sample Plate on Opentrons 96 Deep Well Heater-Shaker Adapter on Heater-Shaker Module GEN1 on slot C1, 'B3': B3 of Sample Plate on Opentrons 96 Deep Well Heater-Shaker Adapter on Heater-Shaker Module GEN1 on slot C1, 'C3': C3 of Sample Plate on Opentrons 96 Deep Well Heater-Shaker Adapter on Heater-Shaker Module GEN1 on slot C1, 'D3': D3 of Sample Plate on Opentrons 96 Deep Well Heater-Shaker Adapter on Heater-Shaker Module GEN1 on slot C1, 'E3': E3 of Sample Plate on Opentrons 96 Deep Well Heater-Shaker Adapter on Heater-Shaker Module GEN1 on slot C1, 'F3': F3 of Sample Plate on Opentrons 96 Deep Well Heater-Shaker Adapter on Heater-Shaker Module GEN1 on slot C1, 'G3': G3 of Sample Plate on Opentrons 96 Deep Well Heater-Shaker Adapter on Heater-Shaker Module GEN1 on slot C1, 'H3': H3 of Sample Plate on Opentrons 96 Deep Well Heater-Shaker Adapter on Heater-Shaker Module GEN1 on slot C1, 'A4': A4 of Sample Plate on Opentrons 96 Deep Well Heater-Shaker Adapter on Heater-Shaker Module GEN1 on slot C1, 'B4': B4 of Sample Plate on Opentrons 96 Deep Well Heater-Shaker Adapter on Heater-Shaker Module GEN1 on slot C1, 'C4': C4 of Sample Plate on Opentrons 96 Deep Well Heater-Shaker Adapter on Heater-Shaker Module GEN1 on slot C1, 'D4': D4 of Sample Plate on Opentrons 96 Deep Well Heater-Shaker Adapter on Heater-Shaker Module GEN1 on slot C1, 'E4': E4 of Sample Plate on Opentrons 96 Deep Well Heater-Shaker Adapter on Heater-Shaker Module GEN1 on slot C1, 'F4': F4 of Sample Plate on Opentrons 96 Deep Well Heater-Shaker Adapter on Heater-Shaker Module GEN1 on slot C1, 'G4': G4 of Sample Plate on Opentrons 96 Deep Well Heater-Shaker Adapter on Heater-Shaker Module GEN1 on slot C1, 'H4': H4 of Sample Plate on Opentrons 96 Deep Well Heater-Shaker Adapter on Heater-Shaker Module GEN1 on slot C1, 'A5': A5 of Sample Plate on Opentrons 96 Deep Well Heater-Shaker Adapter on Heater-Shaker Module GEN1 on slot C1, 'B5': B5 of Sample Plate on Opentrons 96 Deep Well Heater-Shaker Adapter on Heater-Shaker Module GEN1 on slot C1, 'C5': C5 of Sample Plate on Opentrons 96 Deep Well Heater-Shaker Adapter on Heater-Shaker Module GEN1 on slot C1, 'D5': D5 of Sample Plate on Opentrons 96 Deep Well Heater-Shaker Adapter on Heater-Shaker Module GEN1 on slot C1, 'E5': E5 of Sample Plate on Opentrons 96 Deep Well Heater-Shaker Adapter on Heater-Shaker Module GEN1 on slot C1, 'F5': F5 of Sample Plate on Opentrons 96 Deep Well Heater-Shaker Adapter on Heater-Shaker Module GEN1 on slot C1, 'G5': G5 of Sample Plate on Opentrons 96 Deep Well Heater-Shaker Adapter on Heater-Shaker Module GEN1 on slot C1, 'H5': H5 of Sample Plate on Opentrons 96 Deep Well Heater-Shaker Adapter on Heater-Shaker Module GEN1 on slot C1, 'A6': A6 of Sample Plate on Opentrons 96 Deep Well Heater-Shaker Adapter on Heater-Shaker Module GEN1 on slot C1, 'B6': B6 of Sample Plate on Opentrons 96 Deep Well Heater-Shaker Adapter on Heater-Shaker Module GEN1 on slot C1, 'C6': C6 of Sample Plate on Opentrons 96 Deep Well Heater-Shaker Adapter on Heater-Shaker Module GEN1 on slot C1, 'D6': D6 of Sample Plate on Opentrons 96 Deep Well Heater-Shaker Adapter on Heater-Shaker Module GEN1 on slot C1, 'E6': E6 of Sample Plate on Opentrons 96 Deep Well Heater-Shaker Adapter on Heater-Shaker Module GEN1 on slot C1, 'F6': F6 of Sample Plate on Opentrons 96 Deep Well Heater-Shaker Adapter on Heater-Shaker Module GEN1 on slot C1, 'G6': G6 of Sample Plate on Opentrons 96 Deep Well Heater-Shaker Adapter on Heater-Shaker Module GEN1 on slot C1, 'H6': H6 of Sample Plate on Opentrons 96 Deep Well Heater-Shaker Adapter on Heater-Shaker Module GEN1 on slot C1, 'A7': A7 of Sample Plate on Opentrons 96 Deep Well Heater-Shaker Adapter on Heater-Shaker Module GEN1 on slot C1, 'B7': B7 of Sample Plate on Opentrons 96 Deep Well Heater-Shaker Adapter on Heater-Shaker Module GEN1 on slot C1, 'C7': C7 of Sample Plate on Opentrons 96 Deep Well Heater-Shaker Adapter on Heater-Shaker Module GEN1 on slot C1, 'D7': D7 of Sample Plate on Opentrons 96 Deep Well Heater-Shaker Adapter on Heater-Shaker Module GEN1 on slot C1, 'E7': E7 of Sample Plate on Opentrons 96 Deep Well Heater-Shaker Adapter on Heater-Shaker Module GEN1 on slot C1, 'F7': F7 of Sample Plate on Opentrons 96 Deep Well Heater-Shaker Adapter on Heater-Shaker Module GEN1 on slot C1, 'G7': G7 of Sample Plate on Opentrons 96 Deep Well Heater-Shaker Adapter on Heater-Shaker Module GEN1 on slot C1, 'H7': H7 of Sample Plate on Opentrons 96 Deep Well Heater-Shaker Adapter on Heater-Shaker Module GEN1 on slot C1, 'A8': A8 of Sample Plate on Opentrons 96 Deep Well Heater-Shaker Adapter on Heater-Shaker Module GEN1 on slot C1, 'B8': B8 of Sample Plate on Opentrons 96 Deep Well Heater-Shaker Adapter on Heater-Shaker Module GEN1 on slot C1, 'C8': C8 of Sample Plate on Opentrons 96 Deep Well Heater-Shaker Adapter on Heater-Shaker Module GEN1 on slot C1, 'D8': D8 of Sample Plate on Opentrons 96 Deep Well Heater-Shaker Adapter on Heater-Shaker Module GEN1 on slot C1, 'E8': E8 of Sample Plate on Opentrons 96 Deep Well Heater-Shaker Adapter on Heater-Shaker Module GEN1 on slot C1, 'F8': F8 of Sample Plate on Opentrons 96 Deep Well Heater-Shaker Adapter on Heater-Shaker Module GEN1 on slot C1, 'G8': G8 of Sample Plate on Opentrons 96 Deep Well Heater-Shaker Adapter on Heater-Shaker Module GEN1 on slot C1, 'H8': H8 of Sample Plate on Opentrons 96 Deep Well Heater-Shaker Adapter on Heater-Shaker Module GEN1 on slot C1, 'A9': A9 of Sample Plate on Opentrons 96 Deep Well Heater-Shaker Adapter on Heater-Shaker Module GEN1 on slot C1, 'B9': B9 of Sample Plate on Opentrons 96 Deep Well Heater-Shaker Adapter on Heater-Shaker Module GEN1 on slot C1, 'C9': C9 of Sample Plate on Opentrons 96 Deep Well Heater-Shaker Adapter on Heater-Shaker Module GEN1 on slot C1, 'D9': D9 of Sample Plate on Opentrons 96 Deep Well Heater-Shaker Adapter on Heater-Shaker Module GEN1 on slot C1, 'E9': E9 of Sample Plate on Opentrons 96 Deep Well Heater-Shaker Adapter on Heater-Shaker Module GEN1 on slot C1, 'F9': F9 of Sample Plate on Opentrons 96 Deep Well Heater-Shaker Adapter on Heater-Shaker Module GEN1 on slot C1, 'G9': G9 of Sample Plate on Opentrons 96 Deep Well Heater-Shaker Adapter on Heater-Shaker Module GEN1 on slot C1, 'H9': H9 of Sample Plate on Opentrons 96 Deep Well Heater-Shaker Adapter on Heater-Shaker Module GEN1 on slot C1, 'A10': A10 of Sample Plate on Opentrons 96 Deep Well Heater-Shaker Adapter on Heater-Shaker Module GEN1 on slot C1, 'B10': B10 of Sample Plate on Opentrons 96 Deep Well Heater-Shaker Adapter on Heater-Shaker Module GEN1 on slot C1, 'C10': C10 of Sample Plate on Opentrons 96 Deep Well Heater-Shaker Adapter on Heater-Shaker Module GEN1 on slot C1, 'D10': D10 of Sample Plate on Opentrons 96 Deep Well Heater-Shaker Adapter on Heater-Shaker Module GEN1 on slot C1, 'E10': E10 of Sample Plate on Opentrons 96 Deep Well Heater-Shaker Adapter on Heater-Shaker Module GEN1 on slot C1, 'F10': F10 of Sample Plate on Opentrons 96 Deep Well Heater-Shaker Adapter on Heater-Shaker Module GEN1 on slot C1, 'G10': G10 of Sample Plate on Opentrons 96 Deep Well Heater-Shaker Adapter on Heater-Shaker Module GEN1 on slot C1, 'H10': H10 of Sample Plate on Opentrons 96 Deep Well Heater-Shaker Adapter on Heater-Shaker Module GEN1 on slot C1, 'A11': A11 of Sample Plate on Opentrons 96 Deep Well Heater-Shaker Adapter on Heater-Shaker Module GEN1 on slot C1, 'B11': B11 of Sample Plate on Opentrons 96 Deep Well Heater-Shaker Adapter on Heater-Shaker Module GEN1 on slot C1, 'C11': C11 of Sample Plate on Opentrons 96 Deep Well Heater-Shaker Adapter on Heater-Shaker Module GEN1 on slot C1, 'D11': D11 of Sample Plate on Opentrons 96 Deep Well Heater-Shaker Adapter on Heater-Shaker Module GEN1 on slot C1, 'E11': E11 of Sample Plate on Opentrons 96 Deep Well Heater-Shaker Adapter on Heater-Shaker Module GEN1 on slot C1, 'F11': F11 of Sample Plate on Opentrons 96 Deep Well Heater-Shaker Adapter on Heater-Shaker Module GEN1 on slot C1, 'G11': G11 of Sample Plate on Opentrons 96 Deep Well Heater-Shaker Adapter on Heater-Shaker Module GEN1 on slot C1, 'H11': H11 of Sample Plate on Opentrons 96 Deep Well Heater-Shaker Adapter on Heater-Shaker Module GEN1 on slot C1, 'A12': A12 of Sample Plate on Opentrons 96 Deep Well Heater-Shaker Adapter on Heater-Shaker Module GEN1 on slot C1, 'B12': B12 of Sample Plate on Opentrons 96 Deep Well Heater-Shaker Adapter on Heater-Shaker Module GEN1 on slot C1, 'C12': C12 of Sample Plate on Opentrons 96 Deep Well Heater-Shaker Adapter on Heater-Shaker Module GEN1 on slot C1, 'D12': D12 of Sample Plate on Opentrons 96 Deep Well Heater-Shaker Adapter on Heater-Shaker Module GEN1 on slot C1, 'E12': E12 of Sample Plate on Opentrons 96 Deep Well Heater-Shaker Adapter on Heater-Shaker Module GEN1 on slot C1, 'F12': F12 of Sample Plate on Opentrons 96 Deep Well Heater-Shaker Adapter on Heater-Shaker Module GEN1 on slot C1, 'G12': G12 of Sample Plate on Opentrons 96 Deep Well Heater-Shaker Adapter on Heater-Shaker Module GEN1 on slot C1, 'H12': H12 of Sample Plate on Opentrons 96 Deep Well Heater-Shaker Adapter on Heater-Shaker Module GEN1 on slot C1}
Loading liquid into {'A1': A1 of Sample Plate on Opentrons 96 Deep Well Heater-Shaker Adapter on Heater-Shaker Module GEN1 on slot C1, 'B1': B1 of Sample Plate on Opentrons 96 Deep Well Heater-Shaker Adapter on Heater-Shaker Module GEN1 on slot C1, 'C1': C1 of Sample Plate on Opentrons 96 Deep Well Heater-Shaker Adapter on Heater-Shaker Module GEN1 on slot C1, 'D1': D1 of Sample Plate on Opentrons 96 Deep Well Heater-Shaker Adapter on Heater-Shaker Module GEN1 on slot C1, 'E1': E1 of Sample Plate on Opentrons 96 Deep Well Heater-Shaker Adapter on Heater-Shaker Module GEN1 on slot C1, 'F1': F1 of Sample Plate on Opentrons 96 Deep Well Heater-Shaker Adapter on Heater-Shaker Module GEN1 on slot C1, 'G1': G1 of Sample Plate on Opentrons 96 Deep Well Heater-Shaker Adapter on Heater-Shaker Module GEN1 on slot C1, 'H1': H1 of Sample Plate on Opentrons 96 Deep Well Heater-Shaker Adapter on Heater-Shaker Module GEN1 on slot C1, 'A2': A2 of Sample Plate on Opentrons 96 Deep Well Heater-Shaker Adapter on Heater-Shaker Module GEN1 on slot C1, 'B2': B2 of Sample Plate on Opentrons 96 Deep Well Heater-Shaker Adapter on Heater-Shaker Module GEN1 on slot C1, 'C2': C2 of Sample Plate on Opentrons 96 Deep Well Heater-Shaker Adapter on Heater-Shaker Module GEN1 on slot C1, 'D2': D2 of Sample Plate on Opentrons 96 Deep Well Heater-Shaker Adapter on Heater-Shaker Module GEN1 on slot C1, 'E2': E2 of Sample Plate on Opentrons 96 Deep Well Heater-Shaker Adapter on Heater-Shaker Module GEN1 on slot C1, 'F2': F2 of Sample Plate on Opentrons 96 Deep Well Heater-Shaker Adapter on Heater-Shaker Module GEN1 on slot C1, 'G2': G2 of Sample Plate on Opentrons 96 Deep Well Heater-Shaker Adapter on Heater-Shaker Module GEN1 on slot C1, 'H2': H2 of Sample Plate on Opentrons 96 Deep Well Heater-Shaker Adapter on Heater-Shaker Module GEN1 on slot C1, 'A3': A3 of Sample Plate on Opentrons 96 Deep Well Heater-Shaker Adapter on Heater-Shaker Module GEN1 on slot C1, 'B3': B3 of Sample Plate on Opentrons 96 Deep Well Heater-Shaker Adapter on Heater-Shaker Module GEN1 on slot C1, 'C3': C3 of Sample Plate on Opentrons 96 Deep Well Heater-Shaker Adapter on Heater-Shaker Module GEN1 on slot C1, 'D3': D3 of Sample Plate on Opentrons 96 Deep Well Heater-Shaker Adapter on Heater-Shaker Module GEN1 on slot C1, 'E3': E3 of Sample Plate on Opentrons 96 Deep Well Heater-Shaker Adapter on Heater-Shaker Module GEN1 on slot C1, 'F3': F3 of Sample Plate on Opentrons 96 Deep Well Heater-Shaker Adapter on Heater-Shaker Module GEN1 on slot C1, 'G3': G3 of Sample Plate on Opentrons 96 Deep Well Heater-Shaker Adapter on Heater-Shaker Module GEN1 on slot C1, 'H3': H3 of Sample Plate on Opentrons 96 Deep Well Heater-Shaker Adapter on Heater-Shaker Module GEN1 on slot C1, 'A4': A4 of Sample Plate on Opentrons 96 Deep Well Heater-Shaker Adapter on Heater-Shaker Module GEN1 on slot C1, 'B4': B4 of Sample Plate on Opentrons 96 Deep Well Heater-Shaker Adapter on Heater-Shaker Module GEN1 on slot C1, 'C4': C4 of Sample Plate on Opentrons 96 Deep Well Heater-Shaker Adapter on Heater-Shaker Module GEN1 on slot C1, 'D4': D4 of Sample Plate on Opentrons 96 Deep Well Heater-Shaker Adapter on Heater-Shaker Module GEN1 on slot C1, 'E4': E4 of Sample Plate on Opentrons 96 Deep Well Heater-Shaker Adapter on Heater-Shaker Module GEN1 on slot C1, 'F4': F4 of Sample Plate on Opentrons 96 Deep Well Heater-Shaker Adapter on Heater-Shaker Module GEN1 on slot C1, 'G4': G4 of Sample Plate on Opentrons 96 Deep Well Heater-Shaker Adapter on Heater-Shaker Module GEN1 on slot C1, 'H4': H4 of Sample Plate on Opentrons 96 Deep Well Heater-Shaker Adapter on Heater-Shaker Module GEN1 on slot C1, 'A5': A5 of Sample Plate on Opentrons 96 Deep Well Heater-Shaker Adapter on Heater-Shaker Module GEN1 on slot C1, 'B5': B5 of Sample Plate on Opentrons 96 Deep Well Heater-Shaker Adapter on Heater-Shaker Module GEN1 on slot C1, 'C5': C5 of Sample Plate on Opentrons 96 Deep Well Heater-Shaker Adapter on Heater-Shaker Module GEN1 on slot C1, 'D5': D5 of Sample Plate on Opentrons 96 Deep Well Heater-Shaker Adapter on Heater-Shaker Module GEN1 on slot C1, 'E5': E5 of Sample Plate on Opentrons 96 Deep Well Heater-Shaker Adapter on Heater-Shaker Module GEN1 on slot C1, 'F5': F5 of Sample Plate on Opentrons 96 Deep Well Heater-Shaker Adapter on Heater-Shaker Module GEN1 on slot C1, 'G5': G5 of Sample Plate on Opentrons 96 Deep Well Heater-Shaker Adapter on Heater-Shaker Module GEN1 on slot C1, 'H5': H5 of Sample Plate on Opentrons 96 Deep Well Heater-Shaker Adapter on Heater-Shaker Module GEN1 on slot C1, 'A6': A6 of Sample Plate on Opentrons 96 Deep Well Heater-Shaker Adapter on Heater-Shaker Module GEN1 on slot C1, 'B6': B6 of Sample Plate on Opentrons 96 Deep Well Heater-Shaker Adapter on Heater-Shaker Module GEN1 on slot C1, 'C6': C6 of Sample Plate on Opentrons 96 Deep Well Heater-Shaker Adapter on Heater-Shaker Module GEN1 on slot C1, 'D6': D6 of Sample Plate on Opentrons 96 Deep Well Heater-Shaker Adapter on Heater-Shaker Module GEN1 on slot C1, 'E6': E6 of Sample Plate on Opentrons 96 Deep Well Heater-Shaker Adapter on Heater-Shaker Module GEN1 on slot C1, 'F6': F6 of Sample Plate on Opentrons 96 Deep Well Heater-Shaker Adapter on Heater-Shaker Module GEN1 on slot C1, 'G6': G6 of Sample Plate on Opentrons 96 Deep Well Heater-Shaker Adapter on Heater-Shaker Module GEN1 on slot C1, 'H6': H6 of Sample Plate on Opentrons 96 Deep Well Heater-Shaker Adapter on Heater-Shaker Module GEN1 on slot C1, 'A7': A7 of Sample Plate on Opentrons 96 Deep Well Heater-Shaker Adapter on Heater-Shaker Module GEN1 on slot C1, 'B7': B7 of Sample Plate on Opentrons 96 Deep Well Heater-Shaker Adapter on Heater-Shaker Module GEN1 on slot C1, 'C7': C7 of Sample Plate on Opentrons 96 Deep Well Heater-Shaker Adapter on Heater-Shaker Module GEN1 on slot C1, 'D7': D7 of Sample Plate on Opentrons 96 Deep Well Heater-Shaker Adapter on Heater-Shaker Module GEN1 on slot C1, 'E7': E7 of Sample Plate on Opentrons 96 Deep Well Heater-Shaker Adapter on Heater-Shaker Module GEN1 on slot C1, 'F7': F7 of Sample Plate on Opentrons 96 Deep Well Heater-Shaker Adapter on Heater-Shaker Module GEN1 on slot C1, 'G7': G7 of Sample Plate on Opentrons 96 Deep Well Heater-Shaker Adapter on Heater-Shaker Module GEN1 on slot C1, 'H7': H7 of Sample Plate on Opentrons 96 Deep Well Heater-Shaker Adapter on Heater-Shaker Module GEN1 on slot C1, 'A8': A8 of Sample Plate on Opentrons 96 Deep Well Heater-Shaker Adapter on Heater-Shaker Module GEN1 on slot C1, 'B8': B8 of Sample Plate on Opentrons 96 Deep Well Heater-Shaker Adapter on Heater-Shaker Module GEN1 on slot C1, 'C8': C8 of Sample Plate on Opentrons 96 Deep Well Heater-Shaker Adapter on Heater-Shaker Module GEN1 on slot C1, 'D8': D8 of Sample Plate on Opentrons 96 Deep Well Heater-Shaker Adapter on Heater-Shaker Module GEN1 on slot C1, 'E8': E8 of Sample Plate on Opentrons 96 Deep Well Heater-Shaker Adapter on Heater-Shaker Module GEN1 on slot C1, 'F8': F8 of Sample Plate on Opentrons 96 Deep Well Heater-Shaker Adapter on Heater-Shaker Module GEN1 on slot C1, 'G8': G8 of Sample Plate on Opentrons 96 Deep Well Heater-Shaker Adapter on Heater-Shaker Module GEN1 on slot C1, 'H8': H8 of Sample Plate on Opentrons 96 Deep Well Heater-Shaker Adapter on Heater-Shaker Module GEN1 on slot C1, 'A9': A9 of Sample Plate on Opentrons 96 Deep Well Heater-Shaker Adapter on Heater-Shaker Module GEN1 on slot C1, 'B9': B9 of Sample Plate on Opentrons 96 Deep Well Heater-Shaker Adapter on Heater-Shaker Module GEN1 on slot C1, 'C9': C9 of Sample Plate on Opentrons 96 Deep Well Heater-Shaker Adapter on Heater-Shaker Module GEN1 on slot C1, 'D9': D9 of Sample Plate on Opentrons 96 Deep Well Heater-Shaker Adapter on Heater-Shaker Module GEN1 on slot C1, 'E9': E9 of Sample Plate on Opentrons 96 Deep Well Heater-Shaker Adapter on Heater-Shaker Module GEN1 on slot C1, 'F9': F9 of Sample Plate on Opentrons 96 Deep Well Heater-Shaker Adapter on Heater-Shaker Module GEN1 on slot C1, 'G9': G9 of Sample Plate on Opentrons 96 Deep Well Heater-Shaker Adapter on Heater-Shaker Module GEN1 on slot C1, 'H9': H9 of Sample Plate on Opentrons 96 Deep Well Heater-Shaker Adapter on Heater-Shaker Module GEN1 on slot C1, 'A10': A10 of Sample Plate on Opentrons 96 Deep Well Heater-Shaker Adapter on Heater-Shaker Module GEN1 on slot C1, 'B10': B10 of Sample Plate on Opentrons 96 Deep Well Heater-Shaker Adapter on Heater-Shaker Module GEN1 on slot C1, 'C10': C10 of Sample Plate on Opentrons 96 Deep Well Heater-Shaker Adapter on Heater-Shaker Module GEN1 on slot C1, 'D10': D10 of Sample Plate on Opentrons 96 Deep Well Heater-Shaker Adapter on Heater-Shaker Module GEN1 on slot C1, 'E10': E10 of Sample Plate on Opentrons 96 Deep Well Heater-Shaker Adapter on Heater-Shaker Module GEN1 on slot C1, 'F10': F10 of Sample Plate on Opentrons 96 Deep Well Heater-Shaker Adapter on Heater-Shaker Module GEN1 on slot C1, 'G10': G10 of Sample Plate on Opentrons 96 Deep Well Heater-Shaker Adapter on Heater-Shaker Module GEN1 on slot C1, 'H10': H10 of Sample Plate on Opentrons 96 Deep Well Heater-Shaker Adapter on Heater-Shaker Module GEN1 on slot C1, 'A11': A11 of Sample Plate on Opentrons 96 Deep Well Heater-Shaker Adapter on Heater-Shaker Module GEN1 on slot C1, 'B11': B11 of Sample Plate on Opentrons 96 Deep Well Heater-Shaker Adapter on Heater-Shaker Module GEN1 on slot C1, 'C11': C11 of Sample Plate on Opentrons 96 Deep Well Heater-Shaker Adapter on Heater-Shaker Module GEN1 on slot C1, 'D11': D11 of Sample Plate on Opentrons 96 Deep Well Heater-Shaker Adapter on Heater-Shaker Module GEN1 on slot C1, 'E11': E11 of Sample Plate on Opentrons 96 Deep Well Heater-Shaker Adapter on Heater-Shaker Module GEN1 on slot C1, 'F11': F11 of Sample Plate on Opentrons 96 Deep Well Heater-Shaker Adapter on Heater-Shaker Module GEN1 on slot C1, 'G11': G11 of Sample Plate on Opentrons 96 Deep Well Heater-Shaker Adapter on Heater-Shaker Module GEN1 on slot C1, 'H11': H11 of Sample Plate on Opentrons 96 Deep Well Heater-Shaker Adapter on Heater-Shaker Module GEN1 on slot C1, 'A12': A12 of Sample Plate on Opentrons 96 Deep Well Heater-Shaker Adapter on Heater-Shaker Module GEN1 on slot C1, 'B12': B12 of Sample Plate on Opentrons 96 Deep Well Heater-Shaker Adapter on Heater-Shaker Module GEN1 on slot C1, 'C12': C12 of Sample Plate on Opentrons 96 Deep Well Heater-Shaker Adapter on Heater-Shaker Module GEN1 on slot C1, 'D12': D12 of Sample Plate on Opentrons 96 Deep Well Heater-Shaker Adapter on Heater-Shaker Module GEN1 on slot C1, 'E12': E12 of Sample Plate on Opentrons 96 Deep Well Heater-Shaker Adapter on Heater-Shaker Module GEN1 on slot C1, 'F12': F12 of Sample Plate on Opentrons 96 Deep Well Heater-Shaker Adapter on Heater-Shaker Module GEN1 on slot C1, 'G12': G12 of Sample Plate on Opentrons 96 Deep Well Heater-Shaker Adapter on Heater-Shaker Module GEN1 on slot C1, 'H12': H12 of Sample Plate on Opentrons 96 Deep Well Heater-Shaker Adapter on Heater-Shaker Module GEN1 on slot C1}
Loading liquid into {'A1': A1 of Sample Plate on Opentrons 96 Deep Well Heater-Shaker Adapter on Heater-Shaker Module GEN1 on slot C1, 'B1': B1 of Sample Plate on Opentrons 96 Deep Well Heater-Shaker Adapter on Heater-Shaker Module GEN1 on slot C1, 'C1': C1 of Sample Plate on Opentrons 96 Deep Well Heater-Shaker Adapter on Heater-Shaker Module GEN1 on slot C1, 'D1': D1 of Sample Plate on Opentrons 96 Deep Well Heater-Shaker Adapter on Heater-Shaker Module GEN1 on slot C1, 'E1': E1 of Sample Plate on Opentrons 96 Deep Well Heater-Shaker Adapter on Heater-Shaker Module GEN1 on slot C1, 'F1': F1 of Sample Plate on Opentrons 96 Deep Well Heater-Shaker Adapter on Heater-Shaker Module GEN1 on slot C1, 'G1': G1 of Sample Plate on Opentrons 96 Deep Well Heater-Shaker Adapter on Heater-Shaker Module GEN1 on slot C1, 'H1': H1 of Sample Plate on Opentrons 96 Deep Well Heater-Shaker Adapter on Heater-Shaker Module GEN1 on slot C1, 'A2': A2 of Sample Plate on Opentrons 96 Deep Well Heater-Shaker Adapter on Heater-Shaker Module GEN1 on slot C1, 'B2': B2 of Sample Plate on Opentrons 96 Deep Well Heater-Shaker Adapter on Heater-Shaker Module GEN1 on slot C1, 'C2': C2 of Sample Plate on Opentrons 96 Deep Well Heater-Shaker Adapter on Heater-Shaker Module GEN1 on slot C1, 'D2': D2 of Sample Plate on Opentrons 96 Deep Well Heater-Shaker Adapter on Heater-Shaker Module GEN1 on slot C1, 'E2': E2 of Sample Plate on Opentrons 96 Deep Well Heater-Shaker Adapter on Heater-Shaker Module GEN1 on slot C1, 'F2': F2 of Sample Plate on Opentrons 96 Deep Well Heater-Shaker Adapter on Heater-Shaker Module GEN1 on slot C1, 'G2': G2 of Sample Plate on Opentrons 96 Deep Well Heater-Shaker Adapter on Heater-Shaker Module GEN1 on slot C1, 'H2': H2 of Sample Plate on Opentrons 96 Deep Well Heater-Shaker Adapter on Heater-Shaker Module GEN1 on slot C1, 'A3': A3 of Sample Plate on Opentrons 96 Deep Well Heater-Shaker Adapter on Heater-Shaker Module GEN1 on slot C1, 'B3': B3 of Sample Plate on Opentrons 96 Deep Well Heater-Shaker Adapter on Heater-Shaker Module GEN1 on slot C1, 'C3': C3 of Sample Plate on Opentrons 96 Deep Well Heater-Shaker Adapter on Heater-Shaker Module GEN1 on slot C1, 'D3': D3 of Sample Plate on Opentrons 96 Deep Well Heater-Shaker Adapter on Heater-Shaker Module GEN1 on slot C1, 'E3': E3 of Sample Plate on Opentrons 96 Deep Well Heater-Shaker Adapter on Heater-Shaker Module GEN1 on slot C1, 'F3': F3 of Sample Plate on Opentrons 96 Deep Well Heater-Shaker Adapter on Heater-Shaker Module GEN1 on slot C1, 'G3': G3 of Sample Plate on Opentrons 96 Deep Well Heater-Shaker Adapter on Heater-Shaker Module GEN1 on slot C1, 'H3': H3 of Sample Plate on Opentrons 96 Deep Well Heater-Shaker Adapter on Heater-Shaker Module GEN1 on slot C1, 'A4': A4 of Sample Plate on Opentrons 96 Deep Well Heater-Shaker Adapter on Heater-Shaker Module GEN1 on slot C1, 'B4': B4 of Sample Plate on Opentrons 96 Deep Well Heater-Shaker Adapter on Heater-Shaker Module GEN1 on slot C1, 'C4': C4 of Sample Plate on Opentrons 96 Deep Well Heater-Shaker Adapter on Heater-Shaker Module GEN1 on slot C1, 'D4': D4 of Sample Plate on Opentrons 96 Deep Well Heater-Shaker Adapter on Heater-Shaker Module GEN1 on slot C1, 'E4': E4 of Sample Plate on Opentrons 96 Deep Well Heater-Shaker Adapter on Heater-Shaker Module GEN1 on slot C1, 'F4': F4 of Sample Plate on Opentrons 96 Deep Well Heater-Shaker Adapter on Heater-Shaker Module GEN1 on slot C1, 'G4': G4 of Sample Plate on Opentrons 96 Deep Well Heater-Shaker Adapter on Heater-Shaker Module GEN1 on slot C1, 'H4': H4 of Sample Plate on Opentrons 96 Deep Well Heater-Shaker Adapter on Heater-Shaker Module GEN1 on slot C1, 'A5': A5 of Sample Plate on Opentrons 96 Deep Well Heater-Shaker Adapter on Heater-Shaker Module GEN1 on slot C1, 'B5': B5 of Sample Plate on Opentrons 96 Deep Well Heater-Shaker Adapter on Heater-Shaker Module GEN1 on slot C1, 'C5': C5 of Sample Plate on Opentrons 96 Deep Well Heater-Shaker Adapter on Heater-Shaker Module GEN1 on slot C1, 'D5': D5 of Sample Plate on Opentrons 96 Deep Well Heater-Shaker Adapter on Heater-Shaker Module GEN1 on slot C1, 'E5': E5 of Sample Plate on Opentrons 96 Deep Well Heater-Shaker Adapter on Heater-Shaker Module GEN1 on slot C1, 'F5': F5 of Sample Plate on Opentrons 96 Deep Well Heater-Shaker Adapter on Heater-Shaker Module GEN1 on slot C1, 'G5': G5 of Sample Plate on Opentrons 96 Deep Well Heater-Shaker Adapter on Heater-Shaker Module GEN1 on slot C1, 'H5': H5 of Sample Plate on Opentrons 96 Deep Well Heater-Shaker Adapter on Heater-Shaker Module GEN1 on slot C1, 'A6': A6 of Sample Plate on Opentrons 96 Deep Well Heater-Shaker Adapter on Heater-Shaker Module GEN1 on slot C1, 'B6': B6 of Sample Plate on Opentrons 96 Deep Well Heater-Shaker Adapter on Heater-Shaker Module GEN1 on slot C1, 'C6': C6 of Sample Plate on Opentrons 96 Deep Well Heater-Shaker Adapter on Heater-Shaker Module GEN1 on slot C1, 'D6': D6 of Sample Plate on Opentrons 96 Deep Well Heater-Shaker Adapter on Heater-Shaker Module GEN1 on slot C1, 'E6': E6 of Sample Plate on Opentrons 96 Deep Well Heater-Shaker Adapter on Heater-Shaker Module GEN1 on slot C1, 'F6': F6 of Sample Plate on Opentrons 96 Deep Well Heater-Shaker Adapter on Heater-Shaker Module GEN1 on slot C1, 'G6': G6 of Sample Plate on Opentrons 96 Deep Well Heater-Shaker Adapter on Heater-Shaker Module GEN1 on slot C1, 'H6': H6 of Sample Plate on Opentrons 96 Deep Well Heater-Shaker Adapter on Heater-Shaker Module GEN1 on slot C1, 'A7': A7 of Sample Plate on Opentrons 96 Deep Well Heater-Shaker Adapter on Heater-Shaker Module GEN1 on slot C1, 'B7': B7 of Sample Plate on Opentrons 96 Deep Well Heater-Shaker Adapter on Heater-Shaker Module GEN1 on slot C1, 'C7': C7 of Sample Plate on Opentrons 96 Deep Well Heater-Shaker Adapter on Heater-Shaker Module GEN1 on slot C1, 'D7': D7 of Sample Plate on Opentrons 96 Deep Well Heater-Shaker Adapter on Heater-Shaker Module GEN1 on slot C1, 'E7': E7 of Sample Plate on Opentrons 96 Deep Well Heater-Shaker Adapter on Heater-Shaker Module GEN1 on slot C1, 'F7': F7 of Sample Plate on Opentrons 96 Deep Well Heater-Shaker Adapter on Heater-Shaker Module GEN1 on slot C1, 'G7': G7 of Sample Plate on Opentrons 96 Deep Well Heater-Shaker Adapter on Heater-Shaker Module GEN1 on slot C1, 'H7': H7 of Sample Plate on Opentrons 96 Deep Well Heater-Shaker Adapter on Heater-Shaker Module GEN1 on slot C1, 'A8': A8 of Sample Plate on Opentrons 96 Deep Well Heater-Shaker Adapter on Heater-Shaker Module GEN1 on slot C1, 'B8': B8 of Sample Plate on Opentrons 96 Deep Well Heater-Shaker Adapter on Heater-Shaker Module GEN1 on slot C1, 'C8': C8 of Sample Plate on Opentrons 96 Deep Well Heater-Shaker Adapter on Heater-Shaker Module GEN1 on slot C1, 'D8': D8 of Sample Plate on Opentrons 96 Deep Well Heater-Shaker Adapter on Heater-Shaker Module GEN1 on slot C1, 'E8': E8 of Sample Plate on Opentrons 96 Deep Well Heater-Shaker Adapter on Heater-Shaker Module GEN1 on slot C1, 'F8': F8 of Sample Plate on Opentrons 96 Deep Well Heater-Shaker Adapter on Heater-Shaker Module GEN1 on slot C1, 'G8': G8 of Sample Plate on Opentrons 96 Deep Well Heater-Shaker Adapter on Heater-Shaker Module GEN1 on slot C1, 'H8': H8 of Sample Plate on Opentrons 96 Deep Well Heater-Shaker Adapter on Heater-Shaker Module GEN1 on slot C1, 'A9': A9 of Sample Plate on Opentrons 96 Deep Well Heater-Shaker Adapter on Heater-Shaker Module GEN1 on slot C1, 'B9': B9 of Sample Plate on Opentrons 96 Deep Well Heater-Shaker Adapter on Heater-Shaker Module GEN1 on slot C1, 'C9': C9 of Sample Plate on Opentrons 96 Deep Well Heater-Shaker Adapter on Heater-Shaker Module GEN1 on slot C1, 'D9': D9 of Sample Plate on Opentrons 96 Deep Well Heater-Shaker Adapter on Heater-Shaker Module GEN1 on slot C1, 'E9': E9 of Sample Plate on Opentrons 96 Deep Well Heater-Shaker Adapter on Heater-Shaker Module GEN1 on slot C1, 'F9': F9 of Sample Plate on Opentrons 96 Deep Well Heater-Shaker Adapter on Heater-Shaker Module GEN1 on slot C1, 'G9': G9 of Sample Plate on Opentrons 96 Deep Well Heater-Shaker Adapter on Heater-Shaker Module GEN1 on slot C1, 'H9': H9 of Sample Plate on Opentrons 96 Deep Well Heater-Shaker Adapter on Heater-Shaker Module GEN1 on slot C1, 'A10': A10 of Sample Plate on Opentrons 96 Deep Well Heater-Shaker Adapter on Heater-Shaker Module GEN1 on slot C1, 'B10': B10 of Sample Plate on Opentrons 96 Deep Well Heater-Shaker Adapter on Heater-Shaker Module GEN1 on slot C1, 'C10': C10 of Sample Plate on Opentrons 96 Deep Well Heater-Shaker Adapter on Heater-Shaker Module GEN1 on slot C1, 'D10': D10 of Sample Plate on Opentrons 96 Deep Well Heater-Shaker Adapter on Heater-Shaker Module GEN1 on slot C1, 'E10': E10 of Sample Plate on Opentrons 96 Deep Well Heater-Shaker Adapter on Heater-Shaker Module GEN1 on slot C1, 'F10': F10 of Sample Plate on Opentrons 96 Deep Well Heater-Shaker Adapter on Heater-Shaker Module GEN1 on slot C1, 'G10': G10 of Sample Plate on Opentrons 96 Deep Well Heater-Shaker Adapter on Heater-Shaker Module GEN1 on slot C1, 'H10': H10 of Sample Plate on Opentrons 96 Deep Well Heater-Shaker Adapter on Heater-Shaker Module GEN1 on slot C1, 'A11': A11 of Sample Plate on Opentrons 96 Deep Well Heater-Shaker Adapter on Heater-Shaker Module GEN1 on slot C1, 'B11': B11 of Sample Plate on Opentrons 96 Deep Well Heater-Shaker Adapter on Heater-Shaker Module GEN1 on slot C1, 'C11': C11 of Sample Plate on Opentrons 96 Deep Well Heater-Shaker Adapter on Heater-Shaker Module GEN1 on slot C1, 'D11': D11 of Sample Plate on Opentrons 96 Deep Well Heater-Shaker Adapter on Heater-Shaker Module GEN1 on slot C1, 'E11': E11 of Sample Plate on Opentrons 96 Deep Well Heater-Shaker Adapter on Heater-Shaker Module GEN1 on slot C1, 'F11': F11 of Sample Plate on Opentrons 96 Deep Well Heater-Shaker Adapter on Heater-Shaker Module GEN1 on slot C1, 'G11': G11 of Sample Plate on Opentrons 96 Deep Well Heater-Shaker Adapter on Heater-Shaker Module GEN1 on slot C1, 'H11': H11 of Sample Plate on Opentrons 96 Deep Well Heater-Shaker Adapter on Heater-Shaker Module GEN1 on slot C1, 'A12': A12 of Sample Plate on Opentrons 96 Deep Well Heater-Shaker Adapter on Heater-Shaker Module GEN1 on slot C1, 'B12': B12 of Sample Plate on Opentrons 96 Deep Well Heater-Shaker Adapter on Heater-Shaker Module GEN1 on slot C1, 'C12': C12 of Sample Plate on Opentrons 96 Deep Well Heater-Shaker Adapter on Heater-Shaker Module GEN1 on slot C1, 'D12': D12 of Sample Plate on Opentrons 96 Deep Well Heater-Shaker Adapter on Heater-Shaker Module GEN1 on slot C1, 'E12': E12 of Sample Plate on Opentrons 96 Deep Well Heater-Shaker Adapter on Heater-Shaker Module GEN1 on slot C1, 'F12': F12 of Sample Plate on Opentrons 96 Deep Well Heater-Shaker Adapter on Heater-Shaker Module GEN1 on slot C1, 'G12': G12 of Sample Plate on Opentrons 96 Deep Well Heater-Shaker Adapter on Heater-Shaker Module GEN1 on slot C1, 'H12': H12 of Sample Plate on Opentrons 96 Deep Well Heater-Shaker Adapter on Heater-Shaker Module GEN1 on slot C1}
Loading liquid into {'A1': A1 of Sample Plate on Opentrons 96 Deep Well Heater-Shaker Adapter on Heater-Shaker Module GEN1 on slot C1, 'B1': B1 of Sample Plate on Opentrons 96 Deep Well Heater-Shaker Adapter on Heater-Shaker Module GEN1 on slot C1, 'C1': C1 of Sample Plate on Opentrons 96 Deep Well Heater-Shaker Adapter on Heater-Shaker Module GEN1 on slot C1, 'D1': D1 of Sample Plate on Opentrons 96 Deep Well Heater-Shaker Adapter on Heater-Shaker Module GEN1 on slot C1, 'E1': E1 of Sample Plate on Opentrons 96 Deep Well Heater-Shaker Adapter on Heater-Shaker Module GEN1 on slot C1, 'F1': F1 of Sample Plate on Opentrons 96 Deep Well Heater-Shaker Adapter on Heater-Shaker Module GEN1 on slot C1, 'G1': G1 of Sample Plate on Opentrons 96 Deep Well Heater-Shaker Adapter on Heater-Shaker Module GEN1 on slot C1, 'H1': H1 of Sample Plate on Opentrons 96 Deep Well Heater-Shaker Adapter on Heater-Shaker Module GEN1 on slot C1, 'A2': A2 of Sample Plate on Opentrons 96 Deep Well Heater-Shaker Adapter on Heater-Shaker Module GEN1 on slot C1, 'B2': B2 of Sample Plate on Opentrons 96 Deep Well Heater-Shaker Adapter on Heater-Shaker Module GEN1 on slot C1, 'C2': C2 of Sample Plate on Opentrons 96 Deep Well Heater-Shaker Adapter on Heater-Shaker Module GEN1 on slot C1, 'D2': D2 of Sample Plate on Opentrons 96 Deep Well Heater-Shaker Adapter on Heater-Shaker Module GEN1 on slot C1, 'E2': E2 of Sample Plate on Opentrons 96 Deep Well Heater-Shaker Adapter on Heater-Shaker Module GEN1 on slot C1, 'F2': F2 of Sample Plate on Opentrons 96 Deep Well Heater-Shaker Adapter on Heater-Shaker Module GEN1 on slot C1, 'G2': G2 of Sample Plate on Opentrons 96 Deep Well Heater-Shaker Adapter on Heater-Shaker Module GEN1 on slot C1, 'H2': H2 of Sample Plate on Opentrons 96 Deep Well Heater-Shaker Adapter on Heater-Shaker Module GEN1 on slot C1, 'A3': A3 of Sample Plate on Opentrons 96 Deep Well Heater-Shaker Adapter on Heater-Shaker Module GEN1 on slot C1, 'B3': B3 of Sample Plate on Opentrons 96 Deep Well Heater-Shaker Adapter on Heater-Shaker Module GEN1 on slot C1, 'C3': C3 of Sample Plate on Opentrons 96 Deep Well Heater-Shaker Adapter on Heater-Shaker Module GEN1 on slot C1, 'D3': D3 of Sample Plate on Opentrons 96 Deep Well Heater-Shaker Adapter on Heater-Shaker Module GEN1 on slot C1, 'E3': E3 of Sample Plate on Opentrons 96 Deep Well Heater-Shaker Adapter on Heater-Shaker Module GEN1 on slot C1, 'F3': F3 of Sample Plate on Opentrons 96 Deep Well Heater-Shaker Adapter on Heater-Shaker Module GEN1 on slot C1, 'G3': G3 of Sample Plate on Opentrons 96 Deep Well Heater-Shaker Adapter on Heater-Shaker Module GEN1 on slot C1, 'H3': H3 of Sample Plate on Opentrons 96 Deep Well Heater-Shaker Adapter on Heater-Shaker Module GEN1 on slot C1, 'A4': A4 of Sample Plate on Opentrons 96 Deep Well Heater-Shaker Adapter on Heater-Shaker Module GEN1 on slot C1, 'B4': B4 of Sample Plate on Opentrons 96 Deep Well Heater-Shaker Adapter on Heater-Shaker Module GEN1 on slot C1, 'C4': C4 of Sample Plate on Opentrons 96 Deep Well Heater-Shaker Adapter on Heater-Shaker Module GEN1 on slot C1, 'D4': D4 of Sample Plate on Opentrons 96 Deep Well Heater-Shaker Adapter on Heater-Shaker Module GEN1 on slot C1, 'E4': E4 of Sample Plate on Opentrons 96 Deep Well Heater-Shaker Adapter on Heater-Shaker Module GEN1 on slot C1, 'F4': F4 of Sample Plate on Opentrons 96 Deep Well Heater-Shaker Adapter on Heater-Shaker Module GEN1 on slot C1, 'G4': G4 of Sample Plate on Opentrons 96 Deep Well Heater-Shaker Adapter on Heater-Shaker Module GEN1 on slot C1, 'H4': H4 of Sample Plate on Opentrons 96 Deep Well Heater-Shaker Adapter on Heater-Shaker Module GEN1 on slot C1, 'A5': A5 of Sample Plate on Opentrons 96 Deep Well Heater-Shaker Adapter on Heater-Shaker Module GEN1 on slot C1, 'B5': B5 of Sample Plate on Opentrons 96 Deep Well Heater-Shaker Adapter on Heater-Shaker Module GEN1 on slot C1, 'C5': C5 of Sample Plate on Opentrons 96 Deep Well Heater-Shaker Adapter on Heater-Shaker Module GEN1 on slot C1, 'D5': D5 of Sample Plate on Opentrons 96 Deep Well Heater-Shaker Adapter on Heater-Shaker Module GEN1 on slot C1, 'E5': E5 of Sample Plate on Opentrons 96 Deep Well Heater-Shaker Adapter on Heater-Shaker Module GEN1 on slot C1, 'F5': F5 of Sample Plate on Opentrons 96 Deep Well Heater-Shaker Adapter on Heater-Shaker Module GEN1 on slot C1, 'G5': G5 of Sample Plate on Opentrons 96 Deep Well Heater-Shaker Adapter on Heater-Shaker Module GEN1 on slot C1, 'H5': H5 of Sample Plate on Opentrons 96 Deep Well Heater-Shaker Adapter on Heater-Shaker Module GEN1 on slot C1, 'A6': A6 of Sample Plate on Opentrons 96 Deep Well Heater-Shaker Adapter on Heater-Shaker Module GEN1 on slot C1, 'B6': B6 of Sample Plate on Opentrons 96 Deep Well Heater-Shaker Adapter on Heater-Shaker Module GEN1 on slot C1, 'C6': C6 of Sample Plate on Opentrons 96 Deep Well Heater-Shaker Adapter on Heater-Shaker Module GEN1 on slot C1, 'D6': D6 of Sample Plate on Opentrons 96 Deep Well Heater-Shaker Adapter on Heater-Shaker Module GEN1 on slot C1, 'E6': E6 of Sample Plate on Opentrons 96 Deep Well Heater-Shaker Adapter on Heater-Shaker Module GEN1 on slot C1, 'F6': F6 of Sample Plate on Opentrons 96 Deep Well Heater-Shaker Adapter on Heater-Shaker Module GEN1 on slot C1, 'G6': G6 of Sample Plate on Opentrons 96 Deep Well Heater-Shaker Adapter on Heater-Shaker Module GEN1 on slot C1, 'H6': H6 of Sample Plate on Opentrons 96 Deep Well Heater-Shaker Adapter on Heater-Shaker Module GEN1 on slot C1, 'A7': A7 of Sample Plate on Opentrons 96 Deep Well Heater-Shaker Adapter on Heater-Shaker Module GEN1 on slot C1, 'B7': B7 of Sample Plate on Opentrons 96 Deep Well Heater-Shaker Adapter on Heater-Shaker Module GEN1 on slot C1, 'C7': C7 of Sample Plate on Opentrons 96 Deep Well Heater-Shaker Adapter on Heater-Shaker Module GEN1 on slot C1, 'D7': D7 of Sample Plate on Opentrons 96 Deep Well Heater-Shaker Adapter on Heater-Shaker Module GEN1 on slot C1, 'E7': E7 of Sample Plate on Opentrons 96 Deep Well Heater-Shaker Adapter on Heater-Shaker Module GEN1 on slot C1, 'F7': F7 of Sample Plate on Opentrons 96 Deep Well Heater-Shaker Adapter on Heater-Shaker Module GEN1 on slot C1, 'G7': G7 of Sample Plate on Opentrons 96 Deep Well Heater-Shaker Adapter on Heater-Shaker Module GEN1 on slot C1, 'H7': H7 of Sample Plate on Opentrons 96 Deep Well Heater-Shaker Adapter on Heater-Shaker Module GEN1 on slot C1, 'A8': A8 of Sample Plate on Opentrons 96 Deep Well Heater-Shaker Adapter on Heater-Shaker Module GEN1 on slot C1, 'B8': B8 of Sample Plate on Opentrons 96 Deep Well Heater-Shaker Adapter on Heater-Shaker Module GEN1 on slot C1, 'C8': C8 of Sample Plate on Opentrons 96 Deep Well Heater-Shaker Adapter on Heater-Shaker Module GEN1 on slot C1, 'D8': D8 of Sample Plate on Opentrons 96 Deep Well Heater-Shaker Adapter on Heater-Shaker Module GEN1 on slot C1, 'E8': E8 of Sample Plate on Opentrons 96 Deep Well Heater-Shaker Adapter on Heater-Shaker Module GEN1 on slot C1, 'F8': F8 of Sample Plate on Opentrons 96 Deep Well Heater-Shaker Adapter on Heater-Shaker Module GEN1 on slot C1, 'G8': G8 of Sample Plate on Opentrons 96 Deep Well Heater-Shaker Adapter on Heater-Shaker Module GEN1 on slot C1, 'H8': H8 of Sample Plate on Opentrons 96 Deep Well Heater-Shaker Adapter on Heater-Shaker Module GEN1 on slot C1, 'A9': A9 of Sample Plate on Opentrons 96 Deep Well Heater-Shaker Adapter on Heater-Shaker Module GEN1 on slot C1, 'B9': B9 of Sample Plate on Opentrons 96 Deep Well Heater-Shaker Adapter on Heater-Shaker Module GEN1 on slot C1, 'C9': C9 of Sample Plate on Opentrons 96 Deep Well Heater-Shaker Adapter on Heater-Shaker Module GEN1 on slot C1, 'D9': D9 of Sample Plate on Opentrons 96 Deep Well Heater-Shaker Adapter on Heater-Shaker Module GEN1 on slot C1, 'E9': E9 of Sample Plate on Opentrons 96 Deep Well Heater-Shaker Adapter on Heater-Shaker Module GEN1 on slot C1, 'F9': F9 of Sample Plate on Opentrons 96 Deep Well Heater-Shaker Adapter on Heater-Shaker Module GEN1 on slot C1, 'G9': G9 of Sample Plate on Opentrons 96 Deep Well Heater-Shaker Adapter on Heater-Shaker Module GEN1 on slot C1, 'H9': H9 of Sample Plate on Opentrons 96 Deep Well Heater-Shaker Adapter on Heater-Shaker Module GEN1 on slot C1, 'A10': A10 of Sample Plate on Opentrons 96 Deep Well Heater-Shaker Adapter on Heater-Shaker Module GEN1 on slot C1, 'B10': B10 of Sample Plate on Opentrons 96 Deep Well Heater-Shaker Adapter on Heater-Shaker Module GEN1 on slot C1, 'C10': C10 of Sample Plate on Opentrons 96 Deep Well Heater-Shaker Adapter on Heater-Shaker Module GEN1 on slot C1, 'D10': D10 of Sample Plate on Opentrons 96 Deep Well Heater-Shaker Adapter on Heater-Shaker Module GEN1 on slot C1, 'E10': E10 of Sample Plate on Opentrons 96 Deep Well Heater-Shaker Adapter on Heater-Shaker Module GEN1 on slot C1, 'F10': F10 of Sample Plate on Opentrons 96 Deep Well Heater-Shaker Adapter on Heater-Shaker Module GEN1 on slot C1, 'G10': G10 of Sample Plate on Opentrons 96 Deep Well Heater-Shaker Adapter on Heater-Shaker Module GEN1 on slot C1, 'H10': H10 of Sample Plate on Opentrons 96 Deep Well Heater-Shaker Adapter on Heater-Shaker Module GEN1 on slot C1, 'A11': A11 of Sample Plate on Opentrons 96 Deep Well Heater-Shaker Adapter on Heater-Shaker Module GEN1 on slot C1, 'B11': B11 of Sample Plate on Opentrons 96 Deep Well Heater-Shaker Adapter on Heater-Shaker Module GEN1 on slot C1, 'C11': C11 of Sample Plate on Opentrons 96 Deep Well Heater-Shaker Adapter on Heater-Shaker Module GEN1 on slot C1, 'D11': D11 of Sample Plate on Opentrons 96 Deep Well Heater-Shaker Adapter on Heater-Shaker Module GEN1 on slot C1, 'E11': E11 of Sample Plate on Opentrons 96 Deep Well Heater-Shaker Adapter on Heater-Shaker Module GEN1 on slot C1, 'F11': F11 of Sample Plate on Opentrons 96 Deep Well Heater-Shaker Adapter on Heater-Shaker Module GEN1 on slot C1, 'G11': G11 of Sample Plate on Opentrons 96 Deep Well Heater-Shaker Adapter on Heater-Shaker Module GEN1 on slot C1, 'H11': H11 of Sample Plate on Opentrons 96 Deep Well Heater-Shaker Adapter on Heater-Shaker Module GEN1 on slot C1, 'A12': A12 of Sample Plate on Opentrons 96 Deep Well Heater-Shaker Adapter on Heater-Shaker Module GEN1 on slot C1, 'B12': B12 of Sample Plate on Opentrons 96 Deep Well Heater-Shaker Adapter on Heater-Shaker Module GEN1 on slot C1, 'C12': C12 of Sample Plate on Opentrons 96 Deep Well Heater-Shaker Adapter on Heater-Shaker Module GEN1 on slot C1, 'D12': D12 of Sample Plate on Opentrons 96 Deep Well Heater-Shaker Adapter on Heater-Shaker Module GEN1 on slot C1, 'E12': E12 of Sample Plate on Opentrons 96 Deep Well Heater-Shaker Adapter on Heater-Shaker Module GEN1 on slot C1, 'F12': F12 of Sample Plate on Opentrons 96 Deep Well Heater-Shaker Adapter on Heater-Shaker Module GEN1 on slot C1, 'G12': G12 of Sample Plate on Opentrons 96 Deep Well Heater-Shaker Adapter on Heater-Shaker Module GEN1 on slot C1, 'H12': H12 of Sample Plate on Opentrons 96 Deep Well Heater-Shaker Adapter on Heater-Shaker Module GEN1 on slot C1}
Loading liquid into {'A1': A1 of Sample Plate on Opentrons 96 Deep Well Heater-Shaker Adapter on Heater-Shaker Module GEN1 on slot C1, 'B1': B1 of Sample Plate on Opentrons 96 Deep Well Heater-Shaker Adapter on Heater-Shaker Module GEN1 on slot C1, 'C1': C1 of Sample Plate on Opentrons 96 Deep Well Heater-Shaker Adapter on Heater-Shaker Module GEN1 on slot C1, 'D1': D1 of Sample Plate on Opentrons 96 Deep Well Heater-Shaker Adapter on Heater-Shaker Module GEN1 on slot C1, 'E1': E1 of Sample Plate on Opentrons 96 Deep Well Heater-Shaker Adapter on Heater-Shaker Module GEN1 on slot C1, 'F1': F1 of Sample Plate on Opentrons 96 Deep Well Heater-Shaker Adapter on Heater-Shaker Module GEN1 on slot C1, 'G1': G1 of Sample Plate on Opentrons 96 Deep Well Heater-Shaker Adapter on Heater-Shaker Module GEN1 on slot C1, 'H1': H1 of Sample Plate on Opentrons 96 Deep Well Heater-Shaker Adapter on Heater-Shaker Module GEN1 on slot C1, 'A2': A2 of Sample Plate on Opentrons 96 Deep Well Heater-Shaker Adapter on Heater-Shaker Module GEN1 on slot C1, 'B2': B2 of Sample Plate on Opentrons 96 Deep Well Heater-Shaker Adapter on Heater-Shaker Module GEN1 on slot C1, 'C2': C2 of Sample Plate on Opentrons 96 Deep Well Heater-Shaker Adapter on Heater-Shaker Module GEN1 on slot C1, 'D2': D2 of Sample Plate on Opentrons 96 Deep Well Heater-Shaker Adapter on Heater-Shaker Module GEN1 on slot C1, 'E2': E2 of Sample Plate on Opentrons 96 Deep Well Heater-Shaker Adapter on Heater-Shaker Module GEN1 on slot C1, 'F2': F2 of Sample Plate on Opentrons 96 Deep Well Heater-Shaker Adapter on Heater-Shaker Module GEN1 on slot C1, 'G2': G2 of Sample Plate on Opentrons 96 Deep Well Heater-Shaker Adapter on Heater-Shaker Module GEN1 on slot C1, 'H2': H2 of Sample Plate on Opentrons 96 Deep Well Heater-Shaker Adapter on Heater-Shaker Module GEN1 on slot C1, 'A3': A3 of Sample Plate on Opentrons 96 Deep Well Heater-Shaker Adapter on Heater-Shaker Module GEN1 on slot C1, 'B3': B3 of Sample Plate on Opentrons 96 Deep Well Heater-Shaker Adapter on Heater-Shaker Module GEN1 on slot C1, 'C3': C3 of Sample Plate on Opentrons 96 Deep Well Heater-Shaker Adapter on Heater-Shaker Module GEN1 on slot C1, 'D3': D3 of Sample Plate on Opentrons 96 Deep Well Heater-Shaker Adapter on Heater-Shaker Module GEN1 on slot C1, 'E3': E3 of Sample Plate on Opentrons 96 Deep Well Heater-Shaker Adapter on Heater-Shaker Module GEN1 on slot C1, 'F3': F3 of Sample Plate on Opentrons 96 Deep Well Heater-Shaker Adapter on Heater-Shaker Module GEN1 on slot C1, 'G3': G3 of Sample Plate on Opentrons 96 Deep Well Heater-Shaker Adapter on Heater-Shaker Module GEN1 on slot C1, 'H3': H3 of Sample Plate on Opentrons 96 Deep Well Heater-Shaker Adapter on Heater-Shaker Module GEN1 on slot C1, 'A4': A4 of Sample Plate on Opentrons 96 Deep Well Heater-Shaker Adapter on Heater-Shaker Module GEN1 on slot C1, 'B4': B4 of Sample Plate on Opentrons 96 Deep Well Heater-Shaker Adapter on Heater-Shaker Module GEN1 on slot C1, 'C4': C4 of Sample Plate on Opentrons 96 Deep Well Heater-Shaker Adapter on Heater-Shaker Module GEN1 on slot C1, 'D4': D4 of Sample Plate on Opentrons 96 Deep Well Heater-Shaker Adapter on Heater-Shaker Module GEN1 on slot C1, 'E4': E4 of Sample Plate on Opentrons 96 Deep Well Heater-Shaker Adapter on Heater-Shaker Module GEN1 on slot C1, 'F4': F4 of Sample Plate on Opentrons 96 Deep Well Heater-Shaker Adapter on Heater-Shaker Module GEN1 on slot C1, 'G4': G4 of Sample Plate on Opentrons 96 Deep Well Heater-Shaker Adapter on Heater-Shaker Module GEN1 on slot C1, 'H4': H4 of Sample Plate on Opentrons 96 Deep Well Heater-Shaker Adapter on Heater-Shaker Module GEN1 on slot C1, 'A5': A5 of Sample Plate on Opentrons 96 Deep Well Heater-Shaker Adapter on Heater-Shaker Module GEN1 on slot C1, 'B5': B5 of Sample Plate on Opentrons 96 Deep Well Heater-Shaker Adapter on Heater-Shaker Module GEN1 on slot C1, 'C5': C5 of Sample Plate on Opentrons 96 Deep Well Heater-Shaker Adapter on Heater-Shaker Module GEN1 on slot C1, 'D5': D5 of Sample Plate on Opentrons 96 Deep Well Heater-Shaker Adapter on Heater-Shaker Module GEN1 on slot C1, 'E5': E5 of Sample Plate on Opentrons 96 Deep Well Heater-Shaker Adapter on Heater-Shaker Module GEN1 on slot C1, 'F5': F5 of Sample Plate on Opentrons 96 Deep Well Heater-Shaker Adapter on Heater-Shaker Module GEN1 on slot C1, 'G5': G5 of Sample Plate on Opentrons 96 Deep Well Heater-Shaker Adapter on Heater-Shaker Module GEN1 on slot C1, 'H5': H5 of Sample Plate on Opentrons 96 Deep Well Heater-Shaker Adapter on Heater-Shaker Module GEN1 on slot C1, 'A6': A6 of Sample Plate on Opentrons 96 Deep Well Heater-Shaker Adapter on Heater-Shaker Module GEN1 on slot C1, 'B6': B6 of Sample Plate on Opentrons 96 Deep Well Heater-Shaker Adapter on Heater-Shaker Module GEN1 on slot C1, 'C6': C6 of Sample Plate on Opentrons 96 Deep Well Heater-Shaker Adapter on Heater-Shaker Module GEN1 on slot C1, 'D6': D6 of Sample Plate on Opentrons 96 Deep Well Heater-Shaker Adapter on Heater-Shaker Module GEN1 on slot C1, 'E6': E6 of Sample Plate on Opentrons 96 Deep Well Heater-Shaker Adapter on Heater-Shaker Module GEN1 on slot C1, 'F6': F6 of Sample Plate on Opentrons 96 Deep Well Heater-Shaker Adapter on Heater-Shaker Module GEN1 on slot C1, 'G6': G6 of Sample Plate on Opentrons 96 Deep Well Heater-Shaker Adapter on Heater-Shaker Module GEN1 on slot C1, 'H6': H6 of Sample Plate on Opentrons 96 Deep Well Heater-Shaker Adapter on Heater-Shaker Module GEN1 on slot C1, 'A7': A7 of Sample Plate on Opentrons 96 Deep Well Heater-Shaker Adapter on Heater-Shaker Module GEN1 on slot C1, 'B7': B7 of Sample Plate on Opentrons 96 Deep Well Heater-Shaker Adapter on Heater-Shaker Module GEN1 on slot C1, 'C7': C7 of Sample Plate on Opentrons 96 Deep Well Heater-Shaker Adapter on Heater-Shaker Module GEN1 on slot C1, 'D7': D7 of Sample Plate on Opentrons 96 Deep Well Heater-Shaker Adapter on Heater-Shaker Module GEN1 on slot C1, 'E7': E7 of Sample Plate on Opentrons 96 Deep Well Heater-Shaker Adapter on Heater-Shaker Module GEN1 on slot C1, 'F7': F7 of Sample Plate on Opentrons 96 Deep Well Heater-Shaker Adapter on Heater-Shaker Module GEN1 on slot C1, 'G7': G7 of Sample Plate on Opentrons 96 Deep Well Heater-Shaker Adapter on Heater-Shaker Module GEN1 on slot C1, 'H7': H7 of Sample Plate on Opentrons 96 Deep Well Heater-Shaker Adapter on Heater-Shaker Module GEN1 on slot C1, 'A8': A8 of Sample Plate on Opentrons 96 Deep Well Heater-Shaker Adapter on Heater-Shaker Module GEN1 on slot C1, 'B8': B8 of Sample Plate on Opentrons 96 Deep Well Heater-Shaker Adapter on Heater-Shaker Module GEN1 on slot C1, 'C8': C8 of Sample Plate on Opentrons 96 Deep Well Heater-Shaker Adapter on Heater-Shaker Module GEN1 on slot C1, 'D8': D8 of Sample Plate on Opentrons 96 Deep Well Heater-Shaker Adapter on Heater-Shaker Module GEN1 on slot C1, 'E8': E8 of Sample Plate on Opentrons 96 Deep Well Heater-Shaker Adapter on Heater-Shaker Module GEN1 on slot C1, 'F8': F8 of Sample Plate on Opentrons 96 Deep Well Heater-Shaker Adapter on Heater-Shaker Module GEN1 on slot C1, 'G8': G8 of Sample Plate on Opentrons 96 Deep Well Heater-Shaker Adapter on Heater-Shaker Module GEN1 on slot C1, 'H8': H8 of Sample Plate on Opentrons 96 Deep Well Heater-Shaker Adapter on Heater-Shaker Module GEN1 on slot C1, 'A9': A9 of Sample Plate on Opentrons 96 Deep Well Heater-Shaker Adapter on Heater-Shaker Module GEN1 on slot C1, 'B9': B9 of Sample Plate on Opentrons 96 Deep Well Heater-Shaker Adapter on Heater-Shaker Module GEN1 on slot C1, 'C9': C9 of Sample Plate on Opentrons 96 Deep Well Heater-Shaker Adapter on Heater-Shaker Module GEN1 on slot C1, 'D9': D9 of Sample Plate on Opentrons 96 Deep Well Heater-Shaker Adapter on Heater-Shaker Module GEN1 on slot C1, 'E9': E9 of Sample Plate on Opentrons 96 Deep Well Heater-Shaker Adapter on Heater-Shaker Module GEN1 on slot C1, 'F9': F9 of Sample Plate on Opentrons 96 Deep Well Heater-Shaker Adapter on Heater-Shaker Module GEN1 on slot C1, 'G9': G9 of Sample Plate on Opentrons 96 Deep Well Heater-Shaker Adapter on Heater-Shaker Module GEN1 on slot C1, 'H9': H9 of Sample Plate on Opentrons 96 Deep Well Heater-Shaker Adapter on Heater-Shaker Module GEN1 on slot C1, 'A10': A10 of Sample Plate on Opentrons 96 Deep Well Heater-Shaker Adapter on Heater-Shaker Module GEN1 on slot C1, 'B10': B10 of Sample Plate on Opentrons 96 Deep Well Heater-Shaker Adapter on Heater-Shaker Module GEN1 on slot C1, 'C10': C10 of Sample Plate on Opentrons 96 Deep Well Heater-Shaker Adapter on Heater-Shaker Module GEN1 on slot C1, 'D10': D10 of Sample Plate on Opentrons 96 Deep Well Heater-Shaker Adapter on Heater-Shaker Module GEN1 on slot C1, 'E10': E10 of Sample Plate on Opentrons 96 Deep Well Heater-Shaker Adapter on Heater-Shaker Module GEN1 on slot C1, 'F10': F10 of Sample Plate on Opentrons 96 Deep Well Heater-Shaker Adapter on Heater-Shaker Module GEN1 on slot C1, 'G10': G10 of Sample Plate on Opentrons 96 Deep Well Heater-Shaker Adapter on Heater-Shaker Module GEN1 on slot C1, 'H10': H10 of Sample Plate on Opentrons 96 Deep Well Heater-Shaker Adapter on Heater-Shaker Module GEN1 on slot C1, 'A11': A11 of Sample Plate on Opentrons 96 Deep Well Heater-Shaker Adapter on Heater-Shaker Module GEN1 on slot C1, 'B11': B11 of Sample Plate on Opentrons 96 Deep Well Heater-Shaker Adapter on Heater-Shaker Module GEN1 on slot C1, 'C11': C11 of Sample Plate on Opentrons 96 Deep Well Heater-Shaker Adapter on Heater-Shaker Module GEN1 on slot C1, 'D11': D11 of Sample Plate on Opentrons 96 Deep Well Heater-Shaker Adapter on Heater-Shaker Module GEN1 on slot C1, 'E11': E11 of Sample Plate on Opentrons 96 Deep Well Heater-Shaker Adapter on Heater-Shaker Module GEN1 on slot C1, 'F11': F11 of Sample Plate on Opentrons 96 Deep Well Heater-Shaker Adapter on Heater-Shaker Module GEN1 on slot C1, 'G11': G11 of Sample Plate on Opentrons 96 Deep Well Heater-Shaker Adapter on Heater-Shaker Module GEN1 on slot C1, 'H11': H11 of Sample Plate on Opentrons 96 Deep Well Heater-Shaker Adapter on Heater-Shaker Module GEN1 on slot C1, 'A12': A12 of Sample Plate on Opentrons 96 Deep Well Heater-Shaker Adapter on Heater-Shaker Module GEN1 on slot C1, 'B12': B12 of Sample Plate on Opentrons 96 Deep Well Heater-Shaker Adapter on Heater-Shaker Module GEN1 on slot C1, 'C12': C12 of Sample Plate on Opentrons 96 Deep Well Heater-Shaker Adapter on Heater-Shaker Module GEN1 on slot C1, 'D12': D12 of Sample Plate on Opentrons 96 Deep Well Heater-Shaker Adapter on Heater-Shaker Module GEN1 on slot C1, 'E12': E12 of Sample Plate on Opentrons 96 Deep Well Heater-Shaker Adapter on Heater-Shaker Module GEN1 on slot C1, 'F12': F12 of Sample Plate on Opentrons 96 Deep Well Heater-Shaker Adapter on Heater-Shaker Module GEN1 on slot C1, 'G12': G12 of Sample Plate on Opentrons 96 Deep Well Heater-Shaker Adapter on Heater-Shaker Module GEN1 on slot C1, 'H12': H12 of Sample Plate on Opentrons 96 Deep Well Heater-Shaker Adapter on Heater-Shaker Module GEN1 on slot C1}
Loading liquid into {'A1': A1 of Sample Plate on Opentrons 96 Deep Well Heater-Shaker Adapter on Heater-Shaker Module GEN1 on slot C1, 'B1': B1 of Sample Plate on Opentrons 96 Deep Well Heater-Shaker Adapter on Heater-Shaker Module GEN1 on slot C1, 'C1': C1 of Sample Plate on Opentrons 96 Deep Well Heater-Shaker Adapter on Heater-Shaker Module GEN1 on slot C1, 'D1': D1 of Sample Plate on Opentrons 96 Deep Well Heater-Shaker Adapter on Heater-Shaker Module GEN1 on slot C1, 'E1': E1 of Sample Plate on Opentrons 96 Deep Well Heater-Shaker Adapter on Heater-Shaker Module GEN1 on slot C1, 'F1': F1 of Sample Plate on Opentrons 96 Deep Well Heater-Shaker Adapter on Heater-Shaker Module GEN1 on slot C1, 'G1': G1 of Sample Plate on Opentrons 96 Deep Well Heater-Shaker Adapter on Heater-Shaker Module GEN1 on slot C1, 'H1': H1 of Sample Plate on Opentrons 96 Deep Well Heater-Shaker Adapter on Heater-Shaker Module GEN1 on slot C1, 'A2': A2 of Sample Plate on Opentrons 96 Deep Well Heater-Shaker Adapter on Heater-Shaker Module GEN1 on slot C1, 'B2': B2 of Sample Plate on Opentrons 96 Deep Well Heater-Shaker Adapter on Heater-Shaker Module GEN1 on slot C1, 'C2': C2 of Sample Plate on Opentrons 96 Deep Well Heater-Shaker Adapter on Heater-Shaker Module GEN1 on slot C1, 'D2': D2 of Sample Plate on Opentrons 96 Deep Well Heater-Shaker Adapter on Heater-Shaker Module GEN1 on slot C1, 'E2': E2 of Sample Plate on Opentrons 96 Deep Well Heater-Shaker Adapter on Heater-Shaker Module GEN1 on slot C1, 'F2': F2 of Sample Plate on Opentrons 96 Deep Well Heater-Shaker Adapter on Heater-Shaker Module GEN1 on slot C1, 'G2': G2 of Sample Plate on Opentrons 96 Deep Well Heater-Shaker Adapter on Heater-Shaker Module GEN1 on slot C1, 'H2': H2 of Sample Plate on Opentrons 96 Deep Well Heater-Shaker Adapter on Heater-Shaker Module GEN1 on slot C1, 'A3': A3 of Sample Plate on Opentrons 96 Deep Well Heater-Shaker Adapter on Heater-Shaker Module GEN1 on slot C1, 'B3': B3 of Sample Plate on Opentrons 96 Deep Well Heater-Shaker Adapter on Heater-Shaker Module GEN1 on slot C1, 'C3': C3 of Sample Plate on Opentrons 96 Deep Well Heater-Shaker Adapter on Heater-Shaker Module GEN1 on slot C1, 'D3': D3 of Sample Plate on Opentrons 96 Deep Well Heater-Shaker Adapter on Heater-Shaker Module GEN1 on slot C1, 'E3': E3 of Sample Plate on Opentrons 96 Deep Well Heater-Shaker Adapter on Heater-Shaker Module GEN1 on slot C1, 'F3': F3 of Sample Plate on Opentrons 96 Deep Well Heater-Shaker Adapter on Heater-Shaker Module GEN1 on slot C1, 'G3': G3 of Sample Plate on Opentrons 96 Deep Well Heater-Shaker Adapter on Heater-Shaker Module GEN1 on slot C1, 'H3': H3 of Sample Plate on Opentrons 96 Deep Well Heater-Shaker Adapter on Heater-Shaker Module GEN1 on slot C1, 'A4': A4 of Sample Plate on Opentrons 96 Deep Well Heater-Shaker Adapter on Heater-Shaker Module GEN1 on slot C1, 'B4': B4 of Sample Plate on Opentrons 96 Deep Well Heater-Shaker Adapter on Heater-Shaker Module GEN1 on slot C1, 'C4': C4 of Sample Plate on Opentrons 96 Deep Well Heater-Shaker Adapter on Heater-Shaker Module GEN1 on slot C1, 'D4': D4 of Sample Plate on Opentrons 96 Deep Well Heater-Shaker Adapter on Heater-Shaker Module GEN1 on slot C1, 'E4': E4 of Sample Plate on Opentrons 96 Deep Well Heater-Shaker Adapter on Heater-Shaker Module GEN1 on slot C1, 'F4': F4 of Sample Plate on Opentrons 96 Deep Well Heater-Shaker Adapter on Heater-Shaker Module GEN1 on slot C1, 'G4': G4 of Sample Plate on Opentrons 96 Deep Well Heater-Shaker Adapter on Heater-Shaker Module GEN1 on slot C1, 'H4': H4 of Sample Plate on Opentrons 96 Deep Well Heater-Shaker Adapter on Heater-Shaker Module GEN1 on slot C1, 'A5': A5 of Sample Plate on Opentrons 96 Deep Well Heater-Shaker Adapter on Heater-Shaker Module GEN1 on slot C1, 'B5': B5 of Sample Plate on Opentrons 96 Deep Well Heater-Shaker Adapter on Heater-Shaker Module GEN1 on slot C1, 'C5': C5 of Sample Plate on Opentrons 96 Deep Well Heater-Shaker Adapter on Heater-Shaker Module GEN1 on slot C1, 'D5': D5 of Sample Plate on Opentrons 96 Deep Well Heater-Shaker Adapter on Heater-Shaker Module GEN1 on slot C1, 'E5': E5 of Sample Plate on Opentrons 96 Deep Well Heater-Shaker Adapter on Heater-Shaker Module GEN1 on slot C1, 'F5': F5 of Sample Plate on Opentrons 96 Deep Well Heater-Shaker Adapter on Heater-Shaker Module GEN1 on slot C1, 'G5': G5 of Sample Plate on Opentrons 96 Deep Well Heater-Shaker Adapter on Heater-Shaker Module GEN1 on slot C1, 'H5': H5 of Sample Plate on Opentrons 96 Deep Well Heater-Shaker Adapter on Heater-Shaker Module GEN1 on slot C1, 'A6': A6 of Sample Plate on Opentrons 96 Deep Well Heater-Shaker Adapter on Heater-Shaker Module GEN1 on slot C1, 'B6': B6 of Sample Plate on Opentrons 96 Deep Well Heater-Shaker Adapter on Heater-Shaker Module GEN1 on slot C1, 'C6': C6 of Sample Plate on Opentrons 96 Deep Well Heater-Shaker Adapter on Heater-Shaker Module GEN1 on slot C1, 'D6': D6 of Sample Plate on Opentrons 96 Deep Well Heater-Shaker Adapter on Heater-Shaker Module GEN1 on slot C1, 'E6': E6 of Sample Plate on Opentrons 96 Deep Well Heater-Shaker Adapter on Heater-Shaker Module GEN1 on slot C1, 'F6': F6 of Sample Plate on Opentrons 96 Deep Well Heater-Shaker Adapter on Heater-Shaker Module GEN1 on slot C1, 'G6': G6 of Sample Plate on Opentrons 96 Deep Well Heater-Shaker Adapter on Heater-Shaker Module GEN1 on slot C1, 'H6': H6 of Sample Plate on Opentrons 96 Deep Well Heater-Shaker Adapter on Heater-Shaker Module GEN1 on slot C1, 'A7': A7 of Sample Plate on Opentrons 96 Deep Well Heater-Shaker Adapter on Heater-Shaker Module GEN1 on slot C1, 'B7': B7 of Sample Plate on Opentrons 96 Deep Well Heater-Shaker Adapter on Heater-Shaker Module GEN1 on slot C1, 'C7': C7 of Sample Plate on Opentrons 96 Deep Well Heater-Shaker Adapter on Heater-Shaker Module GEN1 on slot C1, 'D7': D7 of Sample Plate on Opentrons 96 Deep Well Heater-Shaker Adapter on Heater-Shaker Module GEN1 on slot C1, 'E7': E7 of Sample Plate on Opentrons 96 Deep Well Heater-Shaker Adapter on Heater-Shaker Module GEN1 on slot C1, 'F7': F7 of Sample Plate on Opentrons 96 Deep Well Heater-Shaker Adapter on Heater-Shaker Module GEN1 on slot C1, 'G7': G7 of Sample Plate on Opentrons 96 Deep Well Heater-Shaker Adapter on Heater-Shaker Module GEN1 on slot C1, 'H7': H7 of Sample Plate on Opentrons 96 Deep Well Heater-Shaker Adapter on Heater-Shaker Module GEN1 on slot C1, 'A8': A8 of Sample Plate on Opentrons 96 Deep Well Heater-Shaker Adapter on Heater-Shaker Module GEN1 on slot C1, 'B8': B8 of Sample Plate on Opentrons 96 Deep Well Heater-Shaker Adapter on Heater-Shaker Module GEN1 on slot C1, 'C8': C8 of Sample Plate on Opentrons 96 Deep Well Heater-Shaker Adapter on Heater-Shaker Module GEN1 on slot C1, 'D8': D8 of Sample Plate on Opentrons 96 Deep Well Heater-Shaker Adapter on Heater-Shaker Module GEN1 on slot C1, 'E8': E8 of Sample Plate on Opentrons 96 Deep Well Heater-Shaker Adapter on Heater-Shaker Module GEN1 on slot C1, 'F8': F8 of Sample Plate on Opentrons 96 Deep Well Heater-Shaker Adapter on Heater-Shaker Module GEN1 on slot C1, 'G8': G8 of Sample Plate on Opentrons 96 Deep Well Heater-Shaker Adapter on Heater-Shaker Module GEN1 on slot C1, 'H8': H8 of Sample Plate on Opentrons 96 Deep Well Heater-Shaker Adapter on Heater-Shaker Module GEN1 on slot C1, 'A9': A9 of Sample Plate on Opentrons 96 Deep Well Heater-Shaker Adapter on Heater-Shaker Module GEN1 on slot C1, 'B9': B9 of Sample Plate on Opentrons 96 Deep Well Heater-Shaker Adapter on Heater-Shaker Module GEN1 on slot C1, 'C9': C9 of Sample Plate on Opentrons 96 Deep Well Heater-Shaker Adapter on Heater-Shaker Module GEN1 on slot C1, 'D9': D9 of Sample Plate on Opentrons 96 Deep Well Heater-Shaker Adapter on Heater-Shaker Module GEN1 on slot C1, 'E9': E9 of Sample Plate on Opentrons 96 Deep Well Heater-Shaker Adapter on Heater-Shaker Module GEN1 on slot C1, 'F9': F9 of Sample Plate on Opentrons 96 Deep Well Heater-Shaker Adapter on Heater-Shaker Module GEN1 on slot C1, 'G9': G9 of Sample Plate on Opentrons 96 Deep Well Heater-Shaker Adapter on Heater-Shaker Module GEN1 on slot C1, 'H9': H9 of Sample Plate on Opentrons 96 Deep Well Heater-Shaker Adapter on Heater-Shaker Module GEN1 on slot C1, 'A10': A10 of Sample Plate on Opentrons 96 Deep Well Heater-Shaker Adapter on Heater-Shaker Module GEN1 on slot C1, 'B10': B10 of Sample Plate on Opentrons 96 Deep Well Heater-Shaker Adapter on Heater-Shaker Module GEN1 on slot C1, 'C10': C10 of Sample Plate on Opentrons 96 Deep Well Heater-Shaker Adapter on Heater-Shaker Module GEN1 on slot C1, 'D10': D10 of Sample Plate on Opentrons 96 Deep Well Heater-Shaker Adapter on Heater-Shaker Module GEN1 on slot C1, 'E10': E10 of Sample Plate on Opentrons 96 Deep Well Heater-Shaker Adapter on Heater-Shaker Module GEN1 on slot C1, 'F10': F10 of Sample Plate on Opentrons 96 Deep Well Heater-Shaker Adapter on Heater-Shaker Module GEN1 on slot C1, 'G10': G10 of Sample Plate on Opentrons 96 Deep Well Heater-Shaker Adapter on Heater-Shaker Module GEN1 on slot C1, 'H10': H10 of Sample Plate on Opentrons 96 Deep Well Heater-Shaker Adapter on Heater-Shaker Module GEN1 on slot C1, 'A11': A11 of Sample Plate on Opentrons 96 Deep Well Heater-Shaker Adapter on Heater-Shaker Module GEN1 on slot C1, 'B11': B11 of Sample Plate on Opentrons 96 Deep Well Heater-Shaker Adapter on Heater-Shaker Module GEN1 on slot C1, 'C11': C11 of Sample Plate on Opentrons 96 Deep Well Heater-Shaker Adapter on Heater-Shaker Module GEN1 on slot C1, 'D11': D11 of Sample Plate on Opentrons 96 Deep Well Heater-Shaker Adapter on Heater-Shaker Module GEN1 on slot C1, 'E11': E11 of Sample Plate on Opentrons 96 Deep Well Heater-Shaker Adapter on Heater-Shaker Module GEN1 on slot C1, 'F11': F11 of Sample Plate on Opentrons 96 Deep Well Heater-Shaker Adapter on Heater-Shaker Module GEN1 on slot C1, 'G11': G11 of Sample Plate on Opentrons 96 Deep Well Heater-Shaker Adapter on Heater-Shaker Module GEN1 on slot C1, 'H11': H11 of Sample Plate on Opentrons 96 Deep Well Heater-Shaker Adapter on Heater-Shaker Module GEN1 on slot C1, 'A12': A12 of Sample Plate on Opentrons 96 Deep Well Heater-Shaker Adapter on Heater-Shaker Module GEN1 on slot C1, 'B12': B12 of Sample Plate on Opentrons 96 Deep Well Heater-Shaker Adapter on Heater-Shaker Module GEN1 on slot C1, 'C12': C12 of Sample Plate on Opentrons 96 Deep Well Heater-Shaker Adapter on Heater-Shaker Module GEN1 on slot C1, 'D12': D12 of Sample Plate on Opentrons 96 Deep Well Heater-Shaker Adapter on Heater-Shaker Module GEN1 on slot C1, 'E12': E12 of Sample Plate on Opentrons 96 Deep Well Heater-Shaker Adapter on Heater-Shaker Module GEN1 on slot C1, 'F12': F12 of Sample Plate on Opentrons 96 Deep Well Heater-Shaker Adapter on Heater-Shaker Module GEN1 on slot C1, 'G12': G12 of Sample Plate on Opentrons 96 Deep Well Heater-Shaker Adapter on Heater-Shaker Module GEN1 on slot C1, 'H12': H12 of Sample Plate on Opentrons 96 Deep Well Heater-Shaker Adapter on Heater-Shaker Module GEN1 on slot C1}
Loading liquid into {'A1': A1 of Sample Plate on Opentrons 96 Deep Well Heater-Shaker Adapter on Heater-Shaker Module GEN1 on slot C1, 'B1': B1 of Sample Plate on Opentrons 96 Deep Well Heater-Shaker Adapter on Heater-Shaker Module GEN1 on slot C1, 'C1': C1 of Sample Plate on Opentrons 96 Deep Well Heater-Shaker Adapter on Heater-Shaker Module GEN1 on slot C1, 'D1': D1 of Sample Plate on Opentrons 96 Deep Well Heater-Shaker Adapter on Heater-Shaker Module GEN1 on slot C1, 'E1': E1 of Sample Plate on Opentrons 96 Deep Well Heater-Shaker Adapter on Heater-Shaker Module GEN1 on slot C1, 'F1': F1 of Sample Plate on Opentrons 96 Deep Well Heater-Shaker Adapter on Heater-Shaker Module GEN1 on slot C1, 'G1': G1 of Sample Plate on Opentrons 96 Deep Well Heater-Shaker Adapter on Heater-Shaker Module GEN1 on slot C1, 'H1': H1 of Sample Plate on Opentrons 96 Deep Well Heater-Shaker Adapter on Heater-Shaker Module GEN1 on slot C1, 'A2': A2 of Sample Plate on Opentrons 96 Deep Well Heater-Shaker Adapter on Heater-Shaker Module GEN1 on slot C1, 'B2': B2 of Sample Plate on Opentrons 96 Deep Well Heater-Shaker Adapter on Heater-Shaker Module GEN1 on slot C1, 'C2': C2 of Sample Plate on Opentrons 96 Deep Well Heater-Shaker Adapter on Heater-Shaker Module GEN1 on slot C1, 'D2': D2 of Sample Plate on Opentrons 96 Deep Well Heater-Shaker Adapter on Heater-Shaker Module GEN1 on slot C1, 'E2': E2 of Sample Plate on Opentrons 96 Deep Well Heater-Shaker Adapter on Heater-Shaker Module GEN1 on slot C1, 'F2': F2 of Sample Plate on Opentrons 96 Deep Well Heater-Shaker Adapter on Heater-Shaker Module GEN1 on slot C1, 'G2': G2 of Sample Plate on Opentrons 96 Deep Well Heater-Shaker Adapter on Heater-Shaker Module GEN1 on slot C1, 'H2': H2 of Sample Plate on Opentrons 96 Deep Well Heater-Shaker Adapter on Heater-Shaker Module GEN1 on slot C1, 'A3': A3 of Sample Plate on Opentrons 96 Deep Well Heater-Shaker Adapter on Heater-Shaker Module GEN1 on slot C1, 'B3': B3 of Sample Plate on Opentrons 96 Deep Well Heater-Shaker Adapter on Heater-Shaker Module GEN1 on slot C1, 'C3': C3 of Sample Plate on Opentrons 96 Deep Well Heater-Shaker Adapter on Heater-Shaker Module GEN1 on slot C1, 'D3': D3 of Sample Plate on Opentrons 96 Deep Well Heater-Shaker Adapter on Heater-Shaker Module GEN1 on slot C1, 'E3': E3 of Sample Plate on Opentrons 96 Deep Well Heater-Shaker Adapter on Heater-Shaker Module GEN1 on slot C1, 'F3': F3 of Sample Plate on Opentrons 96 Deep Well Heater-Shaker Adapter on Heater-Shaker Module GEN1 on slot C1, 'G3': G3 of Sample Plate on Opentrons 96 Deep Well Heater-Shaker Adapter on Heater-Shaker Module GEN1 on slot C1, 'H3': H3 of Sample Plate on Opentrons 96 Deep Well Heater-Shaker Adapter on Heater-Shaker Module GEN1 on slot C1, 'A4': A4 of Sample Plate on Opentrons 96 Deep Well Heater-Shaker Adapter on Heater-Shaker Module GEN1 on slot C1, 'B4': B4 of Sample Plate on Opentrons 96 Deep Well Heater-Shaker Adapter on Heater-Shaker Module GEN1 on slot C1, 'C4': C4 of Sample Plate on Opentrons 96 Deep Well Heater-Shaker Adapter on Heater-Shaker Module GEN1 on slot C1, 'D4': D4 of Sample Plate on Opentrons 96 Deep Well Heater-Shaker Adapter on Heater-Shaker Module GEN1 on slot C1, 'E4': E4 of Sample Plate on Opentrons 96 Deep Well Heater-Shaker Adapter on Heater-Shaker Module GEN1 on slot C1, 'F4': F4 of Sample Plate on Opentrons 96 Deep Well Heater-Shaker Adapter on Heater-Shaker Module GEN1 on slot C1, 'G4': G4 of Sample Plate on Opentrons 96 Deep Well Heater-Shaker Adapter on Heater-Shaker Module GEN1 on slot C1, 'H4': H4 of Sample Plate on Opentrons 96 Deep Well Heater-Shaker Adapter on Heater-Shaker Module GEN1 on slot C1, 'A5': A5 of Sample Plate on Opentrons 96 Deep Well Heater-Shaker Adapter on Heater-Shaker Module GEN1 on slot C1, 'B5': B5 of Sample Plate on Opentrons 96 Deep Well Heater-Shaker Adapter on Heater-Shaker Module GEN1 on slot C1, 'C5': C5 of Sample Plate on Opentrons 96 Deep Well Heater-Shaker Adapter on Heater-Shaker Module GEN1 on slot C1, 'D5': D5 of Sample Plate on Opentrons 96 Deep Well Heater-Shaker Adapter on Heater-Shaker Module GEN1 on slot C1, 'E5': E5 of Sample Plate on Opentrons 96 Deep Well Heater-Shaker Adapter on Heater-Shaker Module GEN1 on slot C1, 'F5': F5 of Sample Plate on Opentrons 96 Deep Well Heater-Shaker Adapter on Heater-Shaker Module GEN1 on slot C1, 'G5': G5 of Sample Plate on Opentrons 96 Deep Well Heater-Shaker Adapter on Heater-Shaker Module GEN1 on slot C1, 'H5': H5 of Sample Plate on Opentrons 96 Deep Well Heater-Shaker Adapter on Heater-Shaker Module GEN1 on slot C1, 'A6': A6 of Sample Plate on Opentrons 96 Deep Well Heater-Shaker Adapter on Heater-Shaker Module GEN1 on slot C1, 'B6': B6 of Sample Plate on Opentrons 96 Deep Well Heater-Shaker Adapter on Heater-Shaker Module GEN1 on slot C1, 'C6': C6 of Sample Plate on Opentrons 96 Deep Well Heater-Shaker Adapter on Heater-Shaker Module GEN1 on slot C1, 'D6': D6 of Sample Plate on Opentrons 96 Deep Well Heater-Shaker Adapter on Heater-Shaker Module GEN1 on slot C1, 'E6': E6 of Sample Plate on Opentrons 96 Deep Well Heater-Shaker Adapter on Heater-Shaker Module GEN1 on slot C1, 'F6': F6 of Sample Plate on Opentrons 96 Deep Well Heater-Shaker Adapter on Heater-Shaker Module GEN1 on slot C1, 'G6': G6 of Sample Plate on Opentrons 96 Deep Well Heater-Shaker Adapter on Heater-Shaker Module GEN1 on slot C1, 'H6': H6 of Sample Plate on Opentrons 96 Deep Well Heater-Shaker Adapter on Heater-Shaker Module GEN1 on slot C1, 'A7': A7 of Sample Plate on Opentrons 96 Deep Well Heater-Shaker Adapter on Heater-Shaker Module GEN1 on slot C1, 'B7': B7 of Sample Plate on Opentrons 96 Deep Well Heater-Shaker Adapter on Heater-Shaker Module GEN1 on slot C1, 'C7': C7 of Sample Plate on Opentrons 96 Deep Well Heater-Shaker Adapter on Heater-Shaker Module GEN1 on slot C1, 'D7': D7 of Sample Plate on Opentrons 96 Deep Well Heater-Shaker Adapter on Heater-Shaker Module GEN1 on slot C1, 'E7': E7 of Sample Plate on Opentrons 96 Deep Well Heater-Shaker Adapter on Heater-Shaker Module GEN1 on slot C1, 'F7': F7 of Sample Plate on Opentrons 96 Deep Well Heater-Shaker Adapter on Heater-Shaker Module GEN1 on slot C1, 'G7': G7 of Sample Plate on Opentrons 96 Deep Well Heater-Shaker Adapter on Heater-Shaker Module GEN1 on slot C1, 'H7': H7 of Sample Plate on Opentrons 96 Deep Well Heater-Shaker Adapter on Heater-Shaker Module GEN1 on slot C1, 'A8': A8 of Sample Plate on Opentrons 96 Deep Well Heater-Shaker Adapter on Heater-Shaker Module GEN1 on slot C1, 'B8': B8 of Sample Plate on Opentrons 96 Deep Well Heater-Shaker Adapter on Heater-Shaker Module GEN1 on slot C1, 'C8': C8 of Sample Plate on Opentrons 96 Deep Well Heater-Shaker Adapter on Heater-Shaker Module GEN1 on slot C1, 'D8': D8 of Sample Plate on Opentrons 96 Deep Well Heater-Shaker Adapter on Heater-Shaker Module GEN1 on slot C1, 'E8': E8 of Sample Plate on Opentrons 96 Deep Well Heater-Shaker Adapter on Heater-Shaker Module GEN1 on slot C1, 'F8': F8 of Sample Plate on Opentrons 96 Deep Well Heater-Shaker Adapter on Heater-Shaker Module GEN1 on slot C1, 'G8': G8 of Sample Plate on Opentrons 96 Deep Well Heater-Shaker Adapter on Heater-Shaker Module GEN1 on slot C1, 'H8': H8 of Sample Plate on Opentrons 96 Deep Well Heater-Shaker Adapter on Heater-Shaker Module GEN1 on slot C1, 'A9': A9 of Sample Plate on Opentrons 96 Deep Well Heater-Shaker Adapter on Heater-Shaker Module GEN1 on slot C1, 'B9': B9 of Sample Plate on Opentrons 96 Deep Well Heater-Shaker Adapter on Heater-Shaker Module GEN1 on slot C1, 'C9': C9 of Sample Plate on Opentrons 96 Deep Well Heater-Shaker Adapter on Heater-Shaker Module GEN1 on slot C1, 'D9': D9 of Sample Plate on Opentrons 96 Deep Well Heater-Shaker Adapter on Heater-Shaker Module GEN1 on slot C1, 'E9': E9 of Sample Plate on Opentrons 96 Deep Well Heater-Shaker Adapter on Heater-Shaker Module GEN1 on slot C1, 'F9': F9 of Sample Plate on Opentrons 96 Deep Well Heater-Shaker Adapter on Heater-Shaker Module GEN1 on slot C1, 'G9': G9 of Sample Plate on Opentrons 96 Deep Well Heater-Shaker Adapter on Heater-Shaker Module GEN1 on slot C1, 'H9': H9 of Sample Plate on Opentrons 96 Deep Well Heater-Shaker Adapter on Heater-Shaker Module GEN1 on slot C1, 'A10': A10 of Sample Plate on Opentrons 96 Deep Well Heater-Shaker Adapter on Heater-Shaker Module GEN1 on slot C1, 'B10': B10 of Sample Plate on Opentrons 96 Deep Well Heater-Shaker Adapter on Heater-Shaker Module GEN1 on slot C1, 'C10': C10 of Sample Plate on Opentrons 96 Deep Well Heater-Shaker Adapter on Heater-Shaker Module GEN1 on slot C1, 'D10': D10 of Sample Plate on Opentrons 96 Deep Well Heater-Shaker Adapter on Heater-Shaker Module GEN1 on slot C1, 'E10': E10 of Sample Plate on Opentrons 96 Deep Well Heater-Shaker Adapter on Heater-Shaker Module GEN1 on slot C1, 'F10': F10 of Sample Plate on Opentrons 96 Deep Well Heater-Shaker Adapter on Heater-Shaker Module GEN1 on slot C1, 'G10': G10 of Sample Plate on Opentrons 96 Deep Well Heater-Shaker Adapter on Heater-Shaker Module GEN1 on slot C1, 'H10': H10 of Sample Plate on Opentrons 96 Deep Well Heater-Shaker Adapter on Heater-Shaker Module GEN1 on slot C1, 'A11': A11 of Sample Plate on Opentrons 96 Deep Well Heater-Shaker Adapter on Heater-Shaker Module GEN1 on slot C1, 'B11': B11 of Sample Plate on Opentrons 96 Deep Well Heater-Shaker Adapter on Heater-Shaker Module GEN1 on slot C1, 'C11': C11 of Sample Plate on Opentrons 96 Deep Well Heater-Shaker Adapter on Heater-Shaker Module GEN1 on slot C1, 'D11': D11 of Sample Plate on Opentrons 96 Deep Well Heater-Shaker Adapter on Heater-Shaker Module GEN1 on slot C1, 'E11': E11 of Sample Plate on Opentrons 96 Deep Well Heater-Shaker Adapter on Heater-Shaker Module GEN1 on slot C1, 'F11': F11 of Sample Plate on Opentrons 96 Deep Well Heater-Shaker Adapter on Heater-Shaker Module GEN1 on slot C1, 'G11': G11 of Sample Plate on Opentrons 96 Deep Well Heater-Shaker Adapter on Heater-Shaker Module GEN1 on slot C1, 'H11': H11 of Sample Plate on Opentrons 96 Deep Well Heater-Shaker Adapter on Heater-Shaker Module GEN1 on slot C1, 'A12': A12 of Sample Plate on Opentrons 96 Deep Well Heater-Shaker Adapter on Heater-Shaker Module GEN1 on slot C1, 'B12': B12 of Sample Plate on Opentrons 96 Deep Well Heater-Shaker Adapter on Heater-Shaker Module GEN1 on slot C1, 'C12': C12 of Sample Plate on Opentrons 96 Deep Well Heater-Shaker Adapter on Heater-Shaker Module GEN1 on slot C1, 'D12': D12 of Sample Plate on Opentrons 96 Deep Well Heater-Shaker Adapter on Heater-Shaker Module GEN1 on slot C1, 'E12': E12 of Sample Plate on Opentrons 96 Deep Well Heater-Shaker Adapter on Heater-Shaker Module GEN1 on slot C1, 'F12': F12 of Sample Plate on Opentrons 96 Deep Well Heater-Shaker Adapter on Heater-Shaker Module GEN1 on slot C1, 'G12': G12 of Sample Plate on Opentrons 96 Deep Well Heater-Shaker Adapter on Heater-Shaker Module GEN1 on slot C1, 'H12': H12 of Sample Plate on Opentrons 96 Deep Well Heater-Shaker Adapter on Heater-Shaker Module GEN1 on slot C1}
Loading liquid into {'A1': A1 of Sample Plate on Opentrons 96 Deep Well Heater-Shaker Adapter on Heater-Shaker Module GEN1 on slot C1, 'B1': B1 of Sample Plate on Opentrons 96 Deep Well Heater-Shaker Adapter on Heater-Shaker Module GEN1 on slot C1, 'C1': C1 of Sample Plate on Opentrons 96 Deep Well Heater-Shaker Adapter on Heater-Shaker Module GEN1 on slot C1, 'D1': D1 of Sample Plate on Opentrons 96 Deep Well Heater-Shaker Adapter on Heater-Shaker Module GEN1 on slot C1, 'E1': E1 of Sample Plate on Opentrons 96 Deep Well Heater-Shaker Adapter on Heater-Shaker Module GEN1 on slot C1, 'F1': F1 of Sample Plate on Opentrons 96 Deep Well Heater-Shaker Adapter on Heater-Shaker Module GEN1 on slot C1, 'G1': G1 of Sample Plate on Opentrons 96 Deep Well Heater-Shaker Adapter on Heater-Shaker Module GEN1 on slot C1, 'H1': H1 of Sample Plate on Opentrons 96 Deep Well Heater-Shaker Adapter on Heater-Shaker Module GEN1 on slot C1, 'A2': A2 of Sample Plate on Opentrons 96 Deep Well Heater-Shaker Adapter on Heater-Shaker Module GEN1 on slot C1, 'B2': B2 of Sample Plate on Opentrons 96 Deep Well Heater-Shaker Adapter on Heater-Shaker Module GEN1 on slot C1, 'C2': C2 of Sample Plate on Opentrons 96 Deep Well Heater-Shaker Adapter on Heater-Shaker Module GEN1 on slot C1, 'D2': D2 of Sample Plate on Opentrons 96 Deep Well Heater-Shaker Adapter on Heater-Shaker Module GEN1 on slot C1, 'E2': E2 of Sample Plate on Opentrons 96 Deep Well Heater-Shaker Adapter on Heater-Shaker Module GEN1 on slot C1, 'F2': F2 of Sample Plate on Opentrons 96 Deep Well Heater-Shaker Adapter on Heater-Shaker Module GEN1 on slot C1, 'G2': G2 of Sample Plate on Opentrons 96 Deep Well Heater-Shaker Adapter on Heater-Shaker Module GEN1 on slot C1, 'H2': H2 of Sample Plate on Opentrons 96 Deep Well Heater-Shaker Adapter on Heater-Shaker Module GEN1 on slot C1, 'A3': A3 of Sample Plate on Opentrons 96 Deep Well Heater-Shaker Adapter on Heater-Shaker Module GEN1 on slot C1, 'B3': B3 of Sample Plate on Opentrons 96 Deep Well Heater-Shaker Adapter on Heater-Shaker Module GEN1 on slot C1, 'C3': C3 of Sample Plate on Opentrons 96 Deep Well Heater-Shaker Adapter on Heater-Shaker Module GEN1 on slot C1, 'D3': D3 of Sample Plate on Opentrons 96 Deep Well Heater-Shaker Adapter on Heater-Shaker Module GEN1 on slot C1, 'E3': E3 of Sample Plate on Opentrons 96 Deep Well Heater-Shaker Adapter on Heater-Shaker Module GEN1 on slot C1, 'F3': F3 of Sample Plate on Opentrons 96 Deep Well Heater-Shaker Adapter on Heater-Shaker Module GEN1 on slot C1, 'G3': G3 of Sample Plate on Opentrons 96 Deep Well Heater-Shaker Adapter on Heater-Shaker Module GEN1 on slot C1, 'H3': H3 of Sample Plate on Opentrons 96 Deep Well Heater-Shaker Adapter on Heater-Shaker Module GEN1 on slot C1, 'A4': A4 of Sample Plate on Opentrons 96 Deep Well Heater-Shaker Adapter on Heater-Shaker Module GEN1 on slot C1, 'B4': B4 of Sample Plate on Opentrons 96 Deep Well Heater-Shaker Adapter on Heater-Shaker Module GEN1 on slot C1, 'C4': C4 of Sample Plate on Opentrons 96 Deep Well Heater-Shaker Adapter on Heater-Shaker Module GEN1 on slot C1, 'D4': D4 of Sample Plate on Opentrons 96 Deep Well Heater-Shaker Adapter on Heater-Shaker Module GEN1 on slot C1, 'E4': E4 of Sample Plate on Opentrons 96 Deep Well Heater-Shaker Adapter on Heater-Shaker Module GEN1 on slot C1, 'F4': F4 of Sample Plate on Opentrons 96 Deep Well Heater-Shaker Adapter on Heater-Shaker Module GEN1 on slot C1, 'G4': G4 of Sample Plate on Opentrons 96 Deep Well Heater-Shaker Adapter on Heater-Shaker Module GEN1 on slot C1, 'H4': H4 of Sample Plate on Opentrons 96 Deep Well Heater-Shaker Adapter on Heater-Shaker Module GEN1 on slot C1, 'A5': A5 of Sample Plate on Opentrons 96 Deep Well Heater-Shaker Adapter on Heater-Shaker Module GEN1 on slot C1, 'B5': B5 of Sample Plate on Opentrons 96 Deep Well Heater-Shaker Adapter on Heater-Shaker Module GEN1 on slot C1, 'C5': C5 of Sample Plate on Opentrons 96 Deep Well Heater-Shaker Adapter on Heater-Shaker Module GEN1 on slot C1, 'D5': D5 of Sample Plate on Opentrons 96 Deep Well Heater-Shaker Adapter on Heater-Shaker Module GEN1 on slot C1, 'E5': E5 of Sample Plate on Opentrons 96 Deep Well Heater-Shaker Adapter on Heater-Shaker Module GEN1 on slot C1, 'F5': F5 of Sample Plate on Opentrons 96 Deep Well Heater-Shaker Adapter on Heater-Shaker Module GEN1 on slot C1, 'G5': G5 of Sample Plate on Opentrons 96 Deep Well Heater-Shaker Adapter on Heater-Shaker Module GEN1 on slot C1, 'H5': H5 of Sample Plate on Opentrons 96 Deep Well Heater-Shaker Adapter on Heater-Shaker Module GEN1 on slot C1, 'A6': A6 of Sample Plate on Opentrons 96 Deep Well Heater-Shaker Adapter on Heater-Shaker Module GEN1 on slot C1, 'B6': B6 of Sample Plate on Opentrons 96 Deep Well Heater-Shaker Adapter on Heater-Shaker Module GEN1 on slot C1, 'C6': C6 of Sample Plate on Opentrons 96 Deep Well Heater-Shaker Adapter on Heater-Shaker Module GEN1 on slot C1, 'D6': D6 of Sample Plate on Opentrons 96 Deep Well Heater-Shaker Adapter on Heater-Shaker Module GEN1 on slot C1, 'E6': E6 of Sample Plate on Opentrons 96 Deep Well Heater-Shaker Adapter on Heater-Shaker Module GEN1 on slot C1, 'F6': F6 of Sample Plate on Opentrons 96 Deep Well Heater-Shaker Adapter on Heater-Shaker Module GEN1 on slot C1, 'G6': G6 of Sample Plate on Opentrons 96 Deep Well Heater-Shaker Adapter on Heater-Shaker Module GEN1 on slot C1, 'H6': H6 of Sample Plate on Opentrons 96 Deep Well Heater-Shaker Adapter on Heater-Shaker Module GEN1 on slot C1, 'A7': A7 of Sample Plate on Opentrons 96 Deep Well Heater-Shaker Adapter on Heater-Shaker Module GEN1 on slot C1, 'B7': B7 of Sample Plate on Opentrons 96 Deep Well Heater-Shaker Adapter on Heater-Shaker Module GEN1 on slot C1, 'C7': C7 of Sample Plate on Opentrons 96 Deep Well Heater-Shaker Adapter on Heater-Shaker Module GEN1 on slot C1, 'D7': D7 of Sample Plate on Opentrons 96 Deep Well Heater-Shaker Adapter on Heater-Shaker Module GEN1 on slot C1, 'E7': E7 of Sample Plate on Opentrons 96 Deep Well Heater-Shaker Adapter on Heater-Shaker Module GEN1 on slot C1, 'F7': F7 of Sample Plate on Opentrons 96 Deep Well Heater-Shaker Adapter on Heater-Shaker Module GEN1 on slot C1, 'G7': G7 of Sample Plate on Opentrons 96 Deep Well Heater-Shaker Adapter on Heater-Shaker Module GEN1 on slot C1, 'H7': H7 of Sample Plate on Opentrons 96 Deep Well Heater-Shaker Adapter on Heater-Shaker Module GEN1 on slot C1, 'A8': A8 of Sample Plate on Opentrons 96 Deep Well Heater-Shaker Adapter on Heater-Shaker Module GEN1 on slot C1, 'B8': B8 of Sample Plate on Opentrons 96 Deep Well Heater-Shaker Adapter on Heater-Shaker Module GEN1 on slot C1, 'C8': C8 of Sample Plate on Opentrons 96 Deep Well Heater-Shaker Adapter on Heater-Shaker Module GEN1 on slot C1, 'D8': D8 of Sample Plate on Opentrons 96 Deep Well Heater-Shaker Adapter on Heater-Shaker Module GEN1 on slot C1, 'E8': E8 of Sample Plate on Opentrons 96 Deep Well Heater-Shaker Adapter on Heater-Shaker Module GEN1 on slot C1, 'F8': F8 of Sample Plate on Opentrons 96 Deep Well Heater-Shaker Adapter on Heater-Shaker Module GEN1 on slot C1, 'G8': G8 of Sample Plate on Opentrons 96 Deep Well Heater-Shaker Adapter on Heater-Shaker Module GEN1 on slot C1, 'H8': H8 of Sample Plate on Opentrons 96 Deep Well Heater-Shaker Adapter on Heater-Shaker Module GEN1 on slot C1, 'A9': A9 of Sample Plate on Opentrons 96 Deep Well Heater-Shaker Adapter on Heater-Shaker Module GEN1 on slot C1, 'B9': B9 of Sample Plate on Opentrons 96 Deep Well Heater-Shaker Adapter on Heater-Shaker Module GEN1 on slot C1, 'C9': C9 of Sample Plate on Opentrons 96 Deep Well Heater-Shaker Adapter on Heater-Shaker Module GEN1 on slot C1, 'D9': D9 of Sample Plate on Opentrons 96 Deep Well Heater-Shaker Adapter on Heater-Shaker Module GEN1 on slot C1, 'E9': E9 of Sample Plate on Opentrons 96 Deep Well Heater-Shaker Adapter on Heater-Shaker Module GEN1 on slot C1, 'F9': F9 of Sample Plate on Opentrons 96 Deep Well Heater-Shaker Adapter on Heater-Shaker Module GEN1 on slot C1, 'G9': G9 of Sample Plate on Opentrons 96 Deep Well Heater-Shaker Adapter on Heater-Shaker Module GEN1 on slot C1, 'H9': H9 of Sample Plate on Opentrons 96 Deep Well Heater-Shaker Adapter on Heater-Shaker Module GEN1 on slot C1, 'A10': A10 of Sample Plate on Opentrons 96 Deep Well Heater-Shaker Adapter on Heater-Shaker Module GEN1 on slot C1, 'B10': B10 of Sample Plate on Opentrons 96 Deep Well Heater-Shaker Adapter on Heater-Shaker Module GEN1 on slot C1, 'C10': C10 of Sample Plate on Opentrons 96 Deep Well Heater-Shaker Adapter on Heater-Shaker Module GEN1 on slot C1, 'D10': D10 of Sample Plate on Opentrons 96 Deep Well Heater-Shaker Adapter on Heater-Shaker Module GEN1 on slot C1, 'E10': E10 of Sample Plate on Opentrons 96 Deep Well Heater-Shaker Adapter on Heater-Shaker Module GEN1 on slot C1, 'F10': F10 of Sample Plate on Opentrons 96 Deep Well Heater-Shaker Adapter on Heater-Shaker Module GEN1 on slot C1, 'G10': G10 of Sample Plate on Opentrons 96 Deep Well Heater-Shaker Adapter on Heater-Shaker Module GEN1 on slot C1, 'H10': H10 of Sample Plate on Opentrons 96 Deep Well Heater-Shaker Adapter on Heater-Shaker Module GEN1 on slot C1, 'A11': A11 of Sample Plate on Opentrons 96 Deep Well Heater-Shaker Adapter on Heater-Shaker Module GEN1 on slot C1, 'B11': B11 of Sample Plate on Opentrons 96 Deep Well Heater-Shaker Adapter on Heater-Shaker Module GEN1 on slot C1, 'C11': C11 of Sample Plate on Opentrons 96 Deep Well Heater-Shaker Adapter on Heater-Shaker Module GEN1 on slot C1, 'D11': D11 of Sample Plate on Opentrons 96 Deep Well Heater-Shaker Adapter on Heater-Shaker Module GEN1 on slot C1, 'E11': E11 of Sample Plate on Opentrons 96 Deep Well Heater-Shaker Adapter on Heater-Shaker Module GEN1 on slot C1, 'F11': F11 of Sample Plate on Opentrons 96 Deep Well Heater-Shaker Adapter on Heater-Shaker Module GEN1 on slot C1, 'G11': G11 of Sample Plate on Opentrons 96 Deep Well Heater-Shaker Adapter on Heater-Shaker Module GEN1 on slot C1, 'H11': H11 of Sample Plate on Opentrons 96 Deep Well Heater-Shaker Adapter on Heater-Shaker Module GEN1 on slot C1, 'A12': A12 of Sample Plate on Opentrons 96 Deep Well Heater-Shaker Adapter on Heater-Shaker Module GEN1 on slot C1, 'B12': B12 of Sample Plate on Opentrons 96 Deep Well Heater-Shaker Adapter on Heater-Shaker Module GEN1 on slot C1, 'C12': C12 of Sample Plate on Opentrons 96 Deep Well Heater-Shaker Adapter on Heater-Shaker Module GEN1 on slot C1, 'D12': D12 of Sample Plate on Opentrons 96 Deep Well Heater-Shaker Adapter on Heater-Shaker Module GEN1 on slot C1, 'E12': E12 of Sample Plate on Opentrons 96 Deep Well Heater-Shaker Adapter on Heater-Shaker Module GEN1 on slot C1, 'F12': F12 of Sample Plate on Opentrons 96 Deep Well Heater-Shaker Adapter on Heater-Shaker Module GEN1 on slot C1, 'G12': G12 of Sample Plate on Opentrons 96 Deep Well Heater-Shaker Adapter on Heater-Shaker Module GEN1 on slot C1, 'H12': H12 of Sample Plate on Opentrons 96 Deep Well Heater-Shaker Adapter on Heater-Shaker Module GEN1 on slot C1}
Loading liquid into {'A1': A1 of Sample Plate on Opentrons 96 Deep Well Heater-Shaker Adapter on Heater-Shaker Module GEN1 on slot C1, 'B1': B1 of Sample Plate on Opentrons 96 Deep Well Heater-Shaker Adapter on Heater-Shaker Module GEN1 on slot C1, 'C1': C1 of Sample Plate on Opentrons 96 Deep Well Heater-Shaker Adapter on Heater-Shaker Module GEN1 on slot C1, 'D1': D1 of Sample Plate on Opentrons 96 Deep Well Heater-Shaker Adapter on Heater-Shaker Module GEN1 on slot C1, 'E1': E1 of Sample Plate on Opentrons 96 Deep Well Heater-Shaker Adapter on Heater-Shaker Module GEN1 on slot C1, 'F1': F1 of Sample Plate on Opentrons 96 Deep Well Heater-Shaker Adapter on Heater-Shaker Module GEN1 on slot C1, 'G1': G1 of Sample Plate on Opentrons 96 Deep Well Heater-Shaker Adapter on Heater-Shaker Module GEN1 on slot C1, 'H1': H1 of Sample Plate on Opentrons 96 Deep Well Heater-Shaker Adapter on Heater-Shaker Module GEN1 on slot C1, 'A2': A2 of Sample Plate on Opentrons 96 Deep Well Heater-Shaker Adapter on Heater-Shaker Module GEN1 on slot C1, 'B2': B2 of Sample Plate on Opentrons 96 Deep Well Heater-Shaker Adapter on Heater-Shaker Module GEN1 on slot C1, 'C2': C2 of Sample Plate on Opentrons 96 Deep Well Heater-Shaker Adapter on Heater-Shaker Module GEN1 on slot C1, 'D2': D2 of Sample Plate on Opentrons 96 Deep Well Heater-Shaker Adapter on Heater-Shaker Module GEN1 on slot C1, 'E2': E2 of Sample Plate on Opentrons 96 Deep Well Heater-Shaker Adapter on Heater-Shaker Module GEN1 on slot C1, 'F2': F2 of Sample Plate on Opentrons 96 Deep Well Heater-Shaker Adapter on Heater-Shaker Module GEN1 on slot C1, 'G2': G2 of Sample Plate on Opentrons 96 Deep Well Heater-Shaker Adapter on Heater-Shaker Module GEN1 on slot C1, 'H2': H2 of Sample Plate on Opentrons 96 Deep Well Heater-Shaker Adapter on Heater-Shaker Module GEN1 on slot C1, 'A3': A3 of Sample Plate on Opentrons 96 Deep Well Heater-Shaker Adapter on Heater-Shaker Module GEN1 on slot C1, 'B3': B3 of Sample Plate on Opentrons 96 Deep Well Heater-Shaker Adapter on Heater-Shaker Module GEN1 on slot C1, 'C3': C3 of Sample Plate on Opentrons 96 Deep Well Heater-Shaker Adapter on Heater-Shaker Module GEN1 on slot C1, 'D3': D3 of Sample Plate on Opentrons 96 Deep Well Heater-Shaker Adapter on Heater-Shaker Module GEN1 on slot C1, 'E3': E3 of Sample Plate on Opentrons 96 Deep Well Heater-Shaker Adapter on Heater-Shaker Module GEN1 on slot C1, 'F3': F3 of Sample Plate on Opentrons 96 Deep Well Heater-Shaker Adapter on Heater-Shaker Module GEN1 on slot C1, 'G3': G3 of Sample Plate on Opentrons 96 Deep Well Heater-Shaker Adapter on Heater-Shaker Module GEN1 on slot C1, 'H3': H3 of Sample Plate on Opentrons 96 Deep Well Heater-Shaker Adapter on Heater-Shaker Module GEN1 on slot C1, 'A4': A4 of Sample Plate on Opentrons 96 Deep Well Heater-Shaker Adapter on Heater-Shaker Module GEN1 on slot C1, 'B4': B4 of Sample Plate on Opentrons 96 Deep Well Heater-Shaker Adapter on Heater-Shaker Module GEN1 on slot C1, 'C4': C4 of Sample Plate on Opentrons 96 Deep Well Heater-Shaker Adapter on Heater-Shaker Module GEN1 on slot C1, 'D4': D4 of Sample Plate on Opentrons 96 Deep Well Heater-Shaker Adapter on Heater-Shaker Module GEN1 on slot C1, 'E4': E4 of Sample Plate on Opentrons 96 Deep Well Heater-Shaker Adapter on Heater-Shaker Module GEN1 on slot C1, 'F4': F4 of Sample Plate on Opentrons 96 Deep Well Heater-Shaker Adapter on Heater-Shaker Module GEN1 on slot C1, 'G4': G4 of Sample Plate on Opentrons 96 Deep Well Heater-Shaker Adapter on Heater-Shaker Module GEN1 on slot C1, 'H4': H4 of Sample Plate on Opentrons 96 Deep Well Heater-Shaker Adapter on Heater-Shaker Module GEN1 on slot C1, 'A5': A5 of Sample Plate on Opentrons 96 Deep Well Heater-Shaker Adapter on Heater-Shaker Module GEN1 on slot C1, 'B5': B5 of Sample Plate on Opentrons 96 Deep Well Heater-Shaker Adapter on Heater-Shaker Module GEN1 on slot C1, 'C5': C5 of Sample Plate on Opentrons 96 Deep Well Heater-Shaker Adapter on Heater-Shaker Module GEN1 on slot C1, 'D5': D5 of Sample Plate on Opentrons 96 Deep Well Heater-Shaker Adapter on Heater-Shaker Module GEN1 on slot C1, 'E5': E5 of Sample Plate on Opentrons 96 Deep Well Heater-Shaker Adapter on Heater-Shaker Module GEN1 on slot C1, 'F5': F5 of Sample Plate on Opentrons 96 Deep Well Heater-Shaker Adapter on Heater-Shaker Module GEN1 on slot C1, 'G5': G5 of Sample Plate on Opentrons 96 Deep Well Heater-Shaker Adapter on Heater-Shaker Module GEN1 on slot C1, 'H5': H5 of Sample Plate on Opentrons 96 Deep Well Heater-Shaker Adapter on Heater-Shaker Module GEN1 on slot C1, 'A6': A6 of Sample Plate on Opentrons 96 Deep Well Heater-Shaker Adapter on Heater-Shaker Module GEN1 on slot C1, 'B6': B6 of Sample Plate on Opentrons 96 Deep Well Heater-Shaker Adapter on Heater-Shaker Module GEN1 on slot C1, 'C6': C6 of Sample Plate on Opentrons 96 Deep Well Heater-Shaker Adapter on Heater-Shaker Module GEN1 on slot C1, 'D6': D6 of Sample Plate on Opentrons 96 Deep Well Heater-Shaker Adapter on Heater-Shaker Module GEN1 on slot C1, 'E6': E6 of Sample Plate on Opentrons 96 Deep Well Heater-Shaker Adapter on Heater-Shaker Module GEN1 on slot C1, 'F6': F6 of Sample Plate on Opentrons 96 Deep Well Heater-Shaker Adapter on Heater-Shaker Module GEN1 on slot C1, 'G6': G6 of Sample Plate on Opentrons 96 Deep Well Heater-Shaker Adapter on Heater-Shaker Module GEN1 on slot C1, 'H6': H6 of Sample Plate on Opentrons 96 Deep Well Heater-Shaker Adapter on Heater-Shaker Module GEN1 on slot C1, 'A7': A7 of Sample Plate on Opentrons 96 Deep Well Heater-Shaker Adapter on Heater-Shaker Module GEN1 on slot C1, 'B7': B7 of Sample Plate on Opentrons 96 Deep Well Heater-Shaker Adapter on Heater-Shaker Module GEN1 on slot C1, 'C7': C7 of Sample Plate on Opentrons 96 Deep Well Heater-Shaker Adapter on Heater-Shaker Module GEN1 on slot C1, 'D7': D7 of Sample Plate on Opentrons 96 Deep Well Heater-Shaker Adapter on Heater-Shaker Module GEN1 on slot C1, 'E7': E7 of Sample Plate on Opentrons 96 Deep Well Heater-Shaker Adapter on Heater-Shaker Module GEN1 on slot C1, 'F7': F7 of Sample Plate on Opentrons 96 Deep Well Heater-Shaker Adapter on Heater-Shaker Module GEN1 on slot C1, 'G7': G7 of Sample Plate on Opentrons 96 Deep Well Heater-Shaker Adapter on Heater-Shaker Module GEN1 on slot C1, 'H7': H7 of Sample Plate on Opentrons 96 Deep Well Heater-Shaker Adapter on Heater-Shaker Module GEN1 on slot C1, 'A8': A8 of Sample Plate on Opentrons 96 Deep Well Heater-Shaker Adapter on Heater-Shaker Module GEN1 on slot C1, 'B8': B8 of Sample Plate on Opentrons 96 Deep Well Heater-Shaker Adapter on Heater-Shaker Module GEN1 on slot C1, 'C8': C8 of Sample Plate on Opentrons 96 Deep Well Heater-Shaker Adapter on Heater-Shaker Module GEN1 on slot C1, 'D8': D8 of Sample Plate on Opentrons 96 Deep Well Heater-Shaker Adapter on Heater-Shaker Module GEN1 on slot C1, 'E8': E8 of Sample Plate on Opentrons 96 Deep Well Heater-Shaker Adapter on Heater-Shaker Module GEN1 on slot C1, 'F8': F8 of Sample Plate on Opentrons 96 Deep Well Heater-Shaker Adapter on Heater-Shaker Module GEN1 on slot C1, 'G8': G8 of Sample Plate on Opentrons 96 Deep Well Heater-Shaker Adapter on Heater-Shaker Module GEN1 on slot C1, 'H8': H8 of Sample Plate on Opentrons 96 Deep Well Heater-Shaker Adapter on Heater-Shaker Module GEN1 on slot C1, 'A9': A9 of Sample Plate on Opentrons 96 Deep Well Heater-Shaker Adapter on Heater-Shaker Module GEN1 on slot C1, 'B9': B9 of Sample Plate on Opentrons 96 Deep Well Heater-Shaker Adapter on Heater-Shaker Module GEN1 on slot C1, 'C9': C9 of Sample Plate on Opentrons 96 Deep Well Heater-Shaker Adapter on Heater-Shaker Module GEN1 on slot C1, 'D9': D9 of Sample Plate on Opentrons 96 Deep Well Heater-Shaker Adapter on Heater-Shaker Module GEN1 on slot C1, 'E9': E9 of Sample Plate on Opentrons 96 Deep Well Heater-Shaker Adapter on Heater-Shaker Module GEN1 on slot C1, 'F9': F9 of Sample Plate on Opentrons 96 Deep Well Heater-Shaker Adapter on Heater-Shaker Module GEN1 on slot C1, 'G9': G9 of Sample Plate on Opentrons 96 Deep Well Heater-Shaker Adapter on Heater-Shaker Module GEN1 on slot C1, 'H9': H9 of Sample Plate on Opentrons 96 Deep Well Heater-Shaker Adapter on Heater-Shaker Module GEN1 on slot C1, 'A10': A10 of Sample Plate on Opentrons 96 Deep Well Heater-Shaker Adapter on Heater-Shaker Module GEN1 on slot C1, 'B10': B10 of Sample Plate on Opentrons 96 Deep Well Heater-Shaker Adapter on Heater-Shaker Module GEN1 on slot C1, 'C10': C10 of Sample Plate on Opentrons 96 Deep Well Heater-Shaker Adapter on Heater-Shaker Module GEN1 on slot C1, 'D10': D10 of Sample Plate on Opentrons 96 Deep Well Heater-Shaker Adapter on Heater-Shaker Module GEN1 on slot C1, 'E10': E10 of Sample Plate on Opentrons 96 Deep Well Heater-Shaker Adapter on Heater-Shaker Module GEN1 on slot C1, 'F10': F10 of Sample Plate on Opentrons 96 Deep Well Heater-Shaker Adapter on Heater-Shaker Module GEN1 on slot C1, 'G10': G10 of Sample Plate on Opentrons 96 Deep Well Heater-Shaker Adapter on Heater-Shaker Module GEN1 on slot C1, 'H10': H10 of Sample Plate on Opentrons 96 Deep Well Heater-Shaker Adapter on Heater-Shaker Module GEN1 on slot C1, 'A11': A11 of Sample Plate on Opentrons 96 Deep Well Heater-Shaker Adapter on Heater-Shaker Module GEN1 on slot C1, 'B11': B11 of Sample Plate on Opentrons 96 Deep Well Heater-Shaker Adapter on Heater-Shaker Module GEN1 on slot C1, 'C11': C11 of Sample Plate on Opentrons 96 Deep Well Heater-Shaker Adapter on Heater-Shaker Module GEN1 on slot C1, 'D11': D11 of Sample Plate on Opentrons 96 Deep Well Heater-Shaker Adapter on Heater-Shaker Module GEN1 on slot C1, 'E11': E11 of Sample Plate on Opentrons 96 Deep Well Heater-Shaker Adapter on Heater-Shaker Module GEN1 on slot C1, 'F11': F11 of Sample Plate on Opentrons 96 Deep Well Heater-Shaker Adapter on Heater-Shaker Module GEN1 on slot C1, 'G11': G11 of Sample Plate on Opentrons 96 Deep Well Heater-Shaker Adapter on Heater-Shaker Module GEN1 on slot C1, 'H11': H11 of Sample Plate on Opentrons 96 Deep Well Heater-Shaker Adapter on Heater-Shaker Module GEN1 on slot C1, 'A12': A12 of Sample Plate on Opentrons 96 Deep Well Heater-Shaker Adapter on Heater-Shaker Module GEN1 on slot C1, 'B12': B12 of Sample Plate on Opentrons 96 Deep Well Heater-Shaker Adapter on Heater-Shaker Module GEN1 on slot C1, 'C12': C12 of Sample Plate on Opentrons 96 Deep Well Heater-Shaker Adapter on Heater-Shaker Module GEN1 on slot C1, 'D12': D12 of Sample Plate on Opentrons 96 Deep Well Heater-Shaker Adapter on Heater-Shaker Module GEN1 on slot C1, 'E12': E12 of Sample Plate on Opentrons 96 Deep Well Heater-Shaker Adapter on Heater-Shaker Module GEN1 on slot C1, 'F12': F12 of Sample Plate on Opentrons 96 Deep Well Heater-Shaker Adapter on Heater-Shaker Module GEN1 on slot C1, 'G12': G12 of Sample Plate on Opentrons 96 Deep Well Heater-Shaker Adapter on Heater-Shaker Module GEN1 on slot C1, 'H12': H12 of Sample Plate on Opentrons 96 Deep Well Heater-Shaker Adapter on Heater-Shaker Module GEN1 on slot C1}
Loading liquid into {'A1': A1 of Sample Plate on Opentrons 96 Deep Well Heater-Shaker Adapter on Heater-Shaker Module GEN1 on slot C1, 'B1': B1 of Sample Plate on Opentrons 96 Deep Well Heater-Shaker Adapter on Heater-Shaker Module GEN1 on slot C1, 'C1': C1 of Sample Plate on Opentrons 96 Deep Well Heater-Shaker Adapter on Heater-Shaker Module GEN1 on slot C1, 'D1': D1 of Sample Plate on Opentrons 96 Deep Well Heater-Shaker Adapter on Heater-Shaker Module GEN1 on slot C1, 'E1': E1 of Sample Plate on Opentrons 96 Deep Well Heater-Shaker Adapter on Heater-Shaker Module GEN1 on slot C1, 'F1': F1 of Sample Plate on Opentrons 96 Deep Well Heater-Shaker Adapter on Heater-Shaker Module GEN1 on slot C1, 'G1': G1 of Sample Plate on Opentrons 96 Deep Well Heater-Shaker Adapter on Heater-Shaker Module GEN1 on slot C1, 'H1': H1 of Sample Plate on Opentrons 96 Deep Well Heater-Shaker Adapter on Heater-Shaker Module GEN1 on slot C1, 'A2': A2 of Sample Plate on Opentrons 96 Deep Well Heater-Shaker Adapter on Heater-Shaker Module GEN1 on slot C1, 'B2': B2 of Sample Plate on Opentrons 96 Deep Well Heater-Shaker Adapter on Heater-Shaker Module GEN1 on slot C1, 'C2': C2 of Sample Plate on Opentrons 96 Deep Well Heater-Shaker Adapter on Heater-Shaker Module GEN1 on slot C1, 'D2': D2 of Sample Plate on Opentrons 96 Deep Well Heater-Shaker Adapter on Heater-Shaker Module GEN1 on slot C1, 'E2': E2 of Sample Plate on Opentrons 96 Deep Well Heater-Shaker Adapter on Heater-Shaker Module GEN1 on slot C1, 'F2': F2 of Sample Plate on Opentrons 96 Deep Well Heater-Shaker Adapter on Heater-Shaker Module GEN1 on slot C1, 'G2': G2 of Sample Plate on Opentrons 96 Deep Well Heater-Shaker Adapter on Heater-Shaker Module GEN1 on slot C1, 'H2': H2 of Sample Plate on Opentrons 96 Deep Well Heater-Shaker Adapter on Heater-Shaker Module GEN1 on slot C1, 'A3': A3 of Sample Plate on Opentrons 96 Deep Well Heater-Shaker Adapter on Heater-Shaker Module GEN1 on slot C1, 'B3': B3 of Sample Plate on Opentrons 96 Deep Well Heater-Shaker Adapter on Heater-Shaker Module GEN1 on slot C1, 'C3': C3 of Sample Plate on Opentrons 96 Deep Well Heater-Shaker Adapter on Heater-Shaker Module GEN1 on slot C1, 'D3': D3 of Sample Plate on Opentrons 96 Deep Well Heater-Shaker Adapter on Heater-Shaker Module GEN1 on slot C1, 'E3': E3 of Sample Plate on Opentrons 96 Deep Well Heater-Shaker Adapter on Heater-Shaker Module GEN1 on slot C1, 'F3': F3 of Sample Plate on Opentrons 96 Deep Well Heater-Shaker Adapter on Heater-Shaker Module GEN1 on slot C1, 'G3': G3 of Sample Plate on Opentrons 96 Deep Well Heater-Shaker Adapter on Heater-Shaker Module GEN1 on slot C1, 'H3': H3 of Sample Plate on Opentrons 96 Deep Well Heater-Shaker Adapter on Heater-Shaker Module GEN1 on slot C1, 'A4': A4 of Sample Plate on Opentrons 96 Deep Well Heater-Shaker Adapter on Heater-Shaker Module GEN1 on slot C1, 'B4': B4 of Sample Plate on Opentrons 96 Deep Well Heater-Shaker Adapter on Heater-Shaker Module GEN1 on slot C1, 'C4': C4 of Sample Plate on Opentrons 96 Deep Well Heater-Shaker Adapter on Heater-Shaker Module GEN1 on slot C1, 'D4': D4 of Sample Plate on Opentrons 96 Deep Well Heater-Shaker Adapter on Heater-Shaker Module GEN1 on slot C1, 'E4': E4 of Sample Plate on Opentrons 96 Deep Well Heater-Shaker Adapter on Heater-Shaker Module GEN1 on slot C1, 'F4': F4 of Sample Plate on Opentrons 96 Deep Well Heater-Shaker Adapter on Heater-Shaker Module GEN1 on slot C1, 'G4': G4 of Sample Plate on Opentrons 96 Deep Well Heater-Shaker Adapter on Heater-Shaker Module GEN1 on slot C1, 'H4': H4 of Sample Plate on Opentrons 96 Deep Well Heater-Shaker Adapter on Heater-Shaker Module GEN1 on slot C1, 'A5': A5 of Sample Plate on Opentrons 96 Deep Well Heater-Shaker Adapter on Heater-Shaker Module GEN1 on slot C1, 'B5': B5 of Sample Plate on Opentrons 96 Deep Well Heater-Shaker Adapter on Heater-Shaker Module GEN1 on slot C1, 'C5': C5 of Sample Plate on Opentrons 96 Deep Well Heater-Shaker Adapter on Heater-Shaker Module GEN1 on slot C1, 'D5': D5 of Sample Plate on Opentrons 96 Deep Well Heater-Shaker Adapter on Heater-Shaker Module GEN1 on slot C1, 'E5': E5 of Sample Plate on Opentrons 96 Deep Well Heater-Shaker Adapter on Heater-Shaker Module GEN1 on slot C1, 'F5': F5 of Sample Plate on Opentrons 96 Deep Well Heater-Shaker Adapter on Heater-Shaker Module GEN1 on slot C1, 'G5': G5 of Sample Plate on Opentrons 96 Deep Well Heater-Shaker Adapter on Heater-Shaker Module GEN1 on slot C1, 'H5': H5 of Sample Plate on Opentrons 96 Deep Well Heater-Shaker Adapter on Heater-Shaker Module GEN1 on slot C1, 'A6': A6 of Sample Plate on Opentrons 96 Deep Well Heater-Shaker Adapter on Heater-Shaker Module GEN1 on slot C1, 'B6': B6 of Sample Plate on Opentrons 96 Deep Well Heater-Shaker Adapter on Heater-Shaker Module GEN1 on slot C1, 'C6': C6 of Sample Plate on Opentrons 96 Deep Well Heater-Shaker Adapter on Heater-Shaker Module GEN1 on slot C1, 'D6': D6 of Sample Plate on Opentrons 96 Deep Well Heater-Shaker Adapter on Heater-Shaker Module GEN1 on slot C1, 'E6': E6 of Sample Plate on Opentrons 96 Deep Well Heater-Shaker Adapter on Heater-Shaker Module GEN1 on slot C1, 'F6': F6 of Sample Plate on Opentrons 96 Deep Well Heater-Shaker Adapter on Heater-Shaker Module GEN1 on slot C1, 'G6': G6 of Sample Plate on Opentrons 96 Deep Well Heater-Shaker Adapter on Heater-Shaker Module GEN1 on slot C1, 'H6': H6 of Sample Plate on Opentrons 96 Deep Well Heater-Shaker Adapter on Heater-Shaker Module GEN1 on slot C1, 'A7': A7 of Sample Plate on Opentrons 96 Deep Well Heater-Shaker Adapter on Heater-Shaker Module GEN1 on slot C1, 'B7': B7 of Sample Plate on Opentrons 96 Deep Well Heater-Shaker Adapter on Heater-Shaker Module GEN1 on slot C1, 'C7': C7 of Sample Plate on Opentrons 96 Deep Well Heater-Shaker Adapter on Heater-Shaker Module GEN1 on slot C1, 'D7': D7 of Sample Plate on Opentrons 96 Deep Well Heater-Shaker Adapter on Heater-Shaker Module GEN1 on slot C1, 'E7': E7 of Sample Plate on Opentrons 96 Deep Well Heater-Shaker Adapter on Heater-Shaker Module GEN1 on slot C1, 'F7': F7 of Sample Plate on Opentrons 96 Deep Well Heater-Shaker Adapter on Heater-Shaker Module GEN1 on slot C1, 'G7': G7 of Sample Plate on Opentrons 96 Deep Well Heater-Shaker Adapter on Heater-Shaker Module GEN1 on slot C1, 'H7': H7 of Sample Plate on Opentrons 96 Deep Well Heater-Shaker Adapter on Heater-Shaker Module GEN1 on slot C1, 'A8': A8 of Sample Plate on Opentrons 96 Deep Well Heater-Shaker Adapter on Heater-Shaker Module GEN1 on slot C1, 'B8': B8 of Sample Plate on Opentrons 96 Deep Well Heater-Shaker Adapter on Heater-Shaker Module GEN1 on slot C1, 'C8': C8 of Sample Plate on Opentrons 96 Deep Well Heater-Shaker Adapter on Heater-Shaker Module GEN1 on slot C1, 'D8': D8 of Sample Plate on Opentrons 96 Deep Well Heater-Shaker Adapter on Heater-Shaker Module GEN1 on slot C1, 'E8': E8 of Sample Plate on Opentrons 96 Deep Well Heater-Shaker Adapter on Heater-Shaker Module GEN1 on slot C1, 'F8': F8 of Sample Plate on Opentrons 96 Deep Well Heater-Shaker Adapter on Heater-Shaker Module GEN1 on slot C1, 'G8': G8 of Sample Plate on Opentrons 96 Deep Well Heater-Shaker Adapter on Heater-Shaker Module GEN1 on slot C1, 'H8': H8 of Sample Plate on Opentrons 96 Deep Well Heater-Shaker Adapter on Heater-Shaker Module GEN1 on slot C1, 'A9': A9 of Sample Plate on Opentrons 96 Deep Well Heater-Shaker Adapter on Heater-Shaker Module GEN1 on slot C1, 'B9': B9 of Sample Plate on Opentrons 96 Deep Well Heater-Shaker Adapter on Heater-Shaker Module GEN1 on slot C1, 'C9': C9 of Sample Plate on Opentrons 96 Deep Well Heater-Shaker Adapter on Heater-Shaker Module GEN1 on slot C1, 'D9': D9 of Sample Plate on Opentrons 96 Deep Well Heater-Shaker Adapter on Heater-Shaker Module GEN1 on slot C1, 'E9': E9 of Sample Plate on Opentrons 96 Deep Well Heater-Shaker Adapter on Heater-Shaker Module GEN1 on slot C1, 'F9': F9 of Sample Plate on Opentrons 96 Deep Well Heater-Shaker Adapter on Heater-Shaker Module GEN1 on slot C1, 'G9': G9 of Sample Plate on Opentrons 96 Deep Well Heater-Shaker Adapter on Heater-Shaker Module GEN1 on slot C1, 'H9': H9 of Sample Plate on Opentrons 96 Deep Well Heater-Shaker Adapter on Heater-Shaker Module GEN1 on slot C1, 'A10': A10 of Sample Plate on Opentrons 96 Deep Well Heater-Shaker Adapter on Heater-Shaker Module GEN1 on slot C1, 'B10': B10 of Sample Plate on Opentrons 96 Deep Well Heater-Shaker Adapter on Heater-Shaker Module GEN1 on slot C1, 'C10': C10 of Sample Plate on Opentrons 96 Deep Well Heater-Shaker Adapter on Heater-Shaker Module GEN1 on slot C1, 'D10': D10 of Sample Plate on Opentrons 96 Deep Well Heater-Shaker Adapter on Heater-Shaker Module GEN1 on slot C1, 'E10': E10 of Sample Plate on Opentrons 96 Deep Well Heater-Shaker Adapter on Heater-Shaker Module GEN1 on slot C1, 'F10': F10 of Sample Plate on Opentrons 96 Deep Well Heater-Shaker Adapter on Heater-Shaker Module GEN1 on slot C1, 'G10': G10 of Sample Plate on Opentrons 96 Deep Well Heater-Shaker Adapter on Heater-Shaker Module GEN1 on slot C1, 'H10': H10 of Sample Plate on Opentrons 96 Deep Well Heater-Shaker Adapter on Heater-Shaker Module GEN1 on slot C1, 'A11': A11 of Sample Plate on Opentrons 96 Deep Well Heater-Shaker Adapter on Heater-Shaker Module GEN1 on slot C1, 'B11': B11 of Sample Plate on Opentrons 96 Deep Well Heater-Shaker Adapter on Heater-Shaker Module GEN1 on slot C1, 'C11': C11 of Sample Plate on Opentrons 96 Deep Well Heater-Shaker Adapter on Heater-Shaker Module GEN1 on slot C1, 'D11': D11 of Sample Plate on Opentrons 96 Deep Well Heater-Shaker Adapter on Heater-Shaker Module GEN1 on slot C1, 'E11': E11 of Sample Plate on Opentrons 96 Deep Well Heater-Shaker Adapter on Heater-Shaker Module GEN1 on slot C1, 'F11': F11 of Sample Plate on Opentrons 96 Deep Well Heater-Shaker Adapter on Heater-Shaker Module GEN1 on slot C1, 'G11': G11 of Sample Plate on Opentrons 96 Deep Well Heater-Shaker Adapter on Heater-Shaker Module GEN1 on slot C1, 'H11': H11 of Sample Plate on Opentrons 96 Deep Well Heater-Shaker Adapter on Heater-Shaker Module GEN1 on slot C1, 'A12': A12 of Sample Plate on Opentrons 96 Deep Well Heater-Shaker Adapter on Heater-Shaker Module GEN1 on slot C1, 'B12': B12 of Sample Plate on Opentrons 96 Deep Well Heater-Shaker Adapter on Heater-Shaker Module GEN1 on slot C1, 'C12': C12 of Sample Plate on Opentrons 96 Deep Well Heater-Shaker Adapter on Heater-Shaker Module GEN1 on slot C1, 'D12': D12 of Sample Plate on Opentrons 96 Deep Well Heater-Shaker Adapter on Heater-Shaker Module GEN1 on slot C1, 'E12': E12 of Sample Plate on Opentrons 96 Deep Well Heater-Shaker Adapter on Heater-Shaker Module GEN1 on slot C1, 'F12': F12 of Sample Plate on Opentrons 96 Deep Well Heater-Shaker Adapter on Heater-Shaker Module GEN1 on slot C1, 'G12': G12 of Sample Plate on Opentrons 96 Deep Well Heater-Shaker Adapter on Heater-Shaker Module GEN1 on slot C1, 'H12': H12 of Sample Plate on Opentrons 96 Deep Well Heater-Shaker Adapter on Heater-Shaker Module GEN1 on slot C1}
Loading liquid into {'A1': A1 of Sample Plate on Opentrons 96 Deep Well Heater-Shaker Adapter on Heater-Shaker Module GEN1 on slot C1, 'B1': B1 of Sample Plate on Opentrons 96 Deep Well Heater-Shaker Adapter on Heater-Shaker Module GEN1 on slot C1, 'C1': C1 of Sample Plate on Opentrons 96 Deep Well Heater-Shaker Adapter on Heater-Shaker Module GEN1 on slot C1, 'D1': D1 of Sample Plate on Opentrons 96 Deep Well Heater-Shaker Adapter on Heater-Shaker Module GEN1 on slot C1, 'E1': E1 of Sample Plate on Opentrons 96 Deep Well Heater-Shaker Adapter on Heater-Shaker Module GEN1 on slot C1, 'F1': F1 of Sample Plate on Opentrons 96 Deep Well Heater-Shaker Adapter on Heater-Shaker Module GEN1 on slot C1, 'G1': G1 of Sample Plate on Opentrons 96 Deep Well Heater-Shaker Adapter on Heater-Shaker Module GEN1 on slot C1, 'H1': H1 of Sample Plate on Opentrons 96 Deep Well Heater-Shaker Adapter on Heater-Shaker Module GEN1 on slot C1, 'A2': A2 of Sample Plate on Opentrons 96 Deep Well Heater-Shaker Adapter on Heater-Shaker Module GEN1 on slot C1, 'B2': B2 of Sample Plate on Opentrons 96 Deep Well Heater-Shaker Adapter on Heater-Shaker Module GEN1 on slot C1, 'C2': C2 of Sample Plate on Opentrons 96 Deep Well Heater-Shaker Adapter on Heater-Shaker Module GEN1 on slot C1, 'D2': D2 of Sample Plate on Opentrons 96 Deep Well Heater-Shaker Adapter on Heater-Shaker Module GEN1 on slot C1, 'E2': E2 of Sample Plate on Opentrons 96 Deep Well Heater-Shaker Adapter on Heater-Shaker Module GEN1 on slot C1, 'F2': F2 of Sample Plate on Opentrons 96 Deep Well Heater-Shaker Adapter on Heater-Shaker Module GEN1 on slot C1, 'G2': G2 of Sample Plate on Opentrons 96 Deep Well Heater-Shaker Adapter on Heater-Shaker Module GEN1 on slot C1, 'H2': H2 of Sample Plate on Opentrons 96 Deep Well Heater-Shaker Adapter on Heater-Shaker Module GEN1 on slot C1, 'A3': A3 of Sample Plate on Opentrons 96 Deep Well Heater-Shaker Adapter on Heater-Shaker Module GEN1 on slot C1, 'B3': B3 of Sample Plate on Opentrons 96 Deep Well Heater-Shaker Adapter on Heater-Shaker Module GEN1 on slot C1, 'C3': C3 of Sample Plate on Opentrons 96 Deep Well Heater-Shaker Adapter on Heater-Shaker Module GEN1 on slot C1, 'D3': D3 of Sample Plate on Opentrons 96 Deep Well Heater-Shaker Adapter on Heater-Shaker Module GEN1 on slot C1, 'E3': E3 of Sample Plate on Opentrons 96 Deep Well Heater-Shaker Adapter on Heater-Shaker Module GEN1 on slot C1, 'F3': F3 of Sample Plate on Opentrons 96 Deep Well Heater-Shaker Adapter on Heater-Shaker Module GEN1 on slot C1, 'G3': G3 of Sample Plate on Opentrons 96 Deep Well Heater-Shaker Adapter on Heater-Shaker Module GEN1 on slot C1, 'H3': H3 of Sample Plate on Opentrons 96 Deep Well Heater-Shaker Adapter on Heater-Shaker Module GEN1 on slot C1, 'A4': A4 of Sample Plate on Opentrons 96 Deep Well Heater-Shaker Adapter on Heater-Shaker Module GEN1 on slot C1, 'B4': B4 of Sample Plate on Opentrons 96 Deep Well Heater-Shaker Adapter on Heater-Shaker Module GEN1 on slot C1, 'C4': C4 of Sample Plate on Opentrons 96 Deep Well Heater-Shaker Adapter on Heater-Shaker Module GEN1 on slot C1, 'D4': D4 of Sample Plate on Opentrons 96 Deep Well Heater-Shaker Adapter on Heater-Shaker Module GEN1 on slot C1, 'E4': E4 of Sample Plate on Opentrons 96 Deep Well Heater-Shaker Adapter on Heater-Shaker Module GEN1 on slot C1, 'F4': F4 of Sample Plate on Opentrons 96 Deep Well Heater-Shaker Adapter on Heater-Shaker Module GEN1 on slot C1, 'G4': G4 of Sample Plate on Opentrons 96 Deep Well Heater-Shaker Adapter on Heater-Shaker Module GEN1 on slot C1, 'H4': H4 of Sample Plate on Opentrons 96 Deep Well Heater-Shaker Adapter on Heater-Shaker Module GEN1 on slot C1, 'A5': A5 of Sample Plate on Opentrons 96 Deep Well Heater-Shaker Adapter on Heater-Shaker Module GEN1 on slot C1, 'B5': B5 of Sample Plate on Opentrons 96 Deep Well Heater-Shaker Adapter on Heater-Shaker Module GEN1 on slot C1, 'C5': C5 of Sample Plate on Opentrons 96 Deep Well Heater-Shaker Adapter on Heater-Shaker Module GEN1 on slot C1, 'D5': D5 of Sample Plate on Opentrons 96 Deep Well Heater-Shaker Adapter on Heater-Shaker Module GEN1 on slot C1, 'E5': E5 of Sample Plate on Opentrons 96 Deep Well Heater-Shaker Adapter on Heater-Shaker Module GEN1 on slot C1, 'F5': F5 of Sample Plate on Opentrons 96 Deep Well Heater-Shaker Adapter on Heater-Shaker Module GEN1 on slot C1, 'G5': G5 of Sample Plate on Opentrons 96 Deep Well Heater-Shaker Adapter on Heater-Shaker Module GEN1 on slot C1, 'H5': H5 of Sample Plate on Opentrons 96 Deep Well Heater-Shaker Adapter on Heater-Shaker Module GEN1 on slot C1, 'A6': A6 of Sample Plate on Opentrons 96 Deep Well Heater-Shaker Adapter on Heater-Shaker Module GEN1 on slot C1, 'B6': B6 of Sample Plate on Opentrons 96 Deep Well Heater-Shaker Adapter on Heater-Shaker Module GEN1 on slot C1, 'C6': C6 of Sample Plate on Opentrons 96 Deep Well Heater-Shaker Adapter on Heater-Shaker Module GEN1 on slot C1, 'D6': D6 of Sample Plate on Opentrons 96 Deep Well Heater-Shaker Adapter on Heater-Shaker Module GEN1 on slot C1, 'E6': E6 of Sample Plate on Opentrons 96 Deep Well Heater-Shaker Adapter on Heater-Shaker Module GEN1 on slot C1, 'F6': F6 of Sample Plate on Opentrons 96 Deep Well Heater-Shaker Adapter on Heater-Shaker Module GEN1 on slot C1, 'G6': G6 of Sample Plate on Opentrons 96 Deep Well Heater-Shaker Adapter on Heater-Shaker Module GEN1 on slot C1, 'H6': H6 of Sample Plate on Opentrons 96 Deep Well Heater-Shaker Adapter on Heater-Shaker Module GEN1 on slot C1, 'A7': A7 of Sample Plate on Opentrons 96 Deep Well Heater-Shaker Adapter on Heater-Shaker Module GEN1 on slot C1, 'B7': B7 of Sample Plate on Opentrons 96 Deep Well Heater-Shaker Adapter on Heater-Shaker Module GEN1 on slot C1, 'C7': C7 of Sample Plate on Opentrons 96 Deep Well Heater-Shaker Adapter on Heater-Shaker Module GEN1 on slot C1, 'D7': D7 of Sample Plate on Opentrons 96 Deep Well Heater-Shaker Adapter on Heater-Shaker Module GEN1 on slot C1, 'E7': E7 of Sample Plate on Opentrons 96 Deep Well Heater-Shaker Adapter on Heater-Shaker Module GEN1 on slot C1, 'F7': F7 of Sample Plate on Opentrons 96 Deep Well Heater-Shaker Adapter on Heater-Shaker Module GEN1 on slot C1, 'G7': G7 of Sample Plate on Opentrons 96 Deep Well Heater-Shaker Adapter on Heater-Shaker Module GEN1 on slot C1, 'H7': H7 of Sample Plate on Opentrons 96 Deep Well Heater-Shaker Adapter on Heater-Shaker Module GEN1 on slot C1, 'A8': A8 of Sample Plate on Opentrons 96 Deep Well Heater-Shaker Adapter on Heater-Shaker Module GEN1 on slot C1, 'B8': B8 of Sample Plate on Opentrons 96 Deep Well Heater-Shaker Adapter on Heater-Shaker Module GEN1 on slot C1, 'C8': C8 of Sample Plate on Opentrons 96 Deep Well Heater-Shaker Adapter on Heater-Shaker Module GEN1 on slot C1, 'D8': D8 of Sample Plate on Opentrons 96 Deep Well Heater-Shaker Adapter on Heater-Shaker Module GEN1 on slot C1, 'E8': E8 of Sample Plate on Opentrons 96 Deep Well Heater-Shaker Adapter on Heater-Shaker Module GEN1 on slot C1, 'F8': F8 of Sample Plate on Opentrons 96 Deep Well Heater-Shaker Adapter on Heater-Shaker Module GEN1 on slot C1, 'G8': G8 of Sample Plate on Opentrons 96 Deep Well Heater-Shaker Adapter on Heater-Shaker Module GEN1 on slot C1, 'H8': H8 of Sample Plate on Opentrons 96 Deep Well Heater-Shaker Adapter on Heater-Shaker Module GEN1 on slot C1, 'A9': A9 of Sample Plate on Opentrons 96 Deep Well Heater-Shaker Adapter on Heater-Shaker Module GEN1 on slot C1, 'B9': B9 of Sample Plate on Opentrons 96 Deep Well Heater-Shaker Adapter on Heater-Shaker Module GEN1 on slot C1, 'C9': C9 of Sample Plate on Opentrons 96 Deep Well Heater-Shaker Adapter on Heater-Shaker Module GEN1 on slot C1, 'D9': D9 of Sample Plate on Opentrons 96 Deep Well Heater-Shaker Adapter on Heater-Shaker Module GEN1 on slot C1, 'E9': E9 of Sample Plate on Opentrons 96 Deep Well Heater-Shaker Adapter on Heater-Shaker Module GEN1 on slot C1, 'F9': F9 of Sample Plate on Opentrons 96 Deep Well Heater-Shaker Adapter on Heater-Shaker Module GEN1 on slot C1, 'G9': G9 of Sample Plate on Opentrons 96 Deep Well Heater-Shaker Adapter on Heater-Shaker Module GEN1 on slot C1, 'H9': H9 of Sample Plate on Opentrons 96 Deep Well Heater-Shaker Adapter on Heater-Shaker Module GEN1 on slot C1, 'A10': A10 of Sample Plate on Opentrons 96 Deep Well Heater-Shaker Adapter on Heater-Shaker Module GEN1 on slot C1, 'B10': B10 of Sample Plate on Opentrons 96 Deep Well Heater-Shaker Adapter on Heater-Shaker Module GEN1 on slot C1, 'C10': C10 of Sample Plate on Opentrons 96 Deep Well Heater-Shaker Adapter on Heater-Shaker Module GEN1 on slot C1, 'D10': D10 of Sample Plate on Opentrons 96 Deep Well Heater-Shaker Adapter on Heater-Shaker Module GEN1 on slot C1, 'E10': E10 of Sample Plate on Opentrons 96 Deep Well Heater-Shaker Adapter on Heater-Shaker Module GEN1 on slot C1, 'F10': F10 of Sample Plate on Opentrons 96 Deep Well Heater-Shaker Adapter on Heater-Shaker Module GEN1 on slot C1, 'G10': G10 of Sample Plate on Opentrons 96 Deep Well Heater-Shaker Adapter on Heater-Shaker Module GEN1 on slot C1, 'H10': H10 of Sample Plate on Opentrons 96 Deep Well Heater-Shaker Adapter on Heater-Shaker Module GEN1 on slot C1, 'A11': A11 of Sample Plate on Opentrons 96 Deep Well Heater-Shaker Adapter on Heater-Shaker Module GEN1 on slot C1, 'B11': B11 of Sample Plate on Opentrons 96 Deep Well Heater-Shaker Adapter on Heater-Shaker Module GEN1 on slot C1, 'C11': C11 of Sample Plate on Opentrons 96 Deep Well Heater-Shaker Adapter on Heater-Shaker Module GEN1 on slot C1, 'D11': D11 of Sample Plate on Opentrons 96 Deep Well Heater-Shaker Adapter on Heater-Shaker Module GEN1 on slot C1, 'E11': E11 of Sample Plate on Opentrons 96 Deep Well Heater-Shaker Adapter on Heater-Shaker Module GEN1 on slot C1, 'F11': F11 of Sample Plate on Opentrons 96 Deep Well Heater-Shaker Adapter on Heater-Shaker Module GEN1 on slot C1, 'G11': G11 of Sample Plate on Opentrons 96 Deep Well Heater-Shaker Adapter on Heater-Shaker Module GEN1 on slot C1, 'H11': H11 of Sample Plate on Opentrons 96 Deep Well Heater-Shaker Adapter on Heater-Shaker Module GEN1 on slot C1, 'A12': A12 of Sample Plate on Opentrons 96 Deep Well Heater-Shaker Adapter on Heater-Shaker Module GEN1 on slot C1, 'B12': B12 of Sample Plate on Opentrons 96 Deep Well Heater-Shaker Adapter on Heater-Shaker Module GEN1 on slot C1, 'C12': C12 of Sample Plate on Opentrons 96 Deep Well Heater-Shaker Adapter on Heater-Shaker Module GEN1 on slot C1, 'D12': D12 of Sample Plate on Opentrons 96 Deep Well Heater-Shaker Adapter on Heater-Shaker Module GEN1 on slot C1, 'E12': E12 of Sample Plate on Opentrons 96 Deep Well Heater-Shaker Adapter on Heater-Shaker Module GEN1 on slot C1, 'F12': F12 of Sample Plate on Opentrons 96 Deep Well Heater-Shaker Adapter on Heater-Shaker Module GEN1 on slot C1, 'G12': G12 of Sample Plate on Opentrons 96 Deep Well Heater-Shaker Adapter on Heater-Shaker Module GEN1 on slot C1, 'H12': H12 of Sample Plate on Opentrons 96 Deep Well Heater-Shaker Adapter on Heater-Shaker Module GEN1 on slot C1}
Loading liquid into {'A1': A1 of Sample Plate on Opentrons 96 Deep Well Heater-Shaker Adapter on Heater-Shaker Module GEN1 on slot C1, 'B1': B1 of Sample Plate on Opentrons 96 Deep Well Heater-Shaker Adapter on Heater-Shaker Module GEN1 on slot C1, 'C1': C1 of Sample Plate on Opentrons 96 Deep Well Heater-Shaker Adapter on Heater-Shaker Module GEN1 on slot C1, 'D1': D1 of Sample Plate on Opentrons 96 Deep Well Heater-Shaker Adapter on Heater-Shaker Module GEN1 on slot C1, 'E1': E1 of Sample Plate on Opentrons 96 Deep Well Heater-Shaker Adapter on Heater-Shaker Module GEN1 on slot C1, 'F1': F1 of Sample Plate on Opentrons 96 Deep Well Heater-Shaker Adapter on Heater-Shaker Module GEN1 on slot C1, 'G1': G1 of Sample Plate on Opentrons 96 Deep Well Heater-Shaker Adapter on Heater-Shaker Module GEN1 on slot C1, 'H1': H1 of Sample Plate on Opentrons 96 Deep Well Heater-Shaker Adapter on Heater-Shaker Module GEN1 on slot C1, 'A2': A2 of Sample Plate on Opentrons 96 Deep Well Heater-Shaker Adapter on Heater-Shaker Module GEN1 on slot C1, 'B2': B2 of Sample Plate on Opentrons 96 Deep Well Heater-Shaker Adapter on Heater-Shaker Module GEN1 on slot C1, 'C2': C2 of Sample Plate on Opentrons 96 Deep Well Heater-Shaker Adapter on Heater-Shaker Module GEN1 on slot C1, 'D2': D2 of Sample Plate on Opentrons 96 Deep Well Heater-Shaker Adapter on Heater-Shaker Module GEN1 on slot C1, 'E2': E2 of Sample Plate on Opentrons 96 Deep Well Heater-Shaker Adapter on Heater-Shaker Module GEN1 on slot C1, 'F2': F2 of Sample Plate on Opentrons 96 Deep Well Heater-Shaker Adapter on Heater-Shaker Module GEN1 on slot C1, 'G2': G2 of Sample Plate on Opentrons 96 Deep Well Heater-Shaker Adapter on Heater-Shaker Module GEN1 on slot C1, 'H2': H2 of Sample Plate on Opentrons 96 Deep Well Heater-Shaker Adapter on Heater-Shaker Module GEN1 on slot C1, 'A3': A3 of Sample Plate on Opentrons 96 Deep Well Heater-Shaker Adapter on Heater-Shaker Module GEN1 on slot C1, 'B3': B3 of Sample Plate on Opentrons 96 Deep Well Heater-Shaker Adapter on Heater-Shaker Module GEN1 on slot C1, 'C3': C3 of Sample Plate on Opentrons 96 Deep Well Heater-Shaker Adapter on Heater-Shaker Module GEN1 on slot C1, 'D3': D3 of Sample Plate on Opentrons 96 Deep Well Heater-Shaker Adapter on Heater-Shaker Module GEN1 on slot C1, 'E3': E3 of Sample Plate on Opentrons 96 Deep Well Heater-Shaker Adapter on Heater-Shaker Module GEN1 on slot C1, 'F3': F3 of Sample Plate on Opentrons 96 Deep Well Heater-Shaker Adapter on Heater-Shaker Module GEN1 on slot C1, 'G3': G3 of Sample Plate on Opentrons 96 Deep Well Heater-Shaker Adapter on Heater-Shaker Module GEN1 on slot C1, 'H3': H3 of Sample Plate on Opentrons 96 Deep Well Heater-Shaker Adapter on Heater-Shaker Module GEN1 on slot C1, 'A4': A4 of Sample Plate on Opentrons 96 Deep Well Heater-Shaker Adapter on Heater-Shaker Module GEN1 on slot C1, 'B4': B4 of Sample Plate on Opentrons 96 Deep Well Heater-Shaker Adapter on Heater-Shaker Module GEN1 on slot C1, 'C4': C4 of Sample Plate on Opentrons 96 Deep Well Heater-Shaker Adapter on Heater-Shaker Module GEN1 on slot C1, 'D4': D4 of Sample Plate on Opentrons 96 Deep Well Heater-Shaker Adapter on Heater-Shaker Module GEN1 on slot C1, 'E4': E4 of Sample Plate on Opentrons 96 Deep Well Heater-Shaker Adapter on Heater-Shaker Module GEN1 on slot C1, 'F4': F4 of Sample Plate on Opentrons 96 Deep Well Heater-Shaker Adapter on Heater-Shaker Module GEN1 on slot C1, 'G4': G4 of Sample Plate on Opentrons 96 Deep Well Heater-Shaker Adapter on Heater-Shaker Module GEN1 on slot C1, 'H4': H4 of Sample Plate on Opentrons 96 Deep Well Heater-Shaker Adapter on Heater-Shaker Module GEN1 on slot C1, 'A5': A5 of Sample Plate on Opentrons 96 Deep Well Heater-Shaker Adapter on Heater-Shaker Module GEN1 on slot C1, 'B5': B5 of Sample Plate on Opentrons 96 Deep Well Heater-Shaker Adapter on Heater-Shaker Module GEN1 on slot C1, 'C5': C5 of Sample Plate on Opentrons 96 Deep Well Heater-Shaker Adapter on Heater-Shaker Module GEN1 on slot C1, 'D5': D5 of Sample Plate on Opentrons 96 Deep Well Heater-Shaker Adapter on Heater-Shaker Module GEN1 on slot C1, 'E5': E5 of Sample Plate on Opentrons 96 Deep Well Heater-Shaker Adapter on Heater-Shaker Module GEN1 on slot C1, 'F5': F5 of Sample Plate on Opentrons 96 Deep Well Heater-Shaker Adapter on Heater-Shaker Module GEN1 on slot C1, 'G5': G5 of Sample Plate on Opentrons 96 Deep Well Heater-Shaker Adapter on Heater-Shaker Module GEN1 on slot C1, 'H5': H5 of Sample Plate on Opentrons 96 Deep Well Heater-Shaker Adapter on Heater-Shaker Module GEN1 on slot C1, 'A6': A6 of Sample Plate on Opentrons 96 Deep Well Heater-Shaker Adapter on Heater-Shaker Module GEN1 on slot C1, 'B6': B6 of Sample Plate on Opentrons 96 Deep Well Heater-Shaker Adapter on Heater-Shaker Module GEN1 on slot C1, 'C6': C6 of Sample Plate on Opentrons 96 Deep Well Heater-Shaker Adapter on Heater-Shaker Module GEN1 on slot C1, 'D6': D6 of Sample Plate on Opentrons 96 Deep Well Heater-Shaker Adapter on Heater-Shaker Module GEN1 on slot C1, 'E6': E6 of Sample Plate on Opentrons 96 Deep Well Heater-Shaker Adapter on Heater-Shaker Module GEN1 on slot C1, 'F6': F6 of Sample Plate on Opentrons 96 Deep Well Heater-Shaker Adapter on Heater-Shaker Module GEN1 on slot C1, 'G6': G6 of Sample Plate on Opentrons 96 Deep Well Heater-Shaker Adapter on Heater-Shaker Module GEN1 on slot C1, 'H6': H6 of Sample Plate on Opentrons 96 Deep Well Heater-Shaker Adapter on Heater-Shaker Module GEN1 on slot C1, 'A7': A7 of Sample Plate on Opentrons 96 Deep Well Heater-Shaker Adapter on Heater-Shaker Module GEN1 on slot C1, 'B7': B7 of Sample Plate on Opentrons 96 Deep Well Heater-Shaker Adapter on Heater-Shaker Module GEN1 on slot C1, 'C7': C7 of Sample Plate on Opentrons 96 Deep Well Heater-Shaker Adapter on Heater-Shaker Module GEN1 on slot C1, 'D7': D7 of Sample Plate on Opentrons 96 Deep Well Heater-Shaker Adapter on Heater-Shaker Module GEN1 on slot C1, 'E7': E7 of Sample Plate on Opentrons 96 Deep Well Heater-Shaker Adapter on Heater-Shaker Module GEN1 on slot C1, 'F7': F7 of Sample Plate on Opentrons 96 Deep Well Heater-Shaker Adapter on Heater-Shaker Module GEN1 on slot C1, 'G7': G7 of Sample Plate on Opentrons 96 Deep Well Heater-Shaker Adapter on Heater-Shaker Module GEN1 on slot C1, 'H7': H7 of Sample Plate on Opentrons 96 Deep Well Heater-Shaker Adapter on Heater-Shaker Module GEN1 on slot C1, 'A8': A8 of Sample Plate on Opentrons 96 Deep Well Heater-Shaker Adapter on Heater-Shaker Module GEN1 on slot C1, 'B8': B8 of Sample Plate on Opentrons 96 Deep Well Heater-Shaker Adapter on Heater-Shaker Module GEN1 on slot C1, 'C8': C8 of Sample Plate on Opentrons 96 Deep Well Heater-Shaker Adapter on Heater-Shaker Module GEN1 on slot C1, 'D8': D8 of Sample Plate on Opentrons 96 Deep Well Heater-Shaker Adapter on Heater-Shaker Module GEN1 on slot C1, 'E8': E8 of Sample Plate on Opentrons 96 Deep Well Heater-Shaker Adapter on Heater-Shaker Module GEN1 on slot C1, 'F8': F8 of Sample Plate on Opentrons 96 Deep Well Heater-Shaker Adapter on Heater-Shaker Module GEN1 on slot C1, 'G8': G8 of Sample Plate on Opentrons 96 Deep Well Heater-Shaker Adapter on Heater-Shaker Module GEN1 on slot C1, 'H8': H8 of Sample Plate on Opentrons 96 Deep Well Heater-Shaker Adapter on Heater-Shaker Module GEN1 on slot C1, 'A9': A9 of Sample Plate on Opentrons 96 Deep Well Heater-Shaker Adapter on Heater-Shaker Module GEN1 on slot C1, 'B9': B9 of Sample Plate on Opentrons 96 Deep Well Heater-Shaker Adapter on Heater-Shaker Module GEN1 on slot C1, 'C9': C9 of Sample Plate on Opentrons 96 Deep Well Heater-Shaker Adapter on Heater-Shaker Module GEN1 on slot C1, 'D9': D9 of Sample Plate on Opentrons 96 Deep Well Heater-Shaker Adapter on Heater-Shaker Module GEN1 on slot C1, 'E9': E9 of Sample Plate on Opentrons 96 Deep Well Heater-Shaker Adapter on Heater-Shaker Module GEN1 on slot C1, 'F9': F9 of Sample Plate on Opentrons 96 Deep Well Heater-Shaker Adapter on Heater-Shaker Module GEN1 on slot C1, 'G9': G9 of Sample Plate on Opentrons 96 Deep Well Heater-Shaker Adapter on Heater-Shaker Module GEN1 on slot C1, 'H9': H9 of Sample Plate on Opentrons 96 Deep Well Heater-Shaker Adapter on Heater-Shaker Module GEN1 on slot C1, 'A10': A10 of Sample Plate on Opentrons 96 Deep Well Heater-Shaker Adapter on Heater-Shaker Module GEN1 on slot C1, 'B10': B10 of Sample Plate on Opentrons 96 Deep Well Heater-Shaker Adapter on Heater-Shaker Module GEN1 on slot C1, 'C10': C10 of Sample Plate on Opentrons 96 Deep Well Heater-Shaker Adapter on Heater-Shaker Module GEN1 on slot C1, 'D10': D10 of Sample Plate on Opentrons 96 Deep Well Heater-Shaker Adapter on Heater-Shaker Module GEN1 on slot C1, 'E10': E10 of Sample Plate on Opentrons 96 Deep Well Heater-Shaker Adapter on Heater-Shaker Module GEN1 on slot C1, 'F10': F10 of Sample Plate on Opentrons 96 Deep Well Heater-Shaker Adapter on Heater-Shaker Module GEN1 on slot C1, 'G10': G10 of Sample Plate on Opentrons 96 Deep Well Heater-Shaker Adapter on Heater-Shaker Module GEN1 on slot C1, 'H10': H10 of Sample Plate on Opentrons 96 Deep Well Heater-Shaker Adapter on Heater-Shaker Module GEN1 on slot C1, 'A11': A11 of Sample Plate on Opentrons 96 Deep Well Heater-Shaker Adapter on Heater-Shaker Module GEN1 on slot C1, 'B11': B11 of Sample Plate on Opentrons 96 Deep Well Heater-Shaker Adapter on Heater-Shaker Module GEN1 on slot C1, 'C11': C11 of Sample Plate on Opentrons 96 Deep Well Heater-Shaker Adapter on Heater-Shaker Module GEN1 on slot C1, 'D11': D11 of Sample Plate on Opentrons 96 Deep Well Heater-Shaker Adapter on Heater-Shaker Module GEN1 on slot C1, 'E11': E11 of Sample Plate on Opentrons 96 Deep Well Heater-Shaker Adapter on Heater-Shaker Module GEN1 on slot C1, 'F11': F11 of Sample Plate on Opentrons 96 Deep Well Heater-Shaker Adapter on Heater-Shaker Module GEN1 on slot C1, 'G11': G11 of Sample Plate on Opentrons 96 Deep Well Heater-Shaker Adapter on Heater-Shaker Module GEN1 on slot C1, 'H11': H11 of Sample Plate on Opentrons 96 Deep Well Heater-Shaker Adapter on Heater-Shaker Module GEN1 on slot C1, 'A12': A12 of Sample Plate on Opentrons 96 Deep Well Heater-Shaker Adapter on Heater-Shaker Module GEN1 on slot C1, 'B12': B12 of Sample Plate on Opentrons 96 Deep Well Heater-Shaker Adapter on Heater-Shaker Module GEN1 on slot C1, 'C12': C12 of Sample Plate on Opentrons 96 Deep Well Heater-Shaker Adapter on Heater-Shaker Module GEN1 on slot C1, 'D12': D12 of Sample Plate on Opentrons 96 Deep Well Heater-Shaker Adapter on Heater-Shaker Module GEN1 on slot C1, 'E12': E12 of Sample Plate on Opentrons 96 Deep Well Heater-Shaker Adapter on Heater-Shaker Module GEN1 on slot C1, 'F12': F12 of Sample Plate on Opentrons 96 Deep Well Heater-Shaker Adapter on Heater-Shaker Module GEN1 on slot C1, 'G12': G12 of Sample Plate on Opentrons 96 Deep Well Heater-Shaker Adapter on Heater-Shaker Module GEN1 on slot C1, 'H12': H12 of Sample Plate on Opentrons 96 Deep Well Heater-Shaker Adapter on Heater-Shaker Module GEN1 on slot C1}
Loading liquid into {'A1': A1 of Sample Plate on Opentrons 96 Deep Well Heater-Shaker Adapter on Heater-Shaker Module GEN1 on slot C1, 'B1': B1 of Sample Plate on Opentrons 96 Deep Well Heater-Shaker Adapter on Heater-Shaker Module GEN1 on slot C1, 'C1': C1 of Sample Plate on Opentrons 96 Deep Well Heater-Shaker Adapter on Heater-Shaker Module GEN1 on slot C1, 'D1': D1 of Sample Plate on Opentrons 96 Deep Well Heater-Shaker Adapter on Heater-Shaker Module GEN1 on slot C1, 'E1': E1 of Sample Plate on Opentrons 96 Deep Well Heater-Shaker Adapter on Heater-Shaker Module GEN1 on slot C1, 'F1': F1 of Sample Plate on Opentrons 96 Deep Well Heater-Shaker Adapter on Heater-Shaker Module GEN1 on slot C1, 'G1': G1 of Sample Plate on Opentrons 96 Deep Well Heater-Shaker Adapter on Heater-Shaker Module GEN1 on slot C1, 'H1': H1 of Sample Plate on Opentrons 96 Deep Well Heater-Shaker Adapter on Heater-Shaker Module GEN1 on slot C1, 'A2': A2 of Sample Plate on Opentrons 96 Deep Well Heater-Shaker Adapter on Heater-Shaker Module GEN1 on slot C1, 'B2': B2 of Sample Plate on Opentrons 96 Deep Well Heater-Shaker Adapter on Heater-Shaker Module GEN1 on slot C1, 'C2': C2 of Sample Plate on Opentrons 96 Deep Well Heater-Shaker Adapter on Heater-Shaker Module GEN1 on slot C1, 'D2': D2 of Sample Plate on Opentrons 96 Deep Well Heater-Shaker Adapter on Heater-Shaker Module GEN1 on slot C1, 'E2': E2 of Sample Plate on Opentrons 96 Deep Well Heater-Shaker Adapter on Heater-Shaker Module GEN1 on slot C1, 'F2': F2 of Sample Plate on Opentrons 96 Deep Well Heater-Shaker Adapter on Heater-Shaker Module GEN1 on slot C1, 'G2': G2 of Sample Plate on Opentrons 96 Deep Well Heater-Shaker Adapter on Heater-Shaker Module GEN1 on slot C1, 'H2': H2 of Sample Plate on Opentrons 96 Deep Well Heater-Shaker Adapter on Heater-Shaker Module GEN1 on slot C1, 'A3': A3 of Sample Plate on Opentrons 96 Deep Well Heater-Shaker Adapter on Heater-Shaker Module GEN1 on slot C1, 'B3': B3 of Sample Plate on Opentrons 96 Deep Well Heater-Shaker Adapter on Heater-Shaker Module GEN1 on slot C1, 'C3': C3 of Sample Plate on Opentrons 96 Deep Well Heater-Shaker Adapter on Heater-Shaker Module GEN1 on slot C1, 'D3': D3 of Sample Plate on Opentrons 96 Deep Well Heater-Shaker Adapter on Heater-Shaker Module GEN1 on slot C1, 'E3': E3 of Sample Plate on Opentrons 96 Deep Well Heater-Shaker Adapter on Heater-Shaker Module GEN1 on slot C1, 'F3': F3 of Sample Plate on Opentrons 96 Deep Well Heater-Shaker Adapter on Heater-Shaker Module GEN1 on slot C1, 'G3': G3 of Sample Plate on Opentrons 96 Deep Well Heater-Shaker Adapter on Heater-Shaker Module GEN1 on slot C1, 'H3': H3 of Sample Plate on Opentrons 96 Deep Well Heater-Shaker Adapter on Heater-Shaker Module GEN1 on slot C1, 'A4': A4 of Sample Plate on Opentrons 96 Deep Well Heater-Shaker Adapter on Heater-Shaker Module GEN1 on slot C1, 'B4': B4 of Sample Plate on Opentrons 96 Deep Well Heater-Shaker Adapter on Heater-Shaker Module GEN1 on slot C1, 'C4': C4 of Sample Plate on Opentrons 96 Deep Well Heater-Shaker Adapter on Heater-Shaker Module GEN1 on slot C1, 'D4': D4 of Sample Plate on Opentrons 96 Deep Well Heater-Shaker Adapter on Heater-Shaker Module GEN1 on slot C1, 'E4': E4 of Sample Plate on Opentrons 96 Deep Well Heater-Shaker Adapter on Heater-Shaker Module GEN1 on slot C1, 'F4': F4 of Sample Plate on Opentrons 96 Deep Well Heater-Shaker Adapter on Heater-Shaker Module GEN1 on slot C1, 'G4': G4 of Sample Plate on Opentrons 96 Deep Well Heater-Shaker Adapter on Heater-Shaker Module GEN1 on slot C1, 'H4': H4 of Sample Plate on Opentrons 96 Deep Well Heater-Shaker Adapter on Heater-Shaker Module GEN1 on slot C1, 'A5': A5 of Sample Plate on Opentrons 96 Deep Well Heater-Shaker Adapter on Heater-Shaker Module GEN1 on slot C1, 'B5': B5 of Sample Plate on Opentrons 96 Deep Well Heater-Shaker Adapter on Heater-Shaker Module GEN1 on slot C1, 'C5': C5 of Sample Plate on Opentrons 96 Deep Well Heater-Shaker Adapter on Heater-Shaker Module GEN1 on slot C1, 'D5': D5 of Sample Plate on Opentrons 96 Deep Well Heater-Shaker Adapter on Heater-Shaker Module GEN1 on slot C1, 'E5': E5 of Sample Plate on Opentrons 96 Deep Well Heater-Shaker Adapter on Heater-Shaker Module GEN1 on slot C1, 'F5': F5 of Sample Plate on Opentrons 96 Deep Well Heater-Shaker Adapter on Heater-Shaker Module GEN1 on slot C1, 'G5': G5 of Sample Plate on Opentrons 96 Deep Well Heater-Shaker Adapter on Heater-Shaker Module GEN1 on slot C1, 'H5': H5 of Sample Plate on Opentrons 96 Deep Well Heater-Shaker Adapter on Heater-Shaker Module GEN1 on slot C1, 'A6': A6 of Sample Plate on Opentrons 96 Deep Well Heater-Shaker Adapter on Heater-Shaker Module GEN1 on slot C1, 'B6': B6 of Sample Plate on Opentrons 96 Deep Well Heater-Shaker Adapter on Heater-Shaker Module GEN1 on slot C1, 'C6': C6 of Sample Plate on Opentrons 96 Deep Well Heater-Shaker Adapter on Heater-Shaker Module GEN1 on slot C1, 'D6': D6 of Sample Plate on Opentrons 96 Deep Well Heater-Shaker Adapter on Heater-Shaker Module GEN1 on slot C1, 'E6': E6 of Sample Plate on Opentrons 96 Deep Well Heater-Shaker Adapter on Heater-Shaker Module GEN1 on slot C1, 'F6': F6 of Sample Plate on Opentrons 96 Deep Well Heater-Shaker Adapter on Heater-Shaker Module GEN1 on slot C1, 'G6': G6 of Sample Plate on Opentrons 96 Deep Well Heater-Shaker Adapter on Heater-Shaker Module GEN1 on slot C1, 'H6': H6 of Sample Plate on Opentrons 96 Deep Well Heater-Shaker Adapter on Heater-Shaker Module GEN1 on slot C1, 'A7': A7 of Sample Plate on Opentrons 96 Deep Well Heater-Shaker Adapter on Heater-Shaker Module GEN1 on slot C1, 'B7': B7 of Sample Plate on Opentrons 96 Deep Well Heater-Shaker Adapter on Heater-Shaker Module GEN1 on slot C1, 'C7': C7 of Sample Plate on Opentrons 96 Deep Well Heater-Shaker Adapter on Heater-Shaker Module GEN1 on slot C1, 'D7': D7 of Sample Plate on Opentrons 96 Deep Well Heater-Shaker Adapter on Heater-Shaker Module GEN1 on slot C1, 'E7': E7 of Sample Plate on Opentrons 96 Deep Well Heater-Shaker Adapter on Heater-Shaker Module GEN1 on slot C1, 'F7': F7 of Sample Plate on Opentrons 96 Deep Well Heater-Shaker Adapter on Heater-Shaker Module GEN1 on slot C1, 'G7': G7 of Sample Plate on Opentrons 96 Deep Well Heater-Shaker Adapter on Heater-Shaker Module GEN1 on slot C1, 'H7': H7 of Sample Plate on Opentrons 96 Deep Well Heater-Shaker Adapter on Heater-Shaker Module GEN1 on slot C1, 'A8': A8 of Sample Plate on Opentrons 96 Deep Well Heater-Shaker Adapter on Heater-Shaker Module GEN1 on slot C1, 'B8': B8 of Sample Plate on Opentrons 96 Deep Well Heater-Shaker Adapter on Heater-Shaker Module GEN1 on slot C1, 'C8': C8 of Sample Plate on Opentrons 96 Deep Well Heater-Shaker Adapter on Heater-Shaker Module GEN1 on slot C1, 'D8': D8 of Sample Plate on Opentrons 96 Deep Well Heater-Shaker Adapter on Heater-Shaker Module GEN1 on slot C1, 'E8': E8 of Sample Plate on Opentrons 96 Deep Well Heater-Shaker Adapter on Heater-Shaker Module GEN1 on slot C1, 'F8': F8 of Sample Plate on Opentrons 96 Deep Well Heater-Shaker Adapter on Heater-Shaker Module GEN1 on slot C1, 'G8': G8 of Sample Plate on Opentrons 96 Deep Well Heater-Shaker Adapter on Heater-Shaker Module GEN1 on slot C1, 'H8': H8 of Sample Plate on Opentrons 96 Deep Well Heater-Shaker Adapter on Heater-Shaker Module GEN1 on slot C1, 'A9': A9 of Sample Plate on Opentrons 96 Deep Well Heater-Shaker Adapter on Heater-Shaker Module GEN1 on slot C1, 'B9': B9 of Sample Plate on Opentrons 96 Deep Well Heater-Shaker Adapter on Heater-Shaker Module GEN1 on slot C1, 'C9': C9 of Sample Plate on Opentrons 96 Deep Well Heater-Shaker Adapter on Heater-Shaker Module GEN1 on slot C1, 'D9': D9 of Sample Plate on Opentrons 96 Deep Well Heater-Shaker Adapter on Heater-Shaker Module GEN1 on slot C1, 'E9': E9 of Sample Plate on Opentrons 96 Deep Well Heater-Shaker Adapter on Heater-Shaker Module GEN1 on slot C1, 'F9': F9 of Sample Plate on Opentrons 96 Deep Well Heater-Shaker Adapter on Heater-Shaker Module GEN1 on slot C1, 'G9': G9 of Sample Plate on Opentrons 96 Deep Well Heater-Shaker Adapter on Heater-Shaker Module GEN1 on slot C1, 'H9': H9 of Sample Plate on Opentrons 96 Deep Well Heater-Shaker Adapter on Heater-Shaker Module GEN1 on slot C1, 'A10': A10 of Sample Plate on Opentrons 96 Deep Well Heater-Shaker Adapter on Heater-Shaker Module GEN1 on slot C1, 'B10': B10 of Sample Plate on Opentrons 96 Deep Well Heater-Shaker Adapter on Heater-Shaker Module GEN1 on slot C1, 'C10': C10 of Sample Plate on Opentrons 96 Deep Well Heater-Shaker Adapter on Heater-Shaker Module GEN1 on slot C1, 'D10': D10 of Sample Plate on Opentrons 96 Deep Well Heater-Shaker Adapter on Heater-Shaker Module GEN1 on slot C1, 'E10': E10 of Sample Plate on Opentrons 96 Deep Well Heater-Shaker Adapter on Heater-Shaker Module GEN1 on slot C1, 'F10': F10 of Sample Plate on Opentrons 96 Deep Well Heater-Shaker Adapter on Heater-Shaker Module GEN1 on slot C1, 'G10': G10 of Sample Plate on Opentrons 96 Deep Well Heater-Shaker Adapter on Heater-Shaker Module GEN1 on slot C1, 'H10': H10 of Sample Plate on Opentrons 96 Deep Well Heater-Shaker Adapter on Heater-Shaker Module GEN1 on slot C1, 'A11': A11 of Sample Plate on Opentrons 96 Deep Well Heater-Shaker Adapter on Heater-Shaker Module GEN1 on slot C1, 'B11': B11 of Sample Plate on Opentrons 96 Deep Well Heater-Shaker Adapter on Heater-Shaker Module GEN1 on slot C1, 'C11': C11 of Sample Plate on Opentrons 96 Deep Well Heater-Shaker Adapter on Heater-Shaker Module GEN1 on slot C1, 'D11': D11 of Sample Plate on Opentrons 96 Deep Well Heater-Shaker Adapter on Heater-Shaker Module GEN1 on slot C1, 'E11': E11 of Sample Plate on Opentrons 96 Deep Well Heater-Shaker Adapter on Heater-Shaker Module GEN1 on slot C1, 'F11': F11 of Sample Plate on Opentrons 96 Deep Well Heater-Shaker Adapter on Heater-Shaker Module GEN1 on slot C1, 'G11': G11 of Sample Plate on Opentrons 96 Deep Well Heater-Shaker Adapter on Heater-Shaker Module GEN1 on slot C1, 'H11': H11 of Sample Plate on Opentrons 96 Deep Well Heater-Shaker Adapter on Heater-Shaker Module GEN1 on slot C1, 'A12': A12 of Sample Plate on Opentrons 96 Deep Well Heater-Shaker Adapter on Heater-Shaker Module GEN1 on slot C1, 'B12': B12 of Sample Plate on Opentrons 96 Deep Well Heater-Shaker Adapter on Heater-Shaker Module GEN1 on slot C1, 'C12': C12 of Sample Plate on Opentrons 96 Deep Well Heater-Shaker Adapter on Heater-Shaker Module GEN1 on slot C1, 'D12': D12 of Sample Plate on Opentrons 96 Deep Well Heater-Shaker Adapter on Heater-Shaker Module GEN1 on slot C1, 'E12': E12 of Sample Plate on Opentrons 96 Deep Well Heater-Shaker Adapter on Heater-Shaker Module GEN1 on slot C1, 'F12': F12 of Sample Plate on Opentrons 96 Deep Well Heater-Shaker Adapter on Heater-Shaker Module GEN1 on slot C1, 'G12': G12 of Sample Plate on Opentrons 96 Deep Well Heater-Shaker Adapter on Heater-Shaker Module GEN1 on slot C1, 'H12': H12 of Sample Plate on Opentrons 96 Deep Well Heater-Shaker Adapter on Heater-Shaker Module GEN1 on slot C1}
Loading liquid into {'A1': A1 of Sample Plate on Opentrons 96 Deep Well Heater-Shaker Adapter on Heater-Shaker Module GEN1 on slot C1, 'B1': B1 of Sample Plate on Opentrons 96 Deep Well Heater-Shaker Adapter on Heater-Shaker Module GEN1 on slot C1, 'C1': C1 of Sample Plate on Opentrons 96 Deep Well Heater-Shaker Adapter on Heater-Shaker Module GEN1 on slot C1, 'D1': D1 of Sample Plate on Opentrons 96 Deep Well Heater-Shaker Adapter on Heater-Shaker Module GEN1 on slot C1, 'E1': E1 of Sample Plate on Opentrons 96 Deep Well Heater-Shaker Adapter on Heater-Shaker Module GEN1 on slot C1, 'F1': F1 of Sample Plate on Opentrons 96 Deep Well Heater-Shaker Adapter on Heater-Shaker Module GEN1 on slot C1, 'G1': G1 of Sample Plate on Opentrons 96 Deep Well Heater-Shaker Adapter on Heater-Shaker Module GEN1 on slot C1, 'H1': H1 of Sample Plate on Opentrons 96 Deep Well Heater-Shaker Adapter on Heater-Shaker Module GEN1 on slot C1, 'A2': A2 of Sample Plate on Opentrons 96 Deep Well Heater-Shaker Adapter on Heater-Shaker Module GEN1 on slot C1, 'B2': B2 of Sample Plate on Opentrons 96 Deep Well Heater-Shaker Adapter on Heater-Shaker Module GEN1 on slot C1, 'C2': C2 of Sample Plate on Opentrons 96 Deep Well Heater-Shaker Adapter on Heater-Shaker Module GEN1 on slot C1, 'D2': D2 of Sample Plate on Opentrons 96 Deep Well Heater-Shaker Adapter on Heater-Shaker Module GEN1 on slot C1, 'E2': E2 of Sample Plate on Opentrons 96 Deep Well Heater-Shaker Adapter on Heater-Shaker Module GEN1 on slot C1, 'F2': F2 of Sample Plate on Opentrons 96 Deep Well Heater-Shaker Adapter on Heater-Shaker Module GEN1 on slot C1, 'G2': G2 of Sample Plate on Opentrons 96 Deep Well Heater-Shaker Adapter on Heater-Shaker Module GEN1 on slot C1, 'H2': H2 of Sample Plate on Opentrons 96 Deep Well Heater-Shaker Adapter on Heater-Shaker Module GEN1 on slot C1, 'A3': A3 of Sample Plate on Opentrons 96 Deep Well Heater-Shaker Adapter on Heater-Shaker Module GEN1 on slot C1, 'B3': B3 of Sample Plate on Opentrons 96 Deep Well Heater-Shaker Adapter on Heater-Shaker Module GEN1 on slot C1, 'C3': C3 of Sample Plate on Opentrons 96 Deep Well Heater-Shaker Adapter on Heater-Shaker Module GEN1 on slot C1, 'D3': D3 of Sample Plate on Opentrons 96 Deep Well Heater-Shaker Adapter on Heater-Shaker Module GEN1 on slot C1, 'E3': E3 of Sample Plate on Opentrons 96 Deep Well Heater-Shaker Adapter on Heater-Shaker Module GEN1 on slot C1, 'F3': F3 of Sample Plate on Opentrons 96 Deep Well Heater-Shaker Adapter on Heater-Shaker Module GEN1 on slot C1, 'G3': G3 of Sample Plate on Opentrons 96 Deep Well Heater-Shaker Adapter on Heater-Shaker Module GEN1 on slot C1, 'H3': H3 of Sample Plate on Opentrons 96 Deep Well Heater-Shaker Adapter on Heater-Shaker Module GEN1 on slot C1, 'A4': A4 of Sample Plate on Opentrons 96 Deep Well Heater-Shaker Adapter on Heater-Shaker Module GEN1 on slot C1, 'B4': B4 of Sample Plate on Opentrons 96 Deep Well Heater-Shaker Adapter on Heater-Shaker Module GEN1 on slot C1, 'C4': C4 of Sample Plate on Opentrons 96 Deep Well Heater-Shaker Adapter on Heater-Shaker Module GEN1 on slot C1, 'D4': D4 of Sample Plate on Opentrons 96 Deep Well Heater-Shaker Adapter on Heater-Shaker Module GEN1 on slot C1, 'E4': E4 of Sample Plate on Opentrons 96 Deep Well Heater-Shaker Adapter on Heater-Shaker Module GEN1 on slot C1, 'F4': F4 of Sample Plate on Opentrons 96 Deep Well Heater-Shaker Adapter on Heater-Shaker Module GEN1 on slot C1, 'G4': G4 of Sample Plate on Opentrons 96 Deep Well Heater-Shaker Adapter on Heater-Shaker Module GEN1 on slot C1, 'H4': H4 of Sample Plate on Opentrons 96 Deep Well Heater-Shaker Adapter on Heater-Shaker Module GEN1 on slot C1, 'A5': A5 of Sample Plate on Opentrons 96 Deep Well Heater-Shaker Adapter on Heater-Shaker Module GEN1 on slot C1, 'B5': B5 of Sample Plate on Opentrons 96 Deep Well Heater-Shaker Adapter on Heater-Shaker Module GEN1 on slot C1, 'C5': C5 of Sample Plate on Opentrons 96 Deep Well Heater-Shaker Adapter on Heater-Shaker Module GEN1 on slot C1, 'D5': D5 of Sample Plate on Opentrons 96 Deep Well Heater-Shaker Adapter on Heater-Shaker Module GEN1 on slot C1, 'E5': E5 of Sample Plate on Opentrons 96 Deep Well Heater-Shaker Adapter on Heater-Shaker Module GEN1 on slot C1, 'F5': F5 of Sample Plate on Opentrons 96 Deep Well Heater-Shaker Adapter on Heater-Shaker Module GEN1 on slot C1, 'G5': G5 of Sample Plate on Opentrons 96 Deep Well Heater-Shaker Adapter on Heater-Shaker Module GEN1 on slot C1, 'H5': H5 of Sample Plate on Opentrons 96 Deep Well Heater-Shaker Adapter on Heater-Shaker Module GEN1 on slot C1, 'A6': A6 of Sample Plate on Opentrons 96 Deep Well Heater-Shaker Adapter on Heater-Shaker Module GEN1 on slot C1, 'B6': B6 of Sample Plate on Opentrons 96 Deep Well Heater-Shaker Adapter on Heater-Shaker Module GEN1 on slot C1, 'C6': C6 of Sample Plate on Opentrons 96 Deep Well Heater-Shaker Adapter on Heater-Shaker Module GEN1 on slot C1, 'D6': D6 of Sample Plate on Opentrons 96 Deep Well Heater-Shaker Adapter on Heater-Shaker Module GEN1 on slot C1, 'E6': E6 of Sample Plate on Opentrons 96 Deep Well Heater-Shaker Adapter on Heater-Shaker Module GEN1 on slot C1, 'F6': F6 of Sample Plate on Opentrons 96 Deep Well Heater-Shaker Adapter on Heater-Shaker Module GEN1 on slot C1, 'G6': G6 of Sample Plate on Opentrons 96 Deep Well Heater-Shaker Adapter on Heater-Shaker Module GEN1 on slot C1, 'H6': H6 of Sample Plate on Opentrons 96 Deep Well Heater-Shaker Adapter on Heater-Shaker Module GEN1 on slot C1, 'A7': A7 of Sample Plate on Opentrons 96 Deep Well Heater-Shaker Adapter on Heater-Shaker Module GEN1 on slot C1, 'B7': B7 of Sample Plate on Opentrons 96 Deep Well Heater-Shaker Adapter on Heater-Shaker Module GEN1 on slot C1, 'C7': C7 of Sample Plate on Opentrons 96 Deep Well Heater-Shaker Adapter on Heater-Shaker Module GEN1 on slot C1, 'D7': D7 of Sample Plate on Opentrons 96 Deep Well Heater-Shaker Adapter on Heater-Shaker Module GEN1 on slot C1, 'E7': E7 of Sample Plate on Opentrons 96 Deep Well Heater-Shaker Adapter on Heater-Shaker Module GEN1 on slot C1, 'F7': F7 of Sample Plate on Opentrons 96 Deep Well Heater-Shaker Adapter on Heater-Shaker Module GEN1 on slot C1, 'G7': G7 of Sample Plate on Opentrons 96 Deep Well Heater-Shaker Adapter on Heater-Shaker Module GEN1 on slot C1, 'H7': H7 of Sample Plate on Opentrons 96 Deep Well Heater-Shaker Adapter on Heater-Shaker Module GEN1 on slot C1, 'A8': A8 of Sample Plate on Opentrons 96 Deep Well Heater-Shaker Adapter on Heater-Shaker Module GEN1 on slot C1, 'B8': B8 of Sample Plate on Opentrons 96 Deep Well Heater-Shaker Adapter on Heater-Shaker Module GEN1 on slot C1, 'C8': C8 of Sample Plate on Opentrons 96 Deep Well Heater-Shaker Adapter on Heater-Shaker Module GEN1 on slot C1, 'D8': D8 of Sample Plate on Opentrons 96 Deep Well Heater-Shaker Adapter on Heater-Shaker Module GEN1 on slot C1, 'E8': E8 of Sample Plate on Opentrons 96 Deep Well Heater-Shaker Adapter on Heater-Shaker Module GEN1 on slot C1, 'F8': F8 of Sample Plate on Opentrons 96 Deep Well Heater-Shaker Adapter on Heater-Shaker Module GEN1 on slot C1, 'G8': G8 of Sample Plate on Opentrons 96 Deep Well Heater-Shaker Adapter on Heater-Shaker Module GEN1 on slot C1, 'H8': H8 of Sample Plate on Opentrons 96 Deep Well Heater-Shaker Adapter on Heater-Shaker Module GEN1 on slot C1, 'A9': A9 of Sample Plate on Opentrons 96 Deep Well Heater-Shaker Adapter on Heater-Shaker Module GEN1 on slot C1, 'B9': B9 of Sample Plate on Opentrons 96 Deep Well Heater-Shaker Adapter on Heater-Shaker Module GEN1 on slot C1, 'C9': C9 of Sample Plate on Opentrons 96 Deep Well Heater-Shaker Adapter on Heater-Shaker Module GEN1 on slot C1, 'D9': D9 of Sample Plate on Opentrons 96 Deep Well Heater-Shaker Adapter on Heater-Shaker Module GEN1 on slot C1, 'E9': E9 of Sample Plate on Opentrons 96 Deep Well Heater-Shaker Adapter on Heater-Shaker Module GEN1 on slot C1, 'F9': F9 of Sample Plate on Opentrons 96 Deep Well Heater-Shaker Adapter on Heater-Shaker Module GEN1 on slot C1, 'G9': G9 of Sample Plate on Opentrons 96 Deep Well Heater-Shaker Adapter on Heater-Shaker Module GEN1 on slot C1, 'H9': H9 of Sample Plate on Opentrons 96 Deep Well Heater-Shaker Adapter on Heater-Shaker Module GEN1 on slot C1, 'A10': A10 of Sample Plate on Opentrons 96 Deep Well Heater-Shaker Adapter on Heater-Shaker Module GEN1 on slot C1, 'B10': B10 of Sample Plate on Opentrons 96 Deep Well Heater-Shaker Adapter on Heater-Shaker Module GEN1 on slot C1, 'C10': C10 of Sample Plate on Opentrons 96 Deep Well Heater-Shaker Adapter on Heater-Shaker Module GEN1 on slot C1, 'D10': D10 of Sample Plate on Opentrons 96 Deep Well Heater-Shaker Adapter on Heater-Shaker Module GEN1 on slot C1, 'E10': E10 of Sample Plate on Opentrons 96 Deep Well Heater-Shaker Adapter on Heater-Shaker Module GEN1 on slot C1, 'F10': F10 of Sample Plate on Opentrons 96 Deep Well Heater-Shaker Adapter on Heater-Shaker Module GEN1 on slot C1, 'G10': G10 of Sample Plate on Opentrons 96 Deep Well Heater-Shaker Adapter on Heater-Shaker Module GEN1 on slot C1, 'H10': H10 of Sample Plate on Opentrons 96 Deep Well Heater-Shaker Adapter on Heater-Shaker Module GEN1 on slot C1, 'A11': A11 of Sample Plate on Opentrons 96 Deep Well Heater-Shaker Adapter on Heater-Shaker Module GEN1 on slot C1, 'B11': B11 of Sample Plate on Opentrons 96 Deep Well Heater-Shaker Adapter on Heater-Shaker Module GEN1 on slot C1, 'C11': C11 of Sample Plate on Opentrons 96 Deep Well Heater-Shaker Adapter on Heater-Shaker Module GEN1 on slot C1, 'D11': D11 of Sample Plate on Opentrons 96 Deep Well Heater-Shaker Adapter on Heater-Shaker Module GEN1 on slot C1, 'E11': E11 of Sample Plate on Opentrons 96 Deep Well Heater-Shaker Adapter on Heater-Shaker Module GEN1 on slot C1, 'F11': F11 of Sample Plate on Opentrons 96 Deep Well Heater-Shaker Adapter on Heater-Shaker Module GEN1 on slot C1, 'G11': G11 of Sample Plate on Opentrons 96 Deep Well Heater-Shaker Adapter on Heater-Shaker Module GEN1 on slot C1, 'H11': H11 of Sample Plate on Opentrons 96 Deep Well Heater-Shaker Adapter on Heater-Shaker Module GEN1 on slot C1, 'A12': A12 of Sample Plate on Opentrons 96 Deep Well Heater-Shaker Adapter on Heater-Shaker Module GEN1 on slot C1, 'B12': B12 of Sample Plate on Opentrons 96 Deep Well Heater-Shaker Adapter on Heater-Shaker Module GEN1 on slot C1, 'C12': C12 of Sample Plate on Opentrons 96 Deep Well Heater-Shaker Adapter on Heater-Shaker Module GEN1 on slot C1, 'D12': D12 of Sample Plate on Opentrons 96 Deep Well Heater-Shaker Adapter on Heater-Shaker Module GEN1 on slot C1, 'E12': E12 of Sample Plate on Opentrons 96 Deep Well Heater-Shaker Adapter on Heater-Shaker Module GEN1 on slot C1, 'F12': F12 of Sample Plate on Opentrons 96 Deep Well Heater-Shaker Adapter on Heater-Shaker Module GEN1 on slot C1, 'G12': G12 of Sample Plate on Opentrons 96 Deep Well Heater-Shaker Adapter on Heater-Shaker Module GEN1 on slot C1, 'H12': H12 of Sample Plate on Opentrons 96 Deep Well Heater-Shaker Adapter on Heater-Shaker Module GEN1 on slot C1}
Loading liquid into {'A1': A1 of Sample Plate on Opentrons 96 Deep Well Heater-Shaker Adapter on Heater-Shaker Module GEN1 on slot C1, 'B1': B1 of Sample Plate on Opentrons 96 Deep Well Heater-Shaker Adapter on Heater-Shaker Module GEN1 on slot C1, 'C1': C1 of Sample Plate on Opentrons 96 Deep Well Heater-Shaker Adapter on Heater-Shaker Module GEN1 on slot C1, 'D1': D1 of Sample Plate on Opentrons 96 Deep Well Heater-Shaker Adapter on Heater-Shaker Module GEN1 on slot C1, 'E1': E1 of Sample Plate on Opentrons 96 Deep Well Heater-Shaker Adapter on Heater-Shaker Module GEN1 on slot C1, 'F1': F1 of Sample Plate on Opentrons 96 Deep Well Heater-Shaker Adapter on Heater-Shaker Module GEN1 on slot C1, 'G1': G1 of Sample Plate on Opentrons 96 Deep Well Heater-Shaker Adapter on Heater-Shaker Module GEN1 on slot C1, 'H1': H1 of Sample Plate on Opentrons 96 Deep Well Heater-Shaker Adapter on Heater-Shaker Module GEN1 on slot C1, 'A2': A2 of Sample Plate on Opentrons 96 Deep Well Heater-Shaker Adapter on Heater-Shaker Module GEN1 on slot C1, 'B2': B2 of Sample Plate on Opentrons 96 Deep Well Heater-Shaker Adapter on Heater-Shaker Module GEN1 on slot C1, 'C2': C2 of Sample Plate on Opentrons 96 Deep Well Heater-Shaker Adapter on Heater-Shaker Module GEN1 on slot C1, 'D2': D2 of Sample Plate on Opentrons 96 Deep Well Heater-Shaker Adapter on Heater-Shaker Module GEN1 on slot C1, 'E2': E2 of Sample Plate on Opentrons 96 Deep Well Heater-Shaker Adapter on Heater-Shaker Module GEN1 on slot C1, 'F2': F2 of Sample Plate on Opentrons 96 Deep Well Heater-Shaker Adapter on Heater-Shaker Module GEN1 on slot C1, 'G2': G2 of Sample Plate on Opentrons 96 Deep Well Heater-Shaker Adapter on Heater-Shaker Module GEN1 on slot C1, 'H2': H2 of Sample Plate on Opentrons 96 Deep Well Heater-Shaker Adapter on Heater-Shaker Module GEN1 on slot C1, 'A3': A3 of Sample Plate on Opentrons 96 Deep Well Heater-Shaker Adapter on Heater-Shaker Module GEN1 on slot C1, 'B3': B3 of Sample Plate on Opentrons 96 Deep Well Heater-Shaker Adapter on Heater-Shaker Module GEN1 on slot C1, 'C3': C3 of Sample Plate on Opentrons 96 Deep Well Heater-Shaker Adapter on Heater-Shaker Module GEN1 on slot C1, 'D3': D3 of Sample Plate on Opentrons 96 Deep Well Heater-Shaker Adapter on Heater-Shaker Module GEN1 on slot C1, 'E3': E3 of Sample Plate on Opentrons 96 Deep Well Heater-Shaker Adapter on Heater-Shaker Module GEN1 on slot C1, 'F3': F3 of Sample Plate on Opentrons 96 Deep Well Heater-Shaker Adapter on Heater-Shaker Module GEN1 on slot C1, 'G3': G3 of Sample Plate on Opentrons 96 Deep Well Heater-Shaker Adapter on Heater-Shaker Module GEN1 on slot C1, 'H3': H3 of Sample Plate on Opentrons 96 Deep Well Heater-Shaker Adapter on Heater-Shaker Module GEN1 on slot C1, 'A4': A4 of Sample Plate on Opentrons 96 Deep Well Heater-Shaker Adapter on Heater-Shaker Module GEN1 on slot C1, 'B4': B4 of Sample Plate on Opentrons 96 Deep Well Heater-Shaker Adapter on Heater-Shaker Module GEN1 on slot C1, 'C4': C4 of Sample Plate on Opentrons 96 Deep Well Heater-Shaker Adapter on Heater-Shaker Module GEN1 on slot C1, 'D4': D4 of Sample Plate on Opentrons 96 Deep Well Heater-Shaker Adapter on Heater-Shaker Module GEN1 on slot C1, 'E4': E4 of Sample Plate on Opentrons 96 Deep Well Heater-Shaker Adapter on Heater-Shaker Module GEN1 on slot C1, 'F4': F4 of Sample Plate on Opentrons 96 Deep Well Heater-Shaker Adapter on Heater-Shaker Module GEN1 on slot C1, 'G4': G4 of Sample Plate on Opentrons 96 Deep Well Heater-Shaker Adapter on Heater-Shaker Module GEN1 on slot C1, 'H4': H4 of Sample Plate on Opentrons 96 Deep Well Heater-Shaker Adapter on Heater-Shaker Module GEN1 on slot C1, 'A5': A5 of Sample Plate on Opentrons 96 Deep Well Heater-Shaker Adapter on Heater-Shaker Module GEN1 on slot C1, 'B5': B5 of Sample Plate on Opentrons 96 Deep Well Heater-Shaker Adapter on Heater-Shaker Module GEN1 on slot C1, 'C5': C5 of Sample Plate on Opentrons 96 Deep Well Heater-Shaker Adapter on Heater-Shaker Module GEN1 on slot C1, 'D5': D5 of Sample Plate on Opentrons 96 Deep Well Heater-Shaker Adapter on Heater-Shaker Module GEN1 on slot C1, 'E5': E5 of Sample Plate on Opentrons 96 Deep Well Heater-Shaker Adapter on Heater-Shaker Module GEN1 on slot C1, 'F5': F5 of Sample Plate on Opentrons 96 Deep Well Heater-Shaker Adapter on Heater-Shaker Module GEN1 on slot C1, 'G5': G5 of Sample Plate on Opentrons 96 Deep Well Heater-Shaker Adapter on Heater-Shaker Module GEN1 on slot C1, 'H5': H5 of Sample Plate on Opentrons 96 Deep Well Heater-Shaker Adapter on Heater-Shaker Module GEN1 on slot C1, 'A6': A6 of Sample Plate on Opentrons 96 Deep Well Heater-Shaker Adapter on Heater-Shaker Module GEN1 on slot C1, 'B6': B6 of Sample Plate on Opentrons 96 Deep Well Heater-Shaker Adapter on Heater-Shaker Module GEN1 on slot C1, 'C6': C6 of Sample Plate on Opentrons 96 Deep Well Heater-Shaker Adapter on Heater-Shaker Module GEN1 on slot C1, 'D6': D6 of Sample Plate on Opentrons 96 Deep Well Heater-Shaker Adapter on Heater-Shaker Module GEN1 on slot C1, 'E6': E6 of Sample Plate on Opentrons 96 Deep Well Heater-Shaker Adapter on Heater-Shaker Module GEN1 on slot C1, 'F6': F6 of Sample Plate on Opentrons 96 Deep Well Heater-Shaker Adapter on Heater-Shaker Module GEN1 on slot C1, 'G6': G6 of Sample Plate on Opentrons 96 Deep Well Heater-Shaker Adapter on Heater-Shaker Module GEN1 on slot C1, 'H6': H6 of Sample Plate on Opentrons 96 Deep Well Heater-Shaker Adapter on Heater-Shaker Module GEN1 on slot C1, 'A7': A7 of Sample Plate on Opentrons 96 Deep Well Heater-Shaker Adapter on Heater-Shaker Module GEN1 on slot C1, 'B7': B7 of Sample Plate on Opentrons 96 Deep Well Heater-Shaker Adapter on Heater-Shaker Module GEN1 on slot C1, 'C7': C7 of Sample Plate on Opentrons 96 Deep Well Heater-Shaker Adapter on Heater-Shaker Module GEN1 on slot C1, 'D7': D7 of Sample Plate on Opentrons 96 Deep Well Heater-Shaker Adapter on Heater-Shaker Module GEN1 on slot C1, 'E7': E7 of Sample Plate on Opentrons 96 Deep Well Heater-Shaker Adapter on Heater-Shaker Module GEN1 on slot C1, 'F7': F7 of Sample Plate on Opentrons 96 Deep Well Heater-Shaker Adapter on Heater-Shaker Module GEN1 on slot C1, 'G7': G7 of Sample Plate on Opentrons 96 Deep Well Heater-Shaker Adapter on Heater-Shaker Module GEN1 on slot C1, 'H7': H7 of Sample Plate on Opentrons 96 Deep Well Heater-Shaker Adapter on Heater-Shaker Module GEN1 on slot C1, 'A8': A8 of Sample Plate on Opentrons 96 Deep Well Heater-Shaker Adapter on Heater-Shaker Module GEN1 on slot C1, 'B8': B8 of Sample Plate on Opentrons 96 Deep Well Heater-Shaker Adapter on Heater-Shaker Module GEN1 on slot C1, 'C8': C8 of Sample Plate on Opentrons 96 Deep Well Heater-Shaker Adapter on Heater-Shaker Module GEN1 on slot C1, 'D8': D8 of Sample Plate on Opentrons 96 Deep Well Heater-Shaker Adapter on Heater-Shaker Module GEN1 on slot C1, 'E8': E8 of Sample Plate on Opentrons 96 Deep Well Heater-Shaker Adapter on Heater-Shaker Module GEN1 on slot C1, 'F8': F8 of Sample Plate on Opentrons 96 Deep Well Heater-Shaker Adapter on Heater-Shaker Module GEN1 on slot C1, 'G8': G8 of Sample Plate on Opentrons 96 Deep Well Heater-Shaker Adapter on Heater-Shaker Module GEN1 on slot C1, 'H8': H8 of Sample Plate on Opentrons 96 Deep Well Heater-Shaker Adapter on Heater-Shaker Module GEN1 on slot C1, 'A9': A9 of Sample Plate on Opentrons 96 Deep Well Heater-Shaker Adapter on Heater-Shaker Module GEN1 on slot C1, 'B9': B9 of Sample Plate on Opentrons 96 Deep Well Heater-Shaker Adapter on Heater-Shaker Module GEN1 on slot C1, 'C9': C9 of Sample Plate on Opentrons 96 Deep Well Heater-Shaker Adapter on Heater-Shaker Module GEN1 on slot C1, 'D9': D9 of Sample Plate on Opentrons 96 Deep Well Heater-Shaker Adapter on Heater-Shaker Module GEN1 on slot C1, 'E9': E9 of Sample Plate on Opentrons 96 Deep Well Heater-Shaker Adapter on Heater-Shaker Module GEN1 on slot C1, 'F9': F9 of Sample Plate on Opentrons 96 Deep Well Heater-Shaker Adapter on Heater-Shaker Module GEN1 on slot C1, 'G9': G9 of Sample Plate on Opentrons 96 Deep Well Heater-Shaker Adapter on Heater-Shaker Module GEN1 on slot C1, 'H9': H9 of Sample Plate on Opentrons 96 Deep Well Heater-Shaker Adapter on Heater-Shaker Module GEN1 on slot C1, 'A10': A10 of Sample Plate on Opentrons 96 Deep Well Heater-Shaker Adapter on Heater-Shaker Module GEN1 on slot C1, 'B10': B10 of Sample Plate on Opentrons 96 Deep Well Heater-Shaker Adapter on Heater-Shaker Module GEN1 on slot C1, 'C10': C10 of Sample Plate on Opentrons 96 Deep Well Heater-Shaker Adapter on Heater-Shaker Module GEN1 on slot C1, 'D10': D10 of Sample Plate on Opentrons 96 Deep Well Heater-Shaker Adapter on Heater-Shaker Module GEN1 on slot C1, 'E10': E10 of Sample Plate on Opentrons 96 Deep Well Heater-Shaker Adapter on Heater-Shaker Module GEN1 on slot C1, 'F10': F10 of Sample Plate on Opentrons 96 Deep Well Heater-Shaker Adapter on Heater-Shaker Module GEN1 on slot C1, 'G10': G10 of Sample Plate on Opentrons 96 Deep Well Heater-Shaker Adapter on Heater-Shaker Module GEN1 on slot C1, 'H10': H10 of Sample Plate on Opentrons 96 Deep Well Heater-Shaker Adapter on Heater-Shaker Module GEN1 on slot C1, 'A11': A11 of Sample Plate on Opentrons 96 Deep Well Heater-Shaker Adapter on Heater-Shaker Module GEN1 on slot C1, 'B11': B11 of Sample Plate on Opentrons 96 Deep Well Heater-Shaker Adapter on Heater-Shaker Module GEN1 on slot C1, 'C11': C11 of Sample Plate on Opentrons 96 Deep Well Heater-Shaker Adapter on Heater-Shaker Module GEN1 on slot C1, 'D11': D11 of Sample Plate on Opentrons 96 Deep Well Heater-Shaker Adapter on Heater-Shaker Module GEN1 on slot C1, 'E11': E11 of Sample Plate on Opentrons 96 Deep Well Heater-Shaker Adapter on Heater-Shaker Module GEN1 on slot C1, 'F11': F11 of Sample Plate on Opentrons 96 Deep Well Heater-Shaker Adapter on Heater-Shaker Module GEN1 on slot C1, 'G11': G11 of Sample Plate on Opentrons 96 Deep Well Heater-Shaker Adapter on Heater-Shaker Module GEN1 on slot C1, 'H11': H11 of Sample Plate on Opentrons 96 Deep Well Heater-Shaker Adapter on Heater-Shaker Module GEN1 on slot C1, 'A12': A12 of Sample Plate on Opentrons 96 Deep Well Heater-Shaker Adapter on Heater-Shaker Module GEN1 on slot C1, 'B12': B12 of Sample Plate on Opentrons 96 Deep Well Heater-Shaker Adapter on Heater-Shaker Module GEN1 on slot C1, 'C12': C12 of Sample Plate on Opentrons 96 Deep Well Heater-Shaker Adapter on Heater-Shaker Module GEN1 on slot C1, 'D12': D12 of Sample Plate on Opentrons 96 Deep Well Heater-Shaker Adapter on Heater-Shaker Module GEN1 on slot C1, 'E12': E12 of Sample Plate on Opentrons 96 Deep Well Heater-Shaker Adapter on Heater-Shaker Module GEN1 on slot C1, 'F12': F12 of Sample Plate on Opentrons 96 Deep Well Heater-Shaker Adapter on Heater-Shaker Module GEN1 on slot C1, 'G12': G12 of Sample Plate on Opentrons 96 Deep Well Heater-Shaker Adapter on Heater-Shaker Module GEN1 on slot C1, 'H12': H12 of Sample Plate on Opentrons 96 Deep Well Heater-Shaker Adapter on Heater-Shaker Module GEN1 on slot C1}
Loading liquid into {'A1': A1 of Sample Plate on Opentrons 96 Deep Well Heater-Shaker Adapter on Heater-Shaker Module GEN1 on slot C1, 'B1': B1 of Sample Plate on Opentrons 96 Deep Well Heater-Shaker Adapter on Heater-Shaker Module GEN1 on slot C1, 'C1': C1 of Sample Plate on Opentrons 96 Deep Well Heater-Shaker Adapter on Heater-Shaker Module GEN1 on slot C1, 'D1': D1 of Sample Plate on Opentrons 96 Deep Well Heater-Shaker Adapter on Heater-Shaker Module GEN1 on slot C1, 'E1': E1 of Sample Plate on Opentrons 96 Deep Well Heater-Shaker Adapter on Heater-Shaker Module GEN1 on slot C1, 'F1': F1 of Sample Plate on Opentrons 96 Deep Well Heater-Shaker Adapter on Heater-Shaker Module GEN1 on slot C1, 'G1': G1 of Sample Plate on Opentrons 96 Deep Well Heater-Shaker Adapter on Heater-Shaker Module GEN1 on slot C1, 'H1': H1 of Sample Plate on Opentrons 96 Deep Well Heater-Shaker Adapter on Heater-Shaker Module GEN1 on slot C1, 'A2': A2 of Sample Plate on Opentrons 96 Deep Well Heater-Shaker Adapter on Heater-Shaker Module GEN1 on slot C1, 'B2': B2 of Sample Plate on Opentrons 96 Deep Well Heater-Shaker Adapter on Heater-Shaker Module GEN1 on slot C1, 'C2': C2 of Sample Plate on Opentrons 96 Deep Well Heater-Shaker Adapter on Heater-Shaker Module GEN1 on slot C1, 'D2': D2 of Sample Plate on Opentrons 96 Deep Well Heater-Shaker Adapter on Heater-Shaker Module GEN1 on slot C1, 'E2': E2 of Sample Plate on Opentrons 96 Deep Well Heater-Shaker Adapter on Heater-Shaker Module GEN1 on slot C1, 'F2': F2 of Sample Plate on Opentrons 96 Deep Well Heater-Shaker Adapter on Heater-Shaker Module GEN1 on slot C1, 'G2': G2 of Sample Plate on Opentrons 96 Deep Well Heater-Shaker Adapter on Heater-Shaker Module GEN1 on slot C1, 'H2': H2 of Sample Plate on Opentrons 96 Deep Well Heater-Shaker Adapter on Heater-Shaker Module GEN1 on slot C1, 'A3': A3 of Sample Plate on Opentrons 96 Deep Well Heater-Shaker Adapter on Heater-Shaker Module GEN1 on slot C1, 'B3': B3 of Sample Plate on Opentrons 96 Deep Well Heater-Shaker Adapter on Heater-Shaker Module GEN1 on slot C1, 'C3': C3 of Sample Plate on Opentrons 96 Deep Well Heater-Shaker Adapter on Heater-Shaker Module GEN1 on slot C1, 'D3': D3 of Sample Plate on Opentrons 96 Deep Well Heater-Shaker Adapter on Heater-Shaker Module GEN1 on slot C1, 'E3': E3 of Sample Plate on Opentrons 96 Deep Well Heater-Shaker Adapter on Heater-Shaker Module GEN1 on slot C1, 'F3': F3 of Sample Plate on Opentrons 96 Deep Well Heater-Shaker Adapter on Heater-Shaker Module GEN1 on slot C1, 'G3': G3 of Sample Plate on Opentrons 96 Deep Well Heater-Shaker Adapter on Heater-Shaker Module GEN1 on slot C1, 'H3': H3 of Sample Plate on Opentrons 96 Deep Well Heater-Shaker Adapter on Heater-Shaker Module GEN1 on slot C1, 'A4': A4 of Sample Plate on Opentrons 96 Deep Well Heater-Shaker Adapter on Heater-Shaker Module GEN1 on slot C1, 'B4': B4 of Sample Plate on Opentrons 96 Deep Well Heater-Shaker Adapter on Heater-Shaker Module GEN1 on slot C1, 'C4': C4 of Sample Plate on Opentrons 96 Deep Well Heater-Shaker Adapter on Heater-Shaker Module GEN1 on slot C1, 'D4': D4 of Sample Plate on Opentrons 96 Deep Well Heater-Shaker Adapter on Heater-Shaker Module GEN1 on slot C1, 'E4': E4 of Sample Plate on Opentrons 96 Deep Well Heater-Shaker Adapter on Heater-Shaker Module GEN1 on slot C1, 'F4': F4 of Sample Plate on Opentrons 96 Deep Well Heater-Shaker Adapter on Heater-Shaker Module GEN1 on slot C1, 'G4': G4 of Sample Plate on Opentrons 96 Deep Well Heater-Shaker Adapter on Heater-Shaker Module GEN1 on slot C1, 'H4': H4 of Sample Plate on Opentrons 96 Deep Well Heater-Shaker Adapter on Heater-Shaker Module GEN1 on slot C1, 'A5': A5 of Sample Plate on Opentrons 96 Deep Well Heater-Shaker Adapter on Heater-Shaker Module GEN1 on slot C1, 'B5': B5 of Sample Plate on Opentrons 96 Deep Well Heater-Shaker Adapter on Heater-Shaker Module GEN1 on slot C1, 'C5': C5 of Sample Plate on Opentrons 96 Deep Well Heater-Shaker Adapter on Heater-Shaker Module GEN1 on slot C1, 'D5': D5 of Sample Plate on Opentrons 96 Deep Well Heater-Shaker Adapter on Heater-Shaker Module GEN1 on slot C1, 'E5': E5 of Sample Plate on Opentrons 96 Deep Well Heater-Shaker Adapter on Heater-Shaker Module GEN1 on slot C1, 'F5': F5 of Sample Plate on Opentrons 96 Deep Well Heater-Shaker Adapter on Heater-Shaker Module GEN1 on slot C1, 'G5': G5 of Sample Plate on Opentrons 96 Deep Well Heater-Shaker Adapter on Heater-Shaker Module GEN1 on slot C1, 'H5': H5 of Sample Plate on Opentrons 96 Deep Well Heater-Shaker Adapter on Heater-Shaker Module GEN1 on slot C1, 'A6': A6 of Sample Plate on Opentrons 96 Deep Well Heater-Shaker Adapter on Heater-Shaker Module GEN1 on slot C1, 'B6': B6 of Sample Plate on Opentrons 96 Deep Well Heater-Shaker Adapter on Heater-Shaker Module GEN1 on slot C1, 'C6': C6 of Sample Plate on Opentrons 96 Deep Well Heater-Shaker Adapter on Heater-Shaker Module GEN1 on slot C1, 'D6': D6 of Sample Plate on Opentrons 96 Deep Well Heater-Shaker Adapter on Heater-Shaker Module GEN1 on slot C1, 'E6': E6 of Sample Plate on Opentrons 96 Deep Well Heater-Shaker Adapter on Heater-Shaker Module GEN1 on slot C1, 'F6': F6 of Sample Plate on Opentrons 96 Deep Well Heater-Shaker Adapter on Heater-Shaker Module GEN1 on slot C1, 'G6': G6 of Sample Plate on Opentrons 96 Deep Well Heater-Shaker Adapter on Heater-Shaker Module GEN1 on slot C1, 'H6': H6 of Sample Plate on Opentrons 96 Deep Well Heater-Shaker Adapter on Heater-Shaker Module GEN1 on slot C1, 'A7': A7 of Sample Plate on Opentrons 96 Deep Well Heater-Shaker Adapter on Heater-Shaker Module GEN1 on slot C1, 'B7': B7 of Sample Plate on Opentrons 96 Deep Well Heater-Shaker Adapter on Heater-Shaker Module GEN1 on slot C1, 'C7': C7 of Sample Plate on Opentrons 96 Deep Well Heater-Shaker Adapter on Heater-Shaker Module GEN1 on slot C1, 'D7': D7 of Sample Plate on Opentrons 96 Deep Well Heater-Shaker Adapter on Heater-Shaker Module GEN1 on slot C1, 'E7': E7 of Sample Plate on Opentrons 96 Deep Well Heater-Shaker Adapter on Heater-Shaker Module GEN1 on slot C1, 'F7': F7 of Sample Plate on Opentrons 96 Deep Well Heater-Shaker Adapter on Heater-Shaker Module GEN1 on slot C1, 'G7': G7 of Sample Plate on Opentrons 96 Deep Well Heater-Shaker Adapter on Heater-Shaker Module GEN1 on slot C1, 'H7': H7 of Sample Plate on Opentrons 96 Deep Well Heater-Shaker Adapter on Heater-Shaker Module GEN1 on slot C1, 'A8': A8 of Sample Plate on Opentrons 96 Deep Well Heater-Shaker Adapter on Heater-Shaker Module GEN1 on slot C1, 'B8': B8 of Sample Plate on Opentrons 96 Deep Well Heater-Shaker Adapter on Heater-Shaker Module GEN1 on slot C1, 'C8': C8 of Sample Plate on Opentrons 96 Deep Well Heater-Shaker Adapter on Heater-Shaker Module GEN1 on slot C1, 'D8': D8 of Sample Plate on Opentrons 96 Deep Well Heater-Shaker Adapter on Heater-Shaker Module GEN1 on slot C1, 'E8': E8 of Sample Plate on Opentrons 96 Deep Well Heater-Shaker Adapter on Heater-Shaker Module GEN1 on slot C1, 'F8': F8 of Sample Plate on Opentrons 96 Deep Well Heater-Shaker Adapter on Heater-Shaker Module GEN1 on slot C1, 'G8': G8 of Sample Plate on Opentrons 96 Deep Well Heater-Shaker Adapter on Heater-Shaker Module GEN1 on slot C1, 'H8': H8 of Sample Plate on Opentrons 96 Deep Well Heater-Shaker Adapter on Heater-Shaker Module GEN1 on slot C1, 'A9': A9 of Sample Plate on Opentrons 96 Deep Well Heater-Shaker Adapter on Heater-Shaker Module GEN1 on slot C1, 'B9': B9 of Sample Plate on Opentrons 96 Deep Well Heater-Shaker Adapter on Heater-Shaker Module GEN1 on slot C1, 'C9': C9 of Sample Plate on Opentrons 96 Deep Well Heater-Shaker Adapter on Heater-Shaker Module GEN1 on slot C1, 'D9': D9 of Sample Plate on Opentrons 96 Deep Well Heater-Shaker Adapter on Heater-Shaker Module GEN1 on slot C1, 'E9': E9 of Sample Plate on Opentrons 96 Deep Well Heater-Shaker Adapter on Heater-Shaker Module GEN1 on slot C1, 'F9': F9 of Sample Plate on Opentrons 96 Deep Well Heater-Shaker Adapter on Heater-Shaker Module GEN1 on slot C1, 'G9': G9 of Sample Plate on Opentrons 96 Deep Well Heater-Shaker Adapter on Heater-Shaker Module GEN1 on slot C1, 'H9': H9 of Sample Plate on Opentrons 96 Deep Well Heater-Shaker Adapter on Heater-Shaker Module GEN1 on slot C1, 'A10': A10 of Sample Plate on Opentrons 96 Deep Well Heater-Shaker Adapter on Heater-Shaker Module GEN1 on slot C1, 'B10': B10 of Sample Plate on Opentrons 96 Deep Well Heater-Shaker Adapter on Heater-Shaker Module GEN1 on slot C1, 'C10': C10 of Sample Plate on Opentrons 96 Deep Well Heater-Shaker Adapter on Heater-Shaker Module GEN1 on slot C1, 'D10': D10 of Sample Plate on Opentrons 96 Deep Well Heater-Shaker Adapter on Heater-Shaker Module GEN1 on slot C1, 'E10': E10 of Sample Plate on Opentrons 96 Deep Well Heater-Shaker Adapter on Heater-Shaker Module GEN1 on slot C1, 'F10': F10 of Sample Plate on Opentrons 96 Deep Well Heater-Shaker Adapter on Heater-Shaker Module GEN1 on slot C1, 'G10': G10 of Sample Plate on Opentrons 96 Deep Well Heater-Shaker Adapter on Heater-Shaker Module GEN1 on slot C1, 'H10': H10 of Sample Plate on Opentrons 96 Deep Well Heater-Shaker Adapter on Heater-Shaker Module GEN1 on slot C1, 'A11': A11 of Sample Plate on Opentrons 96 Deep Well Heater-Shaker Adapter on Heater-Shaker Module GEN1 on slot C1, 'B11': B11 of Sample Plate on Opentrons 96 Deep Well Heater-Shaker Adapter on Heater-Shaker Module GEN1 on slot C1, 'C11': C11 of Sample Plate on Opentrons 96 Deep Well Heater-Shaker Adapter on Heater-Shaker Module GEN1 on slot C1, 'D11': D11 of Sample Plate on Opentrons 96 Deep Well Heater-Shaker Adapter on Heater-Shaker Module GEN1 on slot C1, 'E11': E11 of Sample Plate on Opentrons 96 Deep Well Heater-Shaker Adapter on Heater-Shaker Module GEN1 on slot C1, 'F11': F11 of Sample Plate on Opentrons 96 Deep Well Heater-Shaker Adapter on Heater-Shaker Module GEN1 on slot C1, 'G11': G11 of Sample Plate on Opentrons 96 Deep Well Heater-Shaker Adapter on Heater-Shaker Module GEN1 on slot C1, 'H11': H11 of Sample Plate on Opentrons 96 Deep Well Heater-Shaker Adapter on Heater-Shaker Module GEN1 on slot C1, 'A12': A12 of Sample Plate on Opentrons 96 Deep Well Heater-Shaker Adapter on Heater-Shaker Module GEN1 on slot C1, 'B12': B12 of Sample Plate on Opentrons 96 Deep Well Heater-Shaker Adapter on Heater-Shaker Module GEN1 on slot C1, 'C12': C12 of Sample Plate on Opentrons 96 Deep Well Heater-Shaker Adapter on Heater-Shaker Module GEN1 on slot C1, 'D12': D12 of Sample Plate on Opentrons 96 Deep Well Heater-Shaker Adapter on Heater-Shaker Module GEN1 on slot C1, 'E12': E12 of Sample Plate on Opentrons 96 Deep Well Heater-Shaker Adapter on Heater-Shaker Module GEN1 on slot C1, 'F12': F12 of Sample Plate on Opentrons 96 Deep Well Heater-Shaker Adapter on Heater-Shaker Module GEN1 on slot C1, 'G12': G12 of Sample Plate on Opentrons 96 Deep Well Heater-Shaker Adapter on Heater-Shaker Module GEN1 on slot C1, 'H12': H12 of Sample Plate on Opentrons 96 Deep Well Heater-Shaker Adapter on Heater-Shaker Module GEN1 on slot C1}
Loading liquid into {'A1': A1 of Sample Plate on Opentrons 96 Deep Well Heater-Shaker Adapter on Heater-Shaker Module GEN1 on slot C1, 'B1': B1 of Sample Plate on Opentrons 96 Deep Well Heater-Shaker Adapter on Heater-Shaker Module GEN1 on slot C1, 'C1': C1 of Sample Plate on Opentrons 96 Deep Well Heater-Shaker Adapter on Heater-Shaker Module GEN1 on slot C1, 'D1': D1 of Sample Plate on Opentrons 96 Deep Well Heater-Shaker Adapter on Heater-Shaker Module GEN1 on slot C1, 'E1': E1 of Sample Plate on Opentrons 96 Deep Well Heater-Shaker Adapter on Heater-Shaker Module GEN1 on slot C1, 'F1': F1 of Sample Plate on Opentrons 96 Deep Well Heater-Shaker Adapter on Heater-Shaker Module GEN1 on slot C1, 'G1': G1 of Sample Plate on Opentrons 96 Deep Well Heater-Shaker Adapter on Heater-Shaker Module GEN1 on slot C1, 'H1': H1 of Sample Plate on Opentrons 96 Deep Well Heater-Shaker Adapter on Heater-Shaker Module GEN1 on slot C1, 'A2': A2 of Sample Plate on Opentrons 96 Deep Well Heater-Shaker Adapter on Heater-Shaker Module GEN1 on slot C1, 'B2': B2 of Sample Plate on Opentrons 96 Deep Well Heater-Shaker Adapter on Heater-Shaker Module GEN1 on slot C1, 'C2': C2 of Sample Plate on Opentrons 96 Deep Well Heater-Shaker Adapter on Heater-Shaker Module GEN1 on slot C1, 'D2': D2 of Sample Plate on Opentrons 96 Deep Well Heater-Shaker Adapter on Heater-Shaker Module GEN1 on slot C1, 'E2': E2 of Sample Plate on Opentrons 96 Deep Well Heater-Shaker Adapter on Heater-Shaker Module GEN1 on slot C1, 'F2': F2 of Sample Plate on Opentrons 96 Deep Well Heater-Shaker Adapter on Heater-Shaker Module GEN1 on slot C1, 'G2': G2 of Sample Plate on Opentrons 96 Deep Well Heater-Shaker Adapter on Heater-Shaker Module GEN1 on slot C1, 'H2': H2 of Sample Plate on Opentrons 96 Deep Well Heater-Shaker Adapter on Heater-Shaker Module GEN1 on slot C1, 'A3': A3 of Sample Plate on Opentrons 96 Deep Well Heater-Shaker Adapter on Heater-Shaker Module GEN1 on slot C1, 'B3': B3 of Sample Plate on Opentrons 96 Deep Well Heater-Shaker Adapter on Heater-Shaker Module GEN1 on slot C1, 'C3': C3 of Sample Plate on Opentrons 96 Deep Well Heater-Shaker Adapter on Heater-Shaker Module GEN1 on slot C1, 'D3': D3 of Sample Plate on Opentrons 96 Deep Well Heater-Shaker Adapter on Heater-Shaker Module GEN1 on slot C1, 'E3': E3 of Sample Plate on Opentrons 96 Deep Well Heater-Shaker Adapter on Heater-Shaker Module GEN1 on slot C1, 'F3': F3 of Sample Plate on Opentrons 96 Deep Well Heater-Shaker Adapter on Heater-Shaker Module GEN1 on slot C1, 'G3': G3 of Sample Plate on Opentrons 96 Deep Well Heater-Shaker Adapter on Heater-Shaker Module GEN1 on slot C1, 'H3': H3 of Sample Plate on Opentrons 96 Deep Well Heater-Shaker Adapter on Heater-Shaker Module GEN1 on slot C1, 'A4': A4 of Sample Plate on Opentrons 96 Deep Well Heater-Shaker Adapter on Heater-Shaker Module GEN1 on slot C1, 'B4': B4 of Sample Plate on Opentrons 96 Deep Well Heater-Shaker Adapter on Heater-Shaker Module GEN1 on slot C1, 'C4': C4 of Sample Plate on Opentrons 96 Deep Well Heater-Shaker Adapter on Heater-Shaker Module GEN1 on slot C1, 'D4': D4 of Sample Plate on Opentrons 96 Deep Well Heater-Shaker Adapter on Heater-Shaker Module GEN1 on slot C1, 'E4': E4 of Sample Plate on Opentrons 96 Deep Well Heater-Shaker Adapter on Heater-Shaker Module GEN1 on slot C1, 'F4': F4 of Sample Plate on Opentrons 96 Deep Well Heater-Shaker Adapter on Heater-Shaker Module GEN1 on slot C1, 'G4': G4 of Sample Plate on Opentrons 96 Deep Well Heater-Shaker Adapter on Heater-Shaker Module GEN1 on slot C1, 'H4': H4 of Sample Plate on Opentrons 96 Deep Well Heater-Shaker Adapter on Heater-Shaker Module GEN1 on slot C1, 'A5': A5 of Sample Plate on Opentrons 96 Deep Well Heater-Shaker Adapter on Heater-Shaker Module GEN1 on slot C1, 'B5': B5 of Sample Plate on Opentrons 96 Deep Well Heater-Shaker Adapter on Heater-Shaker Module GEN1 on slot C1, 'C5': C5 of Sample Plate on Opentrons 96 Deep Well Heater-Shaker Adapter on Heater-Shaker Module GEN1 on slot C1, 'D5': D5 of Sample Plate on Opentrons 96 Deep Well Heater-Shaker Adapter on Heater-Shaker Module GEN1 on slot C1, 'E5': E5 of Sample Plate on Opentrons 96 Deep Well Heater-Shaker Adapter on Heater-Shaker Module GEN1 on slot C1, 'F5': F5 of Sample Plate on Opentrons 96 Deep Well Heater-Shaker Adapter on Heater-Shaker Module GEN1 on slot C1, 'G5': G5 of Sample Plate on Opentrons 96 Deep Well Heater-Shaker Adapter on Heater-Shaker Module GEN1 on slot C1, 'H5': H5 of Sample Plate on Opentrons 96 Deep Well Heater-Shaker Adapter on Heater-Shaker Module GEN1 on slot C1, 'A6': A6 of Sample Plate on Opentrons 96 Deep Well Heater-Shaker Adapter on Heater-Shaker Module GEN1 on slot C1, 'B6': B6 of Sample Plate on Opentrons 96 Deep Well Heater-Shaker Adapter on Heater-Shaker Module GEN1 on slot C1, 'C6': C6 of Sample Plate on Opentrons 96 Deep Well Heater-Shaker Adapter on Heater-Shaker Module GEN1 on slot C1, 'D6': D6 of Sample Plate on Opentrons 96 Deep Well Heater-Shaker Adapter on Heater-Shaker Module GEN1 on slot C1, 'E6': E6 of Sample Plate on Opentrons 96 Deep Well Heater-Shaker Adapter on Heater-Shaker Module GEN1 on slot C1, 'F6': F6 of Sample Plate on Opentrons 96 Deep Well Heater-Shaker Adapter on Heater-Shaker Module GEN1 on slot C1, 'G6': G6 of Sample Plate on Opentrons 96 Deep Well Heater-Shaker Adapter on Heater-Shaker Module GEN1 on slot C1, 'H6': H6 of Sample Plate on Opentrons 96 Deep Well Heater-Shaker Adapter on Heater-Shaker Module GEN1 on slot C1, 'A7': A7 of Sample Plate on Opentrons 96 Deep Well Heater-Shaker Adapter on Heater-Shaker Module GEN1 on slot C1, 'B7': B7 of Sample Plate on Opentrons 96 Deep Well Heater-Shaker Adapter on Heater-Shaker Module GEN1 on slot C1, 'C7': C7 of Sample Plate on Opentrons 96 Deep Well Heater-Shaker Adapter on Heater-Shaker Module GEN1 on slot C1, 'D7': D7 of Sample Plate on Opentrons 96 Deep Well Heater-Shaker Adapter on Heater-Shaker Module GEN1 on slot C1, 'E7': E7 of Sample Plate on Opentrons 96 Deep Well Heater-Shaker Adapter on Heater-Shaker Module GEN1 on slot C1, 'F7': F7 of Sample Plate on Opentrons 96 Deep Well Heater-Shaker Adapter on Heater-Shaker Module GEN1 on slot C1, 'G7': G7 of Sample Plate on Opentrons 96 Deep Well Heater-Shaker Adapter on Heater-Shaker Module GEN1 on slot C1, 'H7': H7 of Sample Plate on Opentrons 96 Deep Well Heater-Shaker Adapter on Heater-Shaker Module GEN1 on slot C1, 'A8': A8 of Sample Plate on Opentrons 96 Deep Well Heater-Shaker Adapter on Heater-Shaker Module GEN1 on slot C1, 'B8': B8 of Sample Plate on Opentrons 96 Deep Well Heater-Shaker Adapter on Heater-Shaker Module GEN1 on slot C1, 'C8': C8 of Sample Plate on Opentrons 96 Deep Well Heater-Shaker Adapter on Heater-Shaker Module GEN1 on slot C1, 'D8': D8 of Sample Plate on Opentrons 96 Deep Well Heater-Shaker Adapter on Heater-Shaker Module GEN1 on slot C1, 'E8': E8 of Sample Plate on Opentrons 96 Deep Well Heater-Shaker Adapter on Heater-Shaker Module GEN1 on slot C1, 'F8': F8 of Sample Plate on Opentrons 96 Deep Well Heater-Shaker Adapter on Heater-Shaker Module GEN1 on slot C1, 'G8': G8 of Sample Plate on Opentrons 96 Deep Well Heater-Shaker Adapter on Heater-Shaker Module GEN1 on slot C1, 'H8': H8 of Sample Plate on Opentrons 96 Deep Well Heater-Shaker Adapter on Heater-Shaker Module GEN1 on slot C1, 'A9': A9 of Sample Plate on Opentrons 96 Deep Well Heater-Shaker Adapter on Heater-Shaker Module GEN1 on slot C1, 'B9': B9 of Sample Plate on Opentrons 96 Deep Well Heater-Shaker Adapter on Heater-Shaker Module GEN1 on slot C1, 'C9': C9 of Sample Plate on Opentrons 96 Deep Well Heater-Shaker Adapter on Heater-Shaker Module GEN1 on slot C1, 'D9': D9 of Sample Plate on Opentrons 96 Deep Well Heater-Shaker Adapter on Heater-Shaker Module GEN1 on slot C1, 'E9': E9 of Sample Plate on Opentrons 96 Deep Well Heater-Shaker Adapter on Heater-Shaker Module GEN1 on slot C1, 'F9': F9 of Sample Plate on Opentrons 96 Deep Well Heater-Shaker Adapter on Heater-Shaker Module GEN1 on slot C1, 'G9': G9 of Sample Plate on Opentrons 96 Deep Well Heater-Shaker Adapter on Heater-Shaker Module GEN1 on slot C1, 'H9': H9 of Sample Plate on Opentrons 96 Deep Well Heater-Shaker Adapter on Heater-Shaker Module GEN1 on slot C1, 'A10': A10 of Sample Plate on Opentrons 96 Deep Well Heater-Shaker Adapter on Heater-Shaker Module GEN1 on slot C1, 'B10': B10 of Sample Plate on Opentrons 96 Deep Well Heater-Shaker Adapter on Heater-Shaker Module GEN1 on slot C1, 'C10': C10 of Sample Plate on Opentrons 96 Deep Well Heater-Shaker Adapter on Heater-Shaker Module GEN1 on slot C1, 'D10': D10 of Sample Plate on Opentrons 96 Deep Well Heater-Shaker Adapter on Heater-Shaker Module GEN1 on slot C1, 'E10': E10 of Sample Plate on Opentrons 96 Deep Well Heater-Shaker Adapter on Heater-Shaker Module GEN1 on slot C1, 'F10': F10 of Sample Plate on Opentrons 96 Deep Well Heater-Shaker Adapter on Heater-Shaker Module GEN1 on slot C1, 'G10': G10 of Sample Plate on Opentrons 96 Deep Well Heater-Shaker Adapter on Heater-Shaker Module GEN1 on slot C1, 'H10': H10 of Sample Plate on Opentrons 96 Deep Well Heater-Shaker Adapter on Heater-Shaker Module GEN1 on slot C1, 'A11': A11 of Sample Plate on Opentrons 96 Deep Well Heater-Shaker Adapter on Heater-Shaker Module GEN1 on slot C1, 'B11': B11 of Sample Plate on Opentrons 96 Deep Well Heater-Shaker Adapter on Heater-Shaker Module GEN1 on slot C1, 'C11': C11 of Sample Plate on Opentrons 96 Deep Well Heater-Shaker Adapter on Heater-Shaker Module GEN1 on slot C1, 'D11': D11 of Sample Plate on Opentrons 96 Deep Well Heater-Shaker Adapter on Heater-Shaker Module GEN1 on slot C1, 'E11': E11 of Sample Plate on Opentrons 96 Deep Well Heater-Shaker Adapter on Heater-Shaker Module GEN1 on slot C1, 'F11': F11 of Sample Plate on Opentrons 96 Deep Well Heater-Shaker Adapter on Heater-Shaker Module GEN1 on slot C1, 'G11': G11 of Sample Plate on Opentrons 96 Deep Well Heater-Shaker Adapter on Heater-Shaker Module GEN1 on slot C1, 'H11': H11 of Sample Plate on Opentrons 96 Deep Well Heater-Shaker Adapter on Heater-Shaker Module GEN1 on slot C1, 'A12': A12 of Sample Plate on Opentrons 96 Deep Well Heater-Shaker Adapter on Heater-Shaker Module GEN1 on slot C1, 'B12': B12 of Sample Plate on Opentrons 96 Deep Well Heater-Shaker Adapter on Heater-Shaker Module GEN1 on slot C1, 'C12': C12 of Sample Plate on Opentrons 96 Deep Well Heater-Shaker Adapter on Heater-Shaker Module GEN1 on slot C1, 'D12': D12 of Sample Plate on Opentrons 96 Deep Well Heater-Shaker Adapter on Heater-Shaker Module GEN1 on slot C1, 'E12': E12 of Sample Plate on Opentrons 96 Deep Well Heater-Shaker Adapter on Heater-Shaker Module GEN1 on slot C1, 'F12': F12 of Sample Plate on Opentrons 96 Deep Well Heater-Shaker Adapter on Heater-Shaker Module GEN1 on slot C1, 'G12': G12 of Sample Plate on Opentrons 96 Deep Well Heater-Shaker Adapter on Heater-Shaker Module GEN1 on slot C1, 'H12': H12 of Sample Plate on Opentrons 96 Deep Well Heater-Shaker Adapter on Heater-Shaker Module GEN1 on slot C1}
Loading liquid into {'A1': A1 of reagent reservoir on slot C3, 'B1': B1 of reagent reservoir on slot C3, 'C1': C1 of reagent reservoir on slot C3, 'D1': D1 of reagent reservoir on slot C3, 'E1': E1 of reagent reservoir on slot C3, 'F1': F1 of reagent reservoir on slot C3, 'G1': G1 of reagent reservoir on slot C3, 'H1': H1 of reagent reservoir on slot C3, 'A2': A2 of reagent reservoir on slot C3, 'B2': B2 of reagent reservoir on slot C3, 'C2': C2 of reagent reservoir on slot C3, 'D2': D2 of reagent reservoir on slot C3, 'E2': E2 of reagent reservoir on slot C3, 'F2': F2 of reagent reservoir on slot C3, 'G2': G2 of reagent reservoir on slot C3, 'H2': H2 of reagent reservoir on slot C3, 'A3': A3 of reagent reservoir on slot C3, 'B3': B3 of reagent reservoir on slot C3, 'C3': C3 of reagent reservoir on slot C3, 'D3': D3 of reagent reservoir on slot C3, 'E3': E3 of reagent reservoir on slot C3, 'F3': F3 of reagent reservoir on slot C3, 'G3': G3 of reagent reservoir on slot C3, 'H3': H3 of reagent reservoir on slot C3, 'A4': A4 of reagent reservoir on slot C3, 'B4': B4 of reagent reservoir on slot C3, 'C4': C4 of reagent reservoir on slot C3, 'D4': D4 of reagent reservoir on slot C3, 'E4': E4 of reagent reservoir on slot C3, 'F4': F4 of reagent reservoir on slot C3, 'G4': G4 of reagent reservoir on slot C3, 'H4': H4 of reagent reservoir on slot C3, 'A5': A5 of reagent reservoir on slot C3, 'B5': B5 of reagent reservoir on slot C3, 'C5': C5 of reagent reservoir on slot C3, 'D5': D5 of reagent reservoir on slot C3, 'E5': E5 of reagent reservoir on slot C3, 'F5': F5 of reagent reservoir on slot C3, 'G5': G5 of reagent reservoir on slot C3, 'H5': H5 of reagent reservoir on slot C3, 'A6': A6 of reagent reservoir on slot C3, 'B6': B6 of reagent reservoir on slot C3, 'C6': C6 of reagent reservoir on slot C3, 'D6': D6 of reagent reservoir on slot C3, 'E6': E6 of reagent reservoir on slot C3, 'F6': F6 of reagent reservoir on slot C3, 'G6': G6 of reagent reservoir on slot C3, 'H6': H6 of reagent reservoir on slot C3, 'A7': A7 of reagent reservoir on slot C3, 'B7': B7 of reagent reservoir on slot C3, 'C7': C7 of reagent reservoir on slot C3, 'D7': D7 of reagent reservoir on slot C3, 'E7': E7 of reagent reservoir on slot C3, 'F7': F7 of reagent reservoir on slot C3, 'G7': G7 of reagent reservoir on slot C3, 'H7': H7 of reagent reservoir on slot C3, 'A8': A8 of reagent reservoir on slot C3, 'B8': B8 of reagent reservoir on slot C3, 'C8': C8 of reagent reservoir on slot C3, 'D8': D8 of reagent reservoir on slot C3, 'E8': E8 of reagent reservoir on slot C3, 'F8': F8 of reagent reservoir on slot C3, 'G8': G8 of reagent reservoir on slot C3, 'H8': H8 of reagent reservoir on slot C3, 'A9': A9 of reagent reservoir on slot C3, 'B9': B9 of reagent reservoir on slot C3, 'C9': C9 of reagent reservoir on slot C3, 'D9': D9 of reagent reservoir on slot C3, 'E9': E9 of reagent reservoir on slot C3, 'F9': F9 of reagent reservoir on slot C3, 'G9': G9 of reagent reservoir on slot C3, 'H9': H9 of reagent reservoir on slot C3, 'A10': A10 of reagent reservoir on slot C3, 'B10': B10 of reagent reservoir on slot C3, 'C10': C10 of reagent reservoir on slot C3, 'D10': D10 of reagent reservoir on slot C3, 'E10': E10 of reagent reservoir on slot C3, 'F10': F10 of reagent reservoir on slot C3, 'G10': G10 of reagent reservoir on slot C3, 'H10': H10 of reagent reservoir on slot C3, 'A11': A11 of reagent reservoir on slot C3, 'B11': B11 of reagent reservoir on slot C3, 'C11': C11 of reagent reservoir on slot C3, 'D11': D11 of reagent reservoir on slot C3, 'E11': E11 of reagent reservoir on slot C3, 'F11': F11 of reagent reservoir on slot C3, 'G11': G11 of reagent reservoir on slot C3, 'H11': H11 of reagent reservoir on slot C3, 'A12': A12 of reagent reservoir on slot C3, 'B12': B12 of reagent reservoir on slot C3, 'C12': C12 of reagent reservoir on slot C3, 'D12': D12 of reagent reservoir on slot C3, 'E12': E12 of reagent reservoir on slot C3, 'F12': F12 of reagent reservoir on slot C3, 'G12': G12 of reagent reservoir on slot C3, 'H12': H12 of reagent reservoir on slot C3}
Loading liquid into {'A1': A1 of reagent reservoir on slot C3, 'B1': B1 of reagent reservoir on slot C3, 'C1': C1 of reagent reservoir on slot C3, 'D1': D1 of reagent reservoir on slot C3, 'E1': E1 of reagent reservoir on slot C3, 'F1': F1 of reagent reservoir on slot C3, 'G1': G1 of reagent reservoir on slot C3, 'H1': H1 of reagent reservoir on slot C3, 'A2': A2 of reagent reservoir on slot C3, 'B2': B2 of reagent reservoir on slot C3, 'C2': C2 of reagent reservoir on slot C3, 'D2': D2 of reagent reservoir on slot C3, 'E2': E2 of reagent reservoir on slot C3, 'F2': F2 of reagent reservoir on slot C3, 'G2': G2 of reagent reservoir on slot C3, 'H2': H2 of reagent reservoir on slot C3, 'A3': A3 of reagent reservoir on slot C3, 'B3': B3 of reagent reservoir on slot C3, 'C3': C3 of reagent reservoir on slot C3, 'D3': D3 of reagent reservoir on slot C3, 'E3': E3 of reagent reservoir on slot C3, 'F3': F3 of reagent reservoir on slot C3, 'G3': G3 of reagent reservoir on slot C3, 'H3': H3 of reagent reservoir on slot C3, 'A4': A4 of reagent reservoir on slot C3, 'B4': B4 of reagent reservoir on slot C3, 'C4': C4 of reagent reservoir on slot C3, 'D4': D4 of reagent reservoir on slot C3, 'E4': E4 of reagent reservoir on slot C3, 'F4': F4 of reagent reservoir on slot C3, 'G4': G4 of reagent reservoir on slot C3, 'H4': H4 of reagent reservoir on slot C3, 'A5': A5 of reagent reservoir on slot C3, 'B5': B5 of reagent reservoir on slot C3, 'C5': C5 of reagent reservoir on slot C3, 'D5': D5 of reagent reservoir on slot C3, 'E5': E5 of reagent reservoir on slot C3, 'F5': F5 of reagent reservoir on slot C3, 'G5': G5 of reagent reservoir on slot C3, 'H5': H5 of reagent reservoir on slot C3, 'A6': A6 of reagent reservoir on slot C3, 'B6': B6 of reagent reservoir on slot C3, 'C6': C6 of reagent reservoir on slot C3, 'D6': D6 of reagent reservoir on slot C3, 'E6': E6 of reagent reservoir on slot C3, 'F6': F6 of reagent reservoir on slot C3, 'G6': G6 of reagent reservoir on slot C3, 'H6': H6 of reagent reservoir on slot C3, 'A7': A7 of reagent reservoir on slot C3, 'B7': B7 of reagent reservoir on slot C3, 'C7': C7 of reagent reservoir on slot C3, 'D7': D7 of reagent reservoir on slot C3, 'E7': E7 of reagent reservoir on slot C3, 'F7': F7 of reagent reservoir on slot C3, 'G7': G7 of reagent reservoir on slot C3, 'H7': H7 of reagent reservoir on slot C3, 'A8': A8 of reagent reservoir on slot C3, 'B8': B8 of reagent reservoir on slot C3, 'C8': C8 of reagent reservoir on slot C3, 'D8': D8 of reagent reservoir on slot C3, 'E8': E8 of reagent reservoir on slot C3, 'F8': F8 of reagent reservoir on slot C3, 'G8': G8 of reagent reservoir on slot C3, 'H8': H8 of reagent reservoir on slot C3, 'A9': A9 of reagent reservoir on slot C3, 'B9': B9 of reagent reservoir on slot C3, 'C9': C9 of reagent reservoir on slot C3, 'D9': D9 of reagent reservoir on slot C3, 'E9': E9 of reagent reservoir on slot C3, 'F9': F9 of reagent reservoir on slot C3, 'G9': G9 of reagent reservoir on slot C3, 'H9': H9 of reagent reservoir on slot C3, 'A10': A10 of reagent reservoir on slot C3, 'B10': B10 of reagent reservoir on slot C3, 'C10': C10 of reagent reservoir on slot C3, 'D10': D10 of reagent reservoir on slot C3, 'E10': E10 of reagent reservoir on slot C3, 'F10': F10 of reagent reservoir on slot C3, 'G10': G10 of reagent reservoir on slot C3, 'H10': H10 of reagent reservoir on slot C3, 'A11': A11 of reagent reservoir on slot C3, 'B11': B11 of reagent reservoir on slot C3, 'C11': C11 of reagent reservoir on slot C3, 'D11': D11 of reagent reservoir on slot C3, 'E11': E11 of reagent reservoir on slot C3, 'F11': F11 of reagent reservoir on slot C3, 'G11': G11 of reagent reservoir on slot C3, 'H11': H11 of reagent reservoir on slot C3, 'A12': A12 of reagent reservoir on slot C3, 'B12': B12 of reagent reservoir on slot C3, 'C12': C12 of reagent reservoir on slot C3, 'D12': D12 of reagent reservoir on slot C3, 'E12': E12 of reagent reservoir on slot C3, 'F12': F12 of reagent reservoir on slot C3, 'G12': G12 of reagent reservoir on slot C3, 'H12': H12 of reagent reservoir on slot C3}
Loading liquid into {'A1': A1 of reagent reservoir on slot C3, 'B1': B1 of reagent reservoir on slot C3, 'C1': C1 of reagent reservoir on slot C3, 'D1': D1 of reagent reservoir on slot C3, 'E1': E1 of reagent reservoir on slot C3, 'F1': F1 of reagent reservoir on slot C3, 'G1': G1 of reagent reservoir on slot C3, 'H1': H1 of reagent reservoir on slot C3, 'A2': A2 of reagent reservoir on slot C3, 'B2': B2 of reagent reservoir on slot C3, 'C2': C2 of reagent reservoir on slot C3, 'D2': D2 of reagent reservoir on slot C3, 'E2': E2 of reagent reservoir on slot C3, 'F2': F2 of reagent reservoir on slot C3, 'G2': G2 of reagent reservoir on slot C3, 'H2': H2 of reagent reservoir on slot C3, 'A3': A3 of reagent reservoir on slot C3, 'B3': B3 of reagent reservoir on slot C3, 'C3': C3 of reagent reservoir on slot C3, 'D3': D3 of reagent reservoir on slot C3, 'E3': E3 of reagent reservoir on slot C3, 'F3': F3 of reagent reservoir on slot C3, 'G3': G3 of reagent reservoir on slot C3, 'H3': H3 of reagent reservoir on slot C3, 'A4': A4 of reagent reservoir on slot C3, 'B4': B4 of reagent reservoir on slot C3, 'C4': C4 of reagent reservoir on slot C3, 'D4': D4 of reagent reservoir on slot C3, 'E4': E4 of reagent reservoir on slot C3, 'F4': F4 of reagent reservoir on slot C3, 'G4': G4 of reagent reservoir on slot C3, 'H4': H4 of reagent reservoir on slot C3, 'A5': A5 of reagent reservoir on slot C3, 'B5': B5 of reagent reservoir on slot C3, 'C5': C5 of reagent reservoir on slot C3, 'D5': D5 of reagent reservoir on slot C3, 'E5': E5 of reagent reservoir on slot C3, 'F5': F5 of reagent reservoir on slot C3, 'G5': G5 of reagent reservoir on slot C3, 'H5': H5 of reagent reservoir on slot C3, 'A6': A6 of reagent reservoir on slot C3, 'B6': B6 of reagent reservoir on slot C3, 'C6': C6 of reagent reservoir on slot C3, 'D6': D6 of reagent reservoir on slot C3, 'E6': E6 of reagent reservoir on slot C3, 'F6': F6 of reagent reservoir on slot C3, 'G6': G6 of reagent reservoir on slot C3, 'H6': H6 of reagent reservoir on slot C3, 'A7': A7 of reagent reservoir on slot C3, 'B7': B7 of reagent reservoir on slot C3, 'C7': C7 of reagent reservoir on slot C3, 'D7': D7 of reagent reservoir on slot C3, 'E7': E7 of reagent reservoir on slot C3, 'F7': F7 of reagent reservoir on slot C3, 'G7': G7 of reagent reservoir on slot C3, 'H7': H7 of reagent reservoir on slot C3, 'A8': A8 of reagent reservoir on slot C3, 'B8': B8 of reagent reservoir on slot C3, 'C8': C8 of reagent reservoir on slot C3, 'D8': D8 of reagent reservoir on slot C3, 'E8': E8 of reagent reservoir on slot C3, 'F8': F8 of reagent reservoir on slot C3, 'G8': G8 of reagent reservoir on slot C3, 'H8': H8 of reagent reservoir on slot C3, 'A9': A9 of reagent reservoir on slot C3, 'B9': B9 of reagent reservoir on slot C3, 'C9': C9 of reagent reservoir on slot C3, 'D9': D9 of reagent reservoir on slot C3, 'E9': E9 of reagent reservoir on slot C3, 'F9': F9 of reagent reservoir on slot C3, 'G9': G9 of reagent reservoir on slot C3, 'H9': H9 of reagent reservoir on slot C3, 'A10': A10 of reagent reservoir on slot C3, 'B10': B10 of reagent reservoir on slot C3, 'C10': C10 of reagent reservoir on slot C3, 'D10': D10 of reagent reservoir on slot C3, 'E10': E10 of reagent reservoir on slot C3, 'F10': F10 of reagent reservoir on slot C3, 'G10': G10 of reagent reservoir on slot C3, 'H10': H10 of reagent reservoir on slot C3, 'A11': A11 of reagent reservoir on slot C3, 'B11': B11 of reagent reservoir on slot C3, 'C11': C11 of reagent reservoir on slot C3, 'D11': D11 of reagent reservoir on slot C3, 'E11': E11 of reagent reservoir on slot C3, 'F11': F11 of reagent reservoir on slot C3, 'G11': G11 of reagent reservoir on slot C3, 'H11': H11 of reagent reservoir on slot C3, 'A12': A12 of reagent reservoir on slot C3, 'B12': B12 of reagent reservoir on slot C3, 'C12': C12 of reagent reservoir on slot C3, 'D12': D12 of reagent reservoir on slot C3, 'E12': E12 of reagent reservoir on slot C3, 'F12': F12 of reagent reservoir on slot C3, 'G12': G12 of reagent reservoir on slot C3, 'H12': H12 of reagent reservoir on slot C3}
Loading liquid into {'A1': A1 of reagent reservoir on slot C3, 'B1': B1 of reagent reservoir on slot C3, 'C1': C1 of reagent reservoir on slot C3, 'D1': D1 of reagent reservoir on slot C3, 'E1': E1 of reagent reservoir on slot C3, 'F1': F1 of reagent reservoir on slot C3, 'G1': G1 of reagent reservoir on slot C3, 'H1': H1 of reagent reservoir on slot C3, 'A2': A2 of reagent reservoir on slot C3, 'B2': B2 of reagent reservoir on slot C3, 'C2': C2 of reagent reservoir on slot C3, 'D2': D2 of reagent reservoir on slot C3, 'E2': E2 of reagent reservoir on slot C3, 'F2': F2 of reagent reservoir on slot C3, 'G2': G2 of reagent reservoir on slot C3, 'H2': H2 of reagent reservoir on slot C3, 'A3': A3 of reagent reservoir on slot C3, 'B3': B3 of reagent reservoir on slot C3, 'C3': C3 of reagent reservoir on slot C3, 'D3': D3 of reagent reservoir on slot C3, 'E3': E3 of reagent reservoir on slot C3, 'F3': F3 of reagent reservoir on slot C3, 'G3': G3 of reagent reservoir on slot C3, 'H3': H3 of reagent reservoir on slot C3, 'A4': A4 of reagent reservoir on slot C3, 'B4': B4 of reagent reservoir on slot C3, 'C4': C4 of reagent reservoir on slot C3, 'D4': D4 of reagent reservoir on slot C3, 'E4': E4 of reagent reservoir on slot C3, 'F4': F4 of reagent reservoir on slot C3, 'G4': G4 of reagent reservoir on slot C3, 'H4': H4 of reagent reservoir on slot C3, 'A5': A5 of reagent reservoir on slot C3, 'B5': B5 of reagent reservoir on slot C3, 'C5': C5 of reagent reservoir on slot C3, 'D5': D5 of reagent reservoir on slot C3, 'E5': E5 of reagent reservoir on slot C3, 'F5': F5 of reagent reservoir on slot C3, 'G5': G5 of reagent reservoir on slot C3, 'H5': H5 of reagent reservoir on slot C3, 'A6': A6 of reagent reservoir on slot C3, 'B6': B6 of reagent reservoir on slot C3, 'C6': C6 of reagent reservoir on slot C3, 'D6': D6 of reagent reservoir on slot C3, 'E6': E6 of reagent reservoir on slot C3, 'F6': F6 of reagent reservoir on slot C3, 'G6': G6 of reagent reservoir on slot C3, 'H6': H6 of reagent reservoir on slot C3, 'A7': A7 of reagent reservoir on slot C3, 'B7': B7 of reagent reservoir on slot C3, 'C7': C7 of reagent reservoir on slot C3, 'D7': D7 of reagent reservoir on slot C3, 'E7': E7 of reagent reservoir on slot C3, 'F7': F7 of reagent reservoir on slot C3, 'G7': G7 of reagent reservoir on slot C3, 'H7': H7 of reagent reservoir on slot C3, 'A8': A8 of reagent reservoir on slot C3, 'B8': B8 of reagent reservoir on slot C3, 'C8': C8 of reagent reservoir on slot C3, 'D8': D8 of reagent reservoir on slot C3, 'E8': E8 of reagent reservoir on slot C3, 'F8': F8 of reagent reservoir on slot C3, 'G8': G8 of reagent reservoir on slot C3, 'H8': H8 of reagent reservoir on slot C3, 'A9': A9 of reagent reservoir on slot C3, 'B9': B9 of reagent reservoir on slot C3, 'C9': C9 of reagent reservoir on slot C3, 'D9': D9 of reagent reservoir on slot C3, 'E9': E9 of reagent reservoir on slot C3, 'F9': F9 of reagent reservoir on slot C3, 'G9': G9 of reagent reservoir on slot C3, 'H9': H9 of reagent reservoir on slot C3, 'A10': A10 of reagent reservoir on slot C3, 'B10': B10 of reagent reservoir on slot C3, 'C10': C10 of reagent reservoir on slot C3, 'D10': D10 of reagent reservoir on slot C3, 'E10': E10 of reagent reservoir on slot C3, 'F10': F10 of reagent reservoir on slot C3, 'G10': G10 of reagent reservoir on slot C3, 'H10': H10 of reagent reservoir on slot C3, 'A11': A11 of reagent reservoir on slot C3, 'B11': B11 of reagent reservoir on slot C3, 'C11': C11 of reagent reservoir on slot C3, 'D11': D11 of reagent reservoir on slot C3, 'E11': E11 of reagent reservoir on slot C3, 'F11': F11 of reagent reservoir on slot C3, 'G11': G11 of reagent reservoir on slot C3, 'H11': H11 of reagent reservoir on slot C3, 'A12': A12 of reagent reservoir on slot C3, 'B12': B12 of reagent reservoir on slot C3, 'C12': C12 of reagent reservoir on slot C3, 'D12': D12 of reagent reservoir on slot C3, 'E12': E12 of reagent reservoir on slot C3, 'F12': F12 of reagent reservoir on slot C3, 'G12': G12 of reagent reservoir on slot C3, 'H12': H12 of reagent reservoir on slot C3}
Loading liquid into {'A1': A1 of reagent reservoir on slot C3, 'B1': B1 of reagent reservoir on slot C3, 'C1': C1 of reagent reservoir on slot C3, 'D1': D1 of reagent reservoir on slot C3, 'E1': E1 of reagent reservoir on slot C3, 'F1': F1 of reagent reservoir on slot C3, 'G1': G1 of reagent reservoir on slot C3, 'H1': H1 of reagent reservoir on slot C3, 'A2': A2 of reagent reservoir on slot C3, 'B2': B2 of reagent reservoir on slot C3, 'C2': C2 of reagent reservoir on slot C3, 'D2': D2 of reagent reservoir on slot C3, 'E2': E2 of reagent reservoir on slot C3, 'F2': F2 of reagent reservoir on slot C3, 'G2': G2 of reagent reservoir on slot C3, 'H2': H2 of reagent reservoir on slot C3, 'A3': A3 of reagent reservoir on slot C3, 'B3': B3 of reagent reservoir on slot C3, 'C3': C3 of reagent reservoir on slot C3, 'D3': D3 of reagent reservoir on slot C3, 'E3': E3 of reagent reservoir on slot C3, 'F3': F3 of reagent reservoir on slot C3, 'G3': G3 of reagent reservoir on slot C3, 'H3': H3 of reagent reservoir on slot C3, 'A4': A4 of reagent reservoir on slot C3, 'B4': B4 of reagent reservoir on slot C3, 'C4': C4 of reagent reservoir on slot C3, 'D4': D4 of reagent reservoir on slot C3, 'E4': E4 of reagent reservoir on slot C3, 'F4': F4 of reagent reservoir on slot C3, 'G4': G4 of reagent reservoir on slot C3, 'H4': H4 of reagent reservoir on slot C3, 'A5': A5 of reagent reservoir on slot C3, 'B5': B5 of reagent reservoir on slot C3, 'C5': C5 of reagent reservoir on slot C3, 'D5': D5 of reagent reservoir on slot C3, 'E5': E5 of reagent reservoir on slot C3, 'F5': F5 of reagent reservoir on slot C3, 'G5': G5 of reagent reservoir on slot C3, 'H5': H5 of reagent reservoir on slot C3, 'A6': A6 of reagent reservoir on slot C3, 'B6': B6 of reagent reservoir on slot C3, 'C6': C6 of reagent reservoir on slot C3, 'D6': D6 of reagent reservoir on slot C3, 'E6': E6 of reagent reservoir on slot C3, 'F6': F6 of reagent reservoir on slot C3, 'G6': G6 of reagent reservoir on slot C3, 'H6': H6 of reagent reservoir on slot C3, 'A7': A7 of reagent reservoir on slot C3, 'B7': B7 of reagent reservoir on slot C3, 'C7': C7 of reagent reservoir on slot C3, 'D7': D7 of reagent reservoir on slot C3, 'E7': E7 of reagent reservoir on slot C3, 'F7': F7 of reagent reservoir on slot C3, 'G7': G7 of reagent reservoir on slot C3, 'H7': H7 of reagent reservoir on slot C3, 'A8': A8 of reagent reservoir on slot C3, 'B8': B8 of reagent reservoir on slot C3, 'C8': C8 of reagent reservoir on slot C3, 'D8': D8 of reagent reservoir on slot C3, 'E8': E8 of reagent reservoir on slot C3, 'F8': F8 of reagent reservoir on slot C3, 'G8': G8 of reagent reservoir on slot C3, 'H8': H8 of reagent reservoir on slot C3, 'A9': A9 of reagent reservoir on slot C3, 'B9': B9 of reagent reservoir on slot C3, 'C9': C9 of reagent reservoir on slot C3, 'D9': D9 of reagent reservoir on slot C3, 'E9': E9 of reagent reservoir on slot C3, 'F9': F9 of reagent reservoir on slot C3, 'G9': G9 of reagent reservoir on slot C3, 'H9': H9 of reagent reservoir on slot C3, 'A10': A10 of reagent reservoir on slot C3, 'B10': B10 of reagent reservoir on slot C3, 'C10': C10 of reagent reservoir on slot C3, 'D10': D10 of reagent reservoir on slot C3, 'E10': E10 of reagent reservoir on slot C3, 'F10': F10 of reagent reservoir on slot C3, 'G10': G10 of reagent reservoir on slot C3, 'H10': H10 of reagent reservoir on slot C3, 'A11': A11 of reagent reservoir on slot C3, 'B11': B11 of reagent reservoir on slot C3, 'C11': C11 of reagent reservoir on slot C3, 'D11': D11 of reagent reservoir on slot C3, 'E11': E11 of reagent reservoir on slot C3, 'F11': F11 of reagent reservoir on slot C3, 'G11': G11 of reagent reservoir on slot C3, 'H11': H11 of reagent reservoir on slot C3, 'A12': A12 of reagent reservoir on slot C3, 'B12': B12 of reagent reservoir on slot C3, 'C12': C12 of reagent reservoir on slot C3, 'D12': D12 of reagent reservoir on slot C3, 'E12': E12 of reagent reservoir on slot C3, 'F12': F12 of reagent reservoir on slot C3, 'G12': G12 of reagent reservoir on slot C3, 'H12': H12 of reagent reservoir on slot C3}
Loading liquid into {'A1': A1 of reagent reservoir on slot C3, 'B1': B1 of reagent reservoir on slot C3, 'C1': C1 of reagent reservoir on slot C3, 'D1': D1 of reagent reservoir on slot C3, 'E1': E1 of reagent reservoir on slot C3, 'F1': F1 of reagent reservoir on slot C3, 'G1': G1 of reagent reservoir on slot C3, 'H1': H1 of reagent reservoir on slot C3, 'A2': A2 of reagent reservoir on slot C3, 'B2': B2 of reagent reservoir on slot C3, 'C2': C2 of reagent reservoir on slot C3, 'D2': D2 of reagent reservoir on slot C3, 'E2': E2 of reagent reservoir on slot C3, 'F2': F2 of reagent reservoir on slot C3, 'G2': G2 of reagent reservoir on slot C3, 'H2': H2 of reagent reservoir on slot C3, 'A3': A3 of reagent reservoir on slot C3, 'B3': B3 of reagent reservoir on slot C3, 'C3': C3 of reagent reservoir on slot C3, 'D3': D3 of reagent reservoir on slot C3, 'E3': E3 of reagent reservoir on slot C3, 'F3': F3 of reagent reservoir on slot C3, 'G3': G3 of reagent reservoir on slot C3, 'H3': H3 of reagent reservoir on slot C3, 'A4': A4 of reagent reservoir on slot C3, 'B4': B4 of reagent reservoir on slot C3, 'C4': C4 of reagent reservoir on slot C3, 'D4': D4 of reagent reservoir on slot C3, 'E4': E4 of reagent reservoir on slot C3, 'F4': F4 of reagent reservoir on slot C3, 'G4': G4 of reagent reservoir on slot C3, 'H4': H4 of reagent reservoir on slot C3, 'A5': A5 of reagent reservoir on slot C3, 'B5': B5 of reagent reservoir on slot C3, 'C5': C5 of reagent reservoir on slot C3, 'D5': D5 of reagent reservoir on slot C3, 'E5': E5 of reagent reservoir on slot C3, 'F5': F5 of reagent reservoir on slot C3, 'G5': G5 of reagent reservoir on slot C3, 'H5': H5 of reagent reservoir on slot C3, 'A6': A6 of reagent reservoir on slot C3, 'B6': B6 of reagent reservoir on slot C3, 'C6': C6 of reagent reservoir on slot C3, 'D6': D6 of reagent reservoir on slot C3, 'E6': E6 of reagent reservoir on slot C3, 'F6': F6 of reagent reservoir on slot C3, 'G6': G6 of reagent reservoir on slot C3, 'H6': H6 of reagent reservoir on slot C3, 'A7': A7 of reagent reservoir on slot C3, 'B7': B7 of reagent reservoir on slot C3, 'C7': C7 of reagent reservoir on slot C3, 'D7': D7 of reagent reservoir on slot C3, 'E7': E7 of reagent reservoir on slot C3, 'F7': F7 of reagent reservoir on slot C3, 'G7': G7 of reagent reservoir on slot C3, 'H7': H7 of reagent reservoir on slot C3, 'A8': A8 of reagent reservoir on slot C3, 'B8': B8 of reagent reservoir on slot C3, 'C8': C8 of reagent reservoir on slot C3, 'D8': D8 of reagent reservoir on slot C3, 'E8': E8 of reagent reservoir on slot C3, 'F8': F8 of reagent reservoir on slot C3, 'G8': G8 of reagent reservoir on slot C3, 'H8': H8 of reagent reservoir on slot C3, 'A9': A9 of reagent reservoir on slot C3, 'B9': B9 of reagent reservoir on slot C3, 'C9': C9 of reagent reservoir on slot C3, 'D9': D9 of reagent reservoir on slot C3, 'E9': E9 of reagent reservoir on slot C3, 'F9': F9 of reagent reservoir on slot C3, 'G9': G9 of reagent reservoir on slot C3, 'H9': H9 of reagent reservoir on slot C3, 'A10': A10 of reagent reservoir on slot C3, 'B10': B10 of reagent reservoir on slot C3, 'C10': C10 of reagent reservoir on slot C3, 'D10': D10 of reagent reservoir on slot C3, 'E10': E10 of reagent reservoir on slot C3, 'F10': F10 of reagent reservoir on slot C3, 'G10': G10 of reagent reservoir on slot C3, 'H10': H10 of reagent reservoir on slot C3, 'A11': A11 of reagent reservoir on slot C3, 'B11': B11 of reagent reservoir on slot C3, 'C11': C11 of reagent reservoir on slot C3, 'D11': D11 of reagent reservoir on slot C3, 'E11': E11 of reagent reservoir on slot C3, 'F11': F11 of reagent reservoir on slot C3, 'G11': G11 of reagent reservoir on slot C3, 'H11': H11 of reagent reservoir on slot C3, 'A12': A12 of reagent reservoir on slot C3, 'B12': B12 of reagent reservoir on slot C3, 'C12': C12 of reagent reservoir on slot C3, 'D12': D12 of reagent reservoir on slot C3, 'E12': E12 of reagent reservoir on slot C3, 'F12': F12 of reagent reservoir on slot C3, 'G12': G12 of reagent reservoir on slot C3, 'H12': H12 of reagent reservoir on slot C3}
Loading liquid into {'A1': A1 of reagent reservoir on slot C3, 'B1': B1 of reagent reservoir on slot C3, 'C1': C1 of reagent reservoir on slot C3, 'D1': D1 of reagent reservoir on slot C3, 'E1': E1 of reagent reservoir on slot C3, 'F1': F1 of reagent reservoir on slot C3, 'G1': G1 of reagent reservoir on slot C3, 'H1': H1 of reagent reservoir on slot C3, 'A2': A2 of reagent reservoir on slot C3, 'B2': B2 of reagent reservoir on slot C3, 'C2': C2 of reagent reservoir on slot C3, 'D2': D2 of reagent reservoir on slot C3, 'E2': E2 of reagent reservoir on slot C3, 'F2': F2 of reagent reservoir on slot C3, 'G2': G2 of reagent reservoir on slot C3, 'H2': H2 of reagent reservoir on slot C3, 'A3': A3 of reagent reservoir on slot C3, 'B3': B3 of reagent reservoir on slot C3, 'C3': C3 of reagent reservoir on slot C3, 'D3': D3 of reagent reservoir on slot C3, 'E3': E3 of reagent reservoir on slot C3, 'F3': F3 of reagent reservoir on slot C3, 'G3': G3 of reagent reservoir on slot C3, 'H3': H3 of reagent reservoir on slot C3, 'A4': A4 of reagent reservoir on slot C3, 'B4': B4 of reagent reservoir on slot C3, 'C4': C4 of reagent reservoir on slot C3, 'D4': D4 of reagent reservoir on slot C3, 'E4': E4 of reagent reservoir on slot C3, 'F4': F4 of reagent reservoir on slot C3, 'G4': G4 of reagent reservoir on slot C3, 'H4': H4 of reagent reservoir on slot C3, 'A5': A5 of reagent reservoir on slot C3, 'B5': B5 of reagent reservoir on slot C3, 'C5': C5 of reagent reservoir on slot C3, 'D5': D5 of reagent reservoir on slot C3, 'E5': E5 of reagent reservoir on slot C3, 'F5': F5 of reagent reservoir on slot C3, 'G5': G5 of reagent reservoir on slot C3, 'H5': H5 of reagent reservoir on slot C3, 'A6': A6 of reagent reservoir on slot C3, 'B6': B6 of reagent reservoir on slot C3, 'C6': C6 of reagent reservoir on slot C3, 'D6': D6 of reagent reservoir on slot C3, 'E6': E6 of reagent reservoir on slot C3, 'F6': F6 of reagent reservoir on slot C3, 'G6': G6 of reagent reservoir on slot C3, 'H6': H6 of reagent reservoir on slot C3, 'A7': A7 of reagent reservoir on slot C3, 'B7': B7 of reagent reservoir on slot C3, 'C7': C7 of reagent reservoir on slot C3, 'D7': D7 of reagent reservoir on slot C3, 'E7': E7 of reagent reservoir on slot C3, 'F7': F7 of reagent reservoir on slot C3, 'G7': G7 of reagent reservoir on slot C3, 'H7': H7 of reagent reservoir on slot C3, 'A8': A8 of reagent reservoir on slot C3, 'B8': B8 of reagent reservoir on slot C3, 'C8': C8 of reagent reservoir on slot C3, 'D8': D8 of reagent reservoir on slot C3, 'E8': E8 of reagent reservoir on slot C3, 'F8': F8 of reagent reservoir on slot C3, 'G8': G8 of reagent reservoir on slot C3, 'H8': H8 of reagent reservoir on slot C3, 'A9': A9 of reagent reservoir on slot C3, 'B9': B9 of reagent reservoir on slot C3, 'C9': C9 of reagent reservoir on slot C3, 'D9': D9 of reagent reservoir on slot C3, 'E9': E9 of reagent reservoir on slot C3, 'F9': F9 of reagent reservoir on slot C3, 'G9': G9 of reagent reservoir on slot C3, 'H9': H9 of reagent reservoir on slot C3, 'A10': A10 of reagent reservoir on slot C3, 'B10': B10 of reagent reservoir on slot C3, 'C10': C10 of reagent reservoir on slot C3, 'D10': D10 of reagent reservoir on slot C3, 'E10': E10 of reagent reservoir on slot C3, 'F10': F10 of reagent reservoir on slot C3, 'G10': G10 of reagent reservoir on slot C3, 'H10': H10 of reagent reservoir on slot C3, 'A11': A11 of reagent reservoir on slot C3, 'B11': B11 of reagent reservoir on slot C3, 'C11': C11 of reagent reservoir on slot C3, 'D11': D11 of reagent reservoir on slot C3, 'E11': E11 of reagent reservoir on slot C3, 'F11': F11 of reagent reservoir on slot C3, 'G11': G11 of reagent reservoir on slot C3, 'H11': H11 of reagent reservoir on slot C3, 'A12': A12 of reagent reservoir on slot C3, 'B12': B12 of reagent reservoir on slot C3, 'C12': C12 of reagent reservoir on slot C3, 'D12': D12 of reagent reservoir on slot C3, 'E12': E12 of reagent reservoir on slot C3, 'F12': F12 of reagent reservoir on slot C3, 'G12': G12 of reagent reservoir on slot C3, 'H12': H12 of reagent reservoir on slot C3}
Loading liquid into {'A1': A1 of reagent reservoir on slot C3, 'B1': B1 of reagent reservoir on slot C3, 'C1': C1 of reagent reservoir on slot C3, 'D1': D1 of reagent reservoir on slot C3, 'E1': E1 of reagent reservoir on slot C3, 'F1': F1 of reagent reservoir on slot C3, 'G1': G1 of reagent reservoir on slot C3, 'H1': H1 of reagent reservoir on slot C3, 'A2': A2 of reagent reservoir on slot C3, 'B2': B2 of reagent reservoir on slot C3, 'C2': C2 of reagent reservoir on slot C3, 'D2': D2 of reagent reservoir on slot C3, 'E2': E2 of reagent reservoir on slot C3, 'F2': F2 of reagent reservoir on slot C3, 'G2': G2 of reagent reservoir on slot C3, 'H2': H2 of reagent reservoir on slot C3, 'A3': A3 of reagent reservoir on slot C3, 'B3': B3 of reagent reservoir on slot C3, 'C3': C3 of reagent reservoir on slot C3, 'D3': D3 of reagent reservoir on slot C3, 'E3': E3 of reagent reservoir on slot C3, 'F3': F3 of reagent reservoir on slot C3, 'G3': G3 of reagent reservoir on slot C3, 'H3': H3 of reagent reservoir on slot C3, 'A4': A4 of reagent reservoir on slot C3, 'B4': B4 of reagent reservoir on slot C3, 'C4': C4 of reagent reservoir on slot C3, 'D4': D4 of reagent reservoir on slot C3, 'E4': E4 of reagent reservoir on slot C3, 'F4': F4 of reagent reservoir on slot C3, 'G4': G4 of reagent reservoir on slot C3, 'H4': H4 of reagent reservoir on slot C3, 'A5': A5 of reagent reservoir on slot C3, 'B5': B5 of reagent reservoir on slot C3, 'C5': C5 of reagent reservoir on slot C3, 'D5': D5 of reagent reservoir on slot C3, 'E5': E5 of reagent reservoir on slot C3, 'F5': F5 of reagent reservoir on slot C3, 'G5': G5 of reagent reservoir on slot C3, 'H5': H5 of reagent reservoir on slot C3, 'A6': A6 of reagent reservoir on slot C3, 'B6': B6 of reagent reservoir on slot C3, 'C6': C6 of reagent reservoir on slot C3, 'D6': D6 of reagent reservoir on slot C3, 'E6': E6 of reagent reservoir on slot C3, 'F6': F6 of reagent reservoir on slot C3, 'G6': G6 of reagent reservoir on slot C3, 'H6': H6 of reagent reservoir on slot C3, 'A7': A7 of reagent reservoir on slot C3, 'B7': B7 of reagent reservoir on slot C3, 'C7': C7 of reagent reservoir on slot C3, 'D7': D7 of reagent reservoir on slot C3, 'E7': E7 of reagent reservoir on slot C3, 'F7': F7 of reagent reservoir on slot C3, 'G7': G7 of reagent reservoir on slot C3, 'H7': H7 of reagent reservoir on slot C3, 'A8': A8 of reagent reservoir on slot C3, 'B8': B8 of reagent reservoir on slot C3, 'C8': C8 of reagent reservoir on slot C3, 'D8': D8 of reagent reservoir on slot C3, 'E8': E8 of reagent reservoir on slot C3, 'F8': F8 of reagent reservoir on slot C3, 'G8': G8 of reagent reservoir on slot C3, 'H8': H8 of reagent reservoir on slot C3, 'A9': A9 of reagent reservoir on slot C3, 'B9': B9 of reagent reservoir on slot C3, 'C9': C9 of reagent reservoir on slot C3, 'D9': D9 of reagent reservoir on slot C3, 'E9': E9 of reagent reservoir on slot C3, 'F9': F9 of reagent reservoir on slot C3, 'G9': G9 of reagent reservoir on slot C3, 'H9': H9 of reagent reservoir on slot C3, 'A10': A10 of reagent reservoir on slot C3, 'B10': B10 of reagent reservoir on slot C3, 'C10': C10 of reagent reservoir on slot C3, 'D10': D10 of reagent reservoir on slot C3, 'E10': E10 of reagent reservoir on slot C3, 'F10': F10 of reagent reservoir on slot C3, 'G10': G10 of reagent reservoir on slot C3, 'H10': H10 of reagent reservoir on slot C3, 'A11': A11 of reagent reservoir on slot C3, 'B11': B11 of reagent reservoir on slot C3, 'C11': C11 of reagent reservoir on slot C3, 'D11': D11 of reagent reservoir on slot C3, 'E11': E11 of reagent reservoir on slot C3, 'F11': F11 of reagent reservoir on slot C3, 'G11': G11 of reagent reservoir on slot C3, 'H11': H11 of reagent reservoir on slot C3, 'A12': A12 of reagent reservoir on slot C3, 'B12': B12 of reagent reservoir on slot C3, 'C12': C12 of reagent reservoir on slot C3, 'D12': D12 of reagent reservoir on slot C3, 'E12': E12 of reagent reservoir on slot C3, 'F12': F12 of reagent reservoir on slot C3, 'G12': G12 of reagent reservoir on slot C3, 'H12': H12 of reagent reservoir on slot C3}
Loading liquid into {'A1': A1 of reagent reservoir on slot C3, 'B1': B1 of reagent reservoir on slot C3, 'C1': C1 of reagent reservoir on slot C3, 'D1': D1 of reagent reservoir on slot C3, 'E1': E1 of reagent reservoir on slot C3, 'F1': F1 of reagent reservoir on slot C3, 'G1': G1 of reagent reservoir on slot C3, 'H1': H1 of reagent reservoir on slot C3, 'A2': A2 of reagent reservoir on slot C3, 'B2': B2 of reagent reservoir on slot C3, 'C2': C2 of reagent reservoir on slot C3, 'D2': D2 of reagent reservoir on slot C3, 'E2': E2 of reagent reservoir on slot C3, 'F2': F2 of reagent reservoir on slot C3, 'G2': G2 of reagent reservoir on slot C3, 'H2': H2 of reagent reservoir on slot C3, 'A3': A3 of reagent reservoir on slot C3, 'B3': B3 of reagent reservoir on slot C3, 'C3': C3 of reagent reservoir on slot C3, 'D3': D3 of reagent reservoir on slot C3, 'E3': E3 of reagent reservoir on slot C3, 'F3': F3 of reagent reservoir on slot C3, 'G3': G3 of reagent reservoir on slot C3, 'H3': H3 of reagent reservoir on slot C3, 'A4': A4 of reagent reservoir on slot C3, 'B4': B4 of reagent reservoir on slot C3, 'C4': C4 of reagent reservoir on slot C3, 'D4': D4 of reagent reservoir on slot C3, 'E4': E4 of reagent reservoir on slot C3, 'F4': F4 of reagent reservoir on slot C3, 'G4': G4 of reagent reservoir on slot C3, 'H4': H4 of reagent reservoir on slot C3, 'A5': A5 of reagent reservoir on slot C3, 'B5': B5 of reagent reservoir on slot C3, 'C5': C5 of reagent reservoir on slot C3, 'D5': D5 of reagent reservoir on slot C3, 'E5': E5 of reagent reservoir on slot C3, 'F5': F5 of reagent reservoir on slot C3, 'G5': G5 of reagent reservoir on slot C3, 'H5': H5 of reagent reservoir on slot C3, 'A6': A6 of reagent reservoir on slot C3, 'B6': B6 of reagent reservoir on slot C3, 'C6': C6 of reagent reservoir on slot C3, 'D6': D6 of reagent reservoir on slot C3, 'E6': E6 of reagent reservoir on slot C3, 'F6': F6 of reagent reservoir on slot C3, 'G6': G6 of reagent reservoir on slot C3, 'H6': H6 of reagent reservoir on slot C3, 'A7': A7 of reagent reservoir on slot C3, 'B7': B7 of reagent reservoir on slot C3, 'C7': C7 of reagent reservoir on slot C3, 'D7': D7 of reagent reservoir on slot C3, 'E7': E7 of reagent reservoir on slot C3, 'F7': F7 of reagent reservoir on slot C3, 'G7': G7 of reagent reservoir on slot C3, 'H7': H7 of reagent reservoir on slot C3, 'A8': A8 of reagent reservoir on slot C3, 'B8': B8 of reagent reservoir on slot C3, 'C8': C8 of reagent reservoir on slot C3, 'D8': D8 of reagent reservoir on slot C3, 'E8': E8 of reagent reservoir on slot C3, 'F8': F8 of reagent reservoir on slot C3, 'G8': G8 of reagent reservoir on slot C3, 'H8': H8 of reagent reservoir on slot C3, 'A9': A9 of reagent reservoir on slot C3, 'B9': B9 of reagent reservoir on slot C3, 'C9': C9 of reagent reservoir on slot C3, 'D9': D9 of reagent reservoir on slot C3, 'E9': E9 of reagent reservoir on slot C3, 'F9': F9 of reagent reservoir on slot C3, 'G9': G9 of reagent reservoir on slot C3, 'H9': H9 of reagent reservoir on slot C3, 'A10': A10 of reagent reservoir on slot C3, 'B10': B10 of reagent reservoir on slot C3, 'C10': C10 of reagent reservoir on slot C3, 'D10': D10 of reagent reservoir on slot C3, 'E10': E10 of reagent reservoir on slot C3, 'F10': F10 of reagent reservoir on slot C3, 'G10': G10 of reagent reservoir on slot C3, 'H10': H10 of reagent reservoir on slot C3, 'A11': A11 of reagent reservoir on slot C3, 'B11': B11 of reagent reservoir on slot C3, 'C11': C11 of reagent reservoir on slot C3, 'D11': D11 of reagent reservoir on slot C3, 'E11': E11 of reagent reservoir on slot C3, 'F11': F11 of reagent reservoir on slot C3, 'G11': G11 of reagent reservoir on slot C3, 'H11': H11 of reagent reservoir on slot C3, 'A12': A12 of reagent reservoir on slot C3, 'B12': B12 of reagent reservoir on slot C3, 'C12': C12 of reagent reservoir on slot C3, 'D12': D12 of reagent reservoir on slot C3, 'E12': E12 of reagent reservoir on slot C3, 'F12': F12 of reagent reservoir on slot C3, 'G12': G12 of reagent reservoir on slot C3, 'H12': H12 of reagent reservoir on slot C3}
Loading liquid into {'A1': A1 of reagent reservoir on slot C3, 'B1': B1 of reagent reservoir on slot C3, 'C1': C1 of reagent reservoir on slot C3, 'D1': D1 of reagent reservoir on slot C3, 'E1': E1 of reagent reservoir on slot C3, 'F1': F1 of reagent reservoir on slot C3, 'G1': G1 of reagent reservoir on slot C3, 'H1': H1 of reagent reservoir on slot C3, 'A2': A2 of reagent reservoir on slot C3, 'B2': B2 of reagent reservoir on slot C3, 'C2': C2 of reagent reservoir on slot C3, 'D2': D2 of reagent reservoir on slot C3, 'E2': E2 of reagent reservoir on slot C3, 'F2': F2 of reagent reservoir on slot C3, 'G2': G2 of reagent reservoir on slot C3, 'H2': H2 of reagent reservoir on slot C3, 'A3': A3 of reagent reservoir on slot C3, 'B3': B3 of reagent reservoir on slot C3, 'C3': C3 of reagent reservoir on slot C3, 'D3': D3 of reagent reservoir on slot C3, 'E3': E3 of reagent reservoir on slot C3, 'F3': F3 of reagent reservoir on slot C3, 'G3': G3 of reagent reservoir on slot C3, 'H3': H3 of reagent reservoir on slot C3, 'A4': A4 of reagent reservoir on slot C3, 'B4': B4 of reagent reservoir on slot C3, 'C4': C4 of reagent reservoir on slot C3, 'D4': D4 of reagent reservoir on slot C3, 'E4': E4 of reagent reservoir on slot C3, 'F4': F4 of reagent reservoir on slot C3, 'G4': G4 of reagent reservoir on slot C3, 'H4': H4 of reagent reservoir on slot C3, 'A5': A5 of reagent reservoir on slot C3, 'B5': B5 of reagent reservoir on slot C3, 'C5': C5 of reagent reservoir on slot C3, 'D5': D5 of reagent reservoir on slot C3, 'E5': E5 of reagent reservoir on slot C3, 'F5': F5 of reagent reservoir on slot C3, 'G5': G5 of reagent reservoir on slot C3, 'H5': H5 of reagent reservoir on slot C3, 'A6': A6 of reagent reservoir on slot C3, 'B6': B6 of reagent reservoir on slot C3, 'C6': C6 of reagent reservoir on slot C3, 'D6': D6 of reagent reservoir on slot C3, 'E6': E6 of reagent reservoir on slot C3, 'F6': F6 of reagent reservoir on slot C3, 'G6': G6 of reagent reservoir on slot C3, 'H6': H6 of reagent reservoir on slot C3, 'A7': A7 of reagent reservoir on slot C3, 'B7': B7 of reagent reservoir on slot C3, 'C7': C7 of reagent reservoir on slot C3, 'D7': D7 of reagent reservoir on slot C3, 'E7': E7 of reagent reservoir on slot C3, 'F7': F7 of reagent reservoir on slot C3, 'G7': G7 of reagent reservoir on slot C3, 'H7': H7 of reagent reservoir on slot C3, 'A8': A8 of reagent reservoir on slot C3, 'B8': B8 of reagent reservoir on slot C3, 'C8': C8 of reagent reservoir on slot C3, 'D8': D8 of reagent reservoir on slot C3, 'E8': E8 of reagent reservoir on slot C3, 'F8': F8 of reagent reservoir on slot C3, 'G8': G8 of reagent reservoir on slot C3, 'H8': H8 of reagent reservoir on slot C3, 'A9': A9 of reagent reservoir on slot C3, 'B9': B9 of reagent reservoir on slot C3, 'C9': C9 of reagent reservoir on slot C3, 'D9': D9 of reagent reservoir on slot C3, 'E9': E9 of reagent reservoir on slot C3, 'F9': F9 of reagent reservoir on slot C3, 'G9': G9 of reagent reservoir on slot C3, 'H9': H9 of reagent reservoir on slot C3, 'A10': A10 of reagent reservoir on slot C3, 'B10': B10 of reagent reservoir on slot C3, 'C10': C10 of reagent reservoir on slot C3, 'D10': D10 of reagent reservoir on slot C3, 'E10': E10 of reagent reservoir on slot C3, 'F10': F10 of reagent reservoir on slot C3, 'G10': G10 of reagent reservoir on slot C3, 'H10': H10 of reagent reservoir on slot C3, 'A11': A11 of reagent reservoir on slot C3, 'B11': B11 of reagent reservoir on slot C3, 'C11': C11 of reagent reservoir on slot C3, 'D11': D11 of reagent reservoir on slot C3, 'E11': E11 of reagent reservoir on slot C3, 'F11': F11 of reagent reservoir on slot C3, 'G11': G11 of reagent reservoir on slot C3, 'H11': H11 of reagent reservoir on slot C3, 'A12': A12 of reagent reservoir on slot C3, 'B12': B12 of reagent reservoir on slot C3, 'C12': C12 of reagent reservoir on slot C3, 'D12': D12 of reagent reservoir on slot C3, 'E12': E12 of reagent reservoir on slot C3, 'F12': F12 of reagent reservoir on slot C3, 'G12': G12 of reagent reservoir on slot C3, 'H12': H12 of reagent reservoir on slot C3}
Loading liquid into {'A1': A1 of reagent reservoir on slot C3, 'B1': B1 of reagent reservoir on slot C3, 'C1': C1 of reagent reservoir on slot C3, 'D1': D1 of reagent reservoir on slot C3, 'E1': E1 of reagent reservoir on slot C3, 'F1': F1 of reagent reservoir on slot C3, 'G1': G1 of reagent reservoir on slot C3, 'H1': H1 of reagent reservoir on slot C3, 'A2': A2 of reagent reservoir on slot C3, 'B2': B2 of reagent reservoir on slot C3, 'C2': C2 of reagent reservoir on slot C3, 'D2': D2 of reagent reservoir on slot C3, 'E2': E2 of reagent reservoir on slot C3, 'F2': F2 of reagent reservoir on slot C3, 'G2': G2 of reagent reservoir on slot C3, 'H2': H2 of reagent reservoir on slot C3, 'A3': A3 of reagent reservoir on slot C3, 'B3': B3 of reagent reservoir on slot C3, 'C3': C3 of reagent reservoir on slot C3, 'D3': D3 of reagent reservoir on slot C3, 'E3': E3 of reagent reservoir on slot C3, 'F3': F3 of reagent reservoir on slot C3, 'G3': G3 of reagent reservoir on slot C3, 'H3': H3 of reagent reservoir on slot C3, 'A4': A4 of reagent reservoir on slot C3, 'B4': B4 of reagent reservoir on slot C3, 'C4': C4 of reagent reservoir on slot C3, 'D4': D4 of reagent reservoir on slot C3, 'E4': E4 of reagent reservoir on slot C3, 'F4': F4 of reagent reservoir on slot C3, 'G4': G4 of reagent reservoir on slot C3, 'H4': H4 of reagent reservoir on slot C3, 'A5': A5 of reagent reservoir on slot C3, 'B5': B5 of reagent reservoir on slot C3, 'C5': C5 of reagent reservoir on slot C3, 'D5': D5 of reagent reservoir on slot C3, 'E5': E5 of reagent reservoir on slot C3, 'F5': F5 of reagent reservoir on slot C3, 'G5': G5 of reagent reservoir on slot C3, 'H5': H5 of reagent reservoir on slot C3, 'A6': A6 of reagent reservoir on slot C3, 'B6': B6 of reagent reservoir on slot C3, 'C6': C6 of reagent reservoir on slot C3, 'D6': D6 of reagent reservoir on slot C3, 'E6': E6 of reagent reservoir on slot C3, 'F6': F6 of reagent reservoir on slot C3, 'G6': G6 of reagent reservoir on slot C3, 'H6': H6 of reagent reservoir on slot C3, 'A7': A7 of reagent reservoir on slot C3, 'B7': B7 of reagent reservoir on slot C3, 'C7': C7 of reagent reservoir on slot C3, 'D7': D7 of reagent reservoir on slot C3, 'E7': E7 of reagent reservoir on slot C3, 'F7': F7 of reagent reservoir on slot C3, 'G7': G7 of reagent reservoir on slot C3, 'H7': H7 of reagent reservoir on slot C3, 'A8': A8 of reagent reservoir on slot C3, 'B8': B8 of reagent reservoir on slot C3, 'C8': C8 of reagent reservoir on slot C3, 'D8': D8 of reagent reservoir on slot C3, 'E8': E8 of reagent reservoir on slot C3, 'F8': F8 of reagent reservoir on slot C3, 'G8': G8 of reagent reservoir on slot C3, 'H8': H8 of reagent reservoir on slot C3, 'A9': A9 of reagent reservoir on slot C3, 'B9': B9 of reagent reservoir on slot C3, 'C9': C9 of reagent reservoir on slot C3, 'D9': D9 of reagent reservoir on slot C3, 'E9': E9 of reagent reservoir on slot C3, 'F9': F9 of reagent reservoir on slot C3, 'G9': G9 of reagent reservoir on slot C3, 'H9': H9 of reagent reservoir on slot C3, 'A10': A10 of reagent reservoir on slot C3, 'B10': B10 of reagent reservoir on slot C3, 'C10': C10 of reagent reservoir on slot C3, 'D10': D10 of reagent reservoir on slot C3, 'E10': E10 of reagent reservoir on slot C3, 'F10': F10 of reagent reservoir on slot C3, 'G10': G10 of reagent reservoir on slot C3, 'H10': H10 of reagent reservoir on slot C3, 'A11': A11 of reagent reservoir on slot C3, 'B11': B11 of reagent reservoir on slot C3, 'C11': C11 of reagent reservoir on slot C3, 'D11': D11 of reagent reservoir on slot C3, 'E11': E11 of reagent reservoir on slot C3, 'F11': F11 of reagent reservoir on slot C3, 'G11': G11 of reagent reservoir on slot C3, 'H11': H11 of reagent reservoir on slot C3, 'A12': A12 of reagent reservoir on slot C3, 'B12': B12 of reagent reservoir on slot C3, 'C12': C12 of reagent reservoir on slot C3, 'D12': D12 of reagent reservoir on slot C3, 'E12': E12 of reagent reservoir on slot C3, 'F12': F12 of reagent reservoir on slot C3, 'G12': G12 of reagent reservoir on slot C3, 'H12': H12 of reagent reservoir on slot C3}
Loading liquid into {'A1': A1 of reagent reservoir on slot C3, 'B1': B1 of reagent reservoir on slot C3, 'C1': C1 of reagent reservoir on slot C3, 'D1': D1 of reagent reservoir on slot C3, 'E1': E1 of reagent reservoir on slot C3, 'F1': F1 of reagent reservoir on slot C3, 'G1': G1 of reagent reservoir on slot C3, 'H1': H1 of reagent reservoir on slot C3, 'A2': A2 of reagent reservoir on slot C3, 'B2': B2 of reagent reservoir on slot C3, 'C2': C2 of reagent reservoir on slot C3, 'D2': D2 of reagent reservoir on slot C3, 'E2': E2 of reagent reservoir on slot C3, 'F2': F2 of reagent reservoir on slot C3, 'G2': G2 of reagent reservoir on slot C3, 'H2': H2 of reagent reservoir on slot C3, 'A3': A3 of reagent reservoir on slot C3, 'B3': B3 of reagent reservoir on slot C3, 'C3': C3 of reagent reservoir on slot C3, 'D3': D3 of reagent reservoir on slot C3, 'E3': E3 of reagent reservoir on slot C3, 'F3': F3 of reagent reservoir on slot C3, 'G3': G3 of reagent reservoir on slot C3, 'H3': H3 of reagent reservoir on slot C3, 'A4': A4 of reagent reservoir on slot C3, 'B4': B4 of reagent reservoir on slot C3, 'C4': C4 of reagent reservoir on slot C3, 'D4': D4 of reagent reservoir on slot C3, 'E4': E4 of reagent reservoir on slot C3, 'F4': F4 of reagent reservoir on slot C3, 'G4': G4 of reagent reservoir on slot C3, 'H4': H4 of reagent reservoir on slot C3, 'A5': A5 of reagent reservoir on slot C3, 'B5': B5 of reagent reservoir on slot C3, 'C5': C5 of reagent reservoir on slot C3, 'D5': D5 of reagent reservoir on slot C3, 'E5': E5 of reagent reservoir on slot C3, 'F5': F5 of reagent reservoir on slot C3, 'G5': G5 of reagent reservoir on slot C3, 'H5': H5 of reagent reservoir on slot C3, 'A6': A6 of reagent reservoir on slot C3, 'B6': B6 of reagent reservoir on slot C3, 'C6': C6 of reagent reservoir on slot C3, 'D6': D6 of reagent reservoir on slot C3, 'E6': E6 of reagent reservoir on slot C3, 'F6': F6 of reagent reservoir on slot C3, 'G6': G6 of reagent reservoir on slot C3, 'H6': H6 of reagent reservoir on slot C3, 'A7': A7 of reagent reservoir on slot C3, 'B7': B7 of reagent reservoir on slot C3, 'C7': C7 of reagent reservoir on slot C3, 'D7': D7 of reagent reservoir on slot C3, 'E7': E7 of reagent reservoir on slot C3, 'F7': F7 of reagent reservoir on slot C3, 'G7': G7 of reagent reservoir on slot C3, 'H7': H7 of reagent reservoir on slot C3, 'A8': A8 of reagent reservoir on slot C3, 'B8': B8 of reagent reservoir on slot C3, 'C8': C8 of reagent reservoir on slot C3, 'D8': D8 of reagent reservoir on slot C3, 'E8': E8 of reagent reservoir on slot C3, 'F8': F8 of reagent reservoir on slot C3, 'G8': G8 of reagent reservoir on slot C3, 'H8': H8 of reagent reservoir on slot C3, 'A9': A9 of reagent reservoir on slot C3, 'B9': B9 of reagent reservoir on slot C3, 'C9': C9 of reagent reservoir on slot C3, 'D9': D9 of reagent reservoir on slot C3, 'E9': E9 of reagent reservoir on slot C3, 'F9': F9 of reagent reservoir on slot C3, 'G9': G9 of reagent reservoir on slot C3, 'H9': H9 of reagent reservoir on slot C3, 'A10': A10 of reagent reservoir on slot C3, 'B10': B10 of reagent reservoir on slot C3, 'C10': C10 of reagent reservoir on slot C3, 'D10': D10 of reagent reservoir on slot C3, 'E10': E10 of reagent reservoir on slot C3, 'F10': F10 of reagent reservoir on slot C3, 'G10': G10 of reagent reservoir on slot C3, 'H10': H10 of reagent reservoir on slot C3, 'A11': A11 of reagent reservoir on slot C3, 'B11': B11 of reagent reservoir on slot C3, 'C11': C11 of reagent reservoir on slot C3, 'D11': D11 of reagent reservoir on slot C3, 'E11': E11 of reagent reservoir on slot C3, 'F11': F11 of reagent reservoir on slot C3, 'G11': G11 of reagent reservoir on slot C3, 'H11': H11 of reagent reservoir on slot C3, 'A12': A12 of reagent reservoir on slot C3, 'B12': B12 of reagent reservoir on slot C3, 'C12': C12 of reagent reservoir on slot C3, 'D12': D12 of reagent reservoir on slot C3, 'E12': E12 of reagent reservoir on slot C3, 'F12': F12 of reagent reservoir on slot C3, 'G12': G12 of reagent reservoir on slot C3, 'H12': H12 of reagent reservoir on slot C3}
Loading liquid into {'A1': A1 of reagent reservoir on slot C3, 'B1': B1 of reagent reservoir on slot C3, 'C1': C1 of reagent reservoir on slot C3, 'D1': D1 of reagent reservoir on slot C3, 'E1': E1 of reagent reservoir on slot C3, 'F1': F1 of reagent reservoir on slot C3, 'G1': G1 of reagent reservoir on slot C3, 'H1': H1 of reagent reservoir on slot C3, 'A2': A2 of reagent reservoir on slot C3, 'B2': B2 of reagent reservoir on slot C3, 'C2': C2 of reagent reservoir on slot C3, 'D2': D2 of reagent reservoir on slot C3, 'E2': E2 of reagent reservoir on slot C3, 'F2': F2 of reagent reservoir on slot C3, 'G2': G2 of reagent reservoir on slot C3, 'H2': H2 of reagent reservoir on slot C3, 'A3': A3 of reagent reservoir on slot C3, 'B3': B3 of reagent reservoir on slot C3, 'C3': C3 of reagent reservoir on slot C3, 'D3': D3 of reagent reservoir on slot C3, 'E3': E3 of reagent reservoir on slot C3, 'F3': F3 of reagent reservoir on slot C3, 'G3': G3 of reagent reservoir on slot C3, 'H3': H3 of reagent reservoir on slot C3, 'A4': A4 of reagent reservoir on slot C3, 'B4': B4 of reagent reservoir on slot C3, 'C4': C4 of reagent reservoir on slot C3, 'D4': D4 of reagent reservoir on slot C3, 'E4': E4 of reagent reservoir on slot C3, 'F4': F4 of reagent reservoir on slot C3, 'G4': G4 of reagent reservoir on slot C3, 'H4': H4 of reagent reservoir on slot C3, 'A5': A5 of reagent reservoir on slot C3, 'B5': B5 of reagent reservoir on slot C3, 'C5': C5 of reagent reservoir on slot C3, 'D5': D5 of reagent reservoir on slot C3, 'E5': E5 of reagent reservoir on slot C3, 'F5': F5 of reagent reservoir on slot C3, 'G5': G5 of reagent reservoir on slot C3, 'H5': H5 of reagent reservoir on slot C3, 'A6': A6 of reagent reservoir on slot C3, 'B6': B6 of reagent reservoir on slot C3, 'C6': C6 of reagent reservoir on slot C3, 'D6': D6 of reagent reservoir on slot C3, 'E6': E6 of reagent reservoir on slot C3, 'F6': F6 of reagent reservoir on slot C3, 'G6': G6 of reagent reservoir on slot C3, 'H6': H6 of reagent reservoir on slot C3, 'A7': A7 of reagent reservoir on slot C3, 'B7': B7 of reagent reservoir on slot C3, 'C7': C7 of reagent reservoir on slot C3, 'D7': D7 of reagent reservoir on slot C3, 'E7': E7 of reagent reservoir on slot C3, 'F7': F7 of reagent reservoir on slot C3, 'G7': G7 of reagent reservoir on slot C3, 'H7': H7 of reagent reservoir on slot C3, 'A8': A8 of reagent reservoir on slot C3, 'B8': B8 of reagent reservoir on slot C3, 'C8': C8 of reagent reservoir on slot C3, 'D8': D8 of reagent reservoir on slot C3, 'E8': E8 of reagent reservoir on slot C3, 'F8': F8 of reagent reservoir on slot C3, 'G8': G8 of reagent reservoir on slot C3, 'H8': H8 of reagent reservoir on slot C3, 'A9': A9 of reagent reservoir on slot C3, 'B9': B9 of reagent reservoir on slot C3, 'C9': C9 of reagent reservoir on slot C3, 'D9': D9 of reagent reservoir on slot C3, 'E9': E9 of reagent reservoir on slot C3, 'F9': F9 of reagent reservoir on slot C3, 'G9': G9 of reagent reservoir on slot C3, 'H9': H9 of reagent reservoir on slot C3, 'A10': A10 of reagent reservoir on slot C3, 'B10': B10 of reagent reservoir on slot C3, 'C10': C10 of reagent reservoir on slot C3, 'D10': D10 of reagent reservoir on slot C3, 'E10': E10 of reagent reservoir on slot C3, 'F10': F10 of reagent reservoir on slot C3, 'G10': G10 of reagent reservoir on slot C3, 'H10': H10 of reagent reservoir on slot C3, 'A11': A11 of reagent reservoir on slot C3, 'B11': B11 of reagent reservoir on slot C3, 'C11': C11 of reagent reservoir on slot C3, 'D11': D11 of reagent reservoir on slot C3, 'E11': E11 of reagent reservoir on slot C3, 'F11': F11 of reagent reservoir on slot C3, 'G11': G11 of reagent reservoir on slot C3, 'H11': H11 of reagent reservoir on slot C3, 'A12': A12 of reagent reservoir on slot C3, 'B12': B12 of reagent reservoir on slot C3, 'C12': C12 of reagent reservoir on slot C3, 'D12': D12 of reagent reservoir on slot C3, 'E12': E12 of reagent reservoir on slot C3, 'F12': F12 of reagent reservoir on slot C3, 'G12': G12 of reagent reservoir on slot C3, 'H12': H12 of reagent reservoir on slot C3}
Loading liquid into {'A1': A1 of reagent reservoir on slot C3, 'B1': B1 of reagent reservoir on slot C3, 'C1': C1 of reagent reservoir on slot C3, 'D1': D1 of reagent reservoir on slot C3, 'E1': E1 of reagent reservoir on slot C3, 'F1': F1 of reagent reservoir on slot C3, 'G1': G1 of reagent reservoir on slot C3, 'H1': H1 of reagent reservoir on slot C3, 'A2': A2 of reagent reservoir on slot C3, 'B2': B2 of reagent reservoir on slot C3, 'C2': C2 of reagent reservoir on slot C3, 'D2': D2 of reagent reservoir on slot C3, 'E2': E2 of reagent reservoir on slot C3, 'F2': F2 of reagent reservoir on slot C3, 'G2': G2 of reagent reservoir on slot C3, 'H2': H2 of reagent reservoir on slot C3, 'A3': A3 of reagent reservoir on slot C3, 'B3': B3 of reagent reservoir on slot C3, 'C3': C3 of reagent reservoir on slot C3, 'D3': D3 of reagent reservoir on slot C3, 'E3': E3 of reagent reservoir on slot C3, 'F3': F3 of reagent reservoir on slot C3, 'G3': G3 of reagent reservoir on slot C3, 'H3': H3 of reagent reservoir on slot C3, 'A4': A4 of reagent reservoir on slot C3, 'B4': B4 of reagent reservoir on slot C3, 'C4': C4 of reagent reservoir on slot C3, 'D4': D4 of reagent reservoir on slot C3, 'E4': E4 of reagent reservoir on slot C3, 'F4': F4 of reagent reservoir on slot C3, 'G4': G4 of reagent reservoir on slot C3, 'H4': H4 of reagent reservoir on slot C3, 'A5': A5 of reagent reservoir on slot C3, 'B5': B5 of reagent reservoir on slot C3, 'C5': C5 of reagent reservoir on slot C3, 'D5': D5 of reagent reservoir on slot C3, 'E5': E5 of reagent reservoir on slot C3, 'F5': F5 of reagent reservoir on slot C3, 'G5': G5 of reagent reservoir on slot C3, 'H5': H5 of reagent reservoir on slot C3, 'A6': A6 of reagent reservoir on slot C3, 'B6': B6 of reagent reservoir on slot C3, 'C6': C6 of reagent reservoir on slot C3, 'D6': D6 of reagent reservoir on slot C3, 'E6': E6 of reagent reservoir on slot C3, 'F6': F6 of reagent reservoir on slot C3, 'G6': G6 of reagent reservoir on slot C3, 'H6': H6 of reagent reservoir on slot C3, 'A7': A7 of reagent reservoir on slot C3, 'B7': B7 of reagent reservoir on slot C3, 'C7': C7 of reagent reservoir on slot C3, 'D7': D7 of reagent reservoir on slot C3, 'E7': E7 of reagent reservoir on slot C3, 'F7': F7 of reagent reservoir on slot C3, 'G7': G7 of reagent reservoir on slot C3, 'H7': H7 of reagent reservoir on slot C3, 'A8': A8 of reagent reservoir on slot C3, 'B8': B8 of reagent reservoir on slot C3, 'C8': C8 of reagent reservoir on slot C3, 'D8': D8 of reagent reservoir on slot C3, 'E8': E8 of reagent reservoir on slot C3, 'F8': F8 of reagent reservoir on slot C3, 'G8': G8 of reagent reservoir on slot C3, 'H8': H8 of reagent reservoir on slot C3, 'A9': A9 of reagent reservoir on slot C3, 'B9': B9 of reagent reservoir on slot C3, 'C9': C9 of reagent reservoir on slot C3, 'D9': D9 of reagent reservoir on slot C3, 'E9': E9 of reagent reservoir on slot C3, 'F9': F9 of reagent reservoir on slot C3, 'G9': G9 of reagent reservoir on slot C3, 'H9': H9 of reagent reservoir on slot C3, 'A10': A10 of reagent reservoir on slot C3, 'B10': B10 of reagent reservoir on slot C3, 'C10': C10 of reagent reservoir on slot C3, 'D10': D10 of reagent reservoir on slot C3, 'E10': E10 of reagent reservoir on slot C3, 'F10': F10 of reagent reservoir on slot C3, 'G10': G10 of reagent reservoir on slot C3, 'H10': H10 of reagent reservoir on slot C3, 'A11': A11 of reagent reservoir on slot C3, 'B11': B11 of reagent reservoir on slot C3, 'C11': C11 of reagent reservoir on slot C3, 'D11': D11 of reagent reservoir on slot C3, 'E11': E11 of reagent reservoir on slot C3, 'F11': F11 of reagent reservoir on slot C3, 'G11': G11 of reagent reservoir on slot C3, 'H11': H11 of reagent reservoir on slot C3, 'A12': A12 of reagent reservoir on slot C3, 'B12': B12 of reagent reservoir on slot C3, 'C12': C12 of reagent reservoir on slot C3, 'D12': D12 of reagent reservoir on slot C3, 'E12': E12 of reagent reservoir on slot C3, 'F12': F12 of reagent reservoir on slot C3, 'G12': G12 of reagent reservoir on slot C3, 'H12': H12 of reagent reservoir on slot C3}
Loading liquid into {'A1': A1 of reagent reservoir on slot C3, 'B1': B1 of reagent reservoir on slot C3, 'C1': C1 of reagent reservoir on slot C3, 'D1': D1 of reagent reservoir on slot C3, 'E1': E1 of reagent reservoir on slot C3, 'F1': F1 of reagent reservoir on slot C3, 'G1': G1 of reagent reservoir on slot C3, 'H1': H1 of reagent reservoir on slot C3, 'A2': A2 of reagent reservoir on slot C3, 'B2': B2 of reagent reservoir on slot C3, 'C2': C2 of reagent reservoir on slot C3, 'D2': D2 of reagent reservoir on slot C3, 'E2': E2 of reagent reservoir on slot C3, 'F2': F2 of reagent reservoir on slot C3, 'G2': G2 of reagent reservoir on slot C3, 'H2': H2 of reagent reservoir on slot C3, 'A3': A3 of reagent reservoir on slot C3, 'B3': B3 of reagent reservoir on slot C3, 'C3': C3 of reagent reservoir on slot C3, 'D3': D3 of reagent reservoir on slot C3, 'E3': E3 of reagent reservoir on slot C3, 'F3': F3 of reagent reservoir on slot C3, 'G3': G3 of reagent reservoir on slot C3, 'H3': H3 of reagent reservoir on slot C3, 'A4': A4 of reagent reservoir on slot C3, 'B4': B4 of reagent reservoir on slot C3, 'C4': C4 of reagent reservoir on slot C3, 'D4': D4 of reagent reservoir on slot C3, 'E4': E4 of reagent reservoir on slot C3, 'F4': F4 of reagent reservoir on slot C3, 'G4': G4 of reagent reservoir on slot C3, 'H4': H4 of reagent reservoir on slot C3, 'A5': A5 of reagent reservoir on slot C3, 'B5': B5 of reagent reservoir on slot C3, 'C5': C5 of reagent reservoir on slot C3, 'D5': D5 of reagent reservoir on slot C3, 'E5': E5 of reagent reservoir on slot C3, 'F5': F5 of reagent reservoir on slot C3, 'G5': G5 of reagent reservoir on slot C3, 'H5': H5 of reagent reservoir on slot C3, 'A6': A6 of reagent reservoir on slot C3, 'B6': B6 of reagent reservoir on slot C3, 'C6': C6 of reagent reservoir on slot C3, 'D6': D6 of reagent reservoir on slot C3, 'E6': E6 of reagent reservoir on slot C3, 'F6': F6 of reagent reservoir on slot C3, 'G6': G6 of reagent reservoir on slot C3, 'H6': H6 of reagent reservoir on slot C3, 'A7': A7 of reagent reservoir on slot C3, 'B7': B7 of reagent reservoir on slot C3, 'C7': C7 of reagent reservoir on slot C3, 'D7': D7 of reagent reservoir on slot C3, 'E7': E7 of reagent reservoir on slot C3, 'F7': F7 of reagent reservoir on slot C3, 'G7': G7 of reagent reservoir on slot C3, 'H7': H7 of reagent reservoir on slot C3, 'A8': A8 of reagent reservoir on slot C3, 'B8': B8 of reagent reservoir on slot C3, 'C8': C8 of reagent reservoir on slot C3, 'D8': D8 of reagent reservoir on slot C3, 'E8': E8 of reagent reservoir on slot C3, 'F8': F8 of reagent reservoir on slot C3, 'G8': G8 of reagent reservoir on slot C3, 'H8': H8 of reagent reservoir on slot C3, 'A9': A9 of reagent reservoir on slot C3, 'B9': B9 of reagent reservoir on slot C3, 'C9': C9 of reagent reservoir on slot C3, 'D9': D9 of reagent reservoir on slot C3, 'E9': E9 of reagent reservoir on slot C3, 'F9': F9 of reagent reservoir on slot C3, 'G9': G9 of reagent reservoir on slot C3, 'H9': H9 of reagent reservoir on slot C3, 'A10': A10 of reagent reservoir on slot C3, 'B10': B10 of reagent reservoir on slot C3, 'C10': C10 of reagent reservoir on slot C3, 'D10': D10 of reagent reservoir on slot C3, 'E10': E10 of reagent reservoir on slot C3, 'F10': F10 of reagent reservoir on slot C3, 'G10': G10 of reagent reservoir on slot C3, 'H10': H10 of reagent reservoir on slot C3, 'A11': A11 of reagent reservoir on slot C3, 'B11': B11 of reagent reservoir on slot C3, 'C11': C11 of reagent reservoir on slot C3, 'D11': D11 of reagent reservoir on slot C3, 'E11': E11 of reagent reservoir on slot C3, 'F11': F11 of reagent reservoir on slot C3, 'G11': G11 of reagent reservoir on slot C3, 'H11': H11 of reagent reservoir on slot C3, 'A12': A12 of reagent reservoir on slot C3, 'B12': B12 of reagent reservoir on slot C3, 'C12': C12 of reagent reservoir on slot C3, 'D12': D12 of reagent reservoir on slot C3, 'E12': E12 of reagent reservoir on slot C3, 'F12': F12 of reagent reservoir on slot C3, 'G12': G12 of reagent reservoir on slot C3, 'H12': H12 of reagent reservoir on slot C3}
Loading liquid into {'A1': A1 of reagent reservoir on slot C3, 'B1': B1 of reagent reservoir on slot C3, 'C1': C1 of reagent reservoir on slot C3, 'D1': D1 of reagent reservoir on slot C3, 'E1': E1 of reagent reservoir on slot C3, 'F1': F1 of reagent reservoir on slot C3, 'G1': G1 of reagent reservoir on slot C3, 'H1': H1 of reagent reservoir on slot C3, 'A2': A2 of reagent reservoir on slot C3, 'B2': B2 of reagent reservoir on slot C3, 'C2': C2 of reagent reservoir on slot C3, 'D2': D2 of reagent reservoir on slot C3, 'E2': E2 of reagent reservoir on slot C3, 'F2': F2 of reagent reservoir on slot C3, 'G2': G2 of reagent reservoir on slot C3, 'H2': H2 of reagent reservoir on slot C3, 'A3': A3 of reagent reservoir on slot C3, 'B3': B3 of reagent reservoir on slot C3, 'C3': C3 of reagent reservoir on slot C3, 'D3': D3 of reagent reservoir on slot C3, 'E3': E3 of reagent reservoir on slot C3, 'F3': F3 of reagent reservoir on slot C3, 'G3': G3 of reagent reservoir on slot C3, 'H3': H3 of reagent reservoir on slot C3, 'A4': A4 of reagent reservoir on slot C3, 'B4': B4 of reagent reservoir on slot C3, 'C4': C4 of reagent reservoir on slot C3, 'D4': D4 of reagent reservoir on slot C3, 'E4': E4 of reagent reservoir on slot C3, 'F4': F4 of reagent reservoir on slot C3, 'G4': G4 of reagent reservoir on slot C3, 'H4': H4 of reagent reservoir on slot C3, 'A5': A5 of reagent reservoir on slot C3, 'B5': B5 of reagent reservoir on slot C3, 'C5': C5 of reagent reservoir on slot C3, 'D5': D5 of reagent reservoir on slot C3, 'E5': E5 of reagent reservoir on slot C3, 'F5': F5 of reagent reservoir on slot C3, 'G5': G5 of reagent reservoir on slot C3, 'H5': H5 of reagent reservoir on slot C3, 'A6': A6 of reagent reservoir on slot C3, 'B6': B6 of reagent reservoir on slot C3, 'C6': C6 of reagent reservoir on slot C3, 'D6': D6 of reagent reservoir on slot C3, 'E6': E6 of reagent reservoir on slot C3, 'F6': F6 of reagent reservoir on slot C3, 'G6': G6 of reagent reservoir on slot C3, 'H6': H6 of reagent reservoir on slot C3, 'A7': A7 of reagent reservoir on slot C3, 'B7': B7 of reagent reservoir on slot C3, 'C7': C7 of reagent reservoir on slot C3, 'D7': D7 of reagent reservoir on slot C3, 'E7': E7 of reagent reservoir on slot C3, 'F7': F7 of reagent reservoir on slot C3, 'G7': G7 of reagent reservoir on slot C3, 'H7': H7 of reagent reservoir on slot C3, 'A8': A8 of reagent reservoir on slot C3, 'B8': B8 of reagent reservoir on slot C3, 'C8': C8 of reagent reservoir on slot C3, 'D8': D8 of reagent reservoir on slot C3, 'E8': E8 of reagent reservoir on slot C3, 'F8': F8 of reagent reservoir on slot C3, 'G8': G8 of reagent reservoir on slot C3, 'H8': H8 of reagent reservoir on slot C3, 'A9': A9 of reagent reservoir on slot C3, 'B9': B9 of reagent reservoir on slot C3, 'C9': C9 of reagent reservoir on slot C3, 'D9': D9 of reagent reservoir on slot C3, 'E9': E9 of reagent reservoir on slot C3, 'F9': F9 of reagent reservoir on slot C3, 'G9': G9 of reagent reservoir on slot C3, 'H9': H9 of reagent reservoir on slot C3, 'A10': A10 of reagent reservoir on slot C3, 'B10': B10 of reagent reservoir on slot C3, 'C10': C10 of reagent reservoir on slot C3, 'D10': D10 of reagent reservoir on slot C3, 'E10': E10 of reagent reservoir on slot C3, 'F10': F10 of reagent reservoir on slot C3, 'G10': G10 of reagent reservoir on slot C3, 'H10': H10 of reagent reservoir on slot C3, 'A11': A11 of reagent reservoir on slot C3, 'B11': B11 of reagent reservoir on slot C3, 'C11': C11 of reagent reservoir on slot C3, 'D11': D11 of reagent reservoir on slot C3, 'E11': E11 of reagent reservoir on slot C3, 'F11': F11 of reagent reservoir on slot C3, 'G11': G11 of reagent reservoir on slot C3, 'H11': H11 of reagent reservoir on slot C3, 'A12': A12 of reagent reservoir on slot C3, 'B12': B12 of reagent reservoir on slot C3, 'C12': C12 of reagent reservoir on slot C3, 'D12': D12 of reagent reservoir on slot C3, 'E12': E12 of reagent reservoir on slot C3, 'F12': F12 of reagent reservoir on slot C3, 'G12': G12 of reagent reservoir on slot C3, 'H12': H12 of reagent reservoir on slot C3}
Loading liquid into {'A1': A1 of reagent reservoir on slot C3, 'B1': B1 of reagent reservoir on slot C3, 'C1': C1 of reagent reservoir on slot C3, 'D1': D1 of reagent reservoir on slot C3, 'E1': E1 of reagent reservoir on slot C3, 'F1': F1 of reagent reservoir on slot C3, 'G1': G1 of reagent reservoir on slot C3, 'H1': H1 of reagent reservoir on slot C3, 'A2': A2 of reagent reservoir on slot C3, 'B2': B2 of reagent reservoir on slot C3, 'C2': C2 of reagent reservoir on slot C3, 'D2': D2 of reagent reservoir on slot C3, 'E2': E2 of reagent reservoir on slot C3, 'F2': F2 of reagent reservoir on slot C3, 'G2': G2 of reagent reservoir on slot C3, 'H2': H2 of reagent reservoir on slot C3, 'A3': A3 of reagent reservoir on slot C3, 'B3': B3 of reagent reservoir on slot C3, 'C3': C3 of reagent reservoir on slot C3, 'D3': D3 of reagent reservoir on slot C3, 'E3': E3 of reagent reservoir on slot C3, 'F3': F3 of reagent reservoir on slot C3, 'G3': G3 of reagent reservoir on slot C3, 'H3': H3 of reagent reservoir on slot C3, 'A4': A4 of reagent reservoir on slot C3, 'B4': B4 of reagent reservoir on slot C3, 'C4': C4 of reagent reservoir on slot C3, 'D4': D4 of reagent reservoir on slot C3, 'E4': E4 of reagent reservoir on slot C3, 'F4': F4 of reagent reservoir on slot C3, 'G4': G4 of reagent reservoir on slot C3, 'H4': H4 of reagent reservoir on slot C3, 'A5': A5 of reagent reservoir on slot C3, 'B5': B5 of reagent reservoir on slot C3, 'C5': C5 of reagent reservoir on slot C3, 'D5': D5 of reagent reservoir on slot C3, 'E5': E5 of reagent reservoir on slot C3, 'F5': F5 of reagent reservoir on slot C3, 'G5': G5 of reagent reservoir on slot C3, 'H5': H5 of reagent reservoir on slot C3, 'A6': A6 of reagent reservoir on slot C3, 'B6': B6 of reagent reservoir on slot C3, 'C6': C6 of reagent reservoir on slot C3, 'D6': D6 of reagent reservoir on slot C3, 'E6': E6 of reagent reservoir on slot C3, 'F6': F6 of reagent reservoir on slot C3, 'G6': G6 of reagent reservoir on slot C3, 'H6': H6 of reagent reservoir on slot C3, 'A7': A7 of reagent reservoir on slot C3, 'B7': B7 of reagent reservoir on slot C3, 'C7': C7 of reagent reservoir on slot C3, 'D7': D7 of reagent reservoir on slot C3, 'E7': E7 of reagent reservoir on slot C3, 'F7': F7 of reagent reservoir on slot C3, 'G7': G7 of reagent reservoir on slot C3, 'H7': H7 of reagent reservoir on slot C3, 'A8': A8 of reagent reservoir on slot C3, 'B8': B8 of reagent reservoir on slot C3, 'C8': C8 of reagent reservoir on slot C3, 'D8': D8 of reagent reservoir on slot C3, 'E8': E8 of reagent reservoir on slot C3, 'F8': F8 of reagent reservoir on slot C3, 'G8': G8 of reagent reservoir on slot C3, 'H8': H8 of reagent reservoir on slot C3, 'A9': A9 of reagent reservoir on slot C3, 'B9': B9 of reagent reservoir on slot C3, 'C9': C9 of reagent reservoir on slot C3, 'D9': D9 of reagent reservoir on slot C3, 'E9': E9 of reagent reservoir on slot C3, 'F9': F9 of reagent reservoir on slot C3, 'G9': G9 of reagent reservoir on slot C3, 'H9': H9 of reagent reservoir on slot C3, 'A10': A10 of reagent reservoir on slot C3, 'B10': B10 of reagent reservoir on slot C3, 'C10': C10 of reagent reservoir on slot C3, 'D10': D10 of reagent reservoir on slot C3, 'E10': E10 of reagent reservoir on slot C3, 'F10': F10 of reagent reservoir on slot C3, 'G10': G10 of reagent reservoir on slot C3, 'H10': H10 of reagent reservoir on slot C3, 'A11': A11 of reagent reservoir on slot C3, 'B11': B11 of reagent reservoir on slot C3, 'C11': C11 of reagent reservoir on slot C3, 'D11': D11 of reagent reservoir on slot C3, 'E11': E11 of reagent reservoir on slot C3, 'F11': F11 of reagent reservoir on slot C3, 'G11': G11 of reagent reservoir on slot C3, 'H11': H11 of reagent reservoir on slot C3, 'A12': A12 of reagent reservoir on slot C3, 'B12': B12 of reagent reservoir on slot C3, 'C12': C12 of reagent reservoir on slot C3, 'D12': D12 of reagent reservoir on slot C3, 'E12': E12 of reagent reservoir on slot C3, 'F12': F12 of reagent reservoir on slot C3, 'G12': G12 of reagent reservoir on slot C3, 'H12': H12 of reagent reservoir on slot C3}
Loading liquid into {'A1': A1 of reagent reservoir on slot C3, 'B1': B1 of reagent reservoir on slot C3, 'C1': C1 of reagent reservoir on slot C3, 'D1': D1 of reagent reservoir on slot C3, 'E1': E1 of reagent reservoir on slot C3, 'F1': F1 of reagent reservoir on slot C3, 'G1': G1 of reagent reservoir on slot C3, 'H1': H1 of reagent reservoir on slot C3, 'A2': A2 of reagent reservoir on slot C3, 'B2': B2 of reagent reservoir on slot C3, 'C2': C2 of reagent reservoir on slot C3, 'D2': D2 of reagent reservoir on slot C3, 'E2': E2 of reagent reservoir on slot C3, 'F2': F2 of reagent reservoir on slot C3, 'G2': G2 of reagent reservoir on slot C3, 'H2': H2 of reagent reservoir on slot C3, 'A3': A3 of reagent reservoir on slot C3, 'B3': B3 of reagent reservoir on slot C3, 'C3': C3 of reagent reservoir on slot C3, 'D3': D3 of reagent reservoir on slot C3, 'E3': E3 of reagent reservoir on slot C3, 'F3': F3 of reagent reservoir on slot C3, 'G3': G3 of reagent reservoir on slot C3, 'H3': H3 of reagent reservoir on slot C3, 'A4': A4 of reagent reservoir on slot C3, 'B4': B4 of reagent reservoir on slot C3, 'C4': C4 of reagent reservoir on slot C3, 'D4': D4 of reagent reservoir on slot C3, 'E4': E4 of reagent reservoir on slot C3, 'F4': F4 of reagent reservoir on slot C3, 'G4': G4 of reagent reservoir on slot C3, 'H4': H4 of reagent reservoir on slot C3, 'A5': A5 of reagent reservoir on slot C3, 'B5': B5 of reagent reservoir on slot C3, 'C5': C5 of reagent reservoir on slot C3, 'D5': D5 of reagent reservoir on slot C3, 'E5': E5 of reagent reservoir on slot C3, 'F5': F5 of reagent reservoir on slot C3, 'G5': G5 of reagent reservoir on slot C3, 'H5': H5 of reagent reservoir on slot C3, 'A6': A6 of reagent reservoir on slot C3, 'B6': B6 of reagent reservoir on slot C3, 'C6': C6 of reagent reservoir on slot C3, 'D6': D6 of reagent reservoir on slot C3, 'E6': E6 of reagent reservoir on slot C3, 'F6': F6 of reagent reservoir on slot C3, 'G6': G6 of reagent reservoir on slot C3, 'H6': H6 of reagent reservoir on slot C3, 'A7': A7 of reagent reservoir on slot C3, 'B7': B7 of reagent reservoir on slot C3, 'C7': C7 of reagent reservoir on slot C3, 'D7': D7 of reagent reservoir on slot C3, 'E7': E7 of reagent reservoir on slot C3, 'F7': F7 of reagent reservoir on slot C3, 'G7': G7 of reagent reservoir on slot C3, 'H7': H7 of reagent reservoir on slot C3, 'A8': A8 of reagent reservoir on slot C3, 'B8': B8 of reagent reservoir on slot C3, 'C8': C8 of reagent reservoir on slot C3, 'D8': D8 of reagent reservoir on slot C3, 'E8': E8 of reagent reservoir on slot C3, 'F8': F8 of reagent reservoir on slot C3, 'G8': G8 of reagent reservoir on slot C3, 'H8': H8 of reagent reservoir on slot C3, 'A9': A9 of reagent reservoir on slot C3, 'B9': B9 of reagent reservoir on slot C3, 'C9': C9 of reagent reservoir on slot C3, 'D9': D9 of reagent reservoir on slot C3, 'E9': E9 of reagent reservoir on slot C3, 'F9': F9 of reagent reservoir on slot C3, 'G9': G9 of reagent reservoir on slot C3, 'H9': H9 of reagent reservoir on slot C3, 'A10': A10 of reagent reservoir on slot C3, 'B10': B10 of reagent reservoir on slot C3, 'C10': C10 of reagent reservoir on slot C3, 'D10': D10 of reagent reservoir on slot C3, 'E10': E10 of reagent reservoir on slot C3, 'F10': F10 of reagent reservoir on slot C3, 'G10': G10 of reagent reservoir on slot C3, 'H10': H10 of reagent reservoir on slot C3, 'A11': A11 of reagent reservoir on slot C3, 'B11': B11 of reagent reservoir on slot C3, 'C11': C11 of reagent reservoir on slot C3, 'D11': D11 of reagent reservoir on slot C3, 'E11': E11 of reagent reservoir on slot C3, 'F11': F11 of reagent reservoir on slot C3, 'G11': G11 of reagent reservoir on slot C3, 'H11': H11 of reagent reservoir on slot C3, 'A12': A12 of reagent reservoir on slot C3, 'B12': B12 of reagent reservoir on slot C3, 'C12': C12 of reagent reservoir on slot C3, 'D12': D12 of reagent reservoir on slot C3, 'E12': E12 of reagent reservoir on slot C3, 'F12': F12 of reagent reservoir on slot C3, 'G12': G12 of reagent reservoir on slot C3, 'H12': H12 of reagent reservoir on slot C3}
Loading liquid into {'A1': A1 of reagent reservoir on slot C3, 'B1': B1 of reagent reservoir on slot C3, 'C1': C1 of reagent reservoir on slot C3, 'D1': D1 of reagent reservoir on slot C3, 'E1': E1 of reagent reservoir on slot C3, 'F1': F1 of reagent reservoir on slot C3, 'G1': G1 of reagent reservoir on slot C3, 'H1': H1 of reagent reservoir on slot C3, 'A2': A2 of reagent reservoir on slot C3, 'B2': B2 of reagent reservoir on slot C3, 'C2': C2 of reagent reservoir on slot C3, 'D2': D2 of reagent reservoir on slot C3, 'E2': E2 of reagent reservoir on slot C3, 'F2': F2 of reagent reservoir on slot C3, 'G2': G2 of reagent reservoir on slot C3, 'H2': H2 of reagent reservoir on slot C3, 'A3': A3 of reagent reservoir on slot C3, 'B3': B3 of reagent reservoir on slot C3, 'C3': C3 of reagent reservoir on slot C3, 'D3': D3 of reagent reservoir on slot C3, 'E3': E3 of reagent reservoir on slot C3, 'F3': F3 of reagent reservoir on slot C3, 'G3': G3 of reagent reservoir on slot C3, 'H3': H3 of reagent reservoir on slot C3, 'A4': A4 of reagent reservoir on slot C3, 'B4': B4 of reagent reservoir on slot C3, 'C4': C4 of reagent reservoir on slot C3, 'D4': D4 of reagent reservoir on slot C3, 'E4': E4 of reagent reservoir on slot C3, 'F4': F4 of reagent reservoir on slot C3, 'G4': G4 of reagent reservoir on slot C3, 'H4': H4 of reagent reservoir on slot C3, 'A5': A5 of reagent reservoir on slot C3, 'B5': B5 of reagent reservoir on slot C3, 'C5': C5 of reagent reservoir on slot C3, 'D5': D5 of reagent reservoir on slot C3, 'E5': E5 of reagent reservoir on slot C3, 'F5': F5 of reagent reservoir on slot C3, 'G5': G5 of reagent reservoir on slot C3, 'H5': H5 of reagent reservoir on slot C3, 'A6': A6 of reagent reservoir on slot C3, 'B6': B6 of reagent reservoir on slot C3, 'C6': C6 of reagent reservoir on slot C3, 'D6': D6 of reagent reservoir on slot C3, 'E6': E6 of reagent reservoir on slot C3, 'F6': F6 of reagent reservoir on slot C3, 'G6': G6 of reagent reservoir on slot C3, 'H6': H6 of reagent reservoir on slot C3, 'A7': A7 of reagent reservoir on slot C3, 'B7': B7 of reagent reservoir on slot C3, 'C7': C7 of reagent reservoir on slot C3, 'D7': D7 of reagent reservoir on slot C3, 'E7': E7 of reagent reservoir on slot C3, 'F7': F7 of reagent reservoir on slot C3, 'G7': G7 of reagent reservoir on slot C3, 'H7': H7 of reagent reservoir on slot C3, 'A8': A8 of reagent reservoir on slot C3, 'B8': B8 of reagent reservoir on slot C3, 'C8': C8 of reagent reservoir on slot C3, 'D8': D8 of reagent reservoir on slot C3, 'E8': E8 of reagent reservoir on slot C3, 'F8': F8 of reagent reservoir on slot C3, 'G8': G8 of reagent reservoir on slot C3, 'H8': H8 of reagent reservoir on slot C3, 'A9': A9 of reagent reservoir on slot C3, 'B9': B9 of reagent reservoir on slot C3, 'C9': C9 of reagent reservoir on slot C3, 'D9': D9 of reagent reservoir on slot C3, 'E9': E9 of reagent reservoir on slot C3, 'F9': F9 of reagent reservoir on slot C3, 'G9': G9 of reagent reservoir on slot C3, 'H9': H9 of reagent reservoir on slot C3, 'A10': A10 of reagent reservoir on slot C3, 'B10': B10 of reagent reservoir on slot C3, 'C10': C10 of reagent reservoir on slot C3, 'D10': D10 of reagent reservoir on slot C3, 'E10': E10 of reagent reservoir on slot C3, 'F10': F10 of reagent reservoir on slot C3, 'G10': G10 of reagent reservoir on slot C3, 'H10': H10 of reagent reservoir on slot C3, 'A11': A11 of reagent reservoir on slot C3, 'B11': B11 of reagent reservoir on slot C3, 'C11': C11 of reagent reservoir on slot C3, 'D11': D11 of reagent reservoir on slot C3, 'E11': E11 of reagent reservoir on slot C3, 'F11': F11 of reagent reservoir on slot C3, 'G11': G11 of reagent reservoir on slot C3, 'H11': H11 of reagent reservoir on slot C3, 'A12': A12 of reagent reservoir on slot C3, 'B12': B12 of reagent reservoir on slot C3, 'C12': C12 of reagent reservoir on slot C3, 'D12': D12 of reagent reservoir on slot C3, 'E12': E12 of reagent reservoir on slot C3, 'F12': F12 of reagent reservoir on slot C3, 'G12': G12 of reagent reservoir on slot C3, 'H12': H12 of reagent reservoir on slot C3}
Loading liquid into {'A1': A1 of reagent reservoir on slot C3, 'B1': B1 of reagent reservoir on slot C3, 'C1': C1 of reagent reservoir on slot C3, 'D1': D1 of reagent reservoir on slot C3, 'E1': E1 of reagent reservoir on slot C3, 'F1': F1 of reagent reservoir on slot C3, 'G1': G1 of reagent reservoir on slot C3, 'H1': H1 of reagent reservoir on slot C3, 'A2': A2 of reagent reservoir on slot C3, 'B2': B2 of reagent reservoir on slot C3, 'C2': C2 of reagent reservoir on slot C3, 'D2': D2 of reagent reservoir on slot C3, 'E2': E2 of reagent reservoir on slot C3, 'F2': F2 of reagent reservoir on slot C3, 'G2': G2 of reagent reservoir on slot C3, 'H2': H2 of reagent reservoir on slot C3, 'A3': A3 of reagent reservoir on slot C3, 'B3': B3 of reagent reservoir on slot C3, 'C3': C3 of reagent reservoir on slot C3, 'D3': D3 of reagent reservoir on slot C3, 'E3': E3 of reagent reservoir on slot C3, 'F3': F3 of reagent reservoir on slot C3, 'G3': G3 of reagent reservoir on slot C3, 'H3': H3 of reagent reservoir on slot C3, 'A4': A4 of reagent reservoir on slot C3, 'B4': B4 of reagent reservoir on slot C3, 'C4': C4 of reagent reservoir on slot C3, 'D4': D4 of reagent reservoir on slot C3, 'E4': E4 of reagent reservoir on slot C3, 'F4': F4 of reagent reservoir on slot C3, 'G4': G4 of reagent reservoir on slot C3, 'H4': H4 of reagent reservoir on slot C3, 'A5': A5 of reagent reservoir on slot C3, 'B5': B5 of reagent reservoir on slot C3, 'C5': C5 of reagent reservoir on slot C3, 'D5': D5 of reagent reservoir on slot C3, 'E5': E5 of reagent reservoir on slot C3, 'F5': F5 of reagent reservoir on slot C3, 'G5': G5 of reagent reservoir on slot C3, 'H5': H5 of reagent reservoir on slot C3, 'A6': A6 of reagent reservoir on slot C3, 'B6': B6 of reagent reservoir on slot C3, 'C6': C6 of reagent reservoir on slot C3, 'D6': D6 of reagent reservoir on slot C3, 'E6': E6 of reagent reservoir on slot C3, 'F6': F6 of reagent reservoir on slot C3, 'G6': G6 of reagent reservoir on slot C3, 'H6': H6 of reagent reservoir on slot C3, 'A7': A7 of reagent reservoir on slot C3, 'B7': B7 of reagent reservoir on slot C3, 'C7': C7 of reagent reservoir on slot C3, 'D7': D7 of reagent reservoir on slot C3, 'E7': E7 of reagent reservoir on slot C3, 'F7': F7 of reagent reservoir on slot C3, 'G7': G7 of reagent reservoir on slot C3, 'H7': H7 of reagent reservoir on slot C3, 'A8': A8 of reagent reservoir on slot C3, 'B8': B8 of reagent reservoir on slot C3, 'C8': C8 of reagent reservoir on slot C3, 'D8': D8 of reagent reservoir on slot C3, 'E8': E8 of reagent reservoir on slot C3, 'F8': F8 of reagent reservoir on slot C3, 'G8': G8 of reagent reservoir on slot C3, 'H8': H8 of reagent reservoir on slot C3, 'A9': A9 of reagent reservoir on slot C3, 'B9': B9 of reagent reservoir on slot C3, 'C9': C9 of reagent reservoir on slot C3, 'D9': D9 of reagent reservoir on slot C3, 'E9': E9 of reagent reservoir on slot C3, 'F9': F9 of reagent reservoir on slot C3, 'G9': G9 of reagent reservoir on slot C3, 'H9': H9 of reagent reservoir on slot C3, 'A10': A10 of reagent reservoir on slot C3, 'B10': B10 of reagent reservoir on slot C3, 'C10': C10 of reagent reservoir on slot C3, 'D10': D10 of reagent reservoir on slot C3, 'E10': E10 of reagent reservoir on slot C3, 'F10': F10 of reagent reservoir on slot C3, 'G10': G10 of reagent reservoir on slot C3, 'H10': H10 of reagent reservoir on slot C3, 'A11': A11 of reagent reservoir on slot C3, 'B11': B11 of reagent reservoir on slot C3, 'C11': C11 of reagent reservoir on slot C3, 'D11': D11 of reagent reservoir on slot C3, 'E11': E11 of reagent reservoir on slot C3, 'F11': F11 of reagent reservoir on slot C3, 'G11': G11 of reagent reservoir on slot C3, 'H11': H11 of reagent reservoir on slot C3, 'A12': A12 of reagent reservoir on slot C3, 'B12': B12 of reagent reservoir on slot C3, 'C12': C12 of reagent reservoir on slot C3, 'D12': D12 of reagent reservoir on slot C3, 'E12': E12 of reagent reservoir on slot C3, 'F12': F12 of reagent reservoir on slot C3, 'G12': G12 of reagent reservoir on slot C3, 'H12': H12 of reagent reservoir on slot C3}
Loading liquid into {'A1': A1 of reagent reservoir on slot C3, 'B1': B1 of reagent reservoir on slot C3, 'C1': C1 of reagent reservoir on slot C3, 'D1': D1 of reagent reservoir on slot C3, 'E1': E1 of reagent reservoir on slot C3, 'F1': F1 of reagent reservoir on slot C3, 'G1': G1 of reagent reservoir on slot C3, 'H1': H1 of reagent reservoir on slot C3, 'A2': A2 of reagent reservoir on slot C3, 'B2': B2 of reagent reservoir on slot C3, 'C2': C2 of reagent reservoir on slot C3, 'D2': D2 of reagent reservoir on slot C3, 'E2': E2 of reagent reservoir on slot C3, 'F2': F2 of reagent reservoir on slot C3, 'G2': G2 of reagent reservoir on slot C3, 'H2': H2 of reagent reservoir on slot C3, 'A3': A3 of reagent reservoir on slot C3, 'B3': B3 of reagent reservoir on slot C3, 'C3': C3 of reagent reservoir on slot C3, 'D3': D3 of reagent reservoir on slot C3, 'E3': E3 of reagent reservoir on slot C3, 'F3': F3 of reagent reservoir on slot C3, 'G3': G3 of reagent reservoir on slot C3, 'H3': H3 of reagent reservoir on slot C3, 'A4': A4 of reagent reservoir on slot C3, 'B4': B4 of reagent reservoir on slot C3, 'C4': C4 of reagent reservoir on slot C3, 'D4': D4 of reagent reservoir on slot C3, 'E4': E4 of reagent reservoir on slot C3, 'F4': F4 of reagent reservoir on slot C3, 'G4': G4 of reagent reservoir on slot C3, 'H4': H4 of reagent reservoir on slot C3, 'A5': A5 of reagent reservoir on slot C3, 'B5': B5 of reagent reservoir on slot C3, 'C5': C5 of reagent reservoir on slot C3, 'D5': D5 of reagent reservoir on slot C3, 'E5': E5 of reagent reservoir on slot C3, 'F5': F5 of reagent reservoir on slot C3, 'G5': G5 of reagent reservoir on slot C3, 'H5': H5 of reagent reservoir on slot C3, 'A6': A6 of reagent reservoir on slot C3, 'B6': B6 of reagent reservoir on slot C3, 'C6': C6 of reagent reservoir on slot C3, 'D6': D6 of reagent reservoir on slot C3, 'E6': E6 of reagent reservoir on slot C3, 'F6': F6 of reagent reservoir on slot C3, 'G6': G6 of reagent reservoir on slot C3, 'H6': H6 of reagent reservoir on slot C3, 'A7': A7 of reagent reservoir on slot C3, 'B7': B7 of reagent reservoir on slot C3, 'C7': C7 of reagent reservoir on slot C3, 'D7': D7 of reagent reservoir on slot C3, 'E7': E7 of reagent reservoir on slot C3, 'F7': F7 of reagent reservoir on slot C3, 'G7': G7 of reagent reservoir on slot C3, 'H7': H7 of reagent reservoir on slot C3, 'A8': A8 of reagent reservoir on slot C3, 'B8': B8 of reagent reservoir on slot C3, 'C8': C8 of reagent reservoir on slot C3, 'D8': D8 of reagent reservoir on slot C3, 'E8': E8 of reagent reservoir on slot C3, 'F8': F8 of reagent reservoir on slot C3, 'G8': G8 of reagent reservoir on slot C3, 'H8': H8 of reagent reservoir on slot C3, 'A9': A9 of reagent reservoir on slot C3, 'B9': B9 of reagent reservoir on slot C3, 'C9': C9 of reagent reservoir on slot C3, 'D9': D9 of reagent reservoir on slot C3, 'E9': E9 of reagent reservoir on slot C3, 'F9': F9 of reagent reservoir on slot C3, 'G9': G9 of reagent reservoir on slot C3, 'H9': H9 of reagent reservoir on slot C3, 'A10': A10 of reagent reservoir on slot C3, 'B10': B10 of reagent reservoir on slot C3, 'C10': C10 of reagent reservoir on slot C3, 'D10': D10 of reagent reservoir on slot C3, 'E10': E10 of reagent reservoir on slot C3, 'F10': F10 of reagent reservoir on slot C3, 'G10': G10 of reagent reservoir on slot C3, 'H10': H10 of reagent reservoir on slot C3, 'A11': A11 of reagent reservoir on slot C3, 'B11': B11 of reagent reservoir on slot C3, 'C11': C11 of reagent reservoir on slot C3, 'D11': D11 of reagent reservoir on slot C3, 'E11': E11 of reagent reservoir on slot C3, 'F11': F11 of reagent reservoir on slot C3, 'G11': G11 of reagent reservoir on slot C3, 'H11': H11 of reagent reservoir on slot C3, 'A12': A12 of reagent reservoir on slot C3, 'B12': B12 of reagent reservoir on slot C3, 'C12': C12 of reagent reservoir on slot C3, 'D12': D12 of reagent reservoir on slot C3, 'E12': E12 of reagent reservoir on slot C3, 'F12': F12 of reagent reservoir on slot C3, 'G12': G12 of reagent reservoir on slot C3, 'H12': H12 of reagent reservoir on slot C3}
Loading liquid into {'A1': A1 of reagent reservoir on slot C3, 'B1': B1 of reagent reservoir on slot C3, 'C1': C1 of reagent reservoir on slot C3, 'D1': D1 of reagent reservoir on slot C3, 'E1': E1 of reagent reservoir on slot C3, 'F1': F1 of reagent reservoir on slot C3, 'G1': G1 of reagent reservoir on slot C3, 'H1': H1 of reagent reservoir on slot C3, 'A2': A2 of reagent reservoir on slot C3, 'B2': B2 of reagent reservoir on slot C3, 'C2': C2 of reagent reservoir on slot C3, 'D2': D2 of reagent reservoir on slot C3, 'E2': E2 of reagent reservoir on slot C3, 'F2': F2 of reagent reservoir on slot C3, 'G2': G2 of reagent reservoir on slot C3, 'H2': H2 of reagent reservoir on slot C3, 'A3': A3 of reagent reservoir on slot C3, 'B3': B3 of reagent reservoir on slot C3, 'C3': C3 of reagent reservoir on slot C3, 'D3': D3 of reagent reservoir on slot C3, 'E3': E3 of reagent reservoir on slot C3, 'F3': F3 of reagent reservoir on slot C3, 'G3': G3 of reagent reservoir on slot C3, 'H3': H3 of reagent reservoir on slot C3, 'A4': A4 of reagent reservoir on slot C3, 'B4': B4 of reagent reservoir on slot C3, 'C4': C4 of reagent reservoir on slot C3, 'D4': D4 of reagent reservoir on slot C3, 'E4': E4 of reagent reservoir on slot C3, 'F4': F4 of reagent reservoir on slot C3, 'G4': G4 of reagent reservoir on slot C3, 'H4': H4 of reagent reservoir on slot C3, 'A5': A5 of reagent reservoir on slot C3, 'B5': B5 of reagent reservoir on slot C3, 'C5': C5 of reagent reservoir on slot C3, 'D5': D5 of reagent reservoir on slot C3, 'E5': E5 of reagent reservoir on slot C3, 'F5': F5 of reagent reservoir on slot C3, 'G5': G5 of reagent reservoir on slot C3, 'H5': H5 of reagent reservoir on slot C3, 'A6': A6 of reagent reservoir on slot C3, 'B6': B6 of reagent reservoir on slot C3, 'C6': C6 of reagent reservoir on slot C3, 'D6': D6 of reagent reservoir on slot C3, 'E6': E6 of reagent reservoir on slot C3, 'F6': F6 of reagent reservoir on slot C3, 'G6': G6 of reagent reservoir on slot C3, 'H6': H6 of reagent reservoir on slot C3, 'A7': A7 of reagent reservoir on slot C3, 'B7': B7 of reagent reservoir on slot C3, 'C7': C7 of reagent reservoir on slot C3, 'D7': D7 of reagent reservoir on slot C3, 'E7': E7 of reagent reservoir on slot C3, 'F7': F7 of reagent reservoir on slot C3, 'G7': G7 of reagent reservoir on slot C3, 'H7': H7 of reagent reservoir on slot C3, 'A8': A8 of reagent reservoir on slot C3, 'B8': B8 of reagent reservoir on slot C3, 'C8': C8 of reagent reservoir on slot C3, 'D8': D8 of reagent reservoir on slot C3, 'E8': E8 of reagent reservoir on slot C3, 'F8': F8 of reagent reservoir on slot C3, 'G8': G8 of reagent reservoir on slot C3, 'H8': H8 of reagent reservoir on slot C3, 'A9': A9 of reagent reservoir on slot C3, 'B9': B9 of reagent reservoir on slot C3, 'C9': C9 of reagent reservoir on slot C3, 'D9': D9 of reagent reservoir on slot C3, 'E9': E9 of reagent reservoir on slot C3, 'F9': F9 of reagent reservoir on slot C3, 'G9': G9 of reagent reservoir on slot C3, 'H9': H9 of reagent reservoir on slot C3, 'A10': A10 of reagent reservoir on slot C3, 'B10': B10 of reagent reservoir on slot C3, 'C10': C10 of reagent reservoir on slot C3, 'D10': D10 of reagent reservoir on slot C3, 'E10': E10 of reagent reservoir on slot C3, 'F10': F10 of reagent reservoir on slot C3, 'G10': G10 of reagent reservoir on slot C3, 'H10': H10 of reagent reservoir on slot C3, 'A11': A11 of reagent reservoir on slot C3, 'B11': B11 of reagent reservoir on slot C3, 'C11': C11 of reagent reservoir on slot C3, 'D11': D11 of reagent reservoir on slot C3, 'E11': E11 of reagent reservoir on slot C3, 'F11': F11 of reagent reservoir on slot C3, 'G11': G11 of reagent reservoir on slot C3, 'H11': H11 of reagent reservoir on slot C3, 'A12': A12 of reagent reservoir on slot C3, 'B12': B12 of reagent reservoir on slot C3, 'C12': C12 of reagent reservoir on slot C3, 'D12': D12 of reagent reservoir on slot C3, 'E12': E12 of reagent reservoir on slot C3, 'F12': F12 of reagent reservoir on slot C3, 'G12': G12 of reagent reservoir on slot C3, 'H12': H12 of reagent reservoir on slot C3}
Loading liquid into {'A1': A1 of reagent reservoir on slot C3, 'B1': B1 of reagent reservoir on slot C3, 'C1': C1 of reagent reservoir on slot C3, 'D1': D1 of reagent reservoir on slot C3, 'E1': E1 of reagent reservoir on slot C3, 'F1': F1 of reagent reservoir on slot C3, 'G1': G1 of reagent reservoir on slot C3, 'H1': H1 of reagent reservoir on slot C3, 'A2': A2 of reagent reservoir on slot C3, 'B2': B2 of reagent reservoir on slot C3, 'C2': C2 of reagent reservoir on slot C3, 'D2': D2 of reagent reservoir on slot C3, 'E2': E2 of reagent reservoir on slot C3, 'F2': F2 of reagent reservoir on slot C3, 'G2': G2 of reagent reservoir on slot C3, 'H2': H2 of reagent reservoir on slot C3, 'A3': A3 of reagent reservoir on slot C3, 'B3': B3 of reagent reservoir on slot C3, 'C3': C3 of reagent reservoir on slot C3, 'D3': D3 of reagent reservoir on slot C3, 'E3': E3 of reagent reservoir on slot C3, 'F3': F3 of reagent reservoir on slot C3, 'G3': G3 of reagent reservoir on slot C3, 'H3': H3 of reagent reservoir on slot C3, 'A4': A4 of reagent reservoir on slot C3, 'B4': B4 of reagent reservoir on slot C3, 'C4': C4 of reagent reservoir on slot C3, 'D4': D4 of reagent reservoir on slot C3, 'E4': E4 of reagent reservoir on slot C3, 'F4': F4 of reagent reservoir on slot C3, 'G4': G4 of reagent reservoir on slot C3, 'H4': H4 of reagent reservoir on slot C3, 'A5': A5 of reagent reservoir on slot C3, 'B5': B5 of reagent reservoir on slot C3, 'C5': C5 of reagent reservoir on slot C3, 'D5': D5 of reagent reservoir on slot C3, 'E5': E5 of reagent reservoir on slot C3, 'F5': F5 of reagent reservoir on slot C3, 'G5': G5 of reagent reservoir on slot C3, 'H5': H5 of reagent reservoir on slot C3, 'A6': A6 of reagent reservoir on slot C3, 'B6': B6 of reagent reservoir on slot C3, 'C6': C6 of reagent reservoir on slot C3, 'D6': D6 of reagent reservoir on slot C3, 'E6': E6 of reagent reservoir on slot C3, 'F6': F6 of reagent reservoir on slot C3, 'G6': G6 of reagent reservoir on slot C3, 'H6': H6 of reagent reservoir on slot C3, 'A7': A7 of reagent reservoir on slot C3, 'B7': B7 of reagent reservoir on slot C3, 'C7': C7 of reagent reservoir on slot C3, 'D7': D7 of reagent reservoir on slot C3, 'E7': E7 of reagent reservoir on slot C3, 'F7': F7 of reagent reservoir on slot C3, 'G7': G7 of reagent reservoir on slot C3, 'H7': H7 of reagent reservoir on slot C3, 'A8': A8 of reagent reservoir on slot C3, 'B8': B8 of reagent reservoir on slot C3, 'C8': C8 of reagent reservoir on slot C3, 'D8': D8 of reagent reservoir on slot C3, 'E8': E8 of reagent reservoir on slot C3, 'F8': F8 of reagent reservoir on slot C3, 'G8': G8 of reagent reservoir on slot C3, 'H8': H8 of reagent reservoir on slot C3, 'A9': A9 of reagent reservoir on slot C3, 'B9': B9 of reagent reservoir on slot C3, 'C9': C9 of reagent reservoir on slot C3, 'D9': D9 of reagent reservoir on slot C3, 'E9': E9 of reagent reservoir on slot C3, 'F9': F9 of reagent reservoir on slot C3, 'G9': G9 of reagent reservoir on slot C3, 'H9': H9 of reagent reservoir on slot C3, 'A10': A10 of reagent reservoir on slot C3, 'B10': B10 of reagent reservoir on slot C3, 'C10': C10 of reagent reservoir on slot C3, 'D10': D10 of reagent reservoir on slot C3, 'E10': E10 of reagent reservoir on slot C3, 'F10': F10 of reagent reservoir on slot C3, 'G10': G10 of reagent reservoir on slot C3, 'H10': H10 of reagent reservoir on slot C3, 'A11': A11 of reagent reservoir on slot C3, 'B11': B11 of reagent reservoir on slot C3, 'C11': C11 of reagent reservoir on slot C3, 'D11': D11 of reagent reservoir on slot C3, 'E11': E11 of reagent reservoir on slot C3, 'F11': F11 of reagent reservoir on slot C3, 'G11': G11 of reagent reservoir on slot C3, 'H11': H11 of reagent reservoir on slot C3, 'A12': A12 of reagent reservoir on slot C3, 'B12': B12 of reagent reservoir on slot C3, 'C12': C12 of reagent reservoir on slot C3, 'D12': D12 of reagent reservoir on slot C3, 'E12': E12 of reagent reservoir on slot C3, 'F12': F12 of reagent reservoir on slot C3, 'G12': G12 of reagent reservoir on slot C3, 'H12': H12 of reagent reservoir on slot C3}
Loading liquid into {'A1': A1 of reagent reservoir on slot C3, 'B1': B1 of reagent reservoir on slot C3, 'C1': C1 of reagent reservoir on slot C3, 'D1': D1 of reagent reservoir on slot C3, 'E1': E1 of reagent reservoir on slot C3, 'F1': F1 of reagent reservoir on slot C3, 'G1': G1 of reagent reservoir on slot C3, 'H1': H1 of reagent reservoir on slot C3, 'A2': A2 of reagent reservoir on slot C3, 'B2': B2 of reagent reservoir on slot C3, 'C2': C2 of reagent reservoir on slot C3, 'D2': D2 of reagent reservoir on slot C3, 'E2': E2 of reagent reservoir on slot C3, 'F2': F2 of reagent reservoir on slot C3, 'G2': G2 of reagent reservoir on slot C3, 'H2': H2 of reagent reservoir on slot C3, 'A3': A3 of reagent reservoir on slot C3, 'B3': B3 of reagent reservoir on slot C3, 'C3': C3 of reagent reservoir on slot C3, 'D3': D3 of reagent reservoir on slot C3, 'E3': E3 of reagent reservoir on slot C3, 'F3': F3 of reagent reservoir on slot C3, 'G3': G3 of reagent reservoir on slot C3, 'H3': H3 of reagent reservoir on slot C3, 'A4': A4 of reagent reservoir on slot C3, 'B4': B4 of reagent reservoir on slot C3, 'C4': C4 of reagent reservoir on slot C3, 'D4': D4 of reagent reservoir on slot C3, 'E4': E4 of reagent reservoir on slot C3, 'F4': F4 of reagent reservoir on slot C3, 'G4': G4 of reagent reservoir on slot C3, 'H4': H4 of reagent reservoir on slot C3, 'A5': A5 of reagent reservoir on slot C3, 'B5': B5 of reagent reservoir on slot C3, 'C5': C5 of reagent reservoir on slot C3, 'D5': D5 of reagent reservoir on slot C3, 'E5': E5 of reagent reservoir on slot C3, 'F5': F5 of reagent reservoir on slot C3, 'G5': G5 of reagent reservoir on slot C3, 'H5': H5 of reagent reservoir on slot C3, 'A6': A6 of reagent reservoir on slot C3, 'B6': B6 of reagent reservoir on slot C3, 'C6': C6 of reagent reservoir on slot C3, 'D6': D6 of reagent reservoir on slot C3, 'E6': E6 of reagent reservoir on slot C3, 'F6': F6 of reagent reservoir on slot C3, 'G6': G6 of reagent reservoir on slot C3, 'H6': H6 of reagent reservoir on slot C3, 'A7': A7 of reagent reservoir on slot C3, 'B7': B7 of reagent reservoir on slot C3, 'C7': C7 of reagent reservoir on slot C3, 'D7': D7 of reagent reservoir on slot C3, 'E7': E7 of reagent reservoir on slot C3, 'F7': F7 of reagent reservoir on slot C3, 'G7': G7 of reagent reservoir on slot C3, 'H7': H7 of reagent reservoir on slot C3, 'A8': A8 of reagent reservoir on slot C3, 'B8': B8 of reagent reservoir on slot C3, 'C8': C8 of reagent reservoir on slot C3, 'D8': D8 of reagent reservoir on slot C3, 'E8': E8 of reagent reservoir on slot C3, 'F8': F8 of reagent reservoir on slot C3, 'G8': G8 of reagent reservoir on slot C3, 'H8': H8 of reagent reservoir on slot C3, 'A9': A9 of reagent reservoir on slot C3, 'B9': B9 of reagent reservoir on slot C3, 'C9': C9 of reagent reservoir on slot C3, 'D9': D9 of reagent reservoir on slot C3, 'E9': E9 of reagent reservoir on slot C3, 'F9': F9 of reagent reservoir on slot C3, 'G9': G9 of reagent reservoir on slot C3, 'H9': H9 of reagent reservoir on slot C3, 'A10': A10 of reagent reservoir on slot C3, 'B10': B10 of reagent reservoir on slot C3, 'C10': C10 of reagent reservoir on slot C3, 'D10': D10 of reagent reservoir on slot C3, 'E10': E10 of reagent reservoir on slot C3, 'F10': F10 of reagent reservoir on slot C3, 'G10': G10 of reagent reservoir on slot C3, 'H10': H10 of reagent reservoir on slot C3, 'A11': A11 of reagent reservoir on slot C3, 'B11': B11 of reagent reservoir on slot C3, 'C11': C11 of reagent reservoir on slot C3, 'D11': D11 of reagent reservoir on slot C3, 'E11': E11 of reagent reservoir on slot C3, 'F11': F11 of reagent reservoir on slot C3, 'G11': G11 of reagent reservoir on slot C3, 'H11': H11 of reagent reservoir on slot C3, 'A12': A12 of reagent reservoir on slot C3, 'B12': B12 of reagent reservoir on slot C3, 'C12': C12 of reagent reservoir on slot C3, 'D12': D12 of reagent reservoir on slot C3, 'E12': E12 of reagent reservoir on slot C3, 'F12': F12 of reagent reservoir on slot C3, 'G12': G12 of reagent reservoir on slot C3, 'H12': H12 of reagent reservoir on slot C3}
Loading liquid into {'A1': A1 of reagent reservoir on slot C3, 'B1': B1 of reagent reservoir on slot C3, 'C1': C1 of reagent reservoir on slot C3, 'D1': D1 of reagent reservoir on slot C3, 'E1': E1 of reagent reservoir on slot C3, 'F1': F1 of reagent reservoir on slot C3, 'G1': G1 of reagent reservoir on slot C3, 'H1': H1 of reagent reservoir on slot C3, 'A2': A2 of reagent reservoir on slot C3, 'B2': B2 of reagent reservoir on slot C3, 'C2': C2 of reagent reservoir on slot C3, 'D2': D2 of reagent reservoir on slot C3, 'E2': E2 of reagent reservoir on slot C3, 'F2': F2 of reagent reservoir on slot C3, 'G2': G2 of reagent reservoir on slot C3, 'H2': H2 of reagent reservoir on slot C3, 'A3': A3 of reagent reservoir on slot C3, 'B3': B3 of reagent reservoir on slot C3, 'C3': C3 of reagent reservoir on slot C3, 'D3': D3 of reagent reservoir on slot C3, 'E3': E3 of reagent reservoir on slot C3, 'F3': F3 of reagent reservoir on slot C3, 'G3': G3 of reagent reservoir on slot C3, 'H3': H3 of reagent reservoir on slot C3, 'A4': A4 of reagent reservoir on slot C3, 'B4': B4 of reagent reservoir on slot C3, 'C4': C4 of reagent reservoir on slot C3, 'D4': D4 of reagent reservoir on slot C3, 'E4': E4 of reagent reservoir on slot C3, 'F4': F4 of reagent reservoir on slot C3, 'G4': G4 of reagent reservoir on slot C3, 'H4': H4 of reagent reservoir on slot C3, 'A5': A5 of reagent reservoir on slot C3, 'B5': B5 of reagent reservoir on slot C3, 'C5': C5 of reagent reservoir on slot C3, 'D5': D5 of reagent reservoir on slot C3, 'E5': E5 of reagent reservoir on slot C3, 'F5': F5 of reagent reservoir on slot C3, 'G5': G5 of reagent reservoir on slot C3, 'H5': H5 of reagent reservoir on slot C3, 'A6': A6 of reagent reservoir on slot C3, 'B6': B6 of reagent reservoir on slot C3, 'C6': C6 of reagent reservoir on slot C3, 'D6': D6 of reagent reservoir on slot C3, 'E6': E6 of reagent reservoir on slot C3, 'F6': F6 of reagent reservoir on slot C3, 'G6': G6 of reagent reservoir on slot C3, 'H6': H6 of reagent reservoir on slot C3, 'A7': A7 of reagent reservoir on slot C3, 'B7': B7 of reagent reservoir on slot C3, 'C7': C7 of reagent reservoir on slot C3, 'D7': D7 of reagent reservoir on slot C3, 'E7': E7 of reagent reservoir on slot C3, 'F7': F7 of reagent reservoir on slot C3, 'G7': G7 of reagent reservoir on slot C3, 'H7': H7 of reagent reservoir on slot C3, 'A8': A8 of reagent reservoir on slot C3, 'B8': B8 of reagent reservoir on slot C3, 'C8': C8 of reagent reservoir on slot C3, 'D8': D8 of reagent reservoir on slot C3, 'E8': E8 of reagent reservoir on slot C3, 'F8': F8 of reagent reservoir on slot C3, 'G8': G8 of reagent reservoir on slot C3, 'H8': H8 of reagent reservoir on slot C3, 'A9': A9 of reagent reservoir on slot C3, 'B9': B9 of reagent reservoir on slot C3, 'C9': C9 of reagent reservoir on slot C3, 'D9': D9 of reagent reservoir on slot C3, 'E9': E9 of reagent reservoir on slot C3, 'F9': F9 of reagent reservoir on slot C3, 'G9': G9 of reagent reservoir on slot C3, 'H9': H9 of reagent reservoir on slot C3, 'A10': A10 of reagent reservoir on slot C3, 'B10': B10 of reagent reservoir on slot C3, 'C10': C10 of reagent reservoir on slot C3, 'D10': D10 of reagent reservoir on slot C3, 'E10': E10 of reagent reservoir on slot C3, 'F10': F10 of reagent reservoir on slot C3, 'G10': G10 of reagent reservoir on slot C3, 'H10': H10 of reagent reservoir on slot C3, 'A11': A11 of reagent reservoir on slot C3, 'B11': B11 of reagent reservoir on slot C3, 'C11': C11 of reagent reservoir on slot C3, 'D11': D11 of reagent reservoir on slot C3, 'E11': E11 of reagent reservoir on slot C3, 'F11': F11 of reagent reservoir on slot C3, 'G11': G11 of reagent reservoir on slot C3, 'H11': H11 of reagent reservoir on slot C3, 'A12': A12 of reagent reservoir on slot C3, 'B12': B12 of reagent reservoir on slot C3, 'C12': C12 of reagent reservoir on slot C3, 'D12': D12 of reagent reservoir on slot C3, 'E12': E12 of reagent reservoir on slot C3, 'F12': F12 of reagent reservoir on slot C3, 'G12': G12 of reagent reservoir on slot C3, 'H12': H12 of reagent reservoir on slot C3}
Loading liquid into {'A1': A1 of reagent reservoir on slot C3, 'B1': B1 of reagent reservoir on slot C3, 'C1': C1 of reagent reservoir on slot C3, 'D1': D1 of reagent reservoir on slot C3, 'E1': E1 of reagent reservoir on slot C3, 'F1': F1 of reagent reservoir on slot C3, 'G1': G1 of reagent reservoir on slot C3, 'H1': H1 of reagent reservoir on slot C3, 'A2': A2 of reagent reservoir on slot C3, 'B2': B2 of reagent reservoir on slot C3, 'C2': C2 of reagent reservoir on slot C3, 'D2': D2 of reagent reservoir on slot C3, 'E2': E2 of reagent reservoir on slot C3, 'F2': F2 of reagent reservoir on slot C3, 'G2': G2 of reagent reservoir on slot C3, 'H2': H2 of reagent reservoir on slot C3, 'A3': A3 of reagent reservoir on slot C3, 'B3': B3 of reagent reservoir on slot C3, 'C3': C3 of reagent reservoir on slot C3, 'D3': D3 of reagent reservoir on slot C3, 'E3': E3 of reagent reservoir on slot C3, 'F3': F3 of reagent reservoir on slot C3, 'G3': G3 of reagent reservoir on slot C3, 'H3': H3 of reagent reservoir on slot C3, 'A4': A4 of reagent reservoir on slot C3, 'B4': B4 of reagent reservoir on slot C3, 'C4': C4 of reagent reservoir on slot C3, 'D4': D4 of reagent reservoir on slot C3, 'E4': E4 of reagent reservoir on slot C3, 'F4': F4 of reagent reservoir on slot C3, 'G4': G4 of reagent reservoir on slot C3, 'H4': H4 of reagent reservoir on slot C3, 'A5': A5 of reagent reservoir on slot C3, 'B5': B5 of reagent reservoir on slot C3, 'C5': C5 of reagent reservoir on slot C3, 'D5': D5 of reagent reservoir on slot C3, 'E5': E5 of reagent reservoir on slot C3, 'F5': F5 of reagent reservoir on slot C3, 'G5': G5 of reagent reservoir on slot C3, 'H5': H5 of reagent reservoir on slot C3, 'A6': A6 of reagent reservoir on slot C3, 'B6': B6 of reagent reservoir on slot C3, 'C6': C6 of reagent reservoir on slot C3, 'D6': D6 of reagent reservoir on slot C3, 'E6': E6 of reagent reservoir on slot C3, 'F6': F6 of reagent reservoir on slot C3, 'G6': G6 of reagent reservoir on slot C3, 'H6': H6 of reagent reservoir on slot C3, 'A7': A7 of reagent reservoir on slot C3, 'B7': B7 of reagent reservoir on slot C3, 'C7': C7 of reagent reservoir on slot C3, 'D7': D7 of reagent reservoir on slot C3, 'E7': E7 of reagent reservoir on slot C3, 'F7': F7 of reagent reservoir on slot C3, 'G7': G7 of reagent reservoir on slot C3, 'H7': H7 of reagent reservoir on slot C3, 'A8': A8 of reagent reservoir on slot C3, 'B8': B8 of reagent reservoir on slot C3, 'C8': C8 of reagent reservoir on slot C3, 'D8': D8 of reagent reservoir on slot C3, 'E8': E8 of reagent reservoir on slot C3, 'F8': F8 of reagent reservoir on slot C3, 'G8': G8 of reagent reservoir on slot C3, 'H8': H8 of reagent reservoir on slot C3, 'A9': A9 of reagent reservoir on slot C3, 'B9': B9 of reagent reservoir on slot C3, 'C9': C9 of reagent reservoir on slot C3, 'D9': D9 of reagent reservoir on slot C3, 'E9': E9 of reagent reservoir on slot C3, 'F9': F9 of reagent reservoir on slot C3, 'G9': G9 of reagent reservoir on slot C3, 'H9': H9 of reagent reservoir on slot C3, 'A10': A10 of reagent reservoir on slot C3, 'B10': B10 of reagent reservoir on slot C3, 'C10': C10 of reagent reservoir on slot C3, 'D10': D10 of reagent reservoir on slot C3, 'E10': E10 of reagent reservoir on slot C3, 'F10': F10 of reagent reservoir on slot C3, 'G10': G10 of reagent reservoir on slot C3, 'H10': H10 of reagent reservoir on slot C3, 'A11': A11 of reagent reservoir on slot C3, 'B11': B11 of reagent reservoir on slot C3, 'C11': C11 of reagent reservoir on slot C3, 'D11': D11 of reagent reservoir on slot C3, 'E11': E11 of reagent reservoir on slot C3, 'F11': F11 of reagent reservoir on slot C3, 'G11': G11 of reagent reservoir on slot C3, 'H11': H11 of reagent reservoir on slot C3, 'A12': A12 of reagent reservoir on slot C3, 'B12': B12 of reagent reservoir on slot C3, 'C12': C12 of reagent reservoir on slot C3, 'D12': D12 of reagent reservoir on slot C3, 'E12': E12 of reagent reservoir on slot C3, 'F12': F12 of reagent reservoir on slot C3, 'G12': G12 of reagent reservoir on slot C3, 'H12': H12 of reagent reservoir on slot C3}
Loading liquid into {'A1': A1 of reagent reservoir on slot C3, 'B1': B1 of reagent reservoir on slot C3, 'C1': C1 of reagent reservoir on slot C3, 'D1': D1 of reagent reservoir on slot C3, 'E1': E1 of reagent reservoir on slot C3, 'F1': F1 of reagent reservoir on slot C3, 'G1': G1 of reagent reservoir on slot C3, 'H1': H1 of reagent reservoir on slot C3, 'A2': A2 of reagent reservoir on slot C3, 'B2': B2 of reagent reservoir on slot C3, 'C2': C2 of reagent reservoir on slot C3, 'D2': D2 of reagent reservoir on slot C3, 'E2': E2 of reagent reservoir on slot C3, 'F2': F2 of reagent reservoir on slot C3, 'G2': G2 of reagent reservoir on slot C3, 'H2': H2 of reagent reservoir on slot C3, 'A3': A3 of reagent reservoir on slot C3, 'B3': B3 of reagent reservoir on slot C3, 'C3': C3 of reagent reservoir on slot C3, 'D3': D3 of reagent reservoir on slot C3, 'E3': E3 of reagent reservoir on slot C3, 'F3': F3 of reagent reservoir on slot C3, 'G3': G3 of reagent reservoir on slot C3, 'H3': H3 of reagent reservoir on slot C3, 'A4': A4 of reagent reservoir on slot C3, 'B4': B4 of reagent reservoir on slot C3, 'C4': C4 of reagent reservoir on slot C3, 'D4': D4 of reagent reservoir on slot C3, 'E4': E4 of reagent reservoir on slot C3, 'F4': F4 of reagent reservoir on slot C3, 'G4': G4 of reagent reservoir on slot C3, 'H4': H4 of reagent reservoir on slot C3, 'A5': A5 of reagent reservoir on slot C3, 'B5': B5 of reagent reservoir on slot C3, 'C5': C5 of reagent reservoir on slot C3, 'D5': D5 of reagent reservoir on slot C3, 'E5': E5 of reagent reservoir on slot C3, 'F5': F5 of reagent reservoir on slot C3, 'G5': G5 of reagent reservoir on slot C3, 'H5': H5 of reagent reservoir on slot C3, 'A6': A6 of reagent reservoir on slot C3, 'B6': B6 of reagent reservoir on slot C3, 'C6': C6 of reagent reservoir on slot C3, 'D6': D6 of reagent reservoir on slot C3, 'E6': E6 of reagent reservoir on slot C3, 'F6': F6 of reagent reservoir on slot C3, 'G6': G6 of reagent reservoir on slot C3, 'H6': H6 of reagent reservoir on slot C3, 'A7': A7 of reagent reservoir on slot C3, 'B7': B7 of reagent reservoir on slot C3, 'C7': C7 of reagent reservoir on slot C3, 'D7': D7 of reagent reservoir on slot C3, 'E7': E7 of reagent reservoir on slot C3, 'F7': F7 of reagent reservoir on slot C3, 'G7': G7 of reagent reservoir on slot C3, 'H7': H7 of reagent reservoir on slot C3, 'A8': A8 of reagent reservoir on slot C3, 'B8': B8 of reagent reservoir on slot C3, 'C8': C8 of reagent reservoir on slot C3, 'D8': D8 of reagent reservoir on slot C3, 'E8': E8 of reagent reservoir on slot C3, 'F8': F8 of reagent reservoir on slot C3, 'G8': G8 of reagent reservoir on slot C3, 'H8': H8 of reagent reservoir on slot C3, 'A9': A9 of reagent reservoir on slot C3, 'B9': B9 of reagent reservoir on slot C3, 'C9': C9 of reagent reservoir on slot C3, 'D9': D9 of reagent reservoir on slot C3, 'E9': E9 of reagent reservoir on slot C3, 'F9': F9 of reagent reservoir on slot C3, 'G9': G9 of reagent reservoir on slot C3, 'H9': H9 of reagent reservoir on slot C3, 'A10': A10 of reagent reservoir on slot C3, 'B10': B10 of reagent reservoir on slot C3, 'C10': C10 of reagent reservoir on slot C3, 'D10': D10 of reagent reservoir on slot C3, 'E10': E10 of reagent reservoir on slot C3, 'F10': F10 of reagent reservoir on slot C3, 'G10': G10 of reagent reservoir on slot C3, 'H10': H10 of reagent reservoir on slot C3, 'A11': A11 of reagent reservoir on slot C3, 'B11': B11 of reagent reservoir on slot C3, 'C11': C11 of reagent reservoir on slot C3, 'D11': D11 of reagent reservoir on slot C3, 'E11': E11 of reagent reservoir on slot C3, 'F11': F11 of reagent reservoir on slot C3, 'G11': G11 of reagent reservoir on slot C3, 'H11': H11 of reagent reservoir on slot C3, 'A12': A12 of reagent reservoir on slot C3, 'B12': B12 of reagent reservoir on slot C3, 'C12': C12 of reagent reservoir on slot C3, 'D12': D12 of reagent reservoir on slot C3, 'E12': E12 of reagent reservoir on slot C3, 'F12': F12 of reagent reservoir on slot C3, 'G12': G12 of reagent reservoir on slot C3, 'H12': H12 of reagent reservoir on slot C3}
Loading liquid into {'A1': A1 of reagent reservoir on slot C3, 'B1': B1 of reagent reservoir on slot C3, 'C1': C1 of reagent reservoir on slot C3, 'D1': D1 of reagent reservoir on slot C3, 'E1': E1 of reagent reservoir on slot C3, 'F1': F1 of reagent reservoir on slot C3, 'G1': G1 of reagent reservoir on slot C3, 'H1': H1 of reagent reservoir on slot C3, 'A2': A2 of reagent reservoir on slot C3, 'B2': B2 of reagent reservoir on slot C3, 'C2': C2 of reagent reservoir on slot C3, 'D2': D2 of reagent reservoir on slot C3, 'E2': E2 of reagent reservoir on slot C3, 'F2': F2 of reagent reservoir on slot C3, 'G2': G2 of reagent reservoir on slot C3, 'H2': H2 of reagent reservoir on slot C3, 'A3': A3 of reagent reservoir on slot C3, 'B3': B3 of reagent reservoir on slot C3, 'C3': C3 of reagent reservoir on slot C3, 'D3': D3 of reagent reservoir on slot C3, 'E3': E3 of reagent reservoir on slot C3, 'F3': F3 of reagent reservoir on slot C3, 'G3': G3 of reagent reservoir on slot C3, 'H3': H3 of reagent reservoir on slot C3, 'A4': A4 of reagent reservoir on slot C3, 'B4': B4 of reagent reservoir on slot C3, 'C4': C4 of reagent reservoir on slot C3, 'D4': D4 of reagent reservoir on slot C3, 'E4': E4 of reagent reservoir on slot C3, 'F4': F4 of reagent reservoir on slot C3, 'G4': G4 of reagent reservoir on slot C3, 'H4': H4 of reagent reservoir on slot C3, 'A5': A5 of reagent reservoir on slot C3, 'B5': B5 of reagent reservoir on slot C3, 'C5': C5 of reagent reservoir on slot C3, 'D5': D5 of reagent reservoir on slot C3, 'E5': E5 of reagent reservoir on slot C3, 'F5': F5 of reagent reservoir on slot C3, 'G5': G5 of reagent reservoir on slot C3, 'H5': H5 of reagent reservoir on slot C3, 'A6': A6 of reagent reservoir on slot C3, 'B6': B6 of reagent reservoir on slot C3, 'C6': C6 of reagent reservoir on slot C3, 'D6': D6 of reagent reservoir on slot C3, 'E6': E6 of reagent reservoir on slot C3, 'F6': F6 of reagent reservoir on slot C3, 'G6': G6 of reagent reservoir on slot C3, 'H6': H6 of reagent reservoir on slot C3, 'A7': A7 of reagent reservoir on slot C3, 'B7': B7 of reagent reservoir on slot C3, 'C7': C7 of reagent reservoir on slot C3, 'D7': D7 of reagent reservoir on slot C3, 'E7': E7 of reagent reservoir on slot C3, 'F7': F7 of reagent reservoir on slot C3, 'G7': G7 of reagent reservoir on slot C3, 'H7': H7 of reagent reservoir on slot C3, 'A8': A8 of reagent reservoir on slot C3, 'B8': B8 of reagent reservoir on slot C3, 'C8': C8 of reagent reservoir on slot C3, 'D8': D8 of reagent reservoir on slot C3, 'E8': E8 of reagent reservoir on slot C3, 'F8': F8 of reagent reservoir on slot C3, 'G8': G8 of reagent reservoir on slot C3, 'H8': H8 of reagent reservoir on slot C3, 'A9': A9 of reagent reservoir on slot C3, 'B9': B9 of reagent reservoir on slot C3, 'C9': C9 of reagent reservoir on slot C3, 'D9': D9 of reagent reservoir on slot C3, 'E9': E9 of reagent reservoir on slot C3, 'F9': F9 of reagent reservoir on slot C3, 'G9': G9 of reagent reservoir on slot C3, 'H9': H9 of reagent reservoir on slot C3, 'A10': A10 of reagent reservoir on slot C3, 'B10': B10 of reagent reservoir on slot C3, 'C10': C10 of reagent reservoir on slot C3, 'D10': D10 of reagent reservoir on slot C3, 'E10': E10 of reagent reservoir on slot C3, 'F10': F10 of reagent reservoir on slot C3, 'G10': G10 of reagent reservoir on slot C3, 'H10': H10 of reagent reservoir on slot C3, 'A11': A11 of reagent reservoir on slot C3, 'B11': B11 of reagent reservoir on slot C3, 'C11': C11 of reagent reservoir on slot C3, 'D11': D11 of reagent reservoir on slot C3, 'E11': E11 of reagent reservoir on slot C3, 'F11': F11 of reagent reservoir on slot C3, 'G11': G11 of reagent reservoir on slot C3, 'H11': H11 of reagent reservoir on slot C3, 'A12': A12 of reagent reservoir on slot C3, 'B12': B12 of reagent reservoir on slot C3, 'C12': C12 of reagent reservoir on slot C3, 'D12': D12 of reagent reservoir on slot C3, 'E12': E12 of reagent reservoir on slot C3, 'F12': F12 of reagent reservoir on slot C3, 'G12': G12 of reagent reservoir on slot C3, 'H12': H12 of reagent reservoir on slot C3}
Loading liquid into {'A1': A1 of reagent reservoir on slot C3, 'B1': B1 of reagent reservoir on slot C3, 'C1': C1 of reagent reservoir on slot C3, 'D1': D1 of reagent reservoir on slot C3, 'E1': E1 of reagent reservoir on slot C3, 'F1': F1 of reagent reservoir on slot C3, 'G1': G1 of reagent reservoir on slot C3, 'H1': H1 of reagent reservoir on slot C3, 'A2': A2 of reagent reservoir on slot C3, 'B2': B2 of reagent reservoir on slot C3, 'C2': C2 of reagent reservoir on slot C3, 'D2': D2 of reagent reservoir on slot C3, 'E2': E2 of reagent reservoir on slot C3, 'F2': F2 of reagent reservoir on slot C3, 'G2': G2 of reagent reservoir on slot C3, 'H2': H2 of reagent reservoir on slot C3, 'A3': A3 of reagent reservoir on slot C3, 'B3': B3 of reagent reservoir on slot C3, 'C3': C3 of reagent reservoir on slot C3, 'D3': D3 of reagent reservoir on slot C3, 'E3': E3 of reagent reservoir on slot C3, 'F3': F3 of reagent reservoir on slot C3, 'G3': G3 of reagent reservoir on slot C3, 'H3': H3 of reagent reservoir on slot C3, 'A4': A4 of reagent reservoir on slot C3, 'B4': B4 of reagent reservoir on slot C3, 'C4': C4 of reagent reservoir on slot C3, 'D4': D4 of reagent reservoir on slot C3, 'E4': E4 of reagent reservoir on slot C3, 'F4': F4 of reagent reservoir on slot C3, 'G4': G4 of reagent reservoir on slot C3, 'H4': H4 of reagent reservoir on slot C3, 'A5': A5 of reagent reservoir on slot C3, 'B5': B5 of reagent reservoir on slot C3, 'C5': C5 of reagent reservoir on slot C3, 'D5': D5 of reagent reservoir on slot C3, 'E5': E5 of reagent reservoir on slot C3, 'F5': F5 of reagent reservoir on slot C3, 'G5': G5 of reagent reservoir on slot C3, 'H5': H5 of reagent reservoir on slot C3, 'A6': A6 of reagent reservoir on slot C3, 'B6': B6 of reagent reservoir on slot C3, 'C6': C6 of reagent reservoir on slot C3, 'D6': D6 of reagent reservoir on slot C3, 'E6': E6 of reagent reservoir on slot C3, 'F6': F6 of reagent reservoir on slot C3, 'G6': G6 of reagent reservoir on slot C3, 'H6': H6 of reagent reservoir on slot C3, 'A7': A7 of reagent reservoir on slot C3, 'B7': B7 of reagent reservoir on slot C3, 'C7': C7 of reagent reservoir on slot C3, 'D7': D7 of reagent reservoir on slot C3, 'E7': E7 of reagent reservoir on slot C3, 'F7': F7 of reagent reservoir on slot C3, 'G7': G7 of reagent reservoir on slot C3, 'H7': H7 of reagent reservoir on slot C3, 'A8': A8 of reagent reservoir on slot C3, 'B8': B8 of reagent reservoir on slot C3, 'C8': C8 of reagent reservoir on slot C3, 'D8': D8 of reagent reservoir on slot C3, 'E8': E8 of reagent reservoir on slot C3, 'F8': F8 of reagent reservoir on slot C3, 'G8': G8 of reagent reservoir on slot C3, 'H8': H8 of reagent reservoir on slot C3, 'A9': A9 of reagent reservoir on slot C3, 'B9': B9 of reagent reservoir on slot C3, 'C9': C9 of reagent reservoir on slot C3, 'D9': D9 of reagent reservoir on slot C3, 'E9': E9 of reagent reservoir on slot C3, 'F9': F9 of reagent reservoir on slot C3, 'G9': G9 of reagent reservoir on slot C3, 'H9': H9 of reagent reservoir on slot C3, 'A10': A10 of reagent reservoir on slot C3, 'B10': B10 of reagent reservoir on slot C3, 'C10': C10 of reagent reservoir on slot C3, 'D10': D10 of reagent reservoir on slot C3, 'E10': E10 of reagent reservoir on slot C3, 'F10': F10 of reagent reservoir on slot C3, 'G10': G10 of reagent reservoir on slot C3, 'H10': H10 of reagent reservoir on slot C3, 'A11': A11 of reagent reservoir on slot C3, 'B11': B11 of reagent reservoir on slot C3, 'C11': C11 of reagent reservoir on slot C3, 'D11': D11 of reagent reservoir on slot C3, 'E11': E11 of reagent reservoir on slot C3, 'F11': F11 of reagent reservoir on slot C3, 'G11': G11 of reagent reservoir on slot C3, 'H11': H11 of reagent reservoir on slot C3, 'A12': A12 of reagent reservoir on slot C3, 'B12': B12 of reagent reservoir on slot C3, 'C12': C12 of reagent reservoir on slot C3, 'D12': D12 of reagent reservoir on slot C3, 'E12': E12 of reagent reservoir on slot C3, 'F12': F12 of reagent reservoir on slot C3, 'G12': G12 of reagent reservoir on slot C3, 'H12': H12 of reagent reservoir on slot C3}
Loading liquid into {'A1': A1 of reagent reservoir on slot C3, 'B1': B1 of reagent reservoir on slot C3, 'C1': C1 of reagent reservoir on slot C3, 'D1': D1 of reagent reservoir on slot C3, 'E1': E1 of reagent reservoir on slot C3, 'F1': F1 of reagent reservoir on slot C3, 'G1': G1 of reagent reservoir on slot C3, 'H1': H1 of reagent reservoir on slot C3, 'A2': A2 of reagent reservoir on slot C3, 'B2': B2 of reagent reservoir on slot C3, 'C2': C2 of reagent reservoir on slot C3, 'D2': D2 of reagent reservoir on slot C3, 'E2': E2 of reagent reservoir on slot C3, 'F2': F2 of reagent reservoir on slot C3, 'G2': G2 of reagent reservoir on slot C3, 'H2': H2 of reagent reservoir on slot C3, 'A3': A3 of reagent reservoir on slot C3, 'B3': B3 of reagent reservoir on slot C3, 'C3': C3 of reagent reservoir on slot C3, 'D3': D3 of reagent reservoir on slot C3, 'E3': E3 of reagent reservoir on slot C3, 'F3': F3 of reagent reservoir on slot C3, 'G3': G3 of reagent reservoir on slot C3, 'H3': H3 of reagent reservoir on slot C3, 'A4': A4 of reagent reservoir on slot C3, 'B4': B4 of reagent reservoir on slot C3, 'C4': C4 of reagent reservoir on slot C3, 'D4': D4 of reagent reservoir on slot C3, 'E4': E4 of reagent reservoir on slot C3, 'F4': F4 of reagent reservoir on slot C3, 'G4': G4 of reagent reservoir on slot C3, 'H4': H4 of reagent reservoir on slot C3, 'A5': A5 of reagent reservoir on slot C3, 'B5': B5 of reagent reservoir on slot C3, 'C5': C5 of reagent reservoir on slot C3, 'D5': D5 of reagent reservoir on slot C3, 'E5': E5 of reagent reservoir on slot C3, 'F5': F5 of reagent reservoir on slot C3, 'G5': G5 of reagent reservoir on slot C3, 'H5': H5 of reagent reservoir on slot C3, 'A6': A6 of reagent reservoir on slot C3, 'B6': B6 of reagent reservoir on slot C3, 'C6': C6 of reagent reservoir on slot C3, 'D6': D6 of reagent reservoir on slot C3, 'E6': E6 of reagent reservoir on slot C3, 'F6': F6 of reagent reservoir on slot C3, 'G6': G6 of reagent reservoir on slot C3, 'H6': H6 of reagent reservoir on slot C3, 'A7': A7 of reagent reservoir on slot C3, 'B7': B7 of reagent reservoir on slot C3, 'C7': C7 of reagent reservoir on slot C3, 'D7': D7 of reagent reservoir on slot C3, 'E7': E7 of reagent reservoir on slot C3, 'F7': F7 of reagent reservoir on slot C3, 'G7': G7 of reagent reservoir on slot C3, 'H7': H7 of reagent reservoir on slot C3, 'A8': A8 of reagent reservoir on slot C3, 'B8': B8 of reagent reservoir on slot C3, 'C8': C8 of reagent reservoir on slot C3, 'D8': D8 of reagent reservoir on slot C3, 'E8': E8 of reagent reservoir on slot C3, 'F8': F8 of reagent reservoir on slot C3, 'G8': G8 of reagent reservoir on slot C3, 'H8': H8 of reagent reservoir on slot C3, 'A9': A9 of reagent reservoir on slot C3, 'B9': B9 of reagent reservoir on slot C3, 'C9': C9 of reagent reservoir on slot C3, 'D9': D9 of reagent reservoir on slot C3, 'E9': E9 of reagent reservoir on slot C3, 'F9': F9 of reagent reservoir on slot C3, 'G9': G9 of reagent reservoir on slot C3, 'H9': H9 of reagent reservoir on slot C3, 'A10': A10 of reagent reservoir on slot C3, 'B10': B10 of reagent reservoir on slot C3, 'C10': C10 of reagent reservoir on slot C3, 'D10': D10 of reagent reservoir on slot C3, 'E10': E10 of reagent reservoir on slot C3, 'F10': F10 of reagent reservoir on slot C3, 'G10': G10 of reagent reservoir on slot C3, 'H10': H10 of reagent reservoir on slot C3, 'A11': A11 of reagent reservoir on slot C3, 'B11': B11 of reagent reservoir on slot C3, 'C11': C11 of reagent reservoir on slot C3, 'D11': D11 of reagent reservoir on slot C3, 'E11': E11 of reagent reservoir on slot C3, 'F11': F11 of reagent reservoir on slot C3, 'G11': G11 of reagent reservoir on slot C3, 'H11': H11 of reagent reservoir on slot C3, 'A12': A12 of reagent reservoir on slot C3, 'B12': B12 of reagent reservoir on slot C3, 'C12': C12 of reagent reservoir on slot C3, 'D12': D12 of reagent reservoir on slot C3, 'E12': E12 of reagent reservoir on slot C3, 'F12': F12 of reagent reservoir on slot C3, 'G12': G12 of reagent reservoir on slot C3, 'H12': H12 of reagent reservoir on slot C3}
Loading liquid into {'A1': A1 of reagent reservoir on slot C3, 'B1': B1 of reagent reservoir on slot C3, 'C1': C1 of reagent reservoir on slot C3, 'D1': D1 of reagent reservoir on slot C3, 'E1': E1 of reagent reservoir on slot C3, 'F1': F1 of reagent reservoir on slot C3, 'G1': G1 of reagent reservoir on slot C3, 'H1': H1 of reagent reservoir on slot C3, 'A2': A2 of reagent reservoir on slot C3, 'B2': B2 of reagent reservoir on slot C3, 'C2': C2 of reagent reservoir on slot C3, 'D2': D2 of reagent reservoir on slot C3, 'E2': E2 of reagent reservoir on slot C3, 'F2': F2 of reagent reservoir on slot C3, 'G2': G2 of reagent reservoir on slot C3, 'H2': H2 of reagent reservoir on slot C3, 'A3': A3 of reagent reservoir on slot C3, 'B3': B3 of reagent reservoir on slot C3, 'C3': C3 of reagent reservoir on slot C3, 'D3': D3 of reagent reservoir on slot C3, 'E3': E3 of reagent reservoir on slot C3, 'F3': F3 of reagent reservoir on slot C3, 'G3': G3 of reagent reservoir on slot C3, 'H3': H3 of reagent reservoir on slot C3, 'A4': A4 of reagent reservoir on slot C3, 'B4': B4 of reagent reservoir on slot C3, 'C4': C4 of reagent reservoir on slot C3, 'D4': D4 of reagent reservoir on slot C3, 'E4': E4 of reagent reservoir on slot C3, 'F4': F4 of reagent reservoir on slot C3, 'G4': G4 of reagent reservoir on slot C3, 'H4': H4 of reagent reservoir on slot C3, 'A5': A5 of reagent reservoir on slot C3, 'B5': B5 of reagent reservoir on slot C3, 'C5': C5 of reagent reservoir on slot C3, 'D5': D5 of reagent reservoir on slot C3, 'E5': E5 of reagent reservoir on slot C3, 'F5': F5 of reagent reservoir on slot C3, 'G5': G5 of reagent reservoir on slot C3, 'H5': H5 of reagent reservoir on slot C3, 'A6': A6 of reagent reservoir on slot C3, 'B6': B6 of reagent reservoir on slot C3, 'C6': C6 of reagent reservoir on slot C3, 'D6': D6 of reagent reservoir on slot C3, 'E6': E6 of reagent reservoir on slot C3, 'F6': F6 of reagent reservoir on slot C3, 'G6': G6 of reagent reservoir on slot C3, 'H6': H6 of reagent reservoir on slot C3, 'A7': A7 of reagent reservoir on slot C3, 'B7': B7 of reagent reservoir on slot C3, 'C7': C7 of reagent reservoir on slot C3, 'D7': D7 of reagent reservoir on slot C3, 'E7': E7 of reagent reservoir on slot C3, 'F7': F7 of reagent reservoir on slot C3, 'G7': G7 of reagent reservoir on slot C3, 'H7': H7 of reagent reservoir on slot C3, 'A8': A8 of reagent reservoir on slot C3, 'B8': B8 of reagent reservoir on slot C3, 'C8': C8 of reagent reservoir on slot C3, 'D8': D8 of reagent reservoir on slot C3, 'E8': E8 of reagent reservoir on slot C3, 'F8': F8 of reagent reservoir on slot C3, 'G8': G8 of reagent reservoir on slot C3, 'H8': H8 of reagent reservoir on slot C3, 'A9': A9 of reagent reservoir on slot C3, 'B9': B9 of reagent reservoir on slot C3, 'C9': C9 of reagent reservoir on slot C3, 'D9': D9 of reagent reservoir on slot C3, 'E9': E9 of reagent reservoir on slot C3, 'F9': F9 of reagent reservoir on slot C3, 'G9': G9 of reagent reservoir on slot C3, 'H9': H9 of reagent reservoir on slot C3, 'A10': A10 of reagent reservoir on slot C3, 'B10': B10 of reagent reservoir on slot C3, 'C10': C10 of reagent reservoir on slot C3, 'D10': D10 of reagent reservoir on slot C3, 'E10': E10 of reagent reservoir on slot C3, 'F10': F10 of reagent reservoir on slot C3, 'G10': G10 of reagent reservoir on slot C3, 'H10': H10 of reagent reservoir on slot C3, 'A11': A11 of reagent reservoir on slot C3, 'B11': B11 of reagent reservoir on slot C3, 'C11': C11 of reagent reservoir on slot C3, 'D11': D11 of reagent reservoir on slot C3, 'E11': E11 of reagent reservoir on slot C3, 'F11': F11 of reagent reservoir on slot C3, 'G11': G11 of reagent reservoir on slot C3, 'H11': H11 of reagent reservoir on slot C3, 'A12': A12 of reagent reservoir on slot C3, 'B12': B12 of reagent reservoir on slot C3, 'C12': C12 of reagent reservoir on slot C3, 'D12': D12 of reagent reservoir on slot C3, 'E12': E12 of reagent reservoir on slot C3, 'F12': F12 of reagent reservoir on slot C3, 'G12': G12 of reagent reservoir on slot C3, 'H12': H12 of reagent reservoir on slot C3}
Loading liquid into {'A1': A1 of reagent reservoir on slot C3, 'B1': B1 of reagent reservoir on slot C3, 'C1': C1 of reagent reservoir on slot C3, 'D1': D1 of reagent reservoir on slot C3, 'E1': E1 of reagent reservoir on slot C3, 'F1': F1 of reagent reservoir on slot C3, 'G1': G1 of reagent reservoir on slot C3, 'H1': H1 of reagent reservoir on slot C3, 'A2': A2 of reagent reservoir on slot C3, 'B2': B2 of reagent reservoir on slot C3, 'C2': C2 of reagent reservoir on slot C3, 'D2': D2 of reagent reservoir on slot C3, 'E2': E2 of reagent reservoir on slot C3, 'F2': F2 of reagent reservoir on slot C3, 'G2': G2 of reagent reservoir on slot C3, 'H2': H2 of reagent reservoir on slot C3, 'A3': A3 of reagent reservoir on slot C3, 'B3': B3 of reagent reservoir on slot C3, 'C3': C3 of reagent reservoir on slot C3, 'D3': D3 of reagent reservoir on slot C3, 'E3': E3 of reagent reservoir on slot C3, 'F3': F3 of reagent reservoir on slot C3, 'G3': G3 of reagent reservoir on slot C3, 'H3': H3 of reagent reservoir on slot C3, 'A4': A4 of reagent reservoir on slot C3, 'B4': B4 of reagent reservoir on slot C3, 'C4': C4 of reagent reservoir on slot C3, 'D4': D4 of reagent reservoir on slot C3, 'E4': E4 of reagent reservoir on slot C3, 'F4': F4 of reagent reservoir on slot C3, 'G4': G4 of reagent reservoir on slot C3, 'H4': H4 of reagent reservoir on slot C3, 'A5': A5 of reagent reservoir on slot C3, 'B5': B5 of reagent reservoir on slot C3, 'C5': C5 of reagent reservoir on slot C3, 'D5': D5 of reagent reservoir on slot C3, 'E5': E5 of reagent reservoir on slot C3, 'F5': F5 of reagent reservoir on slot C3, 'G5': G5 of reagent reservoir on slot C3, 'H5': H5 of reagent reservoir on slot C3, 'A6': A6 of reagent reservoir on slot C3, 'B6': B6 of reagent reservoir on slot C3, 'C6': C6 of reagent reservoir on slot C3, 'D6': D6 of reagent reservoir on slot C3, 'E6': E6 of reagent reservoir on slot C3, 'F6': F6 of reagent reservoir on slot C3, 'G6': G6 of reagent reservoir on slot C3, 'H6': H6 of reagent reservoir on slot C3, 'A7': A7 of reagent reservoir on slot C3, 'B7': B7 of reagent reservoir on slot C3, 'C7': C7 of reagent reservoir on slot C3, 'D7': D7 of reagent reservoir on slot C3, 'E7': E7 of reagent reservoir on slot C3, 'F7': F7 of reagent reservoir on slot C3, 'G7': G7 of reagent reservoir on slot C3, 'H7': H7 of reagent reservoir on slot C3, 'A8': A8 of reagent reservoir on slot C3, 'B8': B8 of reagent reservoir on slot C3, 'C8': C8 of reagent reservoir on slot C3, 'D8': D8 of reagent reservoir on slot C3, 'E8': E8 of reagent reservoir on slot C3, 'F8': F8 of reagent reservoir on slot C3, 'G8': G8 of reagent reservoir on slot C3, 'H8': H8 of reagent reservoir on slot C3, 'A9': A9 of reagent reservoir on slot C3, 'B9': B9 of reagent reservoir on slot C3, 'C9': C9 of reagent reservoir on slot C3, 'D9': D9 of reagent reservoir on slot C3, 'E9': E9 of reagent reservoir on slot C3, 'F9': F9 of reagent reservoir on slot C3, 'G9': G9 of reagent reservoir on slot C3, 'H9': H9 of reagent reservoir on slot C3, 'A10': A10 of reagent reservoir on slot C3, 'B10': B10 of reagent reservoir on slot C3, 'C10': C10 of reagent reservoir on slot C3, 'D10': D10 of reagent reservoir on slot C3, 'E10': E10 of reagent reservoir on slot C3, 'F10': F10 of reagent reservoir on slot C3, 'G10': G10 of reagent reservoir on slot C3, 'H10': H10 of reagent reservoir on slot C3, 'A11': A11 of reagent reservoir on slot C3, 'B11': B11 of reagent reservoir on slot C3, 'C11': C11 of reagent reservoir on slot C3, 'D11': D11 of reagent reservoir on slot C3, 'E11': E11 of reagent reservoir on slot C3, 'F11': F11 of reagent reservoir on slot C3, 'G11': G11 of reagent reservoir on slot C3, 'H11': H11 of reagent reservoir on slot C3, 'A12': A12 of reagent reservoir on slot C3, 'B12': B12 of reagent reservoir on slot C3, 'C12': C12 of reagent reservoir on slot C3, 'D12': D12 of reagent reservoir on slot C3, 'E12': E12 of reagent reservoir on slot C3, 'F12': F12 of reagent reservoir on slot C3, 'G12': G12 of reagent reservoir on slot C3, 'H12': H12 of reagent reservoir on slot C3}
Loading liquid into {'A1': A1 of reagent reservoir on slot C3, 'B1': B1 of reagent reservoir on slot C3, 'C1': C1 of reagent reservoir on slot C3, 'D1': D1 of reagent reservoir on slot C3, 'E1': E1 of reagent reservoir on slot C3, 'F1': F1 of reagent reservoir on slot C3, 'G1': G1 of reagent reservoir on slot C3, 'H1': H1 of reagent reservoir on slot C3, 'A2': A2 of reagent reservoir on slot C3, 'B2': B2 of reagent reservoir on slot C3, 'C2': C2 of reagent reservoir on slot C3, 'D2': D2 of reagent reservoir on slot C3, 'E2': E2 of reagent reservoir on slot C3, 'F2': F2 of reagent reservoir on slot C3, 'G2': G2 of reagent reservoir on slot C3, 'H2': H2 of reagent reservoir on slot C3, 'A3': A3 of reagent reservoir on slot C3, 'B3': B3 of reagent reservoir on slot C3, 'C3': C3 of reagent reservoir on slot C3, 'D3': D3 of reagent reservoir on slot C3, 'E3': E3 of reagent reservoir on slot C3, 'F3': F3 of reagent reservoir on slot C3, 'G3': G3 of reagent reservoir on slot C3, 'H3': H3 of reagent reservoir on slot C3, 'A4': A4 of reagent reservoir on slot C3, 'B4': B4 of reagent reservoir on slot C3, 'C4': C4 of reagent reservoir on slot C3, 'D4': D4 of reagent reservoir on slot C3, 'E4': E4 of reagent reservoir on slot C3, 'F4': F4 of reagent reservoir on slot C3, 'G4': G4 of reagent reservoir on slot C3, 'H4': H4 of reagent reservoir on slot C3, 'A5': A5 of reagent reservoir on slot C3, 'B5': B5 of reagent reservoir on slot C3, 'C5': C5 of reagent reservoir on slot C3, 'D5': D5 of reagent reservoir on slot C3, 'E5': E5 of reagent reservoir on slot C3, 'F5': F5 of reagent reservoir on slot C3, 'G5': G5 of reagent reservoir on slot C3, 'H5': H5 of reagent reservoir on slot C3, 'A6': A6 of reagent reservoir on slot C3, 'B6': B6 of reagent reservoir on slot C3, 'C6': C6 of reagent reservoir on slot C3, 'D6': D6 of reagent reservoir on slot C3, 'E6': E6 of reagent reservoir on slot C3, 'F6': F6 of reagent reservoir on slot C3, 'G6': G6 of reagent reservoir on slot C3, 'H6': H6 of reagent reservoir on slot C3, 'A7': A7 of reagent reservoir on slot C3, 'B7': B7 of reagent reservoir on slot C3, 'C7': C7 of reagent reservoir on slot C3, 'D7': D7 of reagent reservoir on slot C3, 'E7': E7 of reagent reservoir on slot C3, 'F7': F7 of reagent reservoir on slot C3, 'G7': G7 of reagent reservoir on slot C3, 'H7': H7 of reagent reservoir on slot C3, 'A8': A8 of reagent reservoir on slot C3, 'B8': B8 of reagent reservoir on slot C3, 'C8': C8 of reagent reservoir on slot C3, 'D8': D8 of reagent reservoir on slot C3, 'E8': E8 of reagent reservoir on slot C3, 'F8': F8 of reagent reservoir on slot C3, 'G8': G8 of reagent reservoir on slot C3, 'H8': H8 of reagent reservoir on slot C3, 'A9': A9 of reagent reservoir on slot C3, 'B9': B9 of reagent reservoir on slot C3, 'C9': C9 of reagent reservoir on slot C3, 'D9': D9 of reagent reservoir on slot C3, 'E9': E9 of reagent reservoir on slot C3, 'F9': F9 of reagent reservoir on slot C3, 'G9': G9 of reagent reservoir on slot C3, 'H9': H9 of reagent reservoir on slot C3, 'A10': A10 of reagent reservoir on slot C3, 'B10': B10 of reagent reservoir on slot C3, 'C10': C10 of reagent reservoir on slot C3, 'D10': D10 of reagent reservoir on slot C3, 'E10': E10 of reagent reservoir on slot C3, 'F10': F10 of reagent reservoir on slot C3, 'G10': G10 of reagent reservoir on slot C3, 'H10': H10 of reagent reservoir on slot C3, 'A11': A11 of reagent reservoir on slot C3, 'B11': B11 of reagent reservoir on slot C3, 'C11': C11 of reagent reservoir on slot C3, 'D11': D11 of reagent reservoir on slot C3, 'E11': E11 of reagent reservoir on slot C3, 'F11': F11 of reagent reservoir on slot C3, 'G11': G11 of reagent reservoir on slot C3, 'H11': H11 of reagent reservoir on slot C3, 'A12': A12 of reagent reservoir on slot C3, 'B12': B12 of reagent reservoir on slot C3, 'C12': C12 of reagent reservoir on slot C3, 'D12': D12 of reagent reservoir on slot C3, 'E12': E12 of reagent reservoir on slot C3, 'F12': F12 of reagent reservoir on slot C3, 'G12': G12 of reagent reservoir on slot C3, 'H12': H12 of reagent reservoir on slot C3}
Loading liquid into {'A1': A1 of reagent reservoir on slot C3, 'B1': B1 of reagent reservoir on slot C3, 'C1': C1 of reagent reservoir on slot C3, 'D1': D1 of reagent reservoir on slot C3, 'E1': E1 of reagent reservoir on slot C3, 'F1': F1 of reagent reservoir on slot C3, 'G1': G1 of reagent reservoir on slot C3, 'H1': H1 of reagent reservoir on slot C3, 'A2': A2 of reagent reservoir on slot C3, 'B2': B2 of reagent reservoir on slot C3, 'C2': C2 of reagent reservoir on slot C3, 'D2': D2 of reagent reservoir on slot C3, 'E2': E2 of reagent reservoir on slot C3, 'F2': F2 of reagent reservoir on slot C3, 'G2': G2 of reagent reservoir on slot C3, 'H2': H2 of reagent reservoir on slot C3, 'A3': A3 of reagent reservoir on slot C3, 'B3': B3 of reagent reservoir on slot C3, 'C3': C3 of reagent reservoir on slot C3, 'D3': D3 of reagent reservoir on slot C3, 'E3': E3 of reagent reservoir on slot C3, 'F3': F3 of reagent reservoir on slot C3, 'G3': G3 of reagent reservoir on slot C3, 'H3': H3 of reagent reservoir on slot C3, 'A4': A4 of reagent reservoir on slot C3, 'B4': B4 of reagent reservoir on slot C3, 'C4': C4 of reagent reservoir on slot C3, 'D4': D4 of reagent reservoir on slot C3, 'E4': E4 of reagent reservoir on slot C3, 'F4': F4 of reagent reservoir on slot C3, 'G4': G4 of reagent reservoir on slot C3, 'H4': H4 of reagent reservoir on slot C3, 'A5': A5 of reagent reservoir on slot C3, 'B5': B5 of reagent reservoir on slot C3, 'C5': C5 of reagent reservoir on slot C3, 'D5': D5 of reagent reservoir on slot C3, 'E5': E5 of reagent reservoir on slot C3, 'F5': F5 of reagent reservoir on slot C3, 'G5': G5 of reagent reservoir on slot C3, 'H5': H5 of reagent reservoir on slot C3, 'A6': A6 of reagent reservoir on slot C3, 'B6': B6 of reagent reservoir on slot C3, 'C6': C6 of reagent reservoir on slot C3, 'D6': D6 of reagent reservoir on slot C3, 'E6': E6 of reagent reservoir on slot C3, 'F6': F6 of reagent reservoir on slot C3, 'G6': G6 of reagent reservoir on slot C3, 'H6': H6 of reagent reservoir on slot C3, 'A7': A7 of reagent reservoir on slot C3, 'B7': B7 of reagent reservoir on slot C3, 'C7': C7 of reagent reservoir on slot C3, 'D7': D7 of reagent reservoir on slot C3, 'E7': E7 of reagent reservoir on slot C3, 'F7': F7 of reagent reservoir on slot C3, 'G7': G7 of reagent reservoir on slot C3, 'H7': H7 of reagent reservoir on slot C3, 'A8': A8 of reagent reservoir on slot C3, 'B8': B8 of reagent reservoir on slot C3, 'C8': C8 of reagent reservoir on slot C3, 'D8': D8 of reagent reservoir on slot C3, 'E8': E8 of reagent reservoir on slot C3, 'F8': F8 of reagent reservoir on slot C3, 'G8': G8 of reagent reservoir on slot C3, 'H8': H8 of reagent reservoir on slot C3, 'A9': A9 of reagent reservoir on slot C3, 'B9': B9 of reagent reservoir on slot C3, 'C9': C9 of reagent reservoir on slot C3, 'D9': D9 of reagent reservoir on slot C3, 'E9': E9 of reagent reservoir on slot C3, 'F9': F9 of reagent reservoir on slot C3, 'G9': G9 of reagent reservoir on slot C3, 'H9': H9 of reagent reservoir on slot C3, 'A10': A10 of reagent reservoir on slot C3, 'B10': B10 of reagent reservoir on slot C3, 'C10': C10 of reagent reservoir on slot C3, 'D10': D10 of reagent reservoir on slot C3, 'E10': E10 of reagent reservoir on slot C3, 'F10': F10 of reagent reservoir on slot C3, 'G10': G10 of reagent reservoir on slot C3, 'H10': H10 of reagent reservoir on slot C3, 'A11': A11 of reagent reservoir on slot C3, 'B11': B11 of reagent reservoir on slot C3, 'C11': C11 of reagent reservoir on slot C3, 'D11': D11 of reagent reservoir on slot C3, 'E11': E11 of reagent reservoir on slot C3, 'F11': F11 of reagent reservoir on slot C3, 'G11': G11 of reagent reservoir on slot C3, 'H11': H11 of reagent reservoir on slot C3, 'A12': A12 of reagent reservoir on slot C3, 'B12': B12 of reagent reservoir on slot C3, 'C12': C12 of reagent reservoir on slot C3, 'D12': D12 of reagent reservoir on slot C3, 'E12': E12 of reagent reservoir on slot C3, 'F12': F12 of reagent reservoir on slot C3, 'G12': G12 of reagent reservoir on slot C3, 'H12': H12 of reagent reservoir on slot C3}
Loading liquid into {'A1': A1 of reagent reservoir on slot C3, 'B1': B1 of reagent reservoir on slot C3, 'C1': C1 of reagent reservoir on slot C3, 'D1': D1 of reagent reservoir on slot C3, 'E1': E1 of reagent reservoir on slot C3, 'F1': F1 of reagent reservoir on slot C3, 'G1': G1 of reagent reservoir on slot C3, 'H1': H1 of reagent reservoir on slot C3, 'A2': A2 of reagent reservoir on slot C3, 'B2': B2 of reagent reservoir on slot C3, 'C2': C2 of reagent reservoir on slot C3, 'D2': D2 of reagent reservoir on slot C3, 'E2': E2 of reagent reservoir on slot C3, 'F2': F2 of reagent reservoir on slot C3, 'G2': G2 of reagent reservoir on slot C3, 'H2': H2 of reagent reservoir on slot C3, 'A3': A3 of reagent reservoir on slot C3, 'B3': B3 of reagent reservoir on slot C3, 'C3': C3 of reagent reservoir on slot C3, 'D3': D3 of reagent reservoir on slot C3, 'E3': E3 of reagent reservoir on slot C3, 'F3': F3 of reagent reservoir on slot C3, 'G3': G3 of reagent reservoir on slot C3, 'H3': H3 of reagent reservoir on slot C3, 'A4': A4 of reagent reservoir on slot C3, 'B4': B4 of reagent reservoir on slot C3, 'C4': C4 of reagent reservoir on slot C3, 'D4': D4 of reagent reservoir on slot C3, 'E4': E4 of reagent reservoir on slot C3, 'F4': F4 of reagent reservoir on slot C3, 'G4': G4 of reagent reservoir on slot C3, 'H4': H4 of reagent reservoir on slot C3, 'A5': A5 of reagent reservoir on slot C3, 'B5': B5 of reagent reservoir on slot C3, 'C5': C5 of reagent reservoir on slot C3, 'D5': D5 of reagent reservoir on slot C3, 'E5': E5 of reagent reservoir on slot C3, 'F5': F5 of reagent reservoir on slot C3, 'G5': G5 of reagent reservoir on slot C3, 'H5': H5 of reagent reservoir on slot C3, 'A6': A6 of reagent reservoir on slot C3, 'B6': B6 of reagent reservoir on slot C3, 'C6': C6 of reagent reservoir on slot C3, 'D6': D6 of reagent reservoir on slot C3, 'E6': E6 of reagent reservoir on slot C3, 'F6': F6 of reagent reservoir on slot C3, 'G6': G6 of reagent reservoir on slot C3, 'H6': H6 of reagent reservoir on slot C3, 'A7': A7 of reagent reservoir on slot C3, 'B7': B7 of reagent reservoir on slot C3, 'C7': C7 of reagent reservoir on slot C3, 'D7': D7 of reagent reservoir on slot C3, 'E7': E7 of reagent reservoir on slot C3, 'F7': F7 of reagent reservoir on slot C3, 'G7': G7 of reagent reservoir on slot C3, 'H7': H7 of reagent reservoir on slot C3, 'A8': A8 of reagent reservoir on slot C3, 'B8': B8 of reagent reservoir on slot C3, 'C8': C8 of reagent reservoir on slot C3, 'D8': D8 of reagent reservoir on slot C3, 'E8': E8 of reagent reservoir on slot C3, 'F8': F8 of reagent reservoir on slot C3, 'G8': G8 of reagent reservoir on slot C3, 'H8': H8 of reagent reservoir on slot C3, 'A9': A9 of reagent reservoir on slot C3, 'B9': B9 of reagent reservoir on slot C3, 'C9': C9 of reagent reservoir on slot C3, 'D9': D9 of reagent reservoir on slot C3, 'E9': E9 of reagent reservoir on slot C3, 'F9': F9 of reagent reservoir on slot C3, 'G9': G9 of reagent reservoir on slot C3, 'H9': H9 of reagent reservoir on slot C3, 'A10': A10 of reagent reservoir on slot C3, 'B10': B10 of reagent reservoir on slot C3, 'C10': C10 of reagent reservoir on slot C3, 'D10': D10 of reagent reservoir on slot C3, 'E10': E10 of reagent reservoir on slot C3, 'F10': F10 of reagent reservoir on slot C3, 'G10': G10 of reagent reservoir on slot C3, 'H10': H10 of reagent reservoir on slot C3, 'A11': A11 of reagent reservoir on slot C3, 'B11': B11 of reagent reservoir on slot C3, 'C11': C11 of reagent reservoir on slot C3, 'D11': D11 of reagent reservoir on slot C3, 'E11': E11 of reagent reservoir on slot C3, 'F11': F11 of reagent reservoir on slot C3, 'G11': G11 of reagent reservoir on slot C3, 'H11': H11 of reagent reservoir on slot C3, 'A12': A12 of reagent reservoir on slot C3, 'B12': B12 of reagent reservoir on slot C3, 'C12': C12 of reagent reservoir on slot C3, 'D12': D12 of reagent reservoir on slot C3, 'E12': E12 of reagent reservoir on slot C3, 'F12': F12 of reagent reservoir on slot C3, 'G12': G12 of reagent reservoir on slot C3, 'H12': H12 of reagent reservoir on slot C3}
Loading liquid into {'A1': A1 of reagent reservoir on slot C3, 'B1': B1 of reagent reservoir on slot C3, 'C1': C1 of reagent reservoir on slot C3, 'D1': D1 of reagent reservoir on slot C3, 'E1': E1 of reagent reservoir on slot C3, 'F1': F1 of reagent reservoir on slot C3, 'G1': G1 of reagent reservoir on slot C3, 'H1': H1 of reagent reservoir on slot C3, 'A2': A2 of reagent reservoir on slot C3, 'B2': B2 of reagent reservoir on slot C3, 'C2': C2 of reagent reservoir on slot C3, 'D2': D2 of reagent reservoir on slot C3, 'E2': E2 of reagent reservoir on slot C3, 'F2': F2 of reagent reservoir on slot C3, 'G2': G2 of reagent reservoir on slot C3, 'H2': H2 of reagent reservoir on slot C3, 'A3': A3 of reagent reservoir on slot C3, 'B3': B3 of reagent reservoir on slot C3, 'C3': C3 of reagent reservoir on slot C3, 'D3': D3 of reagent reservoir on slot C3, 'E3': E3 of reagent reservoir on slot C3, 'F3': F3 of reagent reservoir on slot C3, 'G3': G3 of reagent reservoir on slot C3, 'H3': H3 of reagent reservoir on slot C3, 'A4': A4 of reagent reservoir on slot C3, 'B4': B4 of reagent reservoir on slot C3, 'C4': C4 of reagent reservoir on slot C3, 'D4': D4 of reagent reservoir on slot C3, 'E4': E4 of reagent reservoir on slot C3, 'F4': F4 of reagent reservoir on slot C3, 'G4': G4 of reagent reservoir on slot C3, 'H4': H4 of reagent reservoir on slot C3, 'A5': A5 of reagent reservoir on slot C3, 'B5': B5 of reagent reservoir on slot C3, 'C5': C5 of reagent reservoir on slot C3, 'D5': D5 of reagent reservoir on slot C3, 'E5': E5 of reagent reservoir on slot C3, 'F5': F5 of reagent reservoir on slot C3, 'G5': G5 of reagent reservoir on slot C3, 'H5': H5 of reagent reservoir on slot C3, 'A6': A6 of reagent reservoir on slot C3, 'B6': B6 of reagent reservoir on slot C3, 'C6': C6 of reagent reservoir on slot C3, 'D6': D6 of reagent reservoir on slot C3, 'E6': E6 of reagent reservoir on slot C3, 'F6': F6 of reagent reservoir on slot C3, 'G6': G6 of reagent reservoir on slot C3, 'H6': H6 of reagent reservoir on slot C3, 'A7': A7 of reagent reservoir on slot C3, 'B7': B7 of reagent reservoir on slot C3, 'C7': C7 of reagent reservoir on slot C3, 'D7': D7 of reagent reservoir on slot C3, 'E7': E7 of reagent reservoir on slot C3, 'F7': F7 of reagent reservoir on slot C3, 'G7': G7 of reagent reservoir on slot C3, 'H7': H7 of reagent reservoir on slot C3, 'A8': A8 of reagent reservoir on slot C3, 'B8': B8 of reagent reservoir on slot C3, 'C8': C8 of reagent reservoir on slot C3, 'D8': D8 of reagent reservoir on slot C3, 'E8': E8 of reagent reservoir on slot C3, 'F8': F8 of reagent reservoir on slot C3, 'G8': G8 of reagent reservoir on slot C3, 'H8': H8 of reagent reservoir on slot C3, 'A9': A9 of reagent reservoir on slot C3, 'B9': B9 of reagent reservoir on slot C3, 'C9': C9 of reagent reservoir on slot C3, 'D9': D9 of reagent reservoir on slot C3, 'E9': E9 of reagent reservoir on slot C3, 'F9': F9 of reagent reservoir on slot C3, 'G9': G9 of reagent reservoir on slot C3, 'H9': H9 of reagent reservoir on slot C3, 'A10': A10 of reagent reservoir on slot C3, 'B10': B10 of reagent reservoir on slot C3, 'C10': C10 of reagent reservoir on slot C3, 'D10': D10 of reagent reservoir on slot C3, 'E10': E10 of reagent reservoir on slot C3, 'F10': F10 of reagent reservoir on slot C3, 'G10': G10 of reagent reservoir on slot C3, 'H10': H10 of reagent reservoir on slot C3, 'A11': A11 of reagent reservoir on slot C3, 'B11': B11 of reagent reservoir on slot C3, 'C11': C11 of reagent reservoir on slot C3, 'D11': D11 of reagent reservoir on slot C3, 'E11': E11 of reagent reservoir on slot C3, 'F11': F11 of reagent reservoir on slot C3, 'G11': G11 of reagent reservoir on slot C3, 'H11': H11 of reagent reservoir on slot C3, 'A12': A12 of reagent reservoir on slot C3, 'B12': B12 of reagent reservoir on slot C3, 'C12': C12 of reagent reservoir on slot C3, 'D12': D12 of reagent reservoir on slot C3, 'E12': E12 of reagent reservoir on slot C3, 'F12': F12 of reagent reservoir on slot C3, 'G12': G12 of reagent reservoir on slot C3, 'H12': H12 of reagent reservoir on slot C3}
Loading liquid into {'A1': A1 of reagent reservoir on slot C3, 'B1': B1 of reagent reservoir on slot C3, 'C1': C1 of reagent reservoir on slot C3, 'D1': D1 of reagent reservoir on slot C3, 'E1': E1 of reagent reservoir on slot C3, 'F1': F1 of reagent reservoir on slot C3, 'G1': G1 of reagent reservoir on slot C3, 'H1': H1 of reagent reservoir on slot C3, 'A2': A2 of reagent reservoir on slot C3, 'B2': B2 of reagent reservoir on slot C3, 'C2': C2 of reagent reservoir on slot C3, 'D2': D2 of reagent reservoir on slot C3, 'E2': E2 of reagent reservoir on slot C3, 'F2': F2 of reagent reservoir on slot C3, 'G2': G2 of reagent reservoir on slot C3, 'H2': H2 of reagent reservoir on slot C3, 'A3': A3 of reagent reservoir on slot C3, 'B3': B3 of reagent reservoir on slot C3, 'C3': C3 of reagent reservoir on slot C3, 'D3': D3 of reagent reservoir on slot C3, 'E3': E3 of reagent reservoir on slot C3, 'F3': F3 of reagent reservoir on slot C3, 'G3': G3 of reagent reservoir on slot C3, 'H3': H3 of reagent reservoir on slot C3, 'A4': A4 of reagent reservoir on slot C3, 'B4': B4 of reagent reservoir on slot C3, 'C4': C4 of reagent reservoir on slot C3, 'D4': D4 of reagent reservoir on slot C3, 'E4': E4 of reagent reservoir on slot C3, 'F4': F4 of reagent reservoir on slot C3, 'G4': G4 of reagent reservoir on slot C3, 'H4': H4 of reagent reservoir on slot C3, 'A5': A5 of reagent reservoir on slot C3, 'B5': B5 of reagent reservoir on slot C3, 'C5': C5 of reagent reservoir on slot C3, 'D5': D5 of reagent reservoir on slot C3, 'E5': E5 of reagent reservoir on slot C3, 'F5': F5 of reagent reservoir on slot C3, 'G5': G5 of reagent reservoir on slot C3, 'H5': H5 of reagent reservoir on slot C3, 'A6': A6 of reagent reservoir on slot C3, 'B6': B6 of reagent reservoir on slot C3, 'C6': C6 of reagent reservoir on slot C3, 'D6': D6 of reagent reservoir on slot C3, 'E6': E6 of reagent reservoir on slot C3, 'F6': F6 of reagent reservoir on slot C3, 'G6': G6 of reagent reservoir on slot C3, 'H6': H6 of reagent reservoir on slot C3, 'A7': A7 of reagent reservoir on slot C3, 'B7': B7 of reagent reservoir on slot C3, 'C7': C7 of reagent reservoir on slot C3, 'D7': D7 of reagent reservoir on slot C3, 'E7': E7 of reagent reservoir on slot C3, 'F7': F7 of reagent reservoir on slot C3, 'G7': G7 of reagent reservoir on slot C3, 'H7': H7 of reagent reservoir on slot C3, 'A8': A8 of reagent reservoir on slot C3, 'B8': B8 of reagent reservoir on slot C3, 'C8': C8 of reagent reservoir on slot C3, 'D8': D8 of reagent reservoir on slot C3, 'E8': E8 of reagent reservoir on slot C3, 'F8': F8 of reagent reservoir on slot C3, 'G8': G8 of reagent reservoir on slot C3, 'H8': H8 of reagent reservoir on slot C3, 'A9': A9 of reagent reservoir on slot C3, 'B9': B9 of reagent reservoir on slot C3, 'C9': C9 of reagent reservoir on slot C3, 'D9': D9 of reagent reservoir on slot C3, 'E9': E9 of reagent reservoir on slot C3, 'F9': F9 of reagent reservoir on slot C3, 'G9': G9 of reagent reservoir on slot C3, 'H9': H9 of reagent reservoir on slot C3, 'A10': A10 of reagent reservoir on slot C3, 'B10': B10 of reagent reservoir on slot C3, 'C10': C10 of reagent reservoir on slot C3, 'D10': D10 of reagent reservoir on slot C3, 'E10': E10 of reagent reservoir on slot C3, 'F10': F10 of reagent reservoir on slot C3, 'G10': G10 of reagent reservoir on slot C3, 'H10': H10 of reagent reservoir on slot C3, 'A11': A11 of reagent reservoir on slot C3, 'B11': B11 of reagent reservoir on slot C3, 'C11': C11 of reagent reservoir on slot C3, 'D11': D11 of reagent reservoir on slot C3, 'E11': E11 of reagent reservoir on slot C3, 'F11': F11 of reagent reservoir on slot C3, 'G11': G11 of reagent reservoir on slot C3, 'H11': H11 of reagent reservoir on slot C3, 'A12': A12 of reagent reservoir on slot C3, 'B12': B12 of reagent reservoir on slot C3, 'C12': C12 of reagent reservoir on slot C3, 'D12': D12 of reagent reservoir on slot C3, 'E12': E12 of reagent reservoir on slot C3, 'F12': F12 of reagent reservoir on slot C3, 'G12': G12 of reagent reservoir on slot C3, 'H12': H12 of reagent reservoir on slot C3}
Loading liquid into {'A1': A1 of reagent reservoir on slot C3, 'B1': B1 of reagent reservoir on slot C3, 'C1': C1 of reagent reservoir on slot C3, 'D1': D1 of reagent reservoir on slot C3, 'E1': E1 of reagent reservoir on slot C3, 'F1': F1 of reagent reservoir on slot C3, 'G1': G1 of reagent reservoir on slot C3, 'H1': H1 of reagent reservoir on slot C3, 'A2': A2 of reagent reservoir on slot C3, 'B2': B2 of reagent reservoir on slot C3, 'C2': C2 of reagent reservoir on slot C3, 'D2': D2 of reagent reservoir on slot C3, 'E2': E2 of reagent reservoir on slot C3, 'F2': F2 of reagent reservoir on slot C3, 'G2': G2 of reagent reservoir on slot C3, 'H2': H2 of reagent reservoir on slot C3, 'A3': A3 of reagent reservoir on slot C3, 'B3': B3 of reagent reservoir on slot C3, 'C3': C3 of reagent reservoir on slot C3, 'D3': D3 of reagent reservoir on slot C3, 'E3': E3 of reagent reservoir on slot C3, 'F3': F3 of reagent reservoir on slot C3, 'G3': G3 of reagent reservoir on slot C3, 'H3': H3 of reagent reservoir on slot C3, 'A4': A4 of reagent reservoir on slot C3, 'B4': B4 of reagent reservoir on slot C3, 'C4': C4 of reagent reservoir on slot C3, 'D4': D4 of reagent reservoir on slot C3, 'E4': E4 of reagent reservoir on slot C3, 'F4': F4 of reagent reservoir on slot C3, 'G4': G4 of reagent reservoir on slot C3, 'H4': H4 of reagent reservoir on slot C3, 'A5': A5 of reagent reservoir on slot C3, 'B5': B5 of reagent reservoir on slot C3, 'C5': C5 of reagent reservoir on slot C3, 'D5': D5 of reagent reservoir on slot C3, 'E5': E5 of reagent reservoir on slot C3, 'F5': F5 of reagent reservoir on slot C3, 'G5': G5 of reagent reservoir on slot C3, 'H5': H5 of reagent reservoir on slot C3, 'A6': A6 of reagent reservoir on slot C3, 'B6': B6 of reagent reservoir on slot C3, 'C6': C6 of reagent reservoir on slot C3, 'D6': D6 of reagent reservoir on slot C3, 'E6': E6 of reagent reservoir on slot C3, 'F6': F6 of reagent reservoir on slot C3, 'G6': G6 of reagent reservoir on slot C3, 'H6': H6 of reagent reservoir on slot C3, 'A7': A7 of reagent reservoir on slot C3, 'B7': B7 of reagent reservoir on slot C3, 'C7': C7 of reagent reservoir on slot C3, 'D7': D7 of reagent reservoir on slot C3, 'E7': E7 of reagent reservoir on slot C3, 'F7': F7 of reagent reservoir on slot C3, 'G7': G7 of reagent reservoir on slot C3, 'H7': H7 of reagent reservoir on slot C3, 'A8': A8 of reagent reservoir on slot C3, 'B8': B8 of reagent reservoir on slot C3, 'C8': C8 of reagent reservoir on slot C3, 'D8': D8 of reagent reservoir on slot C3, 'E8': E8 of reagent reservoir on slot C3, 'F8': F8 of reagent reservoir on slot C3, 'G8': G8 of reagent reservoir on slot C3, 'H8': H8 of reagent reservoir on slot C3, 'A9': A9 of reagent reservoir on slot C3, 'B9': B9 of reagent reservoir on slot C3, 'C9': C9 of reagent reservoir on slot C3, 'D9': D9 of reagent reservoir on slot C3, 'E9': E9 of reagent reservoir on slot C3, 'F9': F9 of reagent reservoir on slot C3, 'G9': G9 of reagent reservoir on slot C3, 'H9': H9 of reagent reservoir on slot C3, 'A10': A10 of reagent reservoir on slot C3, 'B10': B10 of reagent reservoir on slot C3, 'C10': C10 of reagent reservoir on slot C3, 'D10': D10 of reagent reservoir on slot C3, 'E10': E10 of reagent reservoir on slot C3, 'F10': F10 of reagent reservoir on slot C3, 'G10': G10 of reagent reservoir on slot C3, 'H10': H10 of reagent reservoir on slot C3, 'A11': A11 of reagent reservoir on slot C3, 'B11': B11 of reagent reservoir on slot C3, 'C11': C11 of reagent reservoir on slot C3, 'D11': D11 of reagent reservoir on slot C3, 'E11': E11 of reagent reservoir on slot C3, 'F11': F11 of reagent reservoir on slot C3, 'G11': G11 of reagent reservoir on slot C3, 'H11': H11 of reagent reservoir on slot C3, 'A12': A12 of reagent reservoir on slot C3, 'B12': B12 of reagent reservoir on slot C3, 'C12': C12 of reagent reservoir on slot C3, 'D12': D12 of reagent reservoir on slot C3, 'E12': E12 of reagent reservoir on slot C3, 'F12': F12 of reagent reservoir on slot C3, 'G12': G12 of reagent reservoir on slot C3, 'H12': H12 of reagent reservoir on slot C3}
Loading liquid into {'A1': A1 of reagent reservoir on slot C3, 'B1': B1 of reagent reservoir on slot C3, 'C1': C1 of reagent reservoir on slot C3, 'D1': D1 of reagent reservoir on slot C3, 'E1': E1 of reagent reservoir on slot C3, 'F1': F1 of reagent reservoir on slot C3, 'G1': G1 of reagent reservoir on slot C3, 'H1': H1 of reagent reservoir on slot C3, 'A2': A2 of reagent reservoir on slot C3, 'B2': B2 of reagent reservoir on slot C3, 'C2': C2 of reagent reservoir on slot C3, 'D2': D2 of reagent reservoir on slot C3, 'E2': E2 of reagent reservoir on slot C3, 'F2': F2 of reagent reservoir on slot C3, 'G2': G2 of reagent reservoir on slot C3, 'H2': H2 of reagent reservoir on slot C3, 'A3': A3 of reagent reservoir on slot C3, 'B3': B3 of reagent reservoir on slot C3, 'C3': C3 of reagent reservoir on slot C3, 'D3': D3 of reagent reservoir on slot C3, 'E3': E3 of reagent reservoir on slot C3, 'F3': F3 of reagent reservoir on slot C3, 'G3': G3 of reagent reservoir on slot C3, 'H3': H3 of reagent reservoir on slot C3, 'A4': A4 of reagent reservoir on slot C3, 'B4': B4 of reagent reservoir on slot C3, 'C4': C4 of reagent reservoir on slot C3, 'D4': D4 of reagent reservoir on slot C3, 'E4': E4 of reagent reservoir on slot C3, 'F4': F4 of reagent reservoir on slot C3, 'G4': G4 of reagent reservoir on slot C3, 'H4': H4 of reagent reservoir on slot C3, 'A5': A5 of reagent reservoir on slot C3, 'B5': B5 of reagent reservoir on slot C3, 'C5': C5 of reagent reservoir on slot C3, 'D5': D5 of reagent reservoir on slot C3, 'E5': E5 of reagent reservoir on slot C3, 'F5': F5 of reagent reservoir on slot C3, 'G5': G5 of reagent reservoir on slot C3, 'H5': H5 of reagent reservoir on slot C3, 'A6': A6 of reagent reservoir on slot C3, 'B6': B6 of reagent reservoir on slot C3, 'C6': C6 of reagent reservoir on slot C3, 'D6': D6 of reagent reservoir on slot C3, 'E6': E6 of reagent reservoir on slot C3, 'F6': F6 of reagent reservoir on slot C3, 'G6': G6 of reagent reservoir on slot C3, 'H6': H6 of reagent reservoir on slot C3, 'A7': A7 of reagent reservoir on slot C3, 'B7': B7 of reagent reservoir on slot C3, 'C7': C7 of reagent reservoir on slot C3, 'D7': D7 of reagent reservoir on slot C3, 'E7': E7 of reagent reservoir on slot C3, 'F7': F7 of reagent reservoir on slot C3, 'G7': G7 of reagent reservoir on slot C3, 'H7': H7 of reagent reservoir on slot C3, 'A8': A8 of reagent reservoir on slot C3, 'B8': B8 of reagent reservoir on slot C3, 'C8': C8 of reagent reservoir on slot C3, 'D8': D8 of reagent reservoir on slot C3, 'E8': E8 of reagent reservoir on slot C3, 'F8': F8 of reagent reservoir on slot C3, 'G8': G8 of reagent reservoir on slot C3, 'H8': H8 of reagent reservoir on slot C3, 'A9': A9 of reagent reservoir on slot C3, 'B9': B9 of reagent reservoir on slot C3, 'C9': C9 of reagent reservoir on slot C3, 'D9': D9 of reagent reservoir on slot C3, 'E9': E9 of reagent reservoir on slot C3, 'F9': F9 of reagent reservoir on slot C3, 'G9': G9 of reagent reservoir on slot C3, 'H9': H9 of reagent reservoir on slot C3, 'A10': A10 of reagent reservoir on slot C3, 'B10': B10 of reagent reservoir on slot C3, 'C10': C10 of reagent reservoir on slot C3, 'D10': D10 of reagent reservoir on slot C3, 'E10': E10 of reagent reservoir on slot C3, 'F10': F10 of reagent reservoir on slot C3, 'G10': G10 of reagent reservoir on slot C3, 'H10': H10 of reagent reservoir on slot C3, 'A11': A11 of reagent reservoir on slot C3, 'B11': B11 of reagent reservoir on slot C3, 'C11': C11 of reagent reservoir on slot C3, 'D11': D11 of reagent reservoir on slot C3, 'E11': E11 of reagent reservoir on slot C3, 'F11': F11 of reagent reservoir on slot C3, 'G11': G11 of reagent reservoir on slot C3, 'H11': H11 of reagent reservoir on slot C3, 'A12': A12 of reagent reservoir on slot C3, 'B12': B12 of reagent reservoir on slot C3, 'C12': C12 of reagent reservoir on slot C3, 'D12': D12 of reagent reservoir on slot C3, 'E12': E12 of reagent reservoir on slot C3, 'F12': F12 of reagent reservoir on slot C3, 'G12': G12 of reagent reservoir on slot C3, 'H12': H12 of reagent reservoir on slot C3}
Loading liquid into {'A1': A1 of reagent reservoir on slot C3, 'B1': B1 of reagent reservoir on slot C3, 'C1': C1 of reagent reservoir on slot C3, 'D1': D1 of reagent reservoir on slot C3, 'E1': E1 of reagent reservoir on slot C3, 'F1': F1 of reagent reservoir on slot C3, 'G1': G1 of reagent reservoir on slot C3, 'H1': H1 of reagent reservoir on slot C3, 'A2': A2 of reagent reservoir on slot C3, 'B2': B2 of reagent reservoir on slot C3, 'C2': C2 of reagent reservoir on slot C3, 'D2': D2 of reagent reservoir on slot C3, 'E2': E2 of reagent reservoir on slot C3, 'F2': F2 of reagent reservoir on slot C3, 'G2': G2 of reagent reservoir on slot C3, 'H2': H2 of reagent reservoir on slot C3, 'A3': A3 of reagent reservoir on slot C3, 'B3': B3 of reagent reservoir on slot C3, 'C3': C3 of reagent reservoir on slot C3, 'D3': D3 of reagent reservoir on slot C3, 'E3': E3 of reagent reservoir on slot C3, 'F3': F3 of reagent reservoir on slot C3, 'G3': G3 of reagent reservoir on slot C3, 'H3': H3 of reagent reservoir on slot C3, 'A4': A4 of reagent reservoir on slot C3, 'B4': B4 of reagent reservoir on slot C3, 'C4': C4 of reagent reservoir on slot C3, 'D4': D4 of reagent reservoir on slot C3, 'E4': E4 of reagent reservoir on slot C3, 'F4': F4 of reagent reservoir on slot C3, 'G4': G4 of reagent reservoir on slot C3, 'H4': H4 of reagent reservoir on slot C3, 'A5': A5 of reagent reservoir on slot C3, 'B5': B5 of reagent reservoir on slot C3, 'C5': C5 of reagent reservoir on slot C3, 'D5': D5 of reagent reservoir on slot C3, 'E5': E5 of reagent reservoir on slot C3, 'F5': F5 of reagent reservoir on slot C3, 'G5': G5 of reagent reservoir on slot C3, 'H5': H5 of reagent reservoir on slot C3, 'A6': A6 of reagent reservoir on slot C3, 'B6': B6 of reagent reservoir on slot C3, 'C6': C6 of reagent reservoir on slot C3, 'D6': D6 of reagent reservoir on slot C3, 'E6': E6 of reagent reservoir on slot C3, 'F6': F6 of reagent reservoir on slot C3, 'G6': G6 of reagent reservoir on slot C3, 'H6': H6 of reagent reservoir on slot C3, 'A7': A7 of reagent reservoir on slot C3, 'B7': B7 of reagent reservoir on slot C3, 'C7': C7 of reagent reservoir on slot C3, 'D7': D7 of reagent reservoir on slot C3, 'E7': E7 of reagent reservoir on slot C3, 'F7': F7 of reagent reservoir on slot C3, 'G7': G7 of reagent reservoir on slot C3, 'H7': H7 of reagent reservoir on slot C3, 'A8': A8 of reagent reservoir on slot C3, 'B8': B8 of reagent reservoir on slot C3, 'C8': C8 of reagent reservoir on slot C3, 'D8': D8 of reagent reservoir on slot C3, 'E8': E8 of reagent reservoir on slot C3, 'F8': F8 of reagent reservoir on slot C3, 'G8': G8 of reagent reservoir on slot C3, 'H8': H8 of reagent reservoir on slot C3, 'A9': A9 of reagent reservoir on slot C3, 'B9': B9 of reagent reservoir on slot C3, 'C9': C9 of reagent reservoir on slot C3, 'D9': D9 of reagent reservoir on slot C3, 'E9': E9 of reagent reservoir on slot C3, 'F9': F9 of reagent reservoir on slot C3, 'G9': G9 of reagent reservoir on slot C3, 'H9': H9 of reagent reservoir on slot C3, 'A10': A10 of reagent reservoir on slot C3, 'B10': B10 of reagent reservoir on slot C3, 'C10': C10 of reagent reservoir on slot C3, 'D10': D10 of reagent reservoir on slot C3, 'E10': E10 of reagent reservoir on slot C3, 'F10': F10 of reagent reservoir on slot C3, 'G10': G10 of reagent reservoir on slot C3, 'H10': H10 of reagent reservoir on slot C3, 'A11': A11 of reagent reservoir on slot C3, 'B11': B11 of reagent reservoir on slot C3, 'C11': C11 of reagent reservoir on slot C3, 'D11': D11 of reagent reservoir on slot C3, 'E11': E11 of reagent reservoir on slot C3, 'F11': F11 of reagent reservoir on slot C3, 'G11': G11 of reagent reservoir on slot C3, 'H11': H11 of reagent reservoir on slot C3, 'A12': A12 of reagent reservoir on slot C3, 'B12': B12 of reagent reservoir on slot C3, 'C12': C12 of reagent reservoir on slot C3, 'D12': D12 of reagent reservoir on slot C3, 'E12': E12 of reagent reservoir on slot C3, 'F12': F12 of reagent reservoir on slot C3, 'G12': G12 of reagent reservoir on slot C3, 'H12': H12 of reagent reservoir on slot C3}
Loading liquid into {'A1': A1 of reagent reservoir on slot C3, 'B1': B1 of reagent reservoir on slot C3, 'C1': C1 of reagent reservoir on slot C3, 'D1': D1 of reagent reservoir on slot C3, 'E1': E1 of reagent reservoir on slot C3, 'F1': F1 of reagent reservoir on slot C3, 'G1': G1 of reagent reservoir on slot C3, 'H1': H1 of reagent reservoir on slot C3, 'A2': A2 of reagent reservoir on slot C3, 'B2': B2 of reagent reservoir on slot C3, 'C2': C2 of reagent reservoir on slot C3, 'D2': D2 of reagent reservoir on slot C3, 'E2': E2 of reagent reservoir on slot C3, 'F2': F2 of reagent reservoir on slot C3, 'G2': G2 of reagent reservoir on slot C3, 'H2': H2 of reagent reservoir on slot C3, 'A3': A3 of reagent reservoir on slot C3, 'B3': B3 of reagent reservoir on slot C3, 'C3': C3 of reagent reservoir on slot C3, 'D3': D3 of reagent reservoir on slot C3, 'E3': E3 of reagent reservoir on slot C3, 'F3': F3 of reagent reservoir on slot C3, 'G3': G3 of reagent reservoir on slot C3, 'H3': H3 of reagent reservoir on slot C3, 'A4': A4 of reagent reservoir on slot C3, 'B4': B4 of reagent reservoir on slot C3, 'C4': C4 of reagent reservoir on slot C3, 'D4': D4 of reagent reservoir on slot C3, 'E4': E4 of reagent reservoir on slot C3, 'F4': F4 of reagent reservoir on slot C3, 'G4': G4 of reagent reservoir on slot C3, 'H4': H4 of reagent reservoir on slot C3, 'A5': A5 of reagent reservoir on slot C3, 'B5': B5 of reagent reservoir on slot C3, 'C5': C5 of reagent reservoir on slot C3, 'D5': D5 of reagent reservoir on slot C3, 'E5': E5 of reagent reservoir on slot C3, 'F5': F5 of reagent reservoir on slot C3, 'G5': G5 of reagent reservoir on slot C3, 'H5': H5 of reagent reservoir on slot C3, 'A6': A6 of reagent reservoir on slot C3, 'B6': B6 of reagent reservoir on slot C3, 'C6': C6 of reagent reservoir on slot C3, 'D6': D6 of reagent reservoir on slot C3, 'E6': E6 of reagent reservoir on slot C3, 'F6': F6 of reagent reservoir on slot C3, 'G6': G6 of reagent reservoir on slot C3, 'H6': H6 of reagent reservoir on slot C3, 'A7': A7 of reagent reservoir on slot C3, 'B7': B7 of reagent reservoir on slot C3, 'C7': C7 of reagent reservoir on slot C3, 'D7': D7 of reagent reservoir on slot C3, 'E7': E7 of reagent reservoir on slot C3, 'F7': F7 of reagent reservoir on slot C3, 'G7': G7 of reagent reservoir on slot C3, 'H7': H7 of reagent reservoir on slot C3, 'A8': A8 of reagent reservoir on slot C3, 'B8': B8 of reagent reservoir on slot C3, 'C8': C8 of reagent reservoir on slot C3, 'D8': D8 of reagent reservoir on slot C3, 'E8': E8 of reagent reservoir on slot C3, 'F8': F8 of reagent reservoir on slot C3, 'G8': G8 of reagent reservoir on slot C3, 'H8': H8 of reagent reservoir on slot C3, 'A9': A9 of reagent reservoir on slot C3, 'B9': B9 of reagent reservoir on slot C3, 'C9': C9 of reagent reservoir on slot C3, 'D9': D9 of reagent reservoir on slot C3, 'E9': E9 of reagent reservoir on slot C3, 'F9': F9 of reagent reservoir on slot C3, 'G9': G9 of reagent reservoir on slot C3, 'H9': H9 of reagent reservoir on slot C3, 'A10': A10 of reagent reservoir on slot C3, 'B10': B10 of reagent reservoir on slot C3, 'C10': C10 of reagent reservoir on slot C3, 'D10': D10 of reagent reservoir on slot C3, 'E10': E10 of reagent reservoir on slot C3, 'F10': F10 of reagent reservoir on slot C3, 'G10': G10 of reagent reservoir on slot C3, 'H10': H10 of reagent reservoir on slot C3, 'A11': A11 of reagent reservoir on slot C3, 'B11': B11 of reagent reservoir on slot C3, 'C11': C11 of reagent reservoir on slot C3, 'D11': D11 of reagent reservoir on slot C3, 'E11': E11 of reagent reservoir on slot C3, 'F11': F11 of reagent reservoir on slot C3, 'G11': G11 of reagent reservoir on slot C3, 'H11': H11 of reagent reservoir on slot C3, 'A12': A12 of reagent reservoir on slot C3, 'B12': B12 of reagent reservoir on slot C3, 'C12': C12 of reagent reservoir on slot C3, 'D12': D12 of reagent reservoir on slot C3, 'E12': E12 of reagent reservoir on slot C3, 'F12': F12 of reagent reservoir on slot C3, 'G12': G12 of reagent reservoir on slot C3, 'H12': H12 of reagent reservoir on slot C3}
Loading liquid into {'A1': A1 of reagent reservoir on slot C3, 'B1': B1 of reagent reservoir on slot C3, 'C1': C1 of reagent reservoir on slot C3, 'D1': D1 of reagent reservoir on slot C3, 'E1': E1 of reagent reservoir on slot C3, 'F1': F1 of reagent reservoir on slot C3, 'G1': G1 of reagent reservoir on slot C3, 'H1': H1 of reagent reservoir on slot C3, 'A2': A2 of reagent reservoir on slot C3, 'B2': B2 of reagent reservoir on slot C3, 'C2': C2 of reagent reservoir on slot C3, 'D2': D2 of reagent reservoir on slot C3, 'E2': E2 of reagent reservoir on slot C3, 'F2': F2 of reagent reservoir on slot C3, 'G2': G2 of reagent reservoir on slot C3, 'H2': H2 of reagent reservoir on slot C3, 'A3': A3 of reagent reservoir on slot C3, 'B3': B3 of reagent reservoir on slot C3, 'C3': C3 of reagent reservoir on slot C3, 'D3': D3 of reagent reservoir on slot C3, 'E3': E3 of reagent reservoir on slot C3, 'F3': F3 of reagent reservoir on slot C3, 'G3': G3 of reagent reservoir on slot C3, 'H3': H3 of reagent reservoir on slot C3, 'A4': A4 of reagent reservoir on slot C3, 'B4': B4 of reagent reservoir on slot C3, 'C4': C4 of reagent reservoir on slot C3, 'D4': D4 of reagent reservoir on slot C3, 'E4': E4 of reagent reservoir on slot C3, 'F4': F4 of reagent reservoir on slot C3, 'G4': G4 of reagent reservoir on slot C3, 'H4': H4 of reagent reservoir on slot C3, 'A5': A5 of reagent reservoir on slot C3, 'B5': B5 of reagent reservoir on slot C3, 'C5': C5 of reagent reservoir on slot C3, 'D5': D5 of reagent reservoir on slot C3, 'E5': E5 of reagent reservoir on slot C3, 'F5': F5 of reagent reservoir on slot C3, 'G5': G5 of reagent reservoir on slot C3, 'H5': H5 of reagent reservoir on slot C3, 'A6': A6 of reagent reservoir on slot C3, 'B6': B6 of reagent reservoir on slot C3, 'C6': C6 of reagent reservoir on slot C3, 'D6': D6 of reagent reservoir on slot C3, 'E6': E6 of reagent reservoir on slot C3, 'F6': F6 of reagent reservoir on slot C3, 'G6': G6 of reagent reservoir on slot C3, 'H6': H6 of reagent reservoir on slot C3, 'A7': A7 of reagent reservoir on slot C3, 'B7': B7 of reagent reservoir on slot C3, 'C7': C7 of reagent reservoir on slot C3, 'D7': D7 of reagent reservoir on slot C3, 'E7': E7 of reagent reservoir on slot C3, 'F7': F7 of reagent reservoir on slot C3, 'G7': G7 of reagent reservoir on slot C3, 'H7': H7 of reagent reservoir on slot C3, 'A8': A8 of reagent reservoir on slot C3, 'B8': B8 of reagent reservoir on slot C3, 'C8': C8 of reagent reservoir on slot C3, 'D8': D8 of reagent reservoir on slot C3, 'E8': E8 of reagent reservoir on slot C3, 'F8': F8 of reagent reservoir on slot C3, 'G8': G8 of reagent reservoir on slot C3, 'H8': H8 of reagent reservoir on slot C3, 'A9': A9 of reagent reservoir on slot C3, 'B9': B9 of reagent reservoir on slot C3, 'C9': C9 of reagent reservoir on slot C3, 'D9': D9 of reagent reservoir on slot C3, 'E9': E9 of reagent reservoir on slot C3, 'F9': F9 of reagent reservoir on slot C3, 'G9': G9 of reagent reservoir on slot C3, 'H9': H9 of reagent reservoir on slot C3, 'A10': A10 of reagent reservoir on slot C3, 'B10': B10 of reagent reservoir on slot C3, 'C10': C10 of reagent reservoir on slot C3, 'D10': D10 of reagent reservoir on slot C3, 'E10': E10 of reagent reservoir on slot C3, 'F10': F10 of reagent reservoir on slot C3, 'G10': G10 of reagent reservoir on slot C3, 'H10': H10 of reagent reservoir on slot C3, 'A11': A11 of reagent reservoir on slot C3, 'B11': B11 of reagent reservoir on slot C3, 'C11': C11 of reagent reservoir on slot C3, 'D11': D11 of reagent reservoir on slot C3, 'E11': E11 of reagent reservoir on slot C3, 'F11': F11 of reagent reservoir on slot C3, 'G11': G11 of reagent reservoir on slot C3, 'H11': H11 of reagent reservoir on slot C3, 'A12': A12 of reagent reservoir on slot C3, 'B12': B12 of reagent reservoir on slot C3, 'C12': C12 of reagent reservoir on slot C3, 'D12': D12 of reagent reservoir on slot C3, 'E12': E12 of reagent reservoir on slot C3, 'F12': F12 of reagent reservoir on slot C3, 'G12': G12 of reagent reservoir on slot C3, 'H12': H12 of reagent reservoir on slot C3}
Loading liquid into {'A1': A1 of reagent reservoir on slot C3, 'B1': B1 of reagent reservoir on slot C3, 'C1': C1 of reagent reservoir on slot C3, 'D1': D1 of reagent reservoir on slot C3, 'E1': E1 of reagent reservoir on slot C3, 'F1': F1 of reagent reservoir on slot C3, 'G1': G1 of reagent reservoir on slot C3, 'H1': H1 of reagent reservoir on slot C3, 'A2': A2 of reagent reservoir on slot C3, 'B2': B2 of reagent reservoir on slot C3, 'C2': C2 of reagent reservoir on slot C3, 'D2': D2 of reagent reservoir on slot C3, 'E2': E2 of reagent reservoir on slot C3, 'F2': F2 of reagent reservoir on slot C3, 'G2': G2 of reagent reservoir on slot C3, 'H2': H2 of reagent reservoir on slot C3, 'A3': A3 of reagent reservoir on slot C3, 'B3': B3 of reagent reservoir on slot C3, 'C3': C3 of reagent reservoir on slot C3, 'D3': D3 of reagent reservoir on slot C3, 'E3': E3 of reagent reservoir on slot C3, 'F3': F3 of reagent reservoir on slot C3, 'G3': G3 of reagent reservoir on slot C3, 'H3': H3 of reagent reservoir on slot C3, 'A4': A4 of reagent reservoir on slot C3, 'B4': B4 of reagent reservoir on slot C3, 'C4': C4 of reagent reservoir on slot C3, 'D4': D4 of reagent reservoir on slot C3, 'E4': E4 of reagent reservoir on slot C3, 'F4': F4 of reagent reservoir on slot C3, 'G4': G4 of reagent reservoir on slot C3, 'H4': H4 of reagent reservoir on slot C3, 'A5': A5 of reagent reservoir on slot C3, 'B5': B5 of reagent reservoir on slot C3, 'C5': C5 of reagent reservoir on slot C3, 'D5': D5 of reagent reservoir on slot C3, 'E5': E5 of reagent reservoir on slot C3, 'F5': F5 of reagent reservoir on slot C3, 'G5': G5 of reagent reservoir on slot C3, 'H5': H5 of reagent reservoir on slot C3, 'A6': A6 of reagent reservoir on slot C3, 'B6': B6 of reagent reservoir on slot C3, 'C6': C6 of reagent reservoir on slot C3, 'D6': D6 of reagent reservoir on slot C3, 'E6': E6 of reagent reservoir on slot C3, 'F6': F6 of reagent reservoir on slot C3, 'G6': G6 of reagent reservoir on slot C3, 'H6': H6 of reagent reservoir on slot C3, 'A7': A7 of reagent reservoir on slot C3, 'B7': B7 of reagent reservoir on slot C3, 'C7': C7 of reagent reservoir on slot C3, 'D7': D7 of reagent reservoir on slot C3, 'E7': E7 of reagent reservoir on slot C3, 'F7': F7 of reagent reservoir on slot C3, 'G7': G7 of reagent reservoir on slot C3, 'H7': H7 of reagent reservoir on slot C3, 'A8': A8 of reagent reservoir on slot C3, 'B8': B8 of reagent reservoir on slot C3, 'C8': C8 of reagent reservoir on slot C3, 'D8': D8 of reagent reservoir on slot C3, 'E8': E8 of reagent reservoir on slot C3, 'F8': F8 of reagent reservoir on slot C3, 'G8': G8 of reagent reservoir on slot C3, 'H8': H8 of reagent reservoir on slot C3, 'A9': A9 of reagent reservoir on slot C3, 'B9': B9 of reagent reservoir on slot C3, 'C9': C9 of reagent reservoir on slot C3, 'D9': D9 of reagent reservoir on slot C3, 'E9': E9 of reagent reservoir on slot C3, 'F9': F9 of reagent reservoir on slot C3, 'G9': G9 of reagent reservoir on slot C3, 'H9': H9 of reagent reservoir on slot C3, 'A10': A10 of reagent reservoir on slot C3, 'B10': B10 of reagent reservoir on slot C3, 'C10': C10 of reagent reservoir on slot C3, 'D10': D10 of reagent reservoir on slot C3, 'E10': E10 of reagent reservoir on slot C3, 'F10': F10 of reagent reservoir on slot C3, 'G10': G10 of reagent reservoir on slot C3, 'H10': H10 of reagent reservoir on slot C3, 'A11': A11 of reagent reservoir on slot C3, 'B11': B11 of reagent reservoir on slot C3, 'C11': C11 of reagent reservoir on slot C3, 'D11': D11 of reagent reservoir on slot C3, 'E11': E11 of reagent reservoir on slot C3, 'F11': F11 of reagent reservoir on slot C3, 'G11': G11 of reagent reservoir on slot C3, 'H11': H11 of reagent reservoir on slot C3, 'A12': A12 of reagent reservoir on slot C3, 'B12': B12 of reagent reservoir on slot C3, 'C12': C12 of reagent reservoir on slot C3, 'D12': D12 of reagent reservoir on slot C3, 'E12': E12 of reagent reservoir on slot C3, 'F12': F12 of reagent reservoir on slot C3, 'G12': G12 of reagent reservoir on slot C3, 'H12': H12 of reagent reservoir on slot C3}
Loading liquid into {'A1': A1 of reagent reservoir on slot C3, 'B1': B1 of reagent reservoir on slot C3, 'C1': C1 of reagent reservoir on slot C3, 'D1': D1 of reagent reservoir on slot C3, 'E1': E1 of reagent reservoir on slot C3, 'F1': F1 of reagent reservoir on slot C3, 'G1': G1 of reagent reservoir on slot C3, 'H1': H1 of reagent reservoir on slot C3, 'A2': A2 of reagent reservoir on slot C3, 'B2': B2 of reagent reservoir on slot C3, 'C2': C2 of reagent reservoir on slot C3, 'D2': D2 of reagent reservoir on slot C3, 'E2': E2 of reagent reservoir on slot C3, 'F2': F2 of reagent reservoir on slot C3, 'G2': G2 of reagent reservoir on slot C3, 'H2': H2 of reagent reservoir on slot C3, 'A3': A3 of reagent reservoir on slot C3, 'B3': B3 of reagent reservoir on slot C3, 'C3': C3 of reagent reservoir on slot C3, 'D3': D3 of reagent reservoir on slot C3, 'E3': E3 of reagent reservoir on slot C3, 'F3': F3 of reagent reservoir on slot C3, 'G3': G3 of reagent reservoir on slot C3, 'H3': H3 of reagent reservoir on slot C3, 'A4': A4 of reagent reservoir on slot C3, 'B4': B4 of reagent reservoir on slot C3, 'C4': C4 of reagent reservoir on slot C3, 'D4': D4 of reagent reservoir on slot C3, 'E4': E4 of reagent reservoir on slot C3, 'F4': F4 of reagent reservoir on slot C3, 'G4': G4 of reagent reservoir on slot C3, 'H4': H4 of reagent reservoir on slot C3, 'A5': A5 of reagent reservoir on slot C3, 'B5': B5 of reagent reservoir on slot C3, 'C5': C5 of reagent reservoir on slot C3, 'D5': D5 of reagent reservoir on slot C3, 'E5': E5 of reagent reservoir on slot C3, 'F5': F5 of reagent reservoir on slot C3, 'G5': G5 of reagent reservoir on slot C3, 'H5': H5 of reagent reservoir on slot C3, 'A6': A6 of reagent reservoir on slot C3, 'B6': B6 of reagent reservoir on slot C3, 'C6': C6 of reagent reservoir on slot C3, 'D6': D6 of reagent reservoir on slot C3, 'E6': E6 of reagent reservoir on slot C3, 'F6': F6 of reagent reservoir on slot C3, 'G6': G6 of reagent reservoir on slot C3, 'H6': H6 of reagent reservoir on slot C3, 'A7': A7 of reagent reservoir on slot C3, 'B7': B7 of reagent reservoir on slot C3, 'C7': C7 of reagent reservoir on slot C3, 'D7': D7 of reagent reservoir on slot C3, 'E7': E7 of reagent reservoir on slot C3, 'F7': F7 of reagent reservoir on slot C3, 'G7': G7 of reagent reservoir on slot C3, 'H7': H7 of reagent reservoir on slot C3, 'A8': A8 of reagent reservoir on slot C3, 'B8': B8 of reagent reservoir on slot C3, 'C8': C8 of reagent reservoir on slot C3, 'D8': D8 of reagent reservoir on slot C3, 'E8': E8 of reagent reservoir on slot C3, 'F8': F8 of reagent reservoir on slot C3, 'G8': G8 of reagent reservoir on slot C3, 'H8': H8 of reagent reservoir on slot C3, 'A9': A9 of reagent reservoir on slot C3, 'B9': B9 of reagent reservoir on slot C3, 'C9': C9 of reagent reservoir on slot C3, 'D9': D9 of reagent reservoir on slot C3, 'E9': E9 of reagent reservoir on slot C3, 'F9': F9 of reagent reservoir on slot C3, 'G9': G9 of reagent reservoir on slot C3, 'H9': H9 of reagent reservoir on slot C3, 'A10': A10 of reagent reservoir on slot C3, 'B10': B10 of reagent reservoir on slot C3, 'C10': C10 of reagent reservoir on slot C3, 'D10': D10 of reagent reservoir on slot C3, 'E10': E10 of reagent reservoir on slot C3, 'F10': F10 of reagent reservoir on slot C3, 'G10': G10 of reagent reservoir on slot C3, 'H10': H10 of reagent reservoir on slot C3, 'A11': A11 of reagent reservoir on slot C3, 'B11': B11 of reagent reservoir on slot C3, 'C11': C11 of reagent reservoir on slot C3, 'D11': D11 of reagent reservoir on slot C3, 'E11': E11 of reagent reservoir on slot C3, 'F11': F11 of reagent reservoir on slot C3, 'G11': G11 of reagent reservoir on slot C3, 'H11': H11 of reagent reservoir on slot C3, 'A12': A12 of reagent reservoir on slot C3, 'B12': B12 of reagent reservoir on slot C3, 'C12': C12 of reagent reservoir on slot C3, 'D12': D12 of reagent reservoir on slot C3, 'E12': E12 of reagent reservoir on slot C3, 'F12': F12 of reagent reservoir on slot C3, 'G12': G12 of reagent reservoir on slot C3, 'H12': H12 of reagent reservoir on slot C3}
Loading liquid into {'A1': A1 of reagent reservoir on slot C3, 'B1': B1 of reagent reservoir on slot C3, 'C1': C1 of reagent reservoir on slot C3, 'D1': D1 of reagent reservoir on slot C3, 'E1': E1 of reagent reservoir on slot C3, 'F1': F1 of reagent reservoir on slot C3, 'G1': G1 of reagent reservoir on slot C3, 'H1': H1 of reagent reservoir on slot C3, 'A2': A2 of reagent reservoir on slot C3, 'B2': B2 of reagent reservoir on slot C3, 'C2': C2 of reagent reservoir on slot C3, 'D2': D2 of reagent reservoir on slot C3, 'E2': E2 of reagent reservoir on slot C3, 'F2': F2 of reagent reservoir on slot C3, 'G2': G2 of reagent reservoir on slot C3, 'H2': H2 of reagent reservoir on slot C3, 'A3': A3 of reagent reservoir on slot C3, 'B3': B3 of reagent reservoir on slot C3, 'C3': C3 of reagent reservoir on slot C3, 'D3': D3 of reagent reservoir on slot C3, 'E3': E3 of reagent reservoir on slot C3, 'F3': F3 of reagent reservoir on slot C3, 'G3': G3 of reagent reservoir on slot C3, 'H3': H3 of reagent reservoir on slot C3, 'A4': A4 of reagent reservoir on slot C3, 'B4': B4 of reagent reservoir on slot C3, 'C4': C4 of reagent reservoir on slot C3, 'D4': D4 of reagent reservoir on slot C3, 'E4': E4 of reagent reservoir on slot C3, 'F4': F4 of reagent reservoir on slot C3, 'G4': G4 of reagent reservoir on slot C3, 'H4': H4 of reagent reservoir on slot C3, 'A5': A5 of reagent reservoir on slot C3, 'B5': B5 of reagent reservoir on slot C3, 'C5': C5 of reagent reservoir on slot C3, 'D5': D5 of reagent reservoir on slot C3, 'E5': E5 of reagent reservoir on slot C3, 'F5': F5 of reagent reservoir on slot C3, 'G5': G5 of reagent reservoir on slot C3, 'H5': H5 of reagent reservoir on slot C3, 'A6': A6 of reagent reservoir on slot C3, 'B6': B6 of reagent reservoir on slot C3, 'C6': C6 of reagent reservoir on slot C3, 'D6': D6 of reagent reservoir on slot C3, 'E6': E6 of reagent reservoir on slot C3, 'F6': F6 of reagent reservoir on slot C3, 'G6': G6 of reagent reservoir on slot C3, 'H6': H6 of reagent reservoir on slot C3, 'A7': A7 of reagent reservoir on slot C3, 'B7': B7 of reagent reservoir on slot C3, 'C7': C7 of reagent reservoir on slot C3, 'D7': D7 of reagent reservoir on slot C3, 'E7': E7 of reagent reservoir on slot C3, 'F7': F7 of reagent reservoir on slot C3, 'G7': G7 of reagent reservoir on slot C3, 'H7': H7 of reagent reservoir on slot C3, 'A8': A8 of reagent reservoir on slot C3, 'B8': B8 of reagent reservoir on slot C3, 'C8': C8 of reagent reservoir on slot C3, 'D8': D8 of reagent reservoir on slot C3, 'E8': E8 of reagent reservoir on slot C3, 'F8': F8 of reagent reservoir on slot C3, 'G8': G8 of reagent reservoir on slot C3, 'H8': H8 of reagent reservoir on slot C3, 'A9': A9 of reagent reservoir on slot C3, 'B9': B9 of reagent reservoir on slot C3, 'C9': C9 of reagent reservoir on slot C3, 'D9': D9 of reagent reservoir on slot C3, 'E9': E9 of reagent reservoir on slot C3, 'F9': F9 of reagent reservoir on slot C3, 'G9': G9 of reagent reservoir on slot C3, 'H9': H9 of reagent reservoir on slot C3, 'A10': A10 of reagent reservoir on slot C3, 'B10': B10 of reagent reservoir on slot C3, 'C10': C10 of reagent reservoir on slot C3, 'D10': D10 of reagent reservoir on slot C3, 'E10': E10 of reagent reservoir on slot C3, 'F10': F10 of reagent reservoir on slot C3, 'G10': G10 of reagent reservoir on slot C3, 'H10': H10 of reagent reservoir on slot C3, 'A11': A11 of reagent reservoir on slot C3, 'B11': B11 of reagent reservoir on slot C3, 'C11': C11 of reagent reservoir on slot C3, 'D11': D11 of reagent reservoir on slot C3, 'E11': E11 of reagent reservoir on slot C3, 'F11': F11 of reagent reservoir on slot C3, 'G11': G11 of reagent reservoir on slot C3, 'H11': H11 of reagent reservoir on slot C3, 'A12': A12 of reagent reservoir on slot C3, 'B12': B12 of reagent reservoir on slot C3, 'C12': C12 of reagent reservoir on slot C3, 'D12': D12 of reagent reservoir on slot C3, 'E12': E12 of reagent reservoir on slot C3, 'F12': F12 of reagent reservoir on slot C3, 'G12': G12 of reagent reservoir on slot C3, 'H12': H12 of reagent reservoir on slot C3}
Loading liquid into {'A1': A1 of reagent reservoir on slot C3, 'B1': B1 of reagent reservoir on slot C3, 'C1': C1 of reagent reservoir on slot C3, 'D1': D1 of reagent reservoir on slot C3, 'E1': E1 of reagent reservoir on slot C3, 'F1': F1 of reagent reservoir on slot C3, 'G1': G1 of reagent reservoir on slot C3, 'H1': H1 of reagent reservoir on slot C3, 'A2': A2 of reagent reservoir on slot C3, 'B2': B2 of reagent reservoir on slot C3, 'C2': C2 of reagent reservoir on slot C3, 'D2': D2 of reagent reservoir on slot C3, 'E2': E2 of reagent reservoir on slot C3, 'F2': F2 of reagent reservoir on slot C3, 'G2': G2 of reagent reservoir on slot C3, 'H2': H2 of reagent reservoir on slot C3, 'A3': A3 of reagent reservoir on slot C3, 'B3': B3 of reagent reservoir on slot C3, 'C3': C3 of reagent reservoir on slot C3, 'D3': D3 of reagent reservoir on slot C3, 'E3': E3 of reagent reservoir on slot C3, 'F3': F3 of reagent reservoir on slot C3, 'G3': G3 of reagent reservoir on slot C3, 'H3': H3 of reagent reservoir on slot C3, 'A4': A4 of reagent reservoir on slot C3, 'B4': B4 of reagent reservoir on slot C3, 'C4': C4 of reagent reservoir on slot C3, 'D4': D4 of reagent reservoir on slot C3, 'E4': E4 of reagent reservoir on slot C3, 'F4': F4 of reagent reservoir on slot C3, 'G4': G4 of reagent reservoir on slot C3, 'H4': H4 of reagent reservoir on slot C3, 'A5': A5 of reagent reservoir on slot C3, 'B5': B5 of reagent reservoir on slot C3, 'C5': C5 of reagent reservoir on slot C3, 'D5': D5 of reagent reservoir on slot C3, 'E5': E5 of reagent reservoir on slot C3, 'F5': F5 of reagent reservoir on slot C3, 'G5': G5 of reagent reservoir on slot C3, 'H5': H5 of reagent reservoir on slot C3, 'A6': A6 of reagent reservoir on slot C3, 'B6': B6 of reagent reservoir on slot C3, 'C6': C6 of reagent reservoir on slot C3, 'D6': D6 of reagent reservoir on slot C3, 'E6': E6 of reagent reservoir on slot C3, 'F6': F6 of reagent reservoir on slot C3, 'G6': G6 of reagent reservoir on slot C3, 'H6': H6 of reagent reservoir on slot C3, 'A7': A7 of reagent reservoir on slot C3, 'B7': B7 of reagent reservoir on slot C3, 'C7': C7 of reagent reservoir on slot C3, 'D7': D7 of reagent reservoir on slot C3, 'E7': E7 of reagent reservoir on slot C3, 'F7': F7 of reagent reservoir on slot C3, 'G7': G7 of reagent reservoir on slot C3, 'H7': H7 of reagent reservoir on slot C3, 'A8': A8 of reagent reservoir on slot C3, 'B8': B8 of reagent reservoir on slot C3, 'C8': C8 of reagent reservoir on slot C3, 'D8': D8 of reagent reservoir on slot C3, 'E8': E8 of reagent reservoir on slot C3, 'F8': F8 of reagent reservoir on slot C3, 'G8': G8 of reagent reservoir on slot C3, 'H8': H8 of reagent reservoir on slot C3, 'A9': A9 of reagent reservoir on slot C3, 'B9': B9 of reagent reservoir on slot C3, 'C9': C9 of reagent reservoir on slot C3, 'D9': D9 of reagent reservoir on slot C3, 'E9': E9 of reagent reservoir on slot C3, 'F9': F9 of reagent reservoir on slot C3, 'G9': G9 of reagent reservoir on slot C3, 'H9': H9 of reagent reservoir on slot C3, 'A10': A10 of reagent reservoir on slot C3, 'B10': B10 of reagent reservoir on slot C3, 'C10': C10 of reagent reservoir on slot C3, 'D10': D10 of reagent reservoir on slot C3, 'E10': E10 of reagent reservoir on slot C3, 'F10': F10 of reagent reservoir on slot C3, 'G10': G10 of reagent reservoir on slot C3, 'H10': H10 of reagent reservoir on slot C3, 'A11': A11 of reagent reservoir on slot C3, 'B11': B11 of reagent reservoir on slot C3, 'C11': C11 of reagent reservoir on slot C3, 'D11': D11 of reagent reservoir on slot C3, 'E11': E11 of reagent reservoir on slot C3, 'F11': F11 of reagent reservoir on slot C3, 'G11': G11 of reagent reservoir on slot C3, 'H11': H11 of reagent reservoir on slot C3, 'A12': A12 of reagent reservoir on slot C3, 'B12': B12 of reagent reservoir on slot C3, 'C12': C12 of reagent reservoir on slot C3, 'D12': D12 of reagent reservoir on slot C3, 'E12': E12 of reagent reservoir on slot C3, 'F12': F12 of reagent reservoir on slot C3, 'G12': G12 of reagent reservoir on slot C3, 'H12': H12 of reagent reservoir on slot C3}
Loading liquid into {'A1': A1 of reagent reservoir on slot C3, 'B1': B1 of reagent reservoir on slot C3, 'C1': C1 of reagent reservoir on slot C3, 'D1': D1 of reagent reservoir on slot C3, 'E1': E1 of reagent reservoir on slot C3, 'F1': F1 of reagent reservoir on slot C3, 'G1': G1 of reagent reservoir on slot C3, 'H1': H1 of reagent reservoir on slot C3, 'A2': A2 of reagent reservoir on slot C3, 'B2': B2 of reagent reservoir on slot C3, 'C2': C2 of reagent reservoir on slot C3, 'D2': D2 of reagent reservoir on slot C3, 'E2': E2 of reagent reservoir on slot C3, 'F2': F2 of reagent reservoir on slot C3, 'G2': G2 of reagent reservoir on slot C3, 'H2': H2 of reagent reservoir on slot C3, 'A3': A3 of reagent reservoir on slot C3, 'B3': B3 of reagent reservoir on slot C3, 'C3': C3 of reagent reservoir on slot C3, 'D3': D3 of reagent reservoir on slot C3, 'E3': E3 of reagent reservoir on slot C3, 'F3': F3 of reagent reservoir on slot C3, 'G3': G3 of reagent reservoir on slot C3, 'H3': H3 of reagent reservoir on slot C3, 'A4': A4 of reagent reservoir on slot C3, 'B4': B4 of reagent reservoir on slot C3, 'C4': C4 of reagent reservoir on slot C3, 'D4': D4 of reagent reservoir on slot C3, 'E4': E4 of reagent reservoir on slot C3, 'F4': F4 of reagent reservoir on slot C3, 'G4': G4 of reagent reservoir on slot C3, 'H4': H4 of reagent reservoir on slot C3, 'A5': A5 of reagent reservoir on slot C3, 'B5': B5 of reagent reservoir on slot C3, 'C5': C5 of reagent reservoir on slot C3, 'D5': D5 of reagent reservoir on slot C3, 'E5': E5 of reagent reservoir on slot C3, 'F5': F5 of reagent reservoir on slot C3, 'G5': G5 of reagent reservoir on slot C3, 'H5': H5 of reagent reservoir on slot C3, 'A6': A6 of reagent reservoir on slot C3, 'B6': B6 of reagent reservoir on slot C3, 'C6': C6 of reagent reservoir on slot C3, 'D6': D6 of reagent reservoir on slot C3, 'E6': E6 of reagent reservoir on slot C3, 'F6': F6 of reagent reservoir on slot C3, 'G6': G6 of reagent reservoir on slot C3, 'H6': H6 of reagent reservoir on slot C3, 'A7': A7 of reagent reservoir on slot C3, 'B7': B7 of reagent reservoir on slot C3, 'C7': C7 of reagent reservoir on slot C3, 'D7': D7 of reagent reservoir on slot C3, 'E7': E7 of reagent reservoir on slot C3, 'F7': F7 of reagent reservoir on slot C3, 'G7': G7 of reagent reservoir on slot C3, 'H7': H7 of reagent reservoir on slot C3, 'A8': A8 of reagent reservoir on slot C3, 'B8': B8 of reagent reservoir on slot C3, 'C8': C8 of reagent reservoir on slot C3, 'D8': D8 of reagent reservoir on slot C3, 'E8': E8 of reagent reservoir on slot C3, 'F8': F8 of reagent reservoir on slot C3, 'G8': G8 of reagent reservoir on slot C3, 'H8': H8 of reagent reservoir on slot C3, 'A9': A9 of reagent reservoir on slot C3, 'B9': B9 of reagent reservoir on slot C3, 'C9': C9 of reagent reservoir on slot C3, 'D9': D9 of reagent reservoir on slot C3, 'E9': E9 of reagent reservoir on slot C3, 'F9': F9 of reagent reservoir on slot C3, 'G9': G9 of reagent reservoir on slot C3, 'H9': H9 of reagent reservoir on slot C3, 'A10': A10 of reagent reservoir on slot C3, 'B10': B10 of reagent reservoir on slot C3, 'C10': C10 of reagent reservoir on slot C3, 'D10': D10 of reagent reservoir on slot C3, 'E10': E10 of reagent reservoir on slot C3, 'F10': F10 of reagent reservoir on slot C3, 'G10': G10 of reagent reservoir on slot C3, 'H10': H10 of reagent reservoir on slot C3, 'A11': A11 of reagent reservoir on slot C3, 'B11': B11 of reagent reservoir on slot C3, 'C11': C11 of reagent reservoir on slot C3, 'D11': D11 of reagent reservoir on slot C3, 'E11': E11 of reagent reservoir on slot C3, 'F11': F11 of reagent reservoir on slot C3, 'G11': G11 of reagent reservoir on slot C3, 'H11': H11 of reagent reservoir on slot C3, 'A12': A12 of reagent reservoir on slot C3, 'B12': B12 of reagent reservoir on slot C3, 'C12': C12 of reagent reservoir on slot C3, 'D12': D12 of reagent reservoir on slot C3, 'E12': E12 of reagent reservoir on slot C3, 'F12': F12 of reagent reservoir on slot C3, 'G12': G12 of reagent reservoir on slot C3, 'H12': H12 of reagent reservoir on slot C3}
Loading liquid into {'A1': A1 of reagent reservoir on slot C3, 'B1': B1 of reagent reservoir on slot C3, 'C1': C1 of reagent reservoir on slot C3, 'D1': D1 of reagent reservoir on slot C3, 'E1': E1 of reagent reservoir on slot C3, 'F1': F1 of reagent reservoir on slot C3, 'G1': G1 of reagent reservoir on slot C3, 'H1': H1 of reagent reservoir on slot C3, 'A2': A2 of reagent reservoir on slot C3, 'B2': B2 of reagent reservoir on slot C3, 'C2': C2 of reagent reservoir on slot C3, 'D2': D2 of reagent reservoir on slot C3, 'E2': E2 of reagent reservoir on slot C3, 'F2': F2 of reagent reservoir on slot C3, 'G2': G2 of reagent reservoir on slot C3, 'H2': H2 of reagent reservoir on slot C3, 'A3': A3 of reagent reservoir on slot C3, 'B3': B3 of reagent reservoir on slot C3, 'C3': C3 of reagent reservoir on slot C3, 'D3': D3 of reagent reservoir on slot C3, 'E3': E3 of reagent reservoir on slot C3, 'F3': F3 of reagent reservoir on slot C3, 'G3': G3 of reagent reservoir on slot C3, 'H3': H3 of reagent reservoir on slot C3, 'A4': A4 of reagent reservoir on slot C3, 'B4': B4 of reagent reservoir on slot C3, 'C4': C4 of reagent reservoir on slot C3, 'D4': D4 of reagent reservoir on slot C3, 'E4': E4 of reagent reservoir on slot C3, 'F4': F4 of reagent reservoir on slot C3, 'G4': G4 of reagent reservoir on slot C3, 'H4': H4 of reagent reservoir on slot C3, 'A5': A5 of reagent reservoir on slot C3, 'B5': B5 of reagent reservoir on slot C3, 'C5': C5 of reagent reservoir on slot C3, 'D5': D5 of reagent reservoir on slot C3, 'E5': E5 of reagent reservoir on slot C3, 'F5': F5 of reagent reservoir on slot C3, 'G5': G5 of reagent reservoir on slot C3, 'H5': H5 of reagent reservoir on slot C3, 'A6': A6 of reagent reservoir on slot C3, 'B6': B6 of reagent reservoir on slot C3, 'C6': C6 of reagent reservoir on slot C3, 'D6': D6 of reagent reservoir on slot C3, 'E6': E6 of reagent reservoir on slot C3, 'F6': F6 of reagent reservoir on slot C3, 'G6': G6 of reagent reservoir on slot C3, 'H6': H6 of reagent reservoir on slot C3, 'A7': A7 of reagent reservoir on slot C3, 'B7': B7 of reagent reservoir on slot C3, 'C7': C7 of reagent reservoir on slot C3, 'D7': D7 of reagent reservoir on slot C3, 'E7': E7 of reagent reservoir on slot C3, 'F7': F7 of reagent reservoir on slot C3, 'G7': G7 of reagent reservoir on slot C3, 'H7': H7 of reagent reservoir on slot C3, 'A8': A8 of reagent reservoir on slot C3, 'B8': B8 of reagent reservoir on slot C3, 'C8': C8 of reagent reservoir on slot C3, 'D8': D8 of reagent reservoir on slot C3, 'E8': E8 of reagent reservoir on slot C3, 'F8': F8 of reagent reservoir on slot C3, 'G8': G8 of reagent reservoir on slot C3, 'H8': H8 of reagent reservoir on slot C3, 'A9': A9 of reagent reservoir on slot C3, 'B9': B9 of reagent reservoir on slot C3, 'C9': C9 of reagent reservoir on slot C3, 'D9': D9 of reagent reservoir on slot C3, 'E9': E9 of reagent reservoir on slot C3, 'F9': F9 of reagent reservoir on slot C3, 'G9': G9 of reagent reservoir on slot C3, 'H9': H9 of reagent reservoir on slot C3, 'A10': A10 of reagent reservoir on slot C3, 'B10': B10 of reagent reservoir on slot C3, 'C10': C10 of reagent reservoir on slot C3, 'D10': D10 of reagent reservoir on slot C3, 'E10': E10 of reagent reservoir on slot C3, 'F10': F10 of reagent reservoir on slot C3, 'G10': G10 of reagent reservoir on slot C3, 'H10': H10 of reagent reservoir on slot C3, 'A11': A11 of reagent reservoir on slot C3, 'B11': B11 of reagent reservoir on slot C3, 'C11': C11 of reagent reservoir on slot C3, 'D11': D11 of reagent reservoir on slot C3, 'E11': E11 of reagent reservoir on slot C3, 'F11': F11 of reagent reservoir on slot C3, 'G11': G11 of reagent reservoir on slot C3, 'H11': H11 of reagent reservoir on slot C3, 'A12': A12 of reagent reservoir on slot C3, 'B12': B12 of reagent reservoir on slot C3, 'C12': C12 of reagent reservoir on slot C3, 'D12': D12 of reagent reservoir on slot C3, 'E12': E12 of reagent reservoir on slot C3, 'F12': F12 of reagent reservoir on slot C3, 'G12': G12 of reagent reservoir on slot C3, 'H12': H12 of reagent reservoir on slot C3}
Setting Temperature Module temperature to 25.0 °C (rounded off to nearest integer)
Deactivating Heater
Unlatching labware on Heater-Shaker
Moving Sample Plate to MagneticBlockContext at Magnetic Block GEN1 on D2 lw None with gripper
--> Wait for beads to settle
Delaying for 2 minutes and 0.0 seconds
--> Remove Sample
Picking up tip from A1 of opentrons_flex_96_filtertiprack_1000ul on slot A2
Moving to A1 of Sample Plate on Magnetic Block GEN1 on slot D2
Aspirating 345.0 uL from A1 of Sample Plate on Magnetic Block GEN1 on slot D2 at 100.0 uL/sec
Delaying for 0 minutes and 6.0 seconds
Moving to A1 of Sample Plate on Magnetic Block GEN1 on slot D2
Aspirating 100.0 uL from A1 of Sample Plate on Magnetic Block GEN1 on slot D2 at 100.0 uL/sec
Moving to A1 of Sample Plate on Magnetic Block GEN1 on slot D2
--->Adding 3.56mL to waste (total is 3.56mL)
Dispensing 445.0 uL into A1 of Waste Reservoir on slot C2 at 716.0 uL/sec
Delaying for 0 minutes and 3.0 seconds
Blowing out at A1 of Waste Reservoir on slot C2
Dropping tip into Waste Chute
Picking up tip from A2 of opentrons_flex_96_filtertiprack_1000ul on slot A2
Moving to A2 of Sample Plate on Magnetic Block GEN1 on slot D2
Aspirating 345.0 uL from A2 of Sample Plate on Magnetic Block GEN1 on slot D2 at 100.0 uL/sec
Delaying for 0 minutes and 6.0 seconds
Moving to A2 of Sample Plate on Magnetic Block GEN1 on slot D2
Aspirating 100.0 uL from A2 of Sample Plate on Magnetic Block GEN1 on slot D2 at 100.0 uL/sec
Moving to A2 of Sample Plate on Magnetic Block GEN1 on slot D2
--->Adding 3.56mL to waste (total is 7.12mL)
Dispensing 445.0 uL into A1 of Waste Reservoir on slot C2 at 400.0 uL/sec
Delaying for 0 minutes and 3.0 seconds
Blowing out at A1 of Waste Reservoir on slot C2
Dropping tip into Waste Chute
Picking up tip from A3 of opentrons_flex_96_filtertiprack_1000ul on slot A2
Moving to A3 of Sample Plate on Magnetic Block GEN1 on slot D2
Aspirating 345.0 uL from A3 of Sample Plate on Magnetic Block GEN1 on slot D2 at 100.0 uL/sec
Delaying for 0 minutes and 6.0 seconds
Moving to A3 of Sample Plate on Magnetic Block GEN1 on slot D2
Aspirating 100.0 uL from A3 of Sample Plate on Magnetic Block GEN1 on slot D2 at 100.0 uL/sec
Moving to A3 of Sample Plate on Magnetic Block GEN1 on slot D2
--->Adding 3.56mL to waste (total is 10.68mL)
Dispensing 445.0 uL into A1 of Waste Reservoir on slot C2 at 400.0 uL/sec
Delaying for 0 minutes and 3.0 seconds
Blowing out at A1 of Waste Reservoir on slot C2
Dropping tip into Waste Chute
Picking up tip from A4 of opentrons_flex_96_filtertiprack_1000ul on slot A2
Moving to A4 of Sample Plate on Magnetic Block GEN1 on slot D2
Aspirating 345.0 uL from A4 of Sample Plate on Magnetic Block GEN1 on slot D2 at 100.0 uL/sec
Delaying for 0 minutes and 6.0 seconds
Moving to A4 of Sample Plate on Magnetic Block GEN1 on slot D2
Aspirating 100.0 uL from A4 of Sample Plate on Magnetic Block GEN1 on slot D2 at 100.0 uL/sec
Moving to A4 of Sample Plate on Magnetic Block GEN1 on slot D2
--->Adding 3.56mL to waste (total is 14.24mL)
Dispensing 445.0 uL into A1 of Waste Reservoir on slot C2 at 400.0 uL/sec
Delaying for 0 minutes and 3.0 seconds
Blowing out at A1 of Waste Reservoir on slot C2
Dropping tip into Waste Chute
Picking up tip from A5 of opentrons_flex_96_filtertiprack_1000ul on slot A2
Moving to A5 of Sample Plate on Magnetic Block GEN1 on slot D2
Aspirating 345.0 uL from A5 of Sample Plate on Magnetic Block GEN1 on slot D2 at 100.0 uL/sec
Delaying for 0 minutes and 6.0 seconds
Moving to A5 of Sample Plate on Magnetic Block GEN1 on slot D2
Aspirating 100.0 uL from A5 of Sample Plate on Magnetic Block GEN1 on slot D2 at 100.0 uL/sec
Moving to A5 of Sample Plate on Magnetic Block GEN1 on slot D2
--->Adding 3.56mL to waste (total is 17.8mL)
Dispensing 445.0 uL into A1 of Waste Reservoir on slot C2 at 400.0 uL/sec
Delaying for 0 minutes and 3.0 seconds
Blowing out at A1 of Waste Reservoir on slot C2
Dropping tip into Waste Chute
Picking up tip from A6 of opentrons_flex_96_filtertiprack_1000ul on slot A2
Moving to A6 of Sample Plate on Magnetic Block GEN1 on slot D2
Aspirating 345.0 uL from A6 of Sample Plate on Magnetic Block GEN1 on slot D2 at 100.0 uL/sec
Delaying for 0 minutes and 6.0 seconds
Moving to A6 of Sample Plate on Magnetic Block GEN1 on slot D2
Aspirating 100.0 uL from A6 of Sample Plate on Magnetic Block GEN1 on slot D2 at 100.0 uL/sec
Moving to A6 of Sample Plate on Magnetic Block GEN1 on slot D2
--->Adding 3.56mL to waste (total is 21.36mL)
Dispensing 445.0 uL into A1 of Waste Reservoir on slot C2 at 400.0 uL/sec
Delaying for 0 minutes and 3.0 seconds
Blowing out at A1 of Waste Reservoir on slot C2
Dropping tip into Waste Chute
Picking up tip from A7 of opentrons_flex_96_filtertiprack_1000ul on slot A2
Moving to A7 of Sample Plate on Magnetic Block GEN1 on slot D2
Aspirating 345.0 uL from A7 of Sample Plate on Magnetic Block GEN1 on slot D2 at 100.0 uL/sec
Delaying for 0 minutes and 6.0 seconds
Moving to A7 of Sample Plate on Magnetic Block GEN1 on slot D2
Aspirating 100.0 uL from A7 of Sample Plate on Magnetic Block GEN1 on slot D2 at 100.0 uL/sec
Moving to A7 of Sample Plate on Magnetic Block GEN1 on slot D2
--->Adding 3.56mL to waste (total is 24.92mL)
Dispensing 445.0 uL into A1 of Waste Reservoir on slot C2 at 400.0 uL/sec
Delaying for 0 minutes and 3.0 seconds
Blowing out at A1 of Waste Reservoir on slot C2
Dropping tip into Waste Chute
Picking up tip from A8 of opentrons_flex_96_filtertiprack_1000ul on slot A2
Moving to A8 of Sample Plate on Magnetic Block GEN1 on slot D2
Aspirating 345.0 uL from A8 of Sample Plate on Magnetic Block GEN1 on slot D2 at 100.0 uL/sec
Delaying for 0 minutes and 6.0 seconds
Moving to A8 of Sample Plate on Magnetic Block GEN1 on slot D2
Aspirating 100.0 uL from A8 of Sample Plate on Magnetic Block GEN1 on slot D2 at 100.0 uL/sec
Moving to A8 of Sample Plate on Magnetic Block GEN1 on slot D2
--->Adding 3.56mL to waste (total is 28.48mL)
Dispensing 445.0 uL into A1 of Waste Reservoir on slot C2 at 400.0 uL/sec
Delaying for 0 minutes and 3.0 seconds
Blowing out at A1 of Waste Reservoir on slot C2
Dropping tip into Waste Chute
Picking up tip from A9 of opentrons_flex_96_filtertiprack_1000ul on slot A2
Moving to A9 of Sample Plate on Magnetic Block GEN1 on slot D2
Aspirating 345.0 uL from A9 of Sample Plate on Magnetic Block GEN1 on slot D2 at 100.0 uL/sec
Delaying for 0 minutes and 6.0 seconds
Moving to A9 of Sample Plate on Magnetic Block GEN1 on slot D2
Aspirating 100.0 uL from A9 of Sample Plate on Magnetic Block GEN1 on slot D2 at 100.0 uL/sec
Moving to A9 of Sample Plate on Magnetic Block GEN1 on slot D2
--->Adding 3.56mL to waste (total is 32.04mL)
Dispensing 445.0 uL into A1 of Waste Reservoir on slot C2 at 400.0 uL/sec
Delaying for 0 minutes and 3.0 seconds
Blowing out at A1 of Waste Reservoir on slot C2
Dropping tip into Waste Chute
Picking up tip from A10 of opentrons_flex_96_filtertiprack_1000ul on slot A2
Moving to A10 of Sample Plate on Magnetic Block GEN1 on slot D2
Aspirating 345.0 uL from A10 of Sample Plate on Magnetic Block GEN1 on slot D2 at 100.0 uL/sec
Delaying for 0 minutes and 6.0 seconds
Moving to A10 of Sample Plate on Magnetic Block GEN1 on slot D2
Aspirating 100.0 uL from A10 of Sample Plate on Magnetic Block GEN1 on slot D2 at 100.0 uL/sec
Moving to A10 of Sample Plate on Magnetic Block GEN1 on slot D2
--->Adding 3.56mL to waste (total is 35.6mL)
Dispensing 445.0 uL into A1 of Waste Reservoir on slot C2 at 400.0 uL/sec
Delaying for 0 minutes and 3.0 seconds
Blowing out at A1 of Waste Reservoir on slot C2
Dropping tip into Waste Chute
Picking up tip from A11 of opentrons_flex_96_filtertiprack_1000ul on slot A2
Moving to A11 of Sample Plate on Magnetic Block GEN1 on slot D2
Aspirating 345.0 uL from A11 of Sample Plate on Magnetic Block GEN1 on slot D2 at 100.0 uL/sec
Delaying for 0 minutes and 6.0 seconds
Moving to A11 of Sample Plate on Magnetic Block GEN1 on slot D2
Aspirating 100.0 uL from A11 of Sample Plate on Magnetic Block GEN1 on slot D2 at 100.0 uL/sec
Moving to A11 of Sample Plate on Magnetic Block GEN1 on slot D2
--->Adding 3.56mL to waste (total is 39.16mL)
Dispensing 445.0 uL into A1 of Waste Reservoir on slot C2 at 400.0 uL/sec
Delaying for 0 minutes and 3.0 seconds
Blowing out at A1 of Waste Reservoir on slot C2
Dropping tip into Waste Chute
Picking up tip from A12 of opentrons_flex_96_filtertiprack_1000ul on slot A2
Moving to A12 of Sample Plate on Magnetic Block GEN1 on slot D2
Aspirating 345.0 uL from A12 of Sample Plate on Magnetic Block GEN1 on slot D2 at 100.0 uL/sec
Delaying for 0 minutes and 6.0 seconds
Moving to A12 of Sample Plate on Magnetic Block GEN1 on slot D2
Aspirating 100.0 uL from A12 of Sample Plate on Magnetic Block GEN1 on slot D2 at 100.0 uL/sec
Moving to A12 of Sample Plate on Magnetic Block GEN1 on slot D2
--->Adding 3.56mL to waste (total is 42.72mL)
Dispensing 445.0 uL into A1 of Waste Reservoir on slot C2 at 400.0 uL/sec
Delaying for 0 minutes and 3.0 seconds
Blowing out at A1 of Waste Reservoir on slot C2
Dropping tip into Waste Chute
--> Moving plate off magnet
Moving Sample Plate to off-deck
Pausing robot operation: Spin plate at 500g for 1 minute to collect residual trizol. meanwhile, empty the trizol waste into the waste reservoir and rinse the waste container
Moving Sample Plate to opentrons_96_well_aluminum_block
--> Wash1
--> Adding Wash and shaking
---> Swapping empty tips
Moving opentrons_flex_96_filtertiprack_1000ul to slot A4 with gripper
Moving opentrons_flex_96_filtertiprack_1000ul to slot A2 with gripper
Moving opentrons_flex_96_filtertiprack_1000ul to slot A3 with gripper
Picking up tip from A1 of opentrons_flex_96_filtertiprack_1000ul on slot A2
Transferring 900.0 from A1 of 90% EtOH on slot B2 to A1 of Sample Plate on Opentrons 96 Well Aluminum Block on Temperature Module GEN2 on slot D1
	Aspirating 900.0 uL from A1 of 90% EtOH on slot B2 at 400.0 uL/sec
	Air gap
		Aspirating 20.0 uL from A1 of 90% EtOH on slot B2 at 400.0 uL/sec
	Dispensing 920.0 uL into A1 of Sample Plate on Opentrons 96 Well Aluminum Block on Temperature Module GEN2 on slot D1 at 400.0 uL/sec
Transferring 900.0 from A1 of 90% EtOH on slot B2 to A2 of Sample Plate on Opentrons 96 Well Aluminum Block on Temperature Module GEN2 on slot D1
	Aspirating 900.0 uL from A1 of 90% EtOH on slot B2 at 400.0 uL/sec
	Air gap
		Aspirating 20.0 uL from A1 of 90% EtOH on slot B2 at 400.0 uL/sec
	Dispensing 920.0 uL into A2 of Sample Plate on Opentrons 96 Well Aluminum Block on Temperature Module GEN2 on slot D1 at 400.0 uL/sec
Transferring 900.0 from A1 of 90% EtOH on slot B2 to A3 of Sample Plate on Opentrons 96 Well Aluminum Block on Temperature Module GEN2 on slot D1
	Aspirating 900.0 uL from A1 of 90% EtOH on slot B2 at 400.0 uL/sec
	Air gap
		Aspirating 20.0 uL from A1 of 90% EtOH on slot B2 at 400.0 uL/sec
	Dispensing 920.0 uL into A3 of Sample Plate on Opentrons 96 Well Aluminum Block on Temperature Module GEN2 on slot D1 at 400.0 uL/sec
Transferring 900.0 from A1 of 90% EtOH on slot B2 to A4 of Sample Plate on Opentrons 96 Well Aluminum Block on Temperature Module GEN2 on slot D1
	Aspirating 900.0 uL from A1 of 90% EtOH on slot B2 at 400.0 uL/sec
	Air gap
		Aspirating 20.0 uL from A1 of 90% EtOH on slot B2 at 400.0 uL/sec
	Dispensing 920.0 uL into A4 of Sample Plate on Opentrons 96 Well Aluminum Block on Temperature Module GEN2 on slot D1 at 400.0 uL/sec
Transferring 900.0 from A1 of 90% EtOH on slot B2 to A5 of Sample Plate on Opentrons 96 Well Aluminum Block on Temperature Module GEN2 on slot D1
	Aspirating 900.0 uL from A1 of 90% EtOH on slot B2 at 400.0 uL/sec
	Air gap
		Aspirating 20.0 uL from A1 of 90% EtOH on slot B2 at 400.0 uL/sec
	Dispensing 920.0 uL into A5 of Sample Plate on Opentrons 96 Well Aluminum Block on Temperature Module GEN2 on slot D1 at 400.0 uL/sec
Transferring 900.0 from A1 of 90% EtOH on slot B2 to A6 of Sample Plate on Opentrons 96 Well Aluminum Block on Temperature Module GEN2 on slot D1
	Aspirating 900.0 uL from A1 of 90% EtOH on slot B2 at 400.0 uL/sec
	Air gap
		Aspirating 20.0 uL from A1 of 90% EtOH on slot B2 at 400.0 uL/sec
	Dispensing 920.0 uL into A6 of Sample Plate on Opentrons 96 Well Aluminum Block on Temperature Module GEN2 on slot D1 at 400.0 uL/sec
Transferring 900.0 from A1 of 90% EtOH on slot B2 to A7 of Sample Plate on Opentrons 96 Well Aluminum Block on Temperature Module GEN2 on slot D1
	Aspirating 900.0 uL from A1 of 90% EtOH on slot B2 at 400.0 uL/sec
	Air gap
		Aspirating 20.0 uL from A1 of 90% EtOH on slot B2 at 400.0 uL/sec
	Dispensing 920.0 uL into A7 of Sample Plate on Opentrons 96 Well Aluminum Block on Temperature Module GEN2 on slot D1 at 400.0 uL/sec
Transferring 900.0 from A1 of 90% EtOH on slot B2 to A8 of Sample Plate on Opentrons 96 Well Aluminum Block on Temperature Module GEN2 on slot D1
	Aspirating 900.0 uL from A1 of 90% EtOH on slot B2 at 400.0 uL/sec
	Air gap
		Aspirating 20.0 uL from A1 of 90% EtOH on slot B2 at 400.0 uL/sec
	Dispensing 920.0 uL into A8 of Sample Plate on Opentrons 96 Well Aluminum Block on Temperature Module GEN2 on slot D1 at 400.0 uL/sec
Transferring 900.0 from A1 of 90% EtOH on slot B2 to A9 of Sample Plate on Opentrons 96 Well Aluminum Block on Temperature Module GEN2 on slot D1
	Aspirating 900.0 uL from A1 of 90% EtOH on slot B2 at 400.0 uL/sec
	Air gap
		Aspirating 20.0 uL from A1 of 90% EtOH on slot B2 at 400.0 uL/sec
	Dispensing 920.0 uL into A9 of Sample Plate on Opentrons 96 Well Aluminum Block on Temperature Module GEN2 on slot D1 at 400.0 uL/sec
Transferring 900.0 from A1 of 90% EtOH on slot B2 to A10 of Sample Plate on Opentrons 96 Well Aluminum Block on Temperature Module GEN2 on slot D1
	Aspirating 900.0 uL from A1 of 90% EtOH on slot B2 at 400.0 uL/sec
	Air gap
		Aspirating 20.0 uL from A1 of 90% EtOH on slot B2 at 400.0 uL/sec
	Dispensing 920.0 uL into A10 of Sample Plate on Opentrons 96 Well Aluminum Block on Temperature Module GEN2 on slot D1 at 400.0 uL/sec
Transferring 900.0 from A1 of 90% EtOH on slot B2 to A11 of Sample Plate on Opentrons 96 Well Aluminum Block on Temperature Module GEN2 on slot D1
	Aspirating 900.0 uL from A1 of 90% EtOH on slot B2 at 400.0 uL/sec
	Air gap
		Aspirating 20.0 uL from A1 of 90% EtOH on slot B2 at 400.0 uL/sec
	Dispensing 920.0 uL into A11 of Sample Plate on Opentrons 96 Well Aluminum Block on Temperature Module GEN2 on slot D1 at 400.0 uL/sec
Transferring 900.0 from A1 of 90% EtOH on slot B2 to A12 of Sample Plate on Opentrons 96 Well Aluminum Block on Temperature Module GEN2 on slot D1
	Aspirating 900.0 uL from A1 of 90% EtOH on slot B2 at 400.0 uL/sec
	Air gap
		Aspirating 20.0 uL from A1 of 90% EtOH on slot B2 at 400.0 uL/sec
	Dispensing 920.0 uL into A12 of Sample Plate on Opentrons 96 Well Aluminum Block on Temperature Module GEN2 on slot D1 at 400.0 uL/sec
Dropping tip into A1 of opentrons_flex_96_filtertiprack_1000ul on slot A2
Moving Sample Plate to opentrons_96_deep_well_adapter with gripper
Latching labware on Heater-Shaker
Latching labware on Heater-Shaker
Setting Heater-Shaker to Shake at 1300 RPM and waiting until reached
Deactivating Heater
Delaying for 0 minutes and 10.0 seconds. Shake at 1300 rpm for 0.16666666666666666 minutes.
Deactivating Shaker
Unlatching labware on Heater-Shaker
Moving Sample Plate to MagneticBlockContext at Magnetic Block GEN1 on D2 lw None with gripper
--> Moving Sample Plate to MagBlock
--> Wait for beads to settle
Delaying for 2 minutes and 0.0 seconds
--> Remove Supernatant
Picking up tip from A1 of Opentrons Flex 96 Filter Tip Rack 1000 µL on slot B3
Moving to A1 of Sample Plate on Magnetic Block GEN1 on slot D2
Aspirating 825.0 uL from A1 of Sample Plate on Magnetic Block GEN1 on slot D2 at 100.0 uL/sec
Delaying for 0 minutes and 6.0 seconds
Moving to A1 of Sample Plate on Magnetic Block GEN1 on slot D2
Aspirating 100.0 uL from A1 of Sample Plate on Magnetic Block GEN1 on slot D2 at 100.0 uL/sec
Moving to A1 of Sample Plate on Magnetic Block GEN1 on slot D2
--->Adding 7.4mL to waste (total is 7.4mL)
Dispensing 925.0 uL into A1 of Waste Reservoir on slot C2 at 400.0 uL/sec
Delaying for 0 minutes and 3.0 seconds
Blowing out at A1 of Waste Reservoir on slot C2
Dropping tip into A1 of Opentrons Flex 96 Filter Tip Rack 1000 µL on slot B3
Picking up tip from A2 of Opentrons Flex 96 Filter Tip Rack 1000 µL on slot B3
Moving to A2 of Sample Plate on Magnetic Block GEN1 on slot D2
Aspirating 825.0 uL from A2 of Sample Plate on Magnetic Block GEN1 on slot D2 at 100.0 uL/sec
Delaying for 0 minutes and 6.0 seconds
Moving to A2 of Sample Plate on Magnetic Block GEN1 on slot D2
Aspirating 100.0 uL from A2 of Sample Plate on Magnetic Block GEN1 on slot D2 at 100.0 uL/sec
Moving to A2 of Sample Plate on Magnetic Block GEN1 on slot D2
--->Adding 7.4mL to waste (total is 14.8mL)
Dispensing 925.0 uL into A1 of Waste Reservoir on slot C2 at 400.0 uL/sec
Delaying for 0 minutes and 3.0 seconds
Blowing out at A1 of Waste Reservoir on slot C2
Dropping tip into A2 of Opentrons Flex 96 Filter Tip Rack 1000 µL on slot B3
Picking up tip from A3 of Opentrons Flex 96 Filter Tip Rack 1000 µL on slot B3
Moving to A3 of Sample Plate on Magnetic Block GEN1 on slot D2
Aspirating 825.0 uL from A3 of Sample Plate on Magnetic Block GEN1 on slot D2 at 100.0 uL/sec
Delaying for 0 minutes and 6.0 seconds
Moving to A3 of Sample Plate on Magnetic Block GEN1 on slot D2
Aspirating 100.0 uL from A3 of Sample Plate on Magnetic Block GEN1 on slot D2 at 100.0 uL/sec
Moving to A3 of Sample Plate on Magnetic Block GEN1 on slot D2
--->Adding 7.4mL to waste (total is 22.2mL)
Dispensing 925.0 uL into A1 of Waste Reservoir on slot C2 at 400.0 uL/sec
Delaying for 0 minutes and 3.0 seconds
Blowing out at A1 of Waste Reservoir on slot C2
Dropping tip into A3 of Opentrons Flex 96 Filter Tip Rack 1000 µL on slot B3
Picking up tip from A4 of Opentrons Flex 96 Filter Tip Rack 1000 µL on slot B3
Moving to A4 of Sample Plate on Magnetic Block GEN1 on slot D2
Aspirating 825.0 uL from A4 of Sample Plate on Magnetic Block GEN1 on slot D2 at 100.0 uL/sec
Delaying for 0 minutes and 6.0 seconds
Moving to A4 of Sample Plate on Magnetic Block GEN1 on slot D2
Aspirating 100.0 uL from A4 of Sample Plate on Magnetic Block GEN1 on slot D2 at 100.0 uL/sec
Moving to A4 of Sample Plate on Magnetic Block GEN1 on slot D2
--->Adding 7.4mL to waste (total is 29.6mL)
Dispensing 925.0 uL into A1 of Waste Reservoir on slot C2 at 400.0 uL/sec
Delaying for 0 minutes and 3.0 seconds
Blowing out at A1 of Waste Reservoir on slot C2
Dropping tip into A4 of Opentrons Flex 96 Filter Tip Rack 1000 µL on slot B3
Picking up tip from A5 of Opentrons Flex 96 Filter Tip Rack 1000 µL on slot B3
Moving to A5 of Sample Plate on Magnetic Block GEN1 on slot D2
Aspirating 825.0 uL from A5 of Sample Plate on Magnetic Block GEN1 on slot D2 at 100.0 uL/sec
Delaying for 0 minutes and 6.0 seconds
Moving to A5 of Sample Plate on Magnetic Block GEN1 on slot D2
Aspirating 100.0 uL from A5 of Sample Plate on Magnetic Block GEN1 on slot D2 at 100.0 uL/sec
Moving to A5 of Sample Plate on Magnetic Block GEN1 on slot D2
--->Adding 7.4mL to waste (total is 37.0mL)
Dispensing 925.0 uL into A1 of Waste Reservoir on slot C2 at 400.0 uL/sec
Delaying for 0 minutes and 3.0 seconds
Blowing out at A1 of Waste Reservoir on slot C2
Dropping tip into A5 of Opentrons Flex 96 Filter Tip Rack 1000 µL on slot B3
Picking up tip from A6 of Opentrons Flex 96 Filter Tip Rack 1000 µL on slot B3
Moving to A6 of Sample Plate on Magnetic Block GEN1 on slot D2
Aspirating 825.0 uL from A6 of Sample Plate on Magnetic Block GEN1 on slot D2 at 100.0 uL/sec
Delaying for 0 minutes and 6.0 seconds
Moving to A6 of Sample Plate on Magnetic Block GEN1 on slot D2
Aspirating 100.0 uL from A6 of Sample Plate on Magnetic Block GEN1 on slot D2 at 100.0 uL/sec
Moving to A6 of Sample Plate on Magnetic Block GEN1 on slot D2
--->Adding 7.4mL to waste (total is 44.4mL)
Dispensing 925.0 uL into A1 of Waste Reservoir on slot C2 at 400.0 uL/sec
Delaying for 0 minutes and 3.0 seconds
Blowing out at A1 of Waste Reservoir on slot C2
Dropping tip into A6 of Opentrons Flex 96 Filter Tip Rack 1000 µL on slot B3
Picking up tip from A7 of Opentrons Flex 96 Filter Tip Rack 1000 µL on slot B3
Moving to A7 of Sample Plate on Magnetic Block GEN1 on slot D2
Aspirating 825.0 uL from A7 of Sample Plate on Magnetic Block GEN1 on slot D2 at 100.0 uL/sec
Delaying for 0 minutes and 6.0 seconds
Moving to A7 of Sample Plate on Magnetic Block GEN1 on slot D2
Aspirating 100.0 uL from A7 of Sample Plate on Magnetic Block GEN1 on slot D2 at 100.0 uL/sec
Moving to A7 of Sample Plate on Magnetic Block GEN1 on slot D2
--->Adding 7.4mL to waste (total is 51.8mL)
Dispensing 925.0 uL into A1 of Waste Reservoir on slot C2 at 400.0 uL/sec
Delaying for 0 minutes and 3.0 seconds
Blowing out at A1 of Waste Reservoir on slot C2
Dropping tip into A7 of Opentrons Flex 96 Filter Tip Rack 1000 µL on slot B3
Picking up tip from A8 of Opentrons Flex 96 Filter Tip Rack 1000 µL on slot B3
Moving to A8 of Sample Plate on Magnetic Block GEN1 on slot D2
Aspirating 825.0 uL from A8 of Sample Plate on Magnetic Block GEN1 on slot D2 at 100.0 uL/sec
Delaying for 0 minutes and 6.0 seconds
Moving to A8 of Sample Plate on Magnetic Block GEN1 on slot D2
Aspirating 100.0 uL from A8 of Sample Plate on Magnetic Block GEN1 on slot D2 at 100.0 uL/sec
Moving to A8 of Sample Plate on Magnetic Block GEN1 on slot D2
--->Adding 7.4mL to waste (total is 59.2mL)
Dispensing 925.0 uL into A1 of Waste Reservoir on slot C2 at 400.0 uL/sec
Delaying for 0 minutes and 3.0 seconds
Blowing out at A1 of Waste Reservoir on slot C2
Dropping tip into A8 of Opentrons Flex 96 Filter Tip Rack 1000 µL on slot B3
Picking up tip from A9 of Opentrons Flex 96 Filter Tip Rack 1000 µL on slot B3
Moving to A9 of Sample Plate on Magnetic Block GEN1 on slot D2
Aspirating 825.0 uL from A9 of Sample Plate on Magnetic Block GEN1 on slot D2 at 100.0 uL/sec
Delaying for 0 minutes and 6.0 seconds
Moving to A9 of Sample Plate on Magnetic Block GEN1 on slot D2
Aspirating 100.0 uL from A9 of Sample Plate on Magnetic Block GEN1 on slot D2 at 100.0 uL/sec
Moving to A9 of Sample Plate on Magnetic Block GEN1 on slot D2
--->Adding 7.4mL to waste (total is 66.6mL)
Dispensing 925.0 uL into A1 of Waste Reservoir on slot C2 at 400.0 uL/sec
Delaying for 0 minutes and 3.0 seconds
Blowing out at A1 of Waste Reservoir on slot C2
Dropping tip into A9 of Opentrons Flex 96 Filter Tip Rack 1000 µL on slot B3
Picking up tip from A10 of Opentrons Flex 96 Filter Tip Rack 1000 µL on slot B3
Moving to A10 of Sample Plate on Magnetic Block GEN1 on slot D2
Aspirating 825.0 uL from A10 of Sample Plate on Magnetic Block GEN1 on slot D2 at 100.0 uL/sec
Delaying for 0 minutes and 6.0 seconds
Moving to A10 of Sample Plate on Magnetic Block GEN1 on slot D2
Aspirating 100.0 uL from A10 of Sample Plate on Magnetic Block GEN1 on slot D2 at 100.0 uL/sec
Moving to A10 of Sample Plate on Magnetic Block GEN1 on slot D2
--->Adding 7.4mL to waste (total is 74.0mL)
Dispensing 925.0 uL into A1 of Waste Reservoir on slot C2 at 400.0 uL/sec
Delaying for 0 minutes and 3.0 seconds
Blowing out at A1 of Waste Reservoir on slot C2
Dropping tip into A10 of Opentrons Flex 96 Filter Tip Rack 1000 µL on slot B3
Picking up tip from A11 of Opentrons Flex 96 Filter Tip Rack 1000 µL on slot B3
Moving to A11 of Sample Plate on Magnetic Block GEN1 on slot D2
Aspirating 825.0 uL from A11 of Sample Plate on Magnetic Block GEN1 on slot D2 at 100.0 uL/sec
Delaying for 0 minutes and 6.0 seconds
Moving to A11 of Sample Plate on Magnetic Block GEN1 on slot D2
Aspirating 100.0 uL from A11 of Sample Plate on Magnetic Block GEN1 on slot D2 at 100.0 uL/sec
Moving to A11 of Sample Plate on Magnetic Block GEN1 on slot D2
--->Adding 7.4mL to waste (total is 81.4mL)
Dispensing 925.0 uL into A1 of Waste Reservoir on slot C2 at 400.0 uL/sec
Delaying for 0 minutes and 3.0 seconds
Blowing out at A1 of Waste Reservoir on slot C2
Dropping tip into A11 of Opentrons Flex 96 Filter Tip Rack 1000 µL on slot B3
Picking up tip from A12 of Opentrons Flex 96 Filter Tip Rack 1000 µL on slot B3
Moving to A12 of Sample Plate on Magnetic Block GEN1 on slot D2
Aspirating 825.0 uL from A12 of Sample Plate on Magnetic Block GEN1 on slot D2 at 100.0 uL/sec
Delaying for 0 minutes and 6.0 seconds
Moving to A12 of Sample Plate on Magnetic Block GEN1 on slot D2
Aspirating 100.0 uL from A12 of Sample Plate on Magnetic Block GEN1 on slot D2 at 100.0 uL/sec
Moving to A12 of Sample Plate on Magnetic Block GEN1 on slot D2
--->Adding 7.4mL to waste (total is 88.8mL)
Dispensing 925.0 uL into A1 of Waste Reservoir on slot C2 at 400.0 uL/sec
Delaying for 0 minutes and 3.0 seconds
Blowing out at A1 of Waste Reservoir on slot C2
Dropping tip into A12 of Opentrons Flex 96 Filter Tip Rack 1000 µL on slot B3
--> Moving plate off magnet
Moving Sample Plate to opentrons_96_well_aluminum_block with gripper
--> Wash2
--> Adding Wash and shaking
Picking up tip from A1 of opentrons_flex_96_filtertiprack_1000ul on slot A2
Transferring 750.0 from A1 of 90% EtOH on slot B2 to A1 of Sample Plate on Opentrons 96 Well Aluminum Block on Temperature Module GEN2 on slot D1
	Aspirating 750.0 uL from A1 of 90% EtOH on slot B2 at 400.0 uL/sec
	Air gap
		Aspirating 20.0 uL from A1 of 90% EtOH on slot B2 at 400.0 uL/sec
	Dispensing 770.0 uL into A1 of Sample Plate on Opentrons 96 Well Aluminum Block on Temperature Module GEN2 on slot D1 at 400.0 uL/sec
Transferring 750.0 from A1 of 90% EtOH on slot B2 to A2 of Sample Plate on Opentrons 96 Well Aluminum Block on Temperature Module GEN2 on slot D1
	Aspirating 750.0 uL from A1 of 90% EtOH on slot B2 at 400.0 uL/sec
	Air gap
		Aspirating 20.0 uL from A1 of 90% EtOH on slot B2 at 400.0 uL/sec
	Dispensing 770.0 uL into A2 of Sample Plate on Opentrons 96 Well Aluminum Block on Temperature Module GEN2 on slot D1 at 400.0 uL/sec
Transferring 750.0 from A1 of 90% EtOH on slot B2 to A3 of Sample Plate on Opentrons 96 Well Aluminum Block on Temperature Module GEN2 on slot D1
	Aspirating 750.0 uL from A1 of 90% EtOH on slot B2 at 400.0 uL/sec
	Air gap
		Aspirating 20.0 uL from A1 of 90% EtOH on slot B2 at 400.0 uL/sec
	Dispensing 770.0 uL into A3 of Sample Plate on Opentrons 96 Well Aluminum Block on Temperature Module GEN2 on slot D1 at 400.0 uL/sec
Transferring 750.0 from A1 of 90% EtOH on slot B2 to A4 of Sample Plate on Opentrons 96 Well Aluminum Block on Temperature Module GEN2 on slot D1
	Aspirating 750.0 uL from A1 of 90% EtOH on slot B2 at 400.0 uL/sec
	Air gap
		Aspirating 20.0 uL from A1 of 90% EtOH on slot B2 at 400.0 uL/sec
	Dispensing 770.0 uL into A4 of Sample Plate on Opentrons 96 Well Aluminum Block on Temperature Module GEN2 on slot D1 at 400.0 uL/sec
Transferring 750.0 from A1 of 90% EtOH on slot B2 to A5 of Sample Plate on Opentrons 96 Well Aluminum Block on Temperature Module GEN2 on slot D1
	Aspirating 750.0 uL from A1 of 90% EtOH on slot B2 at 400.0 uL/sec
	Air gap
		Aspirating 20.0 uL from A1 of 90% EtOH on slot B2 at 400.0 uL/sec
	Dispensing 770.0 uL into A5 of Sample Plate on Opentrons 96 Well Aluminum Block on Temperature Module GEN2 on slot D1 at 400.0 uL/sec
Transferring 750.0 from A1 of 90% EtOH on slot B2 to A6 of Sample Plate on Opentrons 96 Well Aluminum Block on Temperature Module GEN2 on slot D1
	Aspirating 750.0 uL from A1 of 90% EtOH on slot B2 at 400.0 uL/sec
	Air gap
		Aspirating 20.0 uL from A1 of 90% EtOH on slot B2 at 400.0 uL/sec
	Dispensing 770.0 uL into A6 of Sample Plate on Opentrons 96 Well Aluminum Block on Temperature Module GEN2 on slot D1 at 400.0 uL/sec
Transferring 750.0 from A1 of 90% EtOH on slot B2 to A7 of Sample Plate on Opentrons 96 Well Aluminum Block on Temperature Module GEN2 on slot D1
	Aspirating 750.0 uL from A1 of 90% EtOH on slot B2 at 400.0 uL/sec
	Air gap
		Aspirating 20.0 uL from A1 of 90% EtOH on slot B2 at 400.0 uL/sec
	Dispensing 770.0 uL into A7 of Sample Plate on Opentrons 96 Well Aluminum Block on Temperature Module GEN2 on slot D1 at 400.0 uL/sec
Transferring 750.0 from A1 of 90% EtOH on slot B2 to A8 of Sample Plate on Opentrons 96 Well Aluminum Block on Temperature Module GEN2 on slot D1
	Aspirating 750.0 uL from A1 of 90% EtOH on slot B2 at 400.0 uL/sec
	Air gap
		Aspirating 20.0 uL from A1 of 90% EtOH on slot B2 at 400.0 uL/sec
	Dispensing 770.0 uL into A8 of Sample Plate on Opentrons 96 Well Aluminum Block on Temperature Module GEN2 on slot D1 at 400.0 uL/sec
Transferring 750.0 from A1 of 90% EtOH on slot B2 to A9 of Sample Plate on Opentrons 96 Well Aluminum Block on Temperature Module GEN2 on slot D1
	Aspirating 750.0 uL from A1 of 90% EtOH on slot B2 at 400.0 uL/sec
	Air gap
		Aspirating 20.0 uL from A1 of 90% EtOH on slot B2 at 400.0 uL/sec
	Dispensing 770.0 uL into A9 of Sample Plate on Opentrons 96 Well Aluminum Block on Temperature Module GEN2 on slot D1 at 400.0 uL/sec
Transferring 750.0 from A1 of 90% EtOH on slot B2 to A10 of Sample Plate on Opentrons 96 Well Aluminum Block on Temperature Module GEN2 on slot D1
	Aspirating 750.0 uL from A1 of 90% EtOH on slot B2 at 400.0 uL/sec
	Air gap
		Aspirating 20.0 uL from A1 of 90% EtOH on slot B2 at 400.0 uL/sec
	Dispensing 770.0 uL into A10 of Sample Plate on Opentrons 96 Well Aluminum Block on Temperature Module GEN2 on slot D1 at 400.0 uL/sec
Transferring 750.0 from A1 of 90% EtOH on slot B2 to A11 of Sample Plate on Opentrons 96 Well Aluminum Block on Temperature Module GEN2 on slot D1
	Aspirating 750.0 uL from A1 of 90% EtOH on slot B2 at 400.0 uL/sec
	Air gap
		Aspirating 20.0 uL from A1 of 90% EtOH on slot B2 at 400.0 uL/sec
	Dispensing 770.0 uL into A11 of Sample Plate on Opentrons 96 Well Aluminum Block on Temperature Module GEN2 on slot D1 at 400.0 uL/sec
Transferring 750.0 from A1 of 90% EtOH on slot B2 to A12 of Sample Plate on Opentrons 96 Well Aluminum Block on Temperature Module GEN2 on slot D1
	Aspirating 750.0 uL from A1 of 90% EtOH on slot B2 at 400.0 uL/sec
	Air gap
		Aspirating 20.0 uL from A1 of 90% EtOH on slot B2 at 400.0 uL/sec
	Dispensing 770.0 uL into A12 of Sample Plate on Opentrons 96 Well Aluminum Block on Temperature Module GEN2 on slot D1 at 400.0 uL/sec
Dropping tip into A1 of opentrons_flex_96_filtertiprack_1000ul on slot A2
Moving Sample Plate to opentrons_96_deep_well_adapter with gripper
Latching labware on Heater-Shaker
Latching labware on Heater-Shaker
Setting Heater-Shaker to Shake at 1300 RPM and waiting until reached
Deactivating Heater
Delaying for 0 minutes and 10.0 seconds. Shake at 1300 rpm for 0.16666666666666666 minutes.
Deactivating Shaker
Unlatching labware on Heater-Shaker
Moving Sample Plate to MagneticBlockContext at Magnetic Block GEN1 on D2 lw None with gripper
--> Moving Sample Plate to MagBlock
--> Wait for beads to settle
Delaying for 2 minutes and 0.0 seconds
--> Remove Supernatant
Picking up tip from A1 of Opentrons Flex 96 Filter Tip Rack 1000 µL on slot B3
Moving to A1 of Sample Plate on Magnetic Block GEN1 on slot D2
Aspirating 675.0 uL from A1 of Sample Plate on Magnetic Block GEN1 on slot D2 at 100.0 uL/sec
Delaying for 0 minutes and 6.0 seconds
Moving to A1 of Sample Plate on Magnetic Block GEN1 on slot D2
Aspirating 100.0 uL from A1 of Sample Plate on Magnetic Block GEN1 on slot D2 at 100.0 uL/sec
Moving to A1 of Sample Plate on Magnetic Block GEN1 on slot D2
--->Adding 6.2mL to waste (total is 95.0mL)
Dispensing 775.0 uL into A1 of Waste Reservoir on slot C2 at 400.0 uL/sec
Delaying for 0 minutes and 3.0 seconds
Blowing out at A1 of Waste Reservoir on slot C2
Dropping tip into A1 of Opentrons Flex 96 Filter Tip Rack 1000 µL on slot B3
Picking up tip from A2 of Opentrons Flex 96 Filter Tip Rack 1000 µL on slot B3
Moving to A2 of Sample Plate on Magnetic Block GEN1 on slot D2
Aspirating 675.0 uL from A2 of Sample Plate on Magnetic Block GEN1 on slot D2 at 100.0 uL/sec
Delaying for 0 minutes and 6.0 seconds
Moving to A2 of Sample Plate on Magnetic Block GEN1 on slot D2
Aspirating 100.0 uL from A2 of Sample Plate on Magnetic Block GEN1 on slot D2 at 100.0 uL/sec
Moving to A2 of Sample Plate on Magnetic Block GEN1 on slot D2
--->Adding 6.2mL to waste (total is 101.2mL)
Dispensing 775.0 uL into A1 of Waste Reservoir on slot C2 at 400.0 uL/sec
Delaying for 0 minutes and 3.0 seconds
Blowing out at A1 of Waste Reservoir on slot C2
Dropping tip into A2 of Opentrons Flex 96 Filter Tip Rack 1000 µL on slot B3
Picking up tip from A3 of Opentrons Flex 96 Filter Tip Rack 1000 µL on slot B3
Moving to A3 of Sample Plate on Magnetic Block GEN1 on slot D2
Aspirating 675.0 uL from A3 of Sample Plate on Magnetic Block GEN1 on slot D2 at 100.0 uL/sec
Delaying for 0 minutes and 6.0 seconds
Moving to A3 of Sample Plate on Magnetic Block GEN1 on slot D2
Aspirating 100.0 uL from A3 of Sample Plate on Magnetic Block GEN1 on slot D2 at 100.0 uL/sec
Moving to A3 of Sample Plate on Magnetic Block GEN1 on slot D2
--->Adding 6.2mL to waste (total is 107.4mL)
Dispensing 775.0 uL into A1 of Waste Reservoir on slot C2 at 400.0 uL/sec
Delaying for 0 minutes and 3.0 seconds
Blowing out at A1 of Waste Reservoir on slot C2
Dropping tip into A3 of Opentrons Flex 96 Filter Tip Rack 1000 µL on slot B3
Picking up tip from A4 of Opentrons Flex 96 Filter Tip Rack 1000 µL on slot B3
Moving to A4 of Sample Plate on Magnetic Block GEN1 on slot D2
Aspirating 675.0 uL from A4 of Sample Plate on Magnetic Block GEN1 on slot D2 at 100.0 uL/sec
Delaying for 0 minutes and 6.0 seconds
Moving to A4 of Sample Plate on Magnetic Block GEN1 on slot D2
Aspirating 100.0 uL from A4 of Sample Plate on Magnetic Block GEN1 on slot D2 at 100.0 uL/sec
Moving to A4 of Sample Plate on Magnetic Block GEN1 on slot D2
--->Adding 6.2mL to waste (total is 113.6mL)
Dispensing 775.0 uL into A1 of Waste Reservoir on slot C2 at 400.0 uL/sec
Delaying for 0 minutes and 3.0 seconds
Blowing out at A1 of Waste Reservoir on slot C2
Dropping tip into A4 of Opentrons Flex 96 Filter Tip Rack 1000 µL on slot B3
Picking up tip from A5 of Opentrons Flex 96 Filter Tip Rack 1000 µL on slot B3
Moving to A5 of Sample Plate on Magnetic Block GEN1 on slot D2
Aspirating 675.0 uL from A5 of Sample Plate on Magnetic Block GEN1 on slot D2 at 100.0 uL/sec
Delaying for 0 minutes and 6.0 seconds
Moving to A5 of Sample Plate on Magnetic Block GEN1 on slot D2
Aspirating 100.0 uL from A5 of Sample Plate on Magnetic Block GEN1 on slot D2 at 100.0 uL/sec
Moving to A5 of Sample Plate on Magnetic Block GEN1 on slot D2
--->Adding 6.2mL to waste (total is 119.8mL)
Dispensing 775.0 uL into A1 of Waste Reservoir on slot C2 at 400.0 uL/sec
Delaying for 0 minutes and 3.0 seconds
Blowing out at A1 of Waste Reservoir on slot C2
Dropping tip into A5 of Opentrons Flex 96 Filter Tip Rack 1000 µL on slot B3
Picking up tip from A6 of Opentrons Flex 96 Filter Tip Rack 1000 µL on slot B3
Moving to A6 of Sample Plate on Magnetic Block GEN1 on slot D2
Aspirating 675.0 uL from A6 of Sample Plate on Magnetic Block GEN1 on slot D2 at 100.0 uL/sec
Delaying for 0 minutes and 6.0 seconds
Moving to A6 of Sample Plate on Magnetic Block GEN1 on slot D2
Aspirating 100.0 uL from A6 of Sample Plate on Magnetic Block GEN1 on slot D2 at 100.0 uL/sec
Moving to A6 of Sample Plate on Magnetic Block GEN1 on slot D2
--->Adding 6.2mL to waste (total is 126.0mL)
Dispensing 775.0 uL into A1 of Waste Reservoir on slot C2 at 400.0 uL/sec
Delaying for 0 minutes and 3.0 seconds
Blowing out at A1 of Waste Reservoir on slot C2
Dropping tip into A6 of Opentrons Flex 96 Filter Tip Rack 1000 µL on slot B3
Picking up tip from A7 of Opentrons Flex 96 Filter Tip Rack 1000 µL on slot B3
Moving to A7 of Sample Plate on Magnetic Block GEN1 on slot D2
Aspirating 675.0 uL from A7 of Sample Plate on Magnetic Block GEN1 on slot D2 at 100.0 uL/sec
Delaying for 0 minutes and 6.0 seconds
Moving to A7 of Sample Plate on Magnetic Block GEN1 on slot D2
Aspirating 100.0 uL from A7 of Sample Plate on Magnetic Block GEN1 on slot D2 at 100.0 uL/sec
Moving to A7 of Sample Plate on Magnetic Block GEN1 on slot D2
--->Adding 6.2mL to waste (total is 132.2mL)
Dispensing 775.0 uL into A1 of Waste Reservoir on slot C2 at 400.0 uL/sec
Delaying for 0 minutes and 3.0 seconds
Blowing out at A1 of Waste Reservoir on slot C2
Dropping tip into A7 of Opentrons Flex 96 Filter Tip Rack 1000 µL on slot B3
Picking up tip from A8 of Opentrons Flex 96 Filter Tip Rack 1000 µL on slot B3
Moving to A8 of Sample Plate on Magnetic Block GEN1 on slot D2
Aspirating 675.0 uL from A8 of Sample Plate on Magnetic Block GEN1 on slot D2 at 100.0 uL/sec
Delaying for 0 minutes and 6.0 seconds
Moving to A8 of Sample Plate on Magnetic Block GEN1 on slot D2
Aspirating 100.0 uL from A8 of Sample Plate on Magnetic Block GEN1 on slot D2 at 100.0 uL/sec
Moving to A8 of Sample Plate on Magnetic Block GEN1 on slot D2
--->Adding 6.2mL to waste (total is 138.4mL)
Dispensing 775.0 uL into A1 of Waste Reservoir on slot C2 at 400.0 uL/sec
Delaying for 0 minutes and 3.0 seconds
Blowing out at A1 of Waste Reservoir on slot C2
Dropping tip into A8 of Opentrons Flex 96 Filter Tip Rack 1000 µL on slot B3
Picking up tip from A9 of Opentrons Flex 96 Filter Tip Rack 1000 µL on slot B3
Moving to A9 of Sample Plate on Magnetic Block GEN1 on slot D2
Aspirating 675.0 uL from A9 of Sample Plate on Magnetic Block GEN1 on slot D2 at 100.0 uL/sec
Delaying for 0 minutes and 6.0 seconds
Moving to A9 of Sample Plate on Magnetic Block GEN1 on slot D2
Aspirating 100.0 uL from A9 of Sample Plate on Magnetic Block GEN1 on slot D2 at 100.0 uL/sec
Moving to A9 of Sample Plate on Magnetic Block GEN1 on slot D2
--->Adding 6.2mL to waste (total is 144.6mL)
Dispensing 775.0 uL into A1 of Waste Reservoir on slot C2 at 400.0 uL/sec
Delaying for 0 minutes and 3.0 seconds
Blowing out at A1 of Waste Reservoir on slot C2
Dropping tip into A9 of Opentrons Flex 96 Filter Tip Rack 1000 µL on slot B3
Picking up tip from A10 of Opentrons Flex 96 Filter Tip Rack 1000 µL on slot B3
Moving to A10 of Sample Plate on Magnetic Block GEN1 on slot D2
Aspirating 675.0 uL from A10 of Sample Plate on Magnetic Block GEN1 on slot D2 at 100.0 uL/sec
Delaying for 0 minutes and 6.0 seconds
Moving to A10 of Sample Plate on Magnetic Block GEN1 on slot D2
Aspirating 100.0 uL from A10 of Sample Plate on Magnetic Block GEN1 on slot D2 at 100.0 uL/sec
Moving to A10 of Sample Plate on Magnetic Block GEN1 on slot D2
--->Adding 6.2mL to waste (total is 150.8mL)
Dispensing 775.0 uL into A1 of Waste Reservoir on slot C2 at 400.0 uL/sec
Delaying for 0 minutes and 3.0 seconds
Blowing out at A1 of Waste Reservoir on slot C2
Dropping tip into A10 of Opentrons Flex 96 Filter Tip Rack 1000 µL on slot B3
Picking up tip from A11 of Opentrons Flex 96 Filter Tip Rack 1000 µL on slot B3
Moving to A11 of Sample Plate on Magnetic Block GEN1 on slot D2
Aspirating 675.0 uL from A11 of Sample Plate on Magnetic Block GEN1 on slot D2 at 100.0 uL/sec
Delaying for 0 minutes and 6.0 seconds
Moving to A11 of Sample Plate on Magnetic Block GEN1 on slot D2
Aspirating 100.0 uL from A11 of Sample Plate on Magnetic Block GEN1 on slot D2 at 100.0 uL/sec
Moving to A11 of Sample Plate on Magnetic Block GEN1 on slot D2
--->Adding 6.2mL to waste (total is 157.0mL)
Dispensing 775.0 uL into A1 of Waste Reservoir on slot C2 at 400.0 uL/sec
Delaying for 0 minutes and 3.0 seconds
Blowing out at A1 of Waste Reservoir on slot C2
Dropping tip into A11 of Opentrons Flex 96 Filter Tip Rack 1000 µL on slot B3
Picking up tip from A12 of Opentrons Flex 96 Filter Tip Rack 1000 µL on slot B3
Moving to A12 of Sample Plate on Magnetic Block GEN1 on slot D2
Aspirating 675.0 uL from A12 of Sample Plate on Magnetic Block GEN1 on slot D2 at 100.0 uL/sec
Delaying for 0 minutes and 6.0 seconds
Moving to A12 of Sample Plate on Magnetic Block GEN1 on slot D2
Aspirating 100.0 uL from A12 of Sample Plate on Magnetic Block GEN1 on slot D2 at 100.0 uL/sec
Moving to A12 of Sample Plate on Magnetic Block GEN1 on slot D2
--->Adding 6.2mL to waste (total is 163.2mL)
Dispensing 775.0 uL into A1 of Waste Reservoir on slot C2 at 400.0 uL/sec
Delaying for 0 minutes and 3.0 seconds
Blowing out at A1 of Waste Reservoir on slot C2
Dropping tip into A12 of Opentrons Flex 96 Filter Tip Rack 1000 µL on slot B3
--> Moving plate off magnet
Moving Sample Plate to opentrons_96_well_aluminum_block with gripper
Pausing robot operation: please empty the waste container
--> Wash3
--> Adding Wash and shaking
Picking up tip from A1 of opentrons_flex_96_filtertiprack_1000ul on slot A2
Transferring 750.0 from A1 of 90% EtOH on slot B2 to A1 of Sample Plate on Opentrons 96 Well Aluminum Block on Temperature Module GEN2 on slot D1
	Aspirating 750.0 uL from A1 of 90% EtOH on slot B2 at 400.0 uL/sec
	Air gap
		Aspirating 20.0 uL from A1 of 90% EtOH on slot B2 at 400.0 uL/sec
	Dispensing 770.0 uL into A1 of Sample Plate on Opentrons 96 Well Aluminum Block on Temperature Module GEN2 on slot D1 at 400.0 uL/sec
Transferring 750.0 from A1 of 90% EtOH on slot B2 to A2 of Sample Plate on Opentrons 96 Well Aluminum Block on Temperature Module GEN2 on slot D1
	Aspirating 750.0 uL from A1 of 90% EtOH on slot B2 at 400.0 uL/sec
	Air gap
		Aspirating 20.0 uL from A1 of 90% EtOH on slot B2 at 400.0 uL/sec
	Dispensing 770.0 uL into A2 of Sample Plate on Opentrons 96 Well Aluminum Block on Temperature Module GEN2 on slot D1 at 400.0 uL/sec
Transferring 750.0 from A1 of 90% EtOH on slot B2 to A3 of Sample Plate on Opentrons 96 Well Aluminum Block on Temperature Module GEN2 on slot D1
	Aspirating 750.0 uL from A1 of 90% EtOH on slot B2 at 400.0 uL/sec
	Air gap
		Aspirating 20.0 uL from A1 of 90% EtOH on slot B2 at 400.0 uL/sec
	Dispensing 770.0 uL into A3 of Sample Plate on Opentrons 96 Well Aluminum Block on Temperature Module GEN2 on slot D1 at 400.0 uL/sec
Transferring 750.0 from A1 of 90% EtOH on slot B2 to A4 of Sample Plate on Opentrons 96 Well Aluminum Block on Temperature Module GEN2 on slot D1
	Aspirating 750.0 uL from A1 of 90% EtOH on slot B2 at 400.0 uL/sec
	Air gap
		Aspirating 20.0 uL from A1 of 90% EtOH on slot B2 at 400.0 uL/sec
	Dispensing 770.0 uL into A4 of Sample Plate on Opentrons 96 Well Aluminum Block on Temperature Module GEN2 on slot D1 at 400.0 uL/sec
Transferring 750.0 from A1 of 90% EtOH on slot B2 to A5 of Sample Plate on Opentrons 96 Well Aluminum Block on Temperature Module GEN2 on slot D1
	Aspirating 750.0 uL from A1 of 90% EtOH on slot B2 at 400.0 uL/sec
	Air gap
		Aspirating 20.0 uL from A1 of 90% EtOH on slot B2 at 400.0 uL/sec
	Dispensing 770.0 uL into A5 of Sample Plate on Opentrons 96 Well Aluminum Block on Temperature Module GEN2 on slot D1 at 400.0 uL/sec
Transferring 750.0 from A1 of 90% EtOH on slot B2 to A6 of Sample Plate on Opentrons 96 Well Aluminum Block on Temperature Module GEN2 on slot D1
	Aspirating 750.0 uL from A1 of 90% EtOH on slot B2 at 400.0 uL/sec
	Air gap
		Aspirating 20.0 uL from A1 of 90% EtOH on slot B2 at 400.0 uL/sec
	Dispensing 770.0 uL into A6 of Sample Plate on Opentrons 96 Well Aluminum Block on Temperature Module GEN2 on slot D1 at 400.0 uL/sec
Transferring 750.0 from A1 of 90% EtOH on slot B2 to A7 of Sample Plate on Opentrons 96 Well Aluminum Block on Temperature Module GEN2 on slot D1
	Aspirating 750.0 uL from A1 of 90% EtOH on slot B2 at 400.0 uL/sec
	Air gap
		Aspirating 20.0 uL from A1 of 90% EtOH on slot B2 at 400.0 uL/sec
	Dispensing 770.0 uL into A7 of Sample Plate on Opentrons 96 Well Aluminum Block on Temperature Module GEN2 on slot D1 at 400.0 uL/sec
Transferring 750.0 from A1 of 90% EtOH on slot B2 to A8 of Sample Plate on Opentrons 96 Well Aluminum Block on Temperature Module GEN2 on slot D1
	Aspirating 750.0 uL from A1 of 90% EtOH on slot B2 at 400.0 uL/sec
	Air gap
		Aspirating 20.0 uL from A1 of 90% EtOH on slot B2 at 400.0 uL/sec
	Dispensing 770.0 uL into A8 of Sample Plate on Opentrons 96 Well Aluminum Block on Temperature Module GEN2 on slot D1 at 400.0 uL/sec
Transferring 750.0 from A1 of 90% EtOH on slot B2 to A9 of Sample Plate on Opentrons 96 Well Aluminum Block on Temperature Module GEN2 on slot D1
	Aspirating 750.0 uL from A1 of 90% EtOH on slot B2 at 400.0 uL/sec
	Air gap
		Aspirating 20.0 uL from A1 of 90% EtOH on slot B2 at 400.0 uL/sec
	Dispensing 770.0 uL into A9 of Sample Plate on Opentrons 96 Well Aluminum Block on Temperature Module GEN2 on slot D1 at 400.0 uL/sec
Transferring 750.0 from A1 of 90% EtOH on slot B2 to A10 of Sample Plate on Opentrons 96 Well Aluminum Block on Temperature Module GEN2 on slot D1
	Aspirating 750.0 uL from A1 of 90% EtOH on slot B2 at 400.0 uL/sec
	Air gap
		Aspirating 20.0 uL from A1 of 90% EtOH on slot B2 at 400.0 uL/sec
	Dispensing 770.0 uL into A10 of Sample Plate on Opentrons 96 Well Aluminum Block on Temperature Module GEN2 on slot D1 at 400.0 uL/sec
Transferring 750.0 from A1 of 90% EtOH on slot B2 to A11 of Sample Plate on Opentrons 96 Well Aluminum Block on Temperature Module GEN2 on slot D1
	Aspirating 750.0 uL from A1 of 90% EtOH on slot B2 at 400.0 uL/sec
	Air gap
		Aspirating 20.0 uL from A1 of 90% EtOH on slot B2 at 400.0 uL/sec
	Dispensing 770.0 uL into A11 of Sample Plate on Opentrons 96 Well Aluminum Block on Temperature Module GEN2 on slot D1 at 400.0 uL/sec
Transferring 750.0 from A1 of 90% EtOH on slot B2 to A12 of Sample Plate on Opentrons 96 Well Aluminum Block on Temperature Module GEN2 on slot D1
	Aspirating 750.0 uL from A1 of 90% EtOH on slot B2 at 400.0 uL/sec
	Air gap
		Aspirating 20.0 uL from A1 of 90% EtOH on slot B2 at 400.0 uL/sec
	Dispensing 770.0 uL into A12 of Sample Plate on Opentrons 96 Well Aluminum Block on Temperature Module GEN2 on slot D1 at 400.0 uL/sec
Dropping tip into A1 of opentrons_flex_96_filtertiprack_1000ul on slot A2
Moving Sample Plate to opentrons_96_deep_well_adapter with gripper
Latching labware on Heater-Shaker
Latching labware on Heater-Shaker
Setting Heater-Shaker to Shake at 1300 RPM and waiting until reached
Deactivating Heater
Delaying for 0 minutes and 10.0 seconds. Shake at 1300 rpm for 0.16666666666666666 minutes.
Deactivating Shaker
Unlatching labware on Heater-Shaker
Moving Sample Plate to MagneticBlockContext at Magnetic Block GEN1 on D2 lw None with gripper
--> Moving Sample Plate to MagBlock
--> Wait for beads to settle
Delaying for 2 minutes and 0.0 seconds
--> Remove Supernatant
Picking up tip from A1 of Opentrons Flex 96 Filter Tip Rack 1000 µL on slot B3
Moving to A1 of Sample Plate on Magnetic Block GEN1 on slot D2
Aspirating 675.0 uL from A1 of Sample Plate on Magnetic Block GEN1 on slot D2 at 100.0 uL/sec
Delaying for 0 minutes and 6.0 seconds
Moving to A1 of Sample Plate on Magnetic Block GEN1 on slot D2
Aspirating 100.0 uL from A1 of Sample Plate on Magnetic Block GEN1 on slot D2 at 100.0 uL/sec
Moving to A1 of Sample Plate on Magnetic Block GEN1 on slot D2
--->Adding 6.2mL to waste (total is 6.2mL)
Dispensing 775.0 uL into A1 of Waste Reservoir on slot C2 at 400.0 uL/sec
Delaying for 0 minutes and 3.0 seconds
Blowing out at A1 of Waste Reservoir on slot C2
Dropping tip into A1 of Opentrons Flex 96 Filter Tip Rack 1000 µL on slot B3
Picking up tip from A2 of Opentrons Flex 96 Filter Tip Rack 1000 µL on slot B3
Moving to A2 of Sample Plate on Magnetic Block GEN1 on slot D2
Aspirating 675.0 uL from A2 of Sample Plate on Magnetic Block GEN1 on slot D2 at 100.0 uL/sec
Delaying for 0 minutes and 6.0 seconds
Moving to A2 of Sample Plate on Magnetic Block GEN1 on slot D2
Aspirating 100.0 uL from A2 of Sample Plate on Magnetic Block GEN1 on slot D2 at 100.0 uL/sec
Moving to A2 of Sample Plate on Magnetic Block GEN1 on slot D2
--->Adding 6.2mL to waste (total is 12.4mL)
Dispensing 775.0 uL into A1 of Waste Reservoir on slot C2 at 400.0 uL/sec
Delaying for 0 minutes and 3.0 seconds
Blowing out at A1 of Waste Reservoir on slot C2
Dropping tip into A2 of Opentrons Flex 96 Filter Tip Rack 1000 µL on slot B3
Picking up tip from A3 of Opentrons Flex 96 Filter Tip Rack 1000 µL on slot B3
Moving to A3 of Sample Plate on Magnetic Block GEN1 on slot D2
Aspirating 675.0 uL from A3 of Sample Plate on Magnetic Block GEN1 on slot D2 at 100.0 uL/sec
Delaying for 0 minutes and 6.0 seconds
Moving to A3 of Sample Plate on Magnetic Block GEN1 on slot D2
Aspirating 100.0 uL from A3 of Sample Plate on Magnetic Block GEN1 on slot D2 at 100.0 uL/sec
Moving to A3 of Sample Plate on Magnetic Block GEN1 on slot D2
--->Adding 6.2mL to waste (total is 18.6mL)
Dispensing 775.0 uL into A1 of Waste Reservoir on slot C2 at 400.0 uL/sec
Delaying for 0 minutes and 3.0 seconds
Blowing out at A1 of Waste Reservoir on slot C2
Dropping tip into A3 of Opentrons Flex 96 Filter Tip Rack 1000 µL on slot B3
Picking up tip from A4 of Opentrons Flex 96 Filter Tip Rack 1000 µL on slot B3
Moving to A4 of Sample Plate on Magnetic Block GEN1 on slot D2
Aspirating 675.0 uL from A4 of Sample Plate on Magnetic Block GEN1 on slot D2 at 100.0 uL/sec
Delaying for 0 minutes and 6.0 seconds
Moving to A4 of Sample Plate on Magnetic Block GEN1 on slot D2
Aspirating 100.0 uL from A4 of Sample Plate on Magnetic Block GEN1 on slot D2 at 100.0 uL/sec
Moving to A4 of Sample Plate on Magnetic Block GEN1 on slot D2
--->Adding 6.2mL to waste (total is 24.8mL)
Dispensing 775.0 uL into A1 of Waste Reservoir on slot C2 at 400.0 uL/sec
Delaying for 0 minutes and 3.0 seconds
Blowing out at A1 of Waste Reservoir on slot C2
Dropping tip into A4 of Opentrons Flex 96 Filter Tip Rack 1000 µL on slot B3
Picking up tip from A5 of Opentrons Flex 96 Filter Tip Rack 1000 µL on slot B3
Moving to A5 of Sample Plate on Magnetic Block GEN1 on slot D2
Aspirating 675.0 uL from A5 of Sample Plate on Magnetic Block GEN1 on slot D2 at 100.0 uL/sec
Delaying for 0 minutes and 6.0 seconds
Moving to A5 of Sample Plate on Magnetic Block GEN1 on slot D2
Aspirating 100.0 uL from A5 of Sample Plate on Magnetic Block GEN1 on slot D2 at 100.0 uL/sec
Moving to A5 of Sample Plate on Magnetic Block GEN1 on slot D2
--->Adding 6.2mL to waste (total is 31.0mL)
Dispensing 775.0 uL into A1 of Waste Reservoir on slot C2 at 400.0 uL/sec
Delaying for 0 minutes and 3.0 seconds
Blowing out at A1 of Waste Reservoir on slot C2
Dropping tip into A5 of Opentrons Flex 96 Filter Tip Rack 1000 µL on slot B3
Picking up tip from A6 of Opentrons Flex 96 Filter Tip Rack 1000 µL on slot B3
Moving to A6 of Sample Plate on Magnetic Block GEN1 on slot D2
Aspirating 675.0 uL from A6 of Sample Plate on Magnetic Block GEN1 on slot D2 at 100.0 uL/sec
Delaying for 0 minutes and 6.0 seconds
Moving to A6 of Sample Plate on Magnetic Block GEN1 on slot D2
Aspirating 100.0 uL from A6 of Sample Plate on Magnetic Block GEN1 on slot D2 at 100.0 uL/sec
Moving to A6 of Sample Plate on Magnetic Block GEN1 on slot D2
--->Adding 6.2mL to waste (total is 37.2mL)
Dispensing 775.0 uL into A1 of Waste Reservoir on slot C2 at 400.0 uL/sec
Delaying for 0 minutes and 3.0 seconds
Blowing out at A1 of Waste Reservoir on slot C2
Dropping tip into A6 of Opentrons Flex 96 Filter Tip Rack 1000 µL on slot B3
Picking up tip from A7 of Opentrons Flex 96 Filter Tip Rack 1000 µL on slot B3
Moving to A7 of Sample Plate on Magnetic Block GEN1 on slot D2
Aspirating 675.0 uL from A7 of Sample Plate on Magnetic Block GEN1 on slot D2 at 100.0 uL/sec
Delaying for 0 minutes and 6.0 seconds
Moving to A7 of Sample Plate on Magnetic Block GEN1 on slot D2
Aspirating 100.0 uL from A7 of Sample Plate on Magnetic Block GEN1 on slot D2 at 100.0 uL/sec
Moving to A7 of Sample Plate on Magnetic Block GEN1 on slot D2
--->Adding 6.2mL to waste (total is 43.4mL)
Dispensing 775.0 uL into A1 of Waste Reservoir on slot C2 at 400.0 uL/sec
Delaying for 0 minutes and 3.0 seconds
Blowing out at A1 of Waste Reservoir on slot C2
Dropping tip into A7 of Opentrons Flex 96 Filter Tip Rack 1000 µL on slot B3
Picking up tip from A8 of Opentrons Flex 96 Filter Tip Rack 1000 µL on slot B3
Moving to A8 of Sample Plate on Magnetic Block GEN1 on slot D2
Aspirating 675.0 uL from A8 of Sample Plate on Magnetic Block GEN1 on slot D2 at 100.0 uL/sec
Delaying for 0 minutes and 6.0 seconds
Moving to A8 of Sample Plate on Magnetic Block GEN1 on slot D2
Aspirating 100.0 uL from A8 of Sample Plate on Magnetic Block GEN1 on slot D2 at 100.0 uL/sec
Moving to A8 of Sample Plate on Magnetic Block GEN1 on slot D2
--->Adding 6.2mL to waste (total is 49.6mL)
Dispensing 775.0 uL into A1 of Waste Reservoir on slot C2 at 400.0 uL/sec
Delaying for 0 minutes and 3.0 seconds
Blowing out at A1 of Waste Reservoir on slot C2
Dropping tip into A8 of Opentrons Flex 96 Filter Tip Rack 1000 µL on slot B3
Picking up tip from A9 of Opentrons Flex 96 Filter Tip Rack 1000 µL on slot B3
Moving to A9 of Sample Plate on Magnetic Block GEN1 on slot D2
Aspirating 675.0 uL from A9 of Sample Plate on Magnetic Block GEN1 on slot D2 at 100.0 uL/sec
Delaying for 0 minutes and 6.0 seconds
Moving to A9 of Sample Plate on Magnetic Block GEN1 on slot D2
Aspirating 100.0 uL from A9 of Sample Plate on Magnetic Block GEN1 on slot D2 at 100.0 uL/sec
Moving to A9 of Sample Plate on Magnetic Block GEN1 on slot D2
--->Adding 6.2mL to waste (total is 55.8mL)
Dispensing 775.0 uL into A1 of Waste Reservoir on slot C2 at 400.0 uL/sec
Delaying for 0 minutes and 3.0 seconds
Blowing out at A1 of Waste Reservoir on slot C2
Dropping tip into A9 of Opentrons Flex 96 Filter Tip Rack 1000 µL on slot B3
Picking up tip from A10 of Opentrons Flex 96 Filter Tip Rack 1000 µL on slot B3
Moving to A10 of Sample Plate on Magnetic Block GEN1 on slot D2
Aspirating 675.0 uL from A10 of Sample Plate on Magnetic Block GEN1 on slot D2 at 100.0 uL/sec
Delaying for 0 minutes and 6.0 seconds
Moving to A10 of Sample Plate on Magnetic Block GEN1 on slot D2
Aspirating 100.0 uL from A10 of Sample Plate on Magnetic Block GEN1 on slot D2 at 100.0 uL/sec
Moving to A10 of Sample Plate on Magnetic Block GEN1 on slot D2
--->Adding 6.2mL to waste (total is 62.0mL)
Dispensing 775.0 uL into A1 of Waste Reservoir on slot C2 at 400.0 uL/sec
Delaying for 0 minutes and 3.0 seconds
Blowing out at A1 of Waste Reservoir on slot C2
Dropping tip into A10 of Opentrons Flex 96 Filter Tip Rack 1000 µL on slot B3
Picking up tip from A11 of Opentrons Flex 96 Filter Tip Rack 1000 µL on slot B3
Moving to A11 of Sample Plate on Magnetic Block GEN1 on slot D2
Aspirating 675.0 uL from A11 of Sample Plate on Magnetic Block GEN1 on slot D2 at 100.0 uL/sec
Delaying for 0 minutes and 6.0 seconds
Moving to A11 of Sample Plate on Magnetic Block GEN1 on slot D2
Aspirating 100.0 uL from A11 of Sample Plate on Magnetic Block GEN1 on slot D2 at 100.0 uL/sec
Moving to A11 of Sample Plate on Magnetic Block GEN1 on slot D2
--->Adding 6.2mL to waste (total is 68.2mL)
Dispensing 775.0 uL into A1 of Waste Reservoir on slot C2 at 400.0 uL/sec
Delaying for 0 minutes and 3.0 seconds
Blowing out at A1 of Waste Reservoir on slot C2
Dropping tip into A11 of Opentrons Flex 96 Filter Tip Rack 1000 µL on slot B3
Picking up tip from A12 of Opentrons Flex 96 Filter Tip Rack 1000 µL on slot B3
Moving to A12 of Sample Plate on Magnetic Block GEN1 on slot D2
Aspirating 675.0 uL from A12 of Sample Plate on Magnetic Block GEN1 on slot D2 at 100.0 uL/sec
Delaying for 0 minutes and 6.0 seconds
Moving to A12 of Sample Plate on Magnetic Block GEN1 on slot D2
Aspirating 100.0 uL from A12 of Sample Plate on Magnetic Block GEN1 on slot D2 at 100.0 uL/sec
Moving to A12 of Sample Plate on Magnetic Block GEN1 on slot D2
--->Adding 6.2mL to waste (total is 74.4mL)
Dispensing 775.0 uL into A1 of Waste Reservoir on slot C2 at 400.0 uL/sec
Delaying for 0 minutes and 3.0 seconds
Blowing out at A1 of Waste Reservoir on slot C2
Dropping tip into A12 of Opentrons Flex 96 Filter Tip Rack 1000 µL on slot B3
--> Moving plate off magnet
Moving Sample Plate to opentrons_96_well_aluminum_block with gripper
--> Dry Plate
Setting Temperature Module temperature to 50.0 °C (rounded off to nearest integer)
Waiting for Temperature Module to reach temperature 50.0 °C (rounded off to nearest integer)
Delaying for 10 minutes and 0.0 seconds
Setting Temperature Module temperature to 25.0 °C (rounded off to nearest integer)
Moving Sample Plate to opentrons_96_deep_well_adapter with gripper
Latching labware on Heater-Shaker
--> Add DNaseI
Picking up tip from A1 of opentrons_flex_96_filtertiprack_1000ul on slot A2
Transferring 100.0 from A1 of reagent reservoir on slot C3 to A1 of Sample Plate on Opentrons 96 Deep Well Heater-Shaker Adapter on Heater-Shaker Module GEN1 on slot C1
	Aspirating 100.0 uL from A1 of reagent reservoir on slot C3 at 300.0 uL/sec
	Dispensing 100.0 uL into A1 of Sample Plate on Opentrons 96 Deep Well Heater-Shaker Adapter on Heater-Shaker Module GEN1 on slot C1 at 400.0 uL/sec
	Mixing 10 times with a volume of 75.0 ul
		Aspirating 75.0 uL from A1 of Sample Plate on Opentrons 96 Deep Well Heater-Shaker Adapter on Heater-Shaker Module GEN1 on slot C1 at 300.0 uL/sec
		Dispensing 75.0 uL into A1 of Sample Plate on Opentrons 96 Deep Well Heater-Shaker Adapter on Heater-Shaker Module GEN1 on slot C1 at 400.0 uL/sec
		Aspirating 75.0 uL from A1 of Sample Plate on Opentrons 96 Deep Well Heater-Shaker Adapter on Heater-Shaker Module GEN1 on slot C1 at 300.0 uL/sec
		Dispensing 75.0 uL into A1 of Sample Plate on Opentrons 96 Deep Well Heater-Shaker Adapter on Heater-Shaker Module GEN1 on slot C1 at 400.0 uL/sec
		Aspirating 75.0 uL from A1 of Sample Plate on Opentrons 96 Deep Well Heater-Shaker Adapter on Heater-Shaker Module GEN1 on slot C1 at 300.0 uL/sec
		Dispensing 75.0 uL into A1 of Sample Plate on Opentrons 96 Deep Well Heater-Shaker Adapter on Heater-Shaker Module GEN1 on slot C1 at 400.0 uL/sec
		Aspirating 75.0 uL from A1 of Sample Plate on Opentrons 96 Deep Well Heater-Shaker Adapter on Heater-Shaker Module GEN1 on slot C1 at 300.0 uL/sec
		Dispensing 75.0 uL into A1 of Sample Plate on Opentrons 96 Deep Well Heater-Shaker Adapter on Heater-Shaker Module GEN1 on slot C1 at 400.0 uL/sec
		Aspirating 75.0 uL from A1 of Sample Plate on Opentrons 96 Deep Well Heater-Shaker Adapter on Heater-Shaker Module GEN1 on slot C1 at 300.0 uL/sec
		Dispensing 75.0 uL into A1 of Sample Plate on Opentrons 96 Deep Well Heater-Shaker Adapter on Heater-Shaker Module GEN1 on slot C1 at 400.0 uL/sec
		Aspirating 75.0 uL from A1 of Sample Plate on Opentrons 96 Deep Well Heater-Shaker Adapter on Heater-Shaker Module GEN1 on slot C1 at 300.0 uL/sec
		Dispensing 75.0 uL into A1 of Sample Plate on Opentrons 96 Deep Well Heater-Shaker Adapter on Heater-Shaker Module GEN1 on slot C1 at 400.0 uL/sec
		Aspirating 75.0 uL from A1 of Sample Plate on Opentrons 96 Deep Well Heater-Shaker Adapter on Heater-Shaker Module GEN1 on slot C1 at 300.0 uL/sec
		Dispensing 75.0 uL into A1 of Sample Plate on Opentrons 96 Deep Well Heater-Shaker Adapter on Heater-Shaker Module GEN1 on slot C1 at 400.0 uL/sec
		Aspirating 75.0 uL from A1 of Sample Plate on Opentrons 96 Deep Well Heater-Shaker Adapter on Heater-Shaker Module GEN1 on slot C1 at 300.0 uL/sec
		Dispensing 75.0 uL into A1 of Sample Plate on Opentrons 96 Deep Well Heater-Shaker Adapter on Heater-Shaker Module GEN1 on slot C1 at 400.0 uL/sec
		Aspirating 75.0 uL from A1 of Sample Plate on Opentrons 96 Deep Well Heater-Shaker Adapter on Heater-Shaker Module GEN1 on slot C1 at 300.0 uL/sec
		Dispensing 75.0 uL into A1 of Sample Plate on Opentrons 96 Deep Well Heater-Shaker Adapter on Heater-Shaker Module GEN1 on slot C1 at 400.0 uL/sec
		Aspirating 75.0 uL from A1 of Sample Plate on Opentrons 96 Deep Well Heater-Shaker Adapter on Heater-Shaker Module GEN1 on slot C1 at 300.0 uL/sec
		Dispensing 75.0 uL into A1 of Sample Plate on Opentrons 96 Deep Well Heater-Shaker Adapter on Heater-Shaker Module GEN1 on slot C1 at 400.0 uL/sec
Dropping tip into Waste Chute
Picking up tip from A2 of opentrons_flex_96_filtertiprack_1000ul on slot A2
Transferring 100.0 from A1 of reagent reservoir on slot C3 to A2 of Sample Plate on Opentrons 96 Deep Well Heater-Shaker Adapter on Heater-Shaker Module GEN1 on slot C1
	Aspirating 100.0 uL from A1 of reagent reservoir on slot C3 at 300.0 uL/sec
	Dispensing 100.0 uL into A2 of Sample Plate on Opentrons 96 Deep Well Heater-Shaker Adapter on Heater-Shaker Module GEN1 on slot C1 at 400.0 uL/sec
	Mixing 10 times with a volume of 75.0 ul
		Aspirating 75.0 uL from A2 of Sample Plate on Opentrons 96 Deep Well Heater-Shaker Adapter on Heater-Shaker Module GEN1 on slot C1 at 300.0 uL/sec
		Dispensing 75.0 uL into A2 of Sample Plate on Opentrons 96 Deep Well Heater-Shaker Adapter on Heater-Shaker Module GEN1 on slot C1 at 400.0 uL/sec
		Aspirating 75.0 uL from A2 of Sample Plate on Opentrons 96 Deep Well Heater-Shaker Adapter on Heater-Shaker Module GEN1 on slot C1 at 300.0 uL/sec
		Dispensing 75.0 uL into A2 of Sample Plate on Opentrons 96 Deep Well Heater-Shaker Adapter on Heater-Shaker Module GEN1 on slot C1 at 400.0 uL/sec
		Aspirating 75.0 uL from A2 of Sample Plate on Opentrons 96 Deep Well Heater-Shaker Adapter on Heater-Shaker Module GEN1 on slot C1 at 300.0 uL/sec
		Dispensing 75.0 uL into A2 of Sample Plate on Opentrons 96 Deep Well Heater-Shaker Adapter on Heater-Shaker Module GEN1 on slot C1 at 400.0 uL/sec
		Aspirating 75.0 uL from A2 of Sample Plate on Opentrons 96 Deep Well Heater-Shaker Adapter on Heater-Shaker Module GEN1 on slot C1 at 300.0 uL/sec
		Dispensing 75.0 uL into A2 of Sample Plate on Opentrons 96 Deep Well Heater-Shaker Adapter on Heater-Shaker Module GEN1 on slot C1 at 400.0 uL/sec
		Aspirating 75.0 uL from A2 of Sample Plate on Opentrons 96 Deep Well Heater-Shaker Adapter on Heater-Shaker Module GEN1 on slot C1 at 300.0 uL/sec
		Dispensing 75.0 uL into A2 of Sample Plate on Opentrons 96 Deep Well Heater-Shaker Adapter on Heater-Shaker Module GEN1 on slot C1 at 400.0 uL/sec
		Aspirating 75.0 uL from A2 of Sample Plate on Opentrons 96 Deep Well Heater-Shaker Adapter on Heater-Shaker Module GEN1 on slot C1 at 300.0 uL/sec
		Dispensing 75.0 uL into A2 of Sample Plate on Opentrons 96 Deep Well Heater-Shaker Adapter on Heater-Shaker Module GEN1 on slot C1 at 400.0 uL/sec
		Aspirating 75.0 uL from A2 of Sample Plate on Opentrons 96 Deep Well Heater-Shaker Adapter on Heater-Shaker Module GEN1 on slot C1 at 300.0 uL/sec
		Dispensing 75.0 uL into A2 of Sample Plate on Opentrons 96 Deep Well Heater-Shaker Adapter on Heater-Shaker Module GEN1 on slot C1 at 400.0 uL/sec
		Aspirating 75.0 uL from A2 of Sample Plate on Opentrons 96 Deep Well Heater-Shaker Adapter on Heater-Shaker Module GEN1 on slot C1 at 300.0 uL/sec
		Dispensing 75.0 uL into A2 of Sample Plate on Opentrons 96 Deep Well Heater-Shaker Adapter on Heater-Shaker Module GEN1 on slot C1 at 400.0 uL/sec
		Aspirating 75.0 uL from A2 of Sample Plate on Opentrons 96 Deep Well Heater-Shaker Adapter on Heater-Shaker Module GEN1 on slot C1 at 300.0 uL/sec
		Dispensing 75.0 uL into A2 of Sample Plate on Opentrons 96 Deep Well Heater-Shaker Adapter on Heater-Shaker Module GEN1 on slot C1 at 400.0 uL/sec
		Aspirating 75.0 uL from A2 of Sample Plate on Opentrons 96 Deep Well Heater-Shaker Adapter on Heater-Shaker Module GEN1 on slot C1 at 300.0 uL/sec
		Dispensing 75.0 uL into A2 of Sample Plate on Opentrons 96 Deep Well Heater-Shaker Adapter on Heater-Shaker Module GEN1 on slot C1 at 400.0 uL/sec
Dropping tip into Waste Chute
Picking up tip from A3 of opentrons_flex_96_filtertiprack_1000ul on slot A2
Transferring 100.0 from A1 of reagent reservoir on slot C3 to A3 of Sample Plate on Opentrons 96 Deep Well Heater-Shaker Adapter on Heater-Shaker Module GEN1 on slot C1
	Aspirating 100.0 uL from A1 of reagent reservoir on slot C3 at 300.0 uL/sec
	Dispensing 100.0 uL into A3 of Sample Plate on Opentrons 96 Deep Well Heater-Shaker Adapter on Heater-Shaker Module GEN1 on slot C1 at 400.0 uL/sec
	Mixing 10 times with a volume of 75.0 ul
		Aspirating 75.0 uL from A3 of Sample Plate on Opentrons 96 Deep Well Heater-Shaker Adapter on Heater-Shaker Module GEN1 on slot C1 at 300.0 uL/sec
		Dispensing 75.0 uL into A3 of Sample Plate on Opentrons 96 Deep Well Heater-Shaker Adapter on Heater-Shaker Module GEN1 on slot C1 at 400.0 uL/sec
		Aspirating 75.0 uL from A3 of Sample Plate on Opentrons 96 Deep Well Heater-Shaker Adapter on Heater-Shaker Module GEN1 on slot C1 at 300.0 uL/sec
		Dispensing 75.0 uL into A3 of Sample Plate on Opentrons 96 Deep Well Heater-Shaker Adapter on Heater-Shaker Module GEN1 on slot C1 at 400.0 uL/sec
		Aspirating 75.0 uL from A3 of Sample Plate on Opentrons 96 Deep Well Heater-Shaker Adapter on Heater-Shaker Module GEN1 on slot C1 at 300.0 uL/sec
		Dispensing 75.0 uL into A3 of Sample Plate on Opentrons 96 Deep Well Heater-Shaker Adapter on Heater-Shaker Module GEN1 on slot C1 at 400.0 uL/sec
		Aspirating 75.0 uL from A3 of Sample Plate on Opentrons 96 Deep Well Heater-Shaker Adapter on Heater-Shaker Module GEN1 on slot C1 at 300.0 uL/sec
		Dispensing 75.0 uL into A3 of Sample Plate on Opentrons 96 Deep Well Heater-Shaker Adapter on Heater-Shaker Module GEN1 on slot C1 at 400.0 uL/sec
		Aspirating 75.0 uL from A3 of Sample Plate on Opentrons 96 Deep Well Heater-Shaker Adapter on Heater-Shaker Module GEN1 on slot C1 at 300.0 uL/sec
		Dispensing 75.0 uL into A3 of Sample Plate on Opentrons 96 Deep Well Heater-Shaker Adapter on Heater-Shaker Module GEN1 on slot C1 at 400.0 uL/sec
		Aspirating 75.0 uL from A3 of Sample Plate on Opentrons 96 Deep Well Heater-Shaker Adapter on Heater-Shaker Module GEN1 on slot C1 at 300.0 uL/sec
		Dispensing 75.0 uL into A3 of Sample Plate on Opentrons 96 Deep Well Heater-Shaker Adapter on Heater-Shaker Module GEN1 on slot C1 at 400.0 uL/sec
		Aspirating 75.0 uL from A3 of Sample Plate on Opentrons 96 Deep Well Heater-Shaker Adapter on Heater-Shaker Module GEN1 on slot C1 at 300.0 uL/sec
		Dispensing 75.0 uL into A3 of Sample Plate on Opentrons 96 Deep Well Heater-Shaker Adapter on Heater-Shaker Module GEN1 on slot C1 at 400.0 uL/sec
		Aspirating 75.0 uL from A3 of Sample Plate on Opentrons 96 Deep Well Heater-Shaker Adapter on Heater-Shaker Module GEN1 on slot C1 at 300.0 uL/sec
		Dispensing 75.0 uL into A3 of Sample Plate on Opentrons 96 Deep Well Heater-Shaker Adapter on Heater-Shaker Module GEN1 on slot C1 at 400.0 uL/sec
		Aspirating 75.0 uL from A3 of Sample Plate on Opentrons 96 Deep Well Heater-Shaker Adapter on Heater-Shaker Module GEN1 on slot C1 at 300.0 uL/sec
		Dispensing 75.0 uL into A3 of Sample Plate on Opentrons 96 Deep Well Heater-Shaker Adapter on Heater-Shaker Module GEN1 on slot C1 at 400.0 uL/sec
		Aspirating 75.0 uL from A3 of Sample Plate on Opentrons 96 Deep Well Heater-Shaker Adapter on Heater-Shaker Module GEN1 on slot C1 at 300.0 uL/sec
		Dispensing 75.0 uL into A3 of Sample Plate on Opentrons 96 Deep Well Heater-Shaker Adapter on Heater-Shaker Module GEN1 on slot C1 at 400.0 uL/sec
Dropping tip into Waste Chute
Picking up tip from A4 of opentrons_flex_96_filtertiprack_1000ul on slot A2
Transferring 100.0 from A1 of reagent reservoir on slot C3 to A4 of Sample Plate on Opentrons 96 Deep Well Heater-Shaker Adapter on Heater-Shaker Module GEN1 on slot C1
	Aspirating 100.0 uL from A1 of reagent reservoir on slot C3 at 300.0 uL/sec
	Dispensing 100.0 uL into A4 of Sample Plate on Opentrons 96 Deep Well Heater-Shaker Adapter on Heater-Shaker Module GEN1 on slot C1 at 400.0 uL/sec
	Mixing 10 times with a volume of 75.0 ul
		Aspirating 75.0 uL from A4 of Sample Plate on Opentrons 96 Deep Well Heater-Shaker Adapter on Heater-Shaker Module GEN1 on slot C1 at 300.0 uL/sec
		Dispensing 75.0 uL into A4 of Sample Plate on Opentrons 96 Deep Well Heater-Shaker Adapter on Heater-Shaker Module GEN1 on slot C1 at 400.0 uL/sec
		Aspirating 75.0 uL from A4 of Sample Plate on Opentrons 96 Deep Well Heater-Shaker Adapter on Heater-Shaker Module GEN1 on slot C1 at 300.0 uL/sec
		Dispensing 75.0 uL into A4 of Sample Plate on Opentrons 96 Deep Well Heater-Shaker Adapter on Heater-Shaker Module GEN1 on slot C1 at 400.0 uL/sec
		Aspirating 75.0 uL from A4 of Sample Plate on Opentrons 96 Deep Well Heater-Shaker Adapter on Heater-Shaker Module GEN1 on slot C1 at 300.0 uL/sec
		Dispensing 75.0 uL into A4 of Sample Plate on Opentrons 96 Deep Well Heater-Shaker Adapter on Heater-Shaker Module GEN1 on slot C1 at 400.0 uL/sec
		Aspirating 75.0 uL from A4 of Sample Plate on Opentrons 96 Deep Well Heater-Shaker Adapter on Heater-Shaker Module GEN1 on slot C1 at 300.0 uL/sec
		Dispensing 75.0 uL into A4 of Sample Plate on Opentrons 96 Deep Well Heater-Shaker Adapter on Heater-Shaker Module GEN1 on slot C1 at 400.0 uL/sec
		Aspirating 75.0 uL from A4 of Sample Plate on Opentrons 96 Deep Well Heater-Shaker Adapter on Heater-Shaker Module GEN1 on slot C1 at 300.0 uL/sec
		Dispensing 75.0 uL into A4 of Sample Plate on Opentrons 96 Deep Well Heater-Shaker Adapter on Heater-Shaker Module GEN1 on slot C1 at 400.0 uL/sec
		Aspirating 75.0 uL from A4 of Sample Plate on Opentrons 96 Deep Well Heater-Shaker Adapter on Heater-Shaker Module GEN1 on slot C1 at 300.0 uL/sec
		Dispensing 75.0 uL into A4 of Sample Plate on Opentrons 96 Deep Well Heater-Shaker Adapter on Heater-Shaker Module GEN1 on slot C1 at 400.0 uL/sec
		Aspirating 75.0 uL from A4 of Sample Plate on Opentrons 96 Deep Well Heater-Shaker Adapter on Heater-Shaker Module GEN1 on slot C1 at 300.0 uL/sec
		Dispensing 75.0 uL into A4 of Sample Plate on Opentrons 96 Deep Well Heater-Shaker Adapter on Heater-Shaker Module GEN1 on slot C1 at 400.0 uL/sec
		Aspirating 75.0 uL from A4 of Sample Plate on Opentrons 96 Deep Well Heater-Shaker Adapter on Heater-Shaker Module GEN1 on slot C1 at 300.0 uL/sec
		Dispensing 75.0 uL into A4 of Sample Plate on Opentrons 96 Deep Well Heater-Shaker Adapter on Heater-Shaker Module GEN1 on slot C1 at 400.0 uL/sec
		Aspirating 75.0 uL from A4 of Sample Plate on Opentrons 96 Deep Well Heater-Shaker Adapter on Heater-Shaker Module GEN1 on slot C1 at 300.0 uL/sec
		Dispensing 75.0 uL into A4 of Sample Plate on Opentrons 96 Deep Well Heater-Shaker Adapter on Heater-Shaker Module GEN1 on slot C1 at 400.0 uL/sec
		Aspirating 75.0 uL from A4 of Sample Plate on Opentrons 96 Deep Well Heater-Shaker Adapter on Heater-Shaker Module GEN1 on slot C1 at 300.0 uL/sec
		Dispensing 75.0 uL into A4 of Sample Plate on Opentrons 96 Deep Well Heater-Shaker Adapter on Heater-Shaker Module GEN1 on slot C1 at 400.0 uL/sec
Dropping tip into Waste Chute
Picking up tip from A5 of opentrons_flex_96_filtertiprack_1000ul on slot A2
Transferring 100.0 from A1 of reagent reservoir on slot C3 to A5 of Sample Plate on Opentrons 96 Deep Well Heater-Shaker Adapter on Heater-Shaker Module GEN1 on slot C1
	Aspirating 100.0 uL from A1 of reagent reservoir on slot C3 at 300.0 uL/sec
	Dispensing 100.0 uL into A5 of Sample Plate on Opentrons 96 Deep Well Heater-Shaker Adapter on Heater-Shaker Module GEN1 on slot C1 at 400.0 uL/sec
	Mixing 10 times with a volume of 75.0 ul
		Aspirating 75.0 uL from A5 of Sample Plate on Opentrons 96 Deep Well Heater-Shaker Adapter on Heater-Shaker Module GEN1 on slot C1 at 300.0 uL/sec
		Dispensing 75.0 uL into A5 of Sample Plate on Opentrons 96 Deep Well Heater-Shaker Adapter on Heater-Shaker Module GEN1 on slot C1 at 400.0 uL/sec
		Aspirating 75.0 uL from A5 of Sample Plate on Opentrons 96 Deep Well Heater-Shaker Adapter on Heater-Shaker Module GEN1 on slot C1 at 300.0 uL/sec
		Dispensing 75.0 uL into A5 of Sample Plate on Opentrons 96 Deep Well Heater-Shaker Adapter on Heater-Shaker Module GEN1 on slot C1 at 400.0 uL/sec
		Aspirating 75.0 uL from A5 of Sample Plate on Opentrons 96 Deep Well Heater-Shaker Adapter on Heater-Shaker Module GEN1 on slot C1 at 300.0 uL/sec
		Dispensing 75.0 uL into A5 of Sample Plate on Opentrons 96 Deep Well Heater-Shaker Adapter on Heater-Shaker Module GEN1 on slot C1 at 400.0 uL/sec
		Aspirating 75.0 uL from A5 of Sample Plate on Opentrons 96 Deep Well Heater-Shaker Adapter on Heater-Shaker Module GEN1 on slot C1 at 300.0 uL/sec
		Dispensing 75.0 uL into A5 of Sample Plate on Opentrons 96 Deep Well Heater-Shaker Adapter on Heater-Shaker Module GEN1 on slot C1 at 400.0 uL/sec
		Aspirating 75.0 uL from A5 of Sample Plate on Opentrons 96 Deep Well Heater-Shaker Adapter on Heater-Shaker Module GEN1 on slot C1 at 300.0 uL/sec
		Dispensing 75.0 uL into A5 of Sample Plate on Opentrons 96 Deep Well Heater-Shaker Adapter on Heater-Shaker Module GEN1 on slot C1 at 400.0 uL/sec
		Aspirating 75.0 uL from A5 of Sample Plate on Opentrons 96 Deep Well Heater-Shaker Adapter on Heater-Shaker Module GEN1 on slot C1 at 300.0 uL/sec
		Dispensing 75.0 uL into A5 of Sample Plate on Opentrons 96 Deep Well Heater-Shaker Adapter on Heater-Shaker Module GEN1 on slot C1 at 400.0 uL/sec
		Aspirating 75.0 uL from A5 of Sample Plate on Opentrons 96 Deep Well Heater-Shaker Adapter on Heater-Shaker Module GEN1 on slot C1 at 300.0 uL/sec
		Dispensing 75.0 uL into A5 of Sample Plate on Opentrons 96 Deep Well Heater-Shaker Adapter on Heater-Shaker Module GEN1 on slot C1 at 400.0 uL/sec
		Aspirating 75.0 uL from A5 of Sample Plate on Opentrons 96 Deep Well Heater-Shaker Adapter on Heater-Shaker Module GEN1 on slot C1 at 300.0 uL/sec
		Dispensing 75.0 uL into A5 of Sample Plate on Opentrons 96 Deep Well Heater-Shaker Adapter on Heater-Shaker Module GEN1 on slot C1 at 400.0 uL/sec
		Aspirating 75.0 uL from A5 of Sample Plate on Opentrons 96 Deep Well Heater-Shaker Adapter on Heater-Shaker Module GEN1 on slot C1 at 300.0 uL/sec
		Dispensing 75.0 uL into A5 of Sample Plate on Opentrons 96 Deep Well Heater-Shaker Adapter on Heater-Shaker Module GEN1 on slot C1 at 400.0 uL/sec
		Aspirating 75.0 uL from A5 of Sample Plate on Opentrons 96 Deep Well Heater-Shaker Adapter on Heater-Shaker Module GEN1 on slot C1 at 300.0 uL/sec
		Dispensing 75.0 uL into A5 of Sample Plate on Opentrons 96 Deep Well Heater-Shaker Adapter on Heater-Shaker Module GEN1 on slot C1 at 400.0 uL/sec
Dropping tip into Waste Chute
Picking up tip from A6 of opentrons_flex_96_filtertiprack_1000ul on slot A2
Transferring 100.0 from A1 of reagent reservoir on slot C3 to A6 of Sample Plate on Opentrons 96 Deep Well Heater-Shaker Adapter on Heater-Shaker Module GEN1 on slot C1
	Aspirating 100.0 uL from A1 of reagent reservoir on slot C3 at 300.0 uL/sec
	Dispensing 100.0 uL into A6 of Sample Plate on Opentrons 96 Deep Well Heater-Shaker Adapter on Heater-Shaker Module GEN1 on slot C1 at 400.0 uL/sec
	Mixing 10 times with a volume of 75.0 ul
		Aspirating 75.0 uL from A6 of Sample Plate on Opentrons 96 Deep Well Heater-Shaker Adapter on Heater-Shaker Module GEN1 on slot C1 at 300.0 uL/sec
		Dispensing 75.0 uL into A6 of Sample Plate on Opentrons 96 Deep Well Heater-Shaker Adapter on Heater-Shaker Module GEN1 on slot C1 at 400.0 uL/sec
		Aspirating 75.0 uL from A6 of Sample Plate on Opentrons 96 Deep Well Heater-Shaker Adapter on Heater-Shaker Module GEN1 on slot C1 at 300.0 uL/sec
		Dispensing 75.0 uL into A6 of Sample Plate on Opentrons 96 Deep Well Heater-Shaker Adapter on Heater-Shaker Module GEN1 on slot C1 at 400.0 uL/sec
		Aspirating 75.0 uL from A6 of Sample Plate on Opentrons 96 Deep Well Heater-Shaker Adapter on Heater-Shaker Module GEN1 on slot C1 at 300.0 uL/sec
		Dispensing 75.0 uL into A6 of Sample Plate on Opentrons 96 Deep Well Heater-Shaker Adapter on Heater-Shaker Module GEN1 on slot C1 at 400.0 uL/sec
		Aspirating 75.0 uL from A6 of Sample Plate on Opentrons 96 Deep Well Heater-Shaker Adapter on Heater-Shaker Module GEN1 on slot C1 at 300.0 uL/sec
		Dispensing 75.0 uL into A6 of Sample Plate on Opentrons 96 Deep Well Heater-Shaker Adapter on Heater-Shaker Module GEN1 on slot C1 at 400.0 uL/sec
		Aspirating 75.0 uL from A6 of Sample Plate on Opentrons 96 Deep Well Heater-Shaker Adapter on Heater-Shaker Module GEN1 on slot C1 at 300.0 uL/sec
		Dispensing 75.0 uL into A6 of Sample Plate on Opentrons 96 Deep Well Heater-Shaker Adapter on Heater-Shaker Module GEN1 on slot C1 at 400.0 uL/sec
		Aspirating 75.0 uL from A6 of Sample Plate on Opentrons 96 Deep Well Heater-Shaker Adapter on Heater-Shaker Module GEN1 on slot C1 at 300.0 uL/sec
		Dispensing 75.0 uL into A6 of Sample Plate on Opentrons 96 Deep Well Heater-Shaker Adapter on Heater-Shaker Module GEN1 on slot C1 at 400.0 uL/sec
		Aspirating 75.0 uL from A6 of Sample Plate on Opentrons 96 Deep Well Heater-Shaker Adapter on Heater-Shaker Module GEN1 on slot C1 at 300.0 uL/sec
		Dispensing 75.0 uL into A6 of Sample Plate on Opentrons 96 Deep Well Heater-Shaker Adapter on Heater-Shaker Module GEN1 on slot C1 at 400.0 uL/sec
		Aspirating 75.0 uL from A6 of Sample Plate on Opentrons 96 Deep Well Heater-Shaker Adapter on Heater-Shaker Module GEN1 on slot C1 at 300.0 uL/sec
		Dispensing 75.0 uL into A6 of Sample Plate on Opentrons 96 Deep Well Heater-Shaker Adapter on Heater-Shaker Module GEN1 on slot C1 at 400.0 uL/sec
		Aspirating 75.0 uL from A6 of Sample Plate on Opentrons 96 Deep Well Heater-Shaker Adapter on Heater-Shaker Module GEN1 on slot C1 at 300.0 uL/sec
		Dispensing 75.0 uL into A6 of Sample Plate on Opentrons 96 Deep Well Heater-Shaker Adapter on Heater-Shaker Module GEN1 on slot C1 at 400.0 uL/sec
		Aspirating 75.0 uL from A6 of Sample Plate on Opentrons 96 Deep Well Heater-Shaker Adapter on Heater-Shaker Module GEN1 on slot C1 at 300.0 uL/sec
		Dispensing 75.0 uL into A6 of Sample Plate on Opentrons 96 Deep Well Heater-Shaker Adapter on Heater-Shaker Module GEN1 on slot C1 at 400.0 uL/sec
Dropping tip into Waste Chute
Picking up tip from A7 of opentrons_flex_96_filtertiprack_1000ul on slot A2
Transferring 100.0 from A1 of reagent reservoir on slot C3 to A7 of Sample Plate on Opentrons 96 Deep Well Heater-Shaker Adapter on Heater-Shaker Module GEN1 on slot C1
	Aspirating 100.0 uL from A1 of reagent reservoir on slot C3 at 300.0 uL/sec
	Dispensing 100.0 uL into A7 of Sample Plate on Opentrons 96 Deep Well Heater-Shaker Adapter on Heater-Shaker Module GEN1 on slot C1 at 400.0 uL/sec
	Mixing 10 times with a volume of 75.0 ul
		Aspirating 75.0 uL from A7 of Sample Plate on Opentrons 96 Deep Well Heater-Shaker Adapter on Heater-Shaker Module GEN1 on slot C1 at 300.0 uL/sec
		Dispensing 75.0 uL into A7 of Sample Plate on Opentrons 96 Deep Well Heater-Shaker Adapter on Heater-Shaker Module GEN1 on slot C1 at 400.0 uL/sec
		Aspirating 75.0 uL from A7 of Sample Plate on Opentrons 96 Deep Well Heater-Shaker Adapter on Heater-Shaker Module GEN1 on slot C1 at 300.0 uL/sec
		Dispensing 75.0 uL into A7 of Sample Plate on Opentrons 96 Deep Well Heater-Shaker Adapter on Heater-Shaker Module GEN1 on slot C1 at 400.0 uL/sec
		Aspirating 75.0 uL from A7 of Sample Plate on Opentrons 96 Deep Well Heater-Shaker Adapter on Heater-Shaker Module GEN1 on slot C1 at 300.0 uL/sec
		Dispensing 75.0 uL into A7 of Sample Plate on Opentrons 96 Deep Well Heater-Shaker Adapter on Heater-Shaker Module GEN1 on slot C1 at 400.0 uL/sec
		Aspirating 75.0 uL from A7 of Sample Plate on Opentrons 96 Deep Well Heater-Shaker Adapter on Heater-Shaker Module GEN1 on slot C1 at 300.0 uL/sec
		Dispensing 75.0 uL into A7 of Sample Plate on Opentrons 96 Deep Well Heater-Shaker Adapter on Heater-Shaker Module GEN1 on slot C1 at 400.0 uL/sec
		Aspirating 75.0 uL from A7 of Sample Plate on Opentrons 96 Deep Well Heater-Shaker Adapter on Heater-Shaker Module GEN1 on slot C1 at 300.0 uL/sec
		Dispensing 75.0 uL into A7 of Sample Plate on Opentrons 96 Deep Well Heater-Shaker Adapter on Heater-Shaker Module GEN1 on slot C1 at 400.0 uL/sec
		Aspirating 75.0 uL from A7 of Sample Plate on Opentrons 96 Deep Well Heater-Shaker Adapter on Heater-Shaker Module GEN1 on slot C1 at 300.0 uL/sec
		Dispensing 75.0 uL into A7 of Sample Plate on Opentrons 96 Deep Well Heater-Shaker Adapter on Heater-Shaker Module GEN1 on slot C1 at 400.0 uL/sec
		Aspirating 75.0 uL from A7 of Sample Plate on Opentrons 96 Deep Well Heater-Shaker Adapter on Heater-Shaker Module GEN1 on slot C1 at 300.0 uL/sec
		Dispensing 75.0 uL into A7 of Sample Plate on Opentrons 96 Deep Well Heater-Shaker Adapter on Heater-Shaker Module GEN1 on slot C1 at 400.0 uL/sec
		Aspirating 75.0 uL from A7 of Sample Plate on Opentrons 96 Deep Well Heater-Shaker Adapter on Heater-Shaker Module GEN1 on slot C1 at 300.0 uL/sec
		Dispensing 75.0 uL into A7 of Sample Plate on Opentrons 96 Deep Well Heater-Shaker Adapter on Heater-Shaker Module GEN1 on slot C1 at 400.0 uL/sec
		Aspirating 75.0 uL from A7 of Sample Plate on Opentrons 96 Deep Well Heater-Shaker Adapter on Heater-Shaker Module GEN1 on slot C1 at 300.0 uL/sec
		Dispensing 75.0 uL into A7 of Sample Plate on Opentrons 96 Deep Well Heater-Shaker Adapter on Heater-Shaker Module GEN1 on slot C1 at 400.0 uL/sec
		Aspirating 75.0 uL from A7 of Sample Plate on Opentrons 96 Deep Well Heater-Shaker Adapter on Heater-Shaker Module GEN1 on slot C1 at 300.0 uL/sec
		Dispensing 75.0 uL into A7 of Sample Plate on Opentrons 96 Deep Well Heater-Shaker Adapter on Heater-Shaker Module GEN1 on slot C1 at 400.0 uL/sec
Dropping tip into Waste Chute
Picking up tip from A8 of opentrons_flex_96_filtertiprack_1000ul on slot A2
Transferring 100.0 from A1 of reagent reservoir on slot C3 to A8 of Sample Plate on Opentrons 96 Deep Well Heater-Shaker Adapter on Heater-Shaker Module GEN1 on slot C1
	Aspirating 100.0 uL from A1 of reagent reservoir on slot C3 at 300.0 uL/sec
	Dispensing 100.0 uL into A8 of Sample Plate on Opentrons 96 Deep Well Heater-Shaker Adapter on Heater-Shaker Module GEN1 on slot C1 at 400.0 uL/sec
	Mixing 10 times with a volume of 75.0 ul
		Aspirating 75.0 uL from A8 of Sample Plate on Opentrons 96 Deep Well Heater-Shaker Adapter on Heater-Shaker Module GEN1 on slot C1 at 300.0 uL/sec
		Dispensing 75.0 uL into A8 of Sample Plate on Opentrons 96 Deep Well Heater-Shaker Adapter on Heater-Shaker Module GEN1 on slot C1 at 400.0 uL/sec
		Aspirating 75.0 uL from A8 of Sample Plate on Opentrons 96 Deep Well Heater-Shaker Adapter on Heater-Shaker Module GEN1 on slot C1 at 300.0 uL/sec
		Dispensing 75.0 uL into A8 of Sample Plate on Opentrons 96 Deep Well Heater-Shaker Adapter on Heater-Shaker Module GEN1 on slot C1 at 400.0 uL/sec
		Aspirating 75.0 uL from A8 of Sample Plate on Opentrons 96 Deep Well Heater-Shaker Adapter on Heater-Shaker Module GEN1 on slot C1 at 300.0 uL/sec
		Dispensing 75.0 uL into A8 of Sample Plate on Opentrons 96 Deep Well Heater-Shaker Adapter on Heater-Shaker Module GEN1 on slot C1 at 400.0 uL/sec
		Aspirating 75.0 uL from A8 of Sample Plate on Opentrons 96 Deep Well Heater-Shaker Adapter on Heater-Shaker Module GEN1 on slot C1 at 300.0 uL/sec
		Dispensing 75.0 uL into A8 of Sample Plate on Opentrons 96 Deep Well Heater-Shaker Adapter on Heater-Shaker Module GEN1 on slot C1 at 400.0 uL/sec
		Aspirating 75.0 uL from A8 of Sample Plate on Opentrons 96 Deep Well Heater-Shaker Adapter on Heater-Shaker Module GEN1 on slot C1 at 300.0 uL/sec
		Dispensing 75.0 uL into A8 of Sample Plate on Opentrons 96 Deep Well Heater-Shaker Adapter on Heater-Shaker Module GEN1 on slot C1 at 400.0 uL/sec
		Aspirating 75.0 uL from A8 of Sample Plate on Opentrons 96 Deep Well Heater-Shaker Adapter on Heater-Shaker Module GEN1 on slot C1 at 300.0 uL/sec
		Dispensing 75.0 uL into A8 of Sample Plate on Opentrons 96 Deep Well Heater-Shaker Adapter on Heater-Shaker Module GEN1 on slot C1 at 400.0 uL/sec
		Aspirating 75.0 uL from A8 of Sample Plate on Opentrons 96 Deep Well Heater-Shaker Adapter on Heater-Shaker Module GEN1 on slot C1 at 300.0 uL/sec
		Dispensing 75.0 uL into A8 of Sample Plate on Opentrons 96 Deep Well Heater-Shaker Adapter on Heater-Shaker Module GEN1 on slot C1 at 400.0 uL/sec
		Aspirating 75.0 uL from A8 of Sample Plate on Opentrons 96 Deep Well Heater-Shaker Adapter on Heater-Shaker Module GEN1 on slot C1 at 300.0 uL/sec
		Dispensing 75.0 uL into A8 of Sample Plate on Opentrons 96 Deep Well Heater-Shaker Adapter on Heater-Shaker Module GEN1 on slot C1 at 400.0 uL/sec
		Aspirating 75.0 uL from A8 of Sample Plate on Opentrons 96 Deep Well Heater-Shaker Adapter on Heater-Shaker Module GEN1 on slot C1 at 300.0 uL/sec
		Dispensing 75.0 uL into A8 of Sample Plate on Opentrons 96 Deep Well Heater-Shaker Adapter on Heater-Shaker Module GEN1 on slot C1 at 400.0 uL/sec
		Aspirating 75.0 uL from A8 of Sample Plate on Opentrons 96 Deep Well Heater-Shaker Adapter on Heater-Shaker Module GEN1 on slot C1 at 300.0 uL/sec
		Dispensing 75.0 uL into A8 of Sample Plate on Opentrons 96 Deep Well Heater-Shaker Adapter on Heater-Shaker Module GEN1 on slot C1 at 400.0 uL/sec
Dropping tip into Waste Chute
Picking up tip from A9 of opentrons_flex_96_filtertiprack_1000ul on slot A2
Transferring 100.0 from A1 of reagent reservoir on slot C3 to A9 of Sample Plate on Opentrons 96 Deep Well Heater-Shaker Adapter on Heater-Shaker Module GEN1 on slot C1
	Aspirating 100.0 uL from A1 of reagent reservoir on slot C3 at 300.0 uL/sec
	Dispensing 100.0 uL into A9 of Sample Plate on Opentrons 96 Deep Well Heater-Shaker Adapter on Heater-Shaker Module GEN1 on slot C1 at 400.0 uL/sec
	Mixing 10 times with a volume of 75.0 ul
		Aspirating 75.0 uL from A9 of Sample Plate on Opentrons 96 Deep Well Heater-Shaker Adapter on Heater-Shaker Module GEN1 on slot C1 at 300.0 uL/sec
		Dispensing 75.0 uL into A9 of Sample Plate on Opentrons 96 Deep Well Heater-Shaker Adapter on Heater-Shaker Module GEN1 on slot C1 at 400.0 uL/sec
		Aspirating 75.0 uL from A9 of Sample Plate on Opentrons 96 Deep Well Heater-Shaker Adapter on Heater-Shaker Module GEN1 on slot C1 at 300.0 uL/sec
		Dispensing 75.0 uL into A9 of Sample Plate on Opentrons 96 Deep Well Heater-Shaker Adapter on Heater-Shaker Module GEN1 on slot C1 at 400.0 uL/sec
		Aspirating 75.0 uL from A9 of Sample Plate on Opentrons 96 Deep Well Heater-Shaker Adapter on Heater-Shaker Module GEN1 on slot C1 at 300.0 uL/sec
		Dispensing 75.0 uL into A9 of Sample Plate on Opentrons 96 Deep Well Heater-Shaker Adapter on Heater-Shaker Module GEN1 on slot C1 at 400.0 uL/sec
		Aspirating 75.0 uL from A9 of Sample Plate on Opentrons 96 Deep Well Heater-Shaker Adapter on Heater-Shaker Module GEN1 on slot C1 at 300.0 uL/sec
		Dispensing 75.0 uL into A9 of Sample Plate on Opentrons 96 Deep Well Heater-Shaker Adapter on Heater-Shaker Module GEN1 on slot C1 at 400.0 uL/sec
		Aspirating 75.0 uL from A9 of Sample Plate on Opentrons 96 Deep Well Heater-Shaker Adapter on Heater-Shaker Module GEN1 on slot C1 at 300.0 uL/sec
		Dispensing 75.0 uL into A9 of Sample Plate on Opentrons 96 Deep Well Heater-Shaker Adapter on Heater-Shaker Module GEN1 on slot C1 at 400.0 uL/sec
		Aspirating 75.0 uL from A9 of Sample Plate on Opentrons 96 Deep Well Heater-Shaker Adapter on Heater-Shaker Module GEN1 on slot C1 at 300.0 uL/sec
		Dispensing 75.0 uL into A9 of Sample Plate on Opentrons 96 Deep Well Heater-Shaker Adapter on Heater-Shaker Module GEN1 on slot C1 at 400.0 uL/sec
		Aspirating 75.0 uL from A9 of Sample Plate on Opentrons 96 Deep Well Heater-Shaker Adapter on Heater-Shaker Module GEN1 on slot C1 at 300.0 uL/sec
		Dispensing 75.0 uL into A9 of Sample Plate on Opentrons 96 Deep Well Heater-Shaker Adapter on Heater-Shaker Module GEN1 on slot C1 at 400.0 uL/sec
		Aspirating 75.0 uL from A9 of Sample Plate on Opentrons 96 Deep Well Heater-Shaker Adapter on Heater-Shaker Module GEN1 on slot C1 at 300.0 uL/sec
		Dispensing 75.0 uL into A9 of Sample Plate on Opentrons 96 Deep Well Heater-Shaker Adapter on Heater-Shaker Module GEN1 on slot C1 at 400.0 uL/sec
		Aspirating 75.0 uL from A9 of Sample Plate on Opentrons 96 Deep Well Heater-Shaker Adapter on Heater-Shaker Module GEN1 on slot C1 at 300.0 uL/sec
		Dispensing 75.0 uL into A9 of Sample Plate on Opentrons 96 Deep Well Heater-Shaker Adapter on Heater-Shaker Module GEN1 on slot C1 at 400.0 uL/sec
		Aspirating 75.0 uL from A9 of Sample Plate on Opentrons 96 Deep Well Heater-Shaker Adapter on Heater-Shaker Module GEN1 on slot C1 at 300.0 uL/sec
		Dispensing 75.0 uL into A9 of Sample Plate on Opentrons 96 Deep Well Heater-Shaker Adapter on Heater-Shaker Module GEN1 on slot C1 at 400.0 uL/sec
Dropping tip into Waste Chute
Picking up tip from A10 of opentrons_flex_96_filtertiprack_1000ul on slot A2
Transferring 100.0 from A1 of reagent reservoir on slot C3 to A10 of Sample Plate on Opentrons 96 Deep Well Heater-Shaker Adapter on Heater-Shaker Module GEN1 on slot C1
	Aspirating 100.0 uL from A1 of reagent reservoir on slot C3 at 300.0 uL/sec
	Dispensing 100.0 uL into A10 of Sample Plate on Opentrons 96 Deep Well Heater-Shaker Adapter on Heater-Shaker Module GEN1 on slot C1 at 400.0 uL/sec
	Mixing 10 times with a volume of 75.0 ul
		Aspirating 75.0 uL from A10 of Sample Plate on Opentrons 96 Deep Well Heater-Shaker Adapter on Heater-Shaker Module GEN1 on slot C1 at 300.0 uL/sec
		Dispensing 75.0 uL into A10 of Sample Plate on Opentrons 96 Deep Well Heater-Shaker Adapter on Heater-Shaker Module GEN1 on slot C1 at 400.0 uL/sec
		Aspirating 75.0 uL from A10 of Sample Plate on Opentrons 96 Deep Well Heater-Shaker Adapter on Heater-Shaker Module GEN1 on slot C1 at 300.0 uL/sec
		Dispensing 75.0 uL into A10 of Sample Plate on Opentrons 96 Deep Well Heater-Shaker Adapter on Heater-Shaker Module GEN1 on slot C1 at 400.0 uL/sec
		Aspirating 75.0 uL from A10 of Sample Plate on Opentrons 96 Deep Well Heater-Shaker Adapter on Heater-Shaker Module GEN1 on slot C1 at 300.0 uL/sec
		Dispensing 75.0 uL into A10 of Sample Plate on Opentrons 96 Deep Well Heater-Shaker Adapter on Heater-Shaker Module GEN1 on slot C1 at 400.0 uL/sec
		Aspirating 75.0 uL from A10 of Sample Plate on Opentrons 96 Deep Well Heater-Shaker Adapter on Heater-Shaker Module GEN1 on slot C1 at 300.0 uL/sec
		Dispensing 75.0 uL into A10 of Sample Plate on Opentrons 96 Deep Well Heater-Shaker Adapter on Heater-Shaker Module GEN1 on slot C1 at 400.0 uL/sec
		Aspirating 75.0 uL from A10 of Sample Plate on Opentrons 96 Deep Well Heater-Shaker Adapter on Heater-Shaker Module GEN1 on slot C1 at 300.0 uL/sec
		Dispensing 75.0 uL into A10 of Sample Plate on Opentrons 96 Deep Well Heater-Shaker Adapter on Heater-Shaker Module GEN1 on slot C1 at 400.0 uL/sec
		Aspirating 75.0 uL from A10 of Sample Plate on Opentrons 96 Deep Well Heater-Shaker Adapter on Heater-Shaker Module GEN1 on slot C1 at 300.0 uL/sec
		Dispensing 75.0 uL into A10 of Sample Plate on Opentrons 96 Deep Well Heater-Shaker Adapter on Heater-Shaker Module GEN1 on slot C1 at 400.0 uL/sec
		Aspirating 75.0 uL from A10 of Sample Plate on Opentrons 96 Deep Well Heater-Shaker Adapter on Heater-Shaker Module GEN1 on slot C1 at 300.0 uL/sec
		Dispensing 75.0 uL into A10 of Sample Plate on Opentrons 96 Deep Well Heater-Shaker Adapter on Heater-Shaker Module GEN1 on slot C1 at 400.0 uL/sec
		Aspirating 75.0 uL from A10 of Sample Plate on Opentrons 96 Deep Well Heater-Shaker Adapter on Heater-Shaker Module GEN1 on slot C1 at 300.0 uL/sec
		Dispensing 75.0 uL into A10 of Sample Plate on Opentrons 96 Deep Well Heater-Shaker Adapter on Heater-Shaker Module GEN1 on slot C1 at 400.0 uL/sec
		Aspirating 75.0 uL from A10 of Sample Plate on Opentrons 96 Deep Well Heater-Shaker Adapter on Heater-Shaker Module GEN1 on slot C1 at 300.0 uL/sec
		Dispensing 75.0 uL into A10 of Sample Plate on Opentrons 96 Deep Well Heater-Shaker Adapter on Heater-Shaker Module GEN1 on slot C1 at 400.0 uL/sec
		Aspirating 75.0 uL from A10 of Sample Plate on Opentrons 96 Deep Well Heater-Shaker Adapter on Heater-Shaker Module GEN1 on slot C1 at 300.0 uL/sec
		Dispensing 75.0 uL into A10 of Sample Plate on Opentrons 96 Deep Well Heater-Shaker Adapter on Heater-Shaker Module GEN1 on slot C1 at 400.0 uL/sec
Dropping tip into Waste Chute
Picking up tip from A11 of opentrons_flex_96_filtertiprack_1000ul on slot A2
Transferring 100.0 from A1 of reagent reservoir on slot C3 to A11 of Sample Plate on Opentrons 96 Deep Well Heater-Shaker Adapter on Heater-Shaker Module GEN1 on slot C1
	Aspirating 100.0 uL from A1 of reagent reservoir on slot C3 at 300.0 uL/sec
	Dispensing 100.0 uL into A11 of Sample Plate on Opentrons 96 Deep Well Heater-Shaker Adapter on Heater-Shaker Module GEN1 on slot C1 at 400.0 uL/sec
	Mixing 10 times with a volume of 75.0 ul
		Aspirating 75.0 uL from A11 of Sample Plate on Opentrons 96 Deep Well Heater-Shaker Adapter on Heater-Shaker Module GEN1 on slot C1 at 300.0 uL/sec
		Dispensing 75.0 uL into A11 of Sample Plate on Opentrons 96 Deep Well Heater-Shaker Adapter on Heater-Shaker Module GEN1 on slot C1 at 400.0 uL/sec
		Aspirating 75.0 uL from A11 of Sample Plate on Opentrons 96 Deep Well Heater-Shaker Adapter on Heater-Shaker Module GEN1 on slot C1 at 300.0 uL/sec
		Dispensing 75.0 uL into A11 of Sample Plate on Opentrons 96 Deep Well Heater-Shaker Adapter on Heater-Shaker Module GEN1 on slot C1 at 400.0 uL/sec
		Aspirating 75.0 uL from A11 of Sample Plate on Opentrons 96 Deep Well Heater-Shaker Adapter on Heater-Shaker Module GEN1 on slot C1 at 300.0 uL/sec
		Dispensing 75.0 uL into A11 of Sample Plate on Opentrons 96 Deep Well Heater-Shaker Adapter on Heater-Shaker Module GEN1 on slot C1 at 400.0 uL/sec
		Aspirating 75.0 uL from A11 of Sample Plate on Opentrons 96 Deep Well Heater-Shaker Adapter on Heater-Shaker Module GEN1 on slot C1 at 300.0 uL/sec
		Dispensing 75.0 uL into A11 of Sample Plate on Opentrons 96 Deep Well Heater-Shaker Adapter on Heater-Shaker Module GEN1 on slot C1 at 400.0 uL/sec
		Aspirating 75.0 uL from A11 of Sample Plate on Opentrons 96 Deep Well Heater-Shaker Adapter on Heater-Shaker Module GEN1 on slot C1 at 300.0 uL/sec
		Dispensing 75.0 uL into A11 of Sample Plate on Opentrons 96 Deep Well Heater-Shaker Adapter on Heater-Shaker Module GEN1 on slot C1 at 400.0 uL/sec
		Aspirating 75.0 uL from A11 of Sample Plate on Opentrons 96 Deep Well Heater-Shaker Adapter on Heater-Shaker Module GEN1 on slot C1 at 300.0 uL/sec
		Dispensing 75.0 uL into A11 of Sample Plate on Opentrons 96 Deep Well Heater-Shaker Adapter on Heater-Shaker Module GEN1 on slot C1 at 400.0 uL/sec
		Aspirating 75.0 uL from A11 of Sample Plate on Opentrons 96 Deep Well Heater-Shaker Adapter on Heater-Shaker Module GEN1 on slot C1 at 300.0 uL/sec
		Dispensing 75.0 uL into A11 of Sample Plate on Opentrons 96 Deep Well Heater-Shaker Adapter on Heater-Shaker Module GEN1 on slot C1 at 400.0 uL/sec
		Aspirating 75.0 uL from A11 of Sample Plate on Opentrons 96 Deep Well Heater-Shaker Adapter on Heater-Shaker Module GEN1 on slot C1 at 300.0 uL/sec
		Dispensing 75.0 uL into A11 of Sample Plate on Opentrons 96 Deep Well Heater-Shaker Adapter on Heater-Shaker Module GEN1 on slot C1 at 400.0 uL/sec
		Aspirating 75.0 uL from A11 of Sample Plate on Opentrons 96 Deep Well Heater-Shaker Adapter on Heater-Shaker Module GEN1 on slot C1 at 300.0 uL/sec
		Dispensing 75.0 uL into A11 of Sample Plate on Opentrons 96 Deep Well Heater-Shaker Adapter on Heater-Shaker Module GEN1 on slot C1 at 400.0 uL/sec
		Aspirating 75.0 uL from A11 of Sample Plate on Opentrons 96 Deep Well Heater-Shaker Adapter on Heater-Shaker Module GEN1 on slot C1 at 300.0 uL/sec
		Dispensing 75.0 uL into A11 of Sample Plate on Opentrons 96 Deep Well Heater-Shaker Adapter on Heater-Shaker Module GEN1 on slot C1 at 400.0 uL/sec
Dropping tip into Waste Chute
Picking up tip from A12 of opentrons_flex_96_filtertiprack_1000ul on slot A2
Transferring 100.0 from A1 of reagent reservoir on slot C3 to A12 of Sample Plate on Opentrons 96 Deep Well Heater-Shaker Adapter on Heater-Shaker Module GEN1 on slot C1
	Aspirating 100.0 uL from A1 of reagent reservoir on slot C3 at 300.0 uL/sec
	Dispensing 100.0 uL into A12 of Sample Plate on Opentrons 96 Deep Well Heater-Shaker Adapter on Heater-Shaker Module GEN1 on slot C1 at 400.0 uL/sec
	Mixing 10 times with a volume of 75.0 ul
		Aspirating 75.0 uL from A12 of Sample Plate on Opentrons 96 Deep Well Heater-Shaker Adapter on Heater-Shaker Module GEN1 on slot C1 at 300.0 uL/sec
		Dispensing 75.0 uL into A12 of Sample Plate on Opentrons 96 Deep Well Heater-Shaker Adapter on Heater-Shaker Module GEN1 on slot C1 at 400.0 uL/sec
		Aspirating 75.0 uL from A12 of Sample Plate on Opentrons 96 Deep Well Heater-Shaker Adapter on Heater-Shaker Module GEN1 on slot C1 at 300.0 uL/sec
		Dispensing 75.0 uL into A12 of Sample Plate on Opentrons 96 Deep Well Heater-Shaker Adapter on Heater-Shaker Module GEN1 on slot C1 at 400.0 uL/sec
		Aspirating 75.0 uL from A12 of Sample Plate on Opentrons 96 Deep Well Heater-Shaker Adapter on Heater-Shaker Module GEN1 on slot C1 at 300.0 uL/sec
		Dispensing 75.0 uL into A12 of Sample Plate on Opentrons 96 Deep Well Heater-Shaker Adapter on Heater-Shaker Module GEN1 on slot C1 at 400.0 uL/sec
		Aspirating 75.0 uL from A12 of Sample Plate on Opentrons 96 Deep Well Heater-Shaker Adapter on Heater-Shaker Module GEN1 on slot C1 at 300.0 uL/sec
		Dispensing 75.0 uL into A12 of Sample Plate on Opentrons 96 Deep Well Heater-Shaker Adapter on Heater-Shaker Module GEN1 on slot C1 at 400.0 uL/sec
		Aspirating 75.0 uL from A12 of Sample Plate on Opentrons 96 Deep Well Heater-Shaker Adapter on Heater-Shaker Module GEN1 on slot C1 at 300.0 uL/sec
		Dispensing 75.0 uL into A12 of Sample Plate on Opentrons 96 Deep Well Heater-Shaker Adapter on Heater-Shaker Module GEN1 on slot C1 at 400.0 uL/sec
		Aspirating 75.0 uL from A12 of Sample Plate on Opentrons 96 Deep Well Heater-Shaker Adapter on Heater-Shaker Module GEN1 on slot C1 at 300.0 uL/sec
		Dispensing 75.0 uL into A12 of Sample Plate on Opentrons 96 Deep Well Heater-Shaker Adapter on Heater-Shaker Module GEN1 on slot C1 at 400.0 uL/sec
		Aspirating 75.0 uL from A12 of Sample Plate on Opentrons 96 Deep Well Heater-Shaker Adapter on Heater-Shaker Module GEN1 on slot C1 at 300.0 uL/sec
		Dispensing 75.0 uL into A12 of Sample Plate on Opentrons 96 Deep Well Heater-Shaker Adapter on Heater-Shaker Module GEN1 on slot C1 at 400.0 uL/sec
		Aspirating 75.0 uL from A12 of Sample Plate on Opentrons 96 Deep Well Heater-Shaker Adapter on Heater-Shaker Module GEN1 on slot C1 at 300.0 uL/sec
		Dispensing 75.0 uL into A12 of Sample Plate on Opentrons 96 Deep Well Heater-Shaker Adapter on Heater-Shaker Module GEN1 on slot C1 at 400.0 uL/sec
		Aspirating 75.0 uL from A12 of Sample Plate on Opentrons 96 Deep Well Heater-Shaker Adapter on Heater-Shaker Module GEN1 on slot C1 at 300.0 uL/sec
		Dispensing 75.0 uL into A12 of Sample Plate on Opentrons 96 Deep Well Heater-Shaker Adapter on Heater-Shaker Module GEN1 on slot C1 at 400.0 uL/sec
		Aspirating 75.0 uL from A12 of Sample Plate on Opentrons 96 Deep Well Heater-Shaker Adapter on Heater-Shaker Module GEN1 on slot C1 at 300.0 uL/sec
		Dispensing 75.0 uL into A12 of Sample Plate on Opentrons 96 Deep Well Heater-Shaker Adapter on Heater-Shaker Module GEN1 on slot C1 at 400.0 uL/sec
Dropping tip into Waste Chute
--> Incubate
Latching labware on Heater-Shaker
Setting Heater-Shaker to Shake at 1300 RPM and waiting until reached
Setting Target Temperature of Heater-Shaker to 37 °C
Waiting for Heater-Shaker to reach target temperature
Delaying for 15 minutes and 0.0 seconds. Shake at 1300 rpm for 15 minutes.
Deactivating Shaker
Deactivating Heater
--> Replacing active and backup p1000 tips
---> Swapping empty tips
Moving opentrons_flex_96_filtertiprack_1000ul to off-deck
Moving opentrons_flex_96_filtertiprack_1000ul to slot A2
Moving opentrons_flex_96_filtertiprack_1000ul to off-deck
--> Rebind
Picking up tip from A1 of opentrons_flex_96_filtertiprack_1000ul on slot A2
Aspirating 500.0 uL from A3 of reagent reservoir on slot C3 at 100.0 uL/sec
Air gap
	Aspirating 20.0 uL from A3 of reagent reservoir on slot C3 at 100.0 uL/sec
Moving to A3 of reagent reservoir on slot C3
Moving to A3 of reagent reservoir on slot C3
Moving to A3 of reagent reservoir on slot C3
Moving to A3 of reagent reservoir on slot C3
Moving to A3 of reagent reservoir on slot C3
Moving to A1 of Sample Plate on Opentrons 96 Deep Well Heater-Shaker Adapter on Heater-Shaker Module GEN1 on slot C1
Dispensing 520.0 uL into A1 of Sample Plate on Opentrons 96 Deep Well Heater-Shaker Adapter on Heater-Shaker Module GEN1 on slot C1 at 400.0 uL/sec
Delaying for 0 minutes and 6.0 seconds
Moving to A1 of Sample Plate on Opentrons 96 Deep Well Heater-Shaker Adapter on Heater-Shaker Module GEN1 on slot C1
Moving to A1 of Sample Plate on Opentrons 96 Deep Well Heater-Shaker Adapter on Heater-Shaker Module GEN1 on slot C1
Moving to A1 of Sample Plate on Opentrons 96 Deep Well Heater-Shaker Adapter on Heater-Shaker Module GEN1 on slot C1
Air gap
	Aspirating 20.0 uL from A1 of Sample Plate on Opentrons 96 Deep Well Heater-Shaker Adapter on Heater-Shaker Module GEN1 on slot C1 at 100.0 uL/sec
Aspirating 500.0 uL from A3 of reagent reservoir on slot C3 at 100.0 uL/sec
Air gap
	Aspirating 20.0 uL from A3 of reagent reservoir on slot C3 at 100.0 uL/sec
Moving to A3 of reagent reservoir on slot C3
Moving to A3 of reagent reservoir on slot C3
Moving to A3 of reagent reservoir on slot C3
Moving to A3 of reagent reservoir on slot C3
Moving to A3 of reagent reservoir on slot C3
Moving to A2 of Sample Plate on Opentrons 96 Deep Well Heater-Shaker Adapter on Heater-Shaker Module GEN1 on slot C1
Dispensing 520.0 uL into A2 of Sample Plate on Opentrons 96 Deep Well Heater-Shaker Adapter on Heater-Shaker Module GEN1 on slot C1 at 400.0 uL/sec
Delaying for 0 minutes and 6.0 seconds
Moving to A2 of Sample Plate on Opentrons 96 Deep Well Heater-Shaker Adapter on Heater-Shaker Module GEN1 on slot C1
Moving to A2 of Sample Plate on Opentrons 96 Deep Well Heater-Shaker Adapter on Heater-Shaker Module GEN1 on slot C1
Moving to A2 of Sample Plate on Opentrons 96 Deep Well Heater-Shaker Adapter on Heater-Shaker Module GEN1 on slot C1
Air gap
	Aspirating 20.0 uL from A2 of Sample Plate on Opentrons 96 Deep Well Heater-Shaker Adapter on Heater-Shaker Module GEN1 on slot C1 at 100.0 uL/sec
Aspirating 500.0 uL from A3 of reagent reservoir on slot C3 at 100.0 uL/sec
Air gap
	Aspirating 20.0 uL from A3 of reagent reservoir on slot C3 at 100.0 uL/sec
Moving to A3 of reagent reservoir on slot C3
Moving to A3 of reagent reservoir on slot C3
Moving to A3 of reagent reservoir on slot C3
Moving to A3 of reagent reservoir on slot C3
Moving to A3 of reagent reservoir on slot C3
Moving to A3 of Sample Plate on Opentrons 96 Deep Well Heater-Shaker Adapter on Heater-Shaker Module GEN1 on slot C1
Dispensing 520.0 uL into A3 of Sample Plate on Opentrons 96 Deep Well Heater-Shaker Adapter on Heater-Shaker Module GEN1 on slot C1 at 400.0 uL/sec
Delaying for 0 minutes and 6.0 seconds
Moving to A3 of Sample Plate on Opentrons 96 Deep Well Heater-Shaker Adapter on Heater-Shaker Module GEN1 on slot C1
Moving to A3 of Sample Plate on Opentrons 96 Deep Well Heater-Shaker Adapter on Heater-Shaker Module GEN1 on slot C1
Moving to A3 of Sample Plate on Opentrons 96 Deep Well Heater-Shaker Adapter on Heater-Shaker Module GEN1 on slot C1
Air gap
	Aspirating 20.0 uL from A3 of Sample Plate on Opentrons 96 Deep Well Heater-Shaker Adapter on Heater-Shaker Module GEN1 on slot C1 at 100.0 uL/sec
Aspirating 500.0 uL from A4 of reagent reservoir on slot C3 at 100.0 uL/sec
Air gap
	Aspirating 20.0 uL from A4 of reagent reservoir on slot C3 at 100.0 uL/sec
Moving to A4 of reagent reservoir on slot C3
Moving to A4 of reagent reservoir on slot C3
Moving to A4 of reagent reservoir on slot C3
Moving to A4 of reagent reservoir on slot C3
Moving to A4 of reagent reservoir on slot C3
Moving to A5 of Sample Plate on Opentrons 96 Deep Well Heater-Shaker Adapter on Heater-Shaker Module GEN1 on slot C1
Dispensing 520.0 uL into A5 of Sample Plate on Opentrons 96 Deep Well Heater-Shaker Adapter on Heater-Shaker Module GEN1 on slot C1 at 400.0 uL/sec
Delaying for 0 minutes and 6.0 seconds
Moving to A5 of Sample Plate on Opentrons 96 Deep Well Heater-Shaker Adapter on Heater-Shaker Module GEN1 on slot C1
Moving to A5 of Sample Plate on Opentrons 96 Deep Well Heater-Shaker Adapter on Heater-Shaker Module GEN1 on slot C1
Moving to A5 of Sample Plate on Opentrons 96 Deep Well Heater-Shaker Adapter on Heater-Shaker Module GEN1 on slot C1
Air gap
	Aspirating 20.0 uL from A5 of Sample Plate on Opentrons 96 Deep Well Heater-Shaker Adapter on Heater-Shaker Module GEN1 on slot C1 at 100.0 uL/sec
Aspirating 500.0 uL from A4 of reagent reservoir on slot C3 at 100.0 uL/sec
Air gap
	Aspirating 20.0 uL from A4 of reagent reservoir on slot C3 at 100.0 uL/sec
Moving to A4 of reagent reservoir on slot C3
Moving to A4 of reagent reservoir on slot C3
Moving to A4 of reagent reservoir on slot C3
Moving to A4 of reagent reservoir on slot C3
Moving to A4 of reagent reservoir on slot C3
Moving to A6 of Sample Plate on Opentrons 96 Deep Well Heater-Shaker Adapter on Heater-Shaker Module GEN1 on slot C1
Dispensing 520.0 uL into A6 of Sample Plate on Opentrons 96 Deep Well Heater-Shaker Adapter on Heater-Shaker Module GEN1 on slot C1 at 400.0 uL/sec
Delaying for 0 minutes and 6.0 seconds
Moving to A6 of Sample Plate on Opentrons 96 Deep Well Heater-Shaker Adapter on Heater-Shaker Module GEN1 on slot C1
Moving to A6 of Sample Plate on Opentrons 96 Deep Well Heater-Shaker Adapter on Heater-Shaker Module GEN1 on slot C1
Moving to A6 of Sample Plate on Opentrons 96 Deep Well Heater-Shaker Adapter on Heater-Shaker Module GEN1 on slot C1
Air gap
	Aspirating 20.0 uL from A6 of Sample Plate on Opentrons 96 Deep Well Heater-Shaker Adapter on Heater-Shaker Module GEN1 on slot C1 at 100.0 uL/sec
Aspirating 500.0 uL from A4 of reagent reservoir on slot C3 at 100.0 uL/sec
Air gap
	Aspirating 20.0 uL from A4 of reagent reservoir on slot C3 at 100.0 uL/sec
Moving to A4 of reagent reservoir on slot C3
Moving to A4 of reagent reservoir on slot C3
Moving to A4 of reagent reservoir on slot C3
Moving to A4 of reagent reservoir on slot C3
Moving to A4 of reagent reservoir on slot C3
Moving to A7 of Sample Plate on Opentrons 96 Deep Well Heater-Shaker Adapter on Heater-Shaker Module GEN1 on slot C1
Dispensing 520.0 uL into A7 of Sample Plate on Opentrons 96 Deep Well Heater-Shaker Adapter on Heater-Shaker Module GEN1 on slot C1 at 400.0 uL/sec
Delaying for 0 minutes and 6.0 seconds
Moving to A7 of Sample Plate on Opentrons 96 Deep Well Heater-Shaker Adapter on Heater-Shaker Module GEN1 on slot C1
Moving to A7 of Sample Plate on Opentrons 96 Deep Well Heater-Shaker Adapter on Heater-Shaker Module GEN1 on slot C1
Moving to A7 of Sample Plate on Opentrons 96 Deep Well Heater-Shaker Adapter on Heater-Shaker Module GEN1 on slot C1
Air gap
	Aspirating 20.0 uL from A7 of Sample Plate on Opentrons 96 Deep Well Heater-Shaker Adapter on Heater-Shaker Module GEN1 on slot C1 at 100.0 uL/sec
Aspirating 500.0 uL from A5 of reagent reservoir on slot C3 at 100.0 uL/sec
Air gap
	Aspirating 20.0 uL from A5 of reagent reservoir on slot C3 at 100.0 uL/sec
Moving to A5 of reagent reservoir on slot C3
Moving to A5 of reagent reservoir on slot C3
Moving to A5 of reagent reservoir on slot C3
Moving to A5 of reagent reservoir on slot C3
Moving to A5 of reagent reservoir on slot C3
Moving to A9 of Sample Plate on Opentrons 96 Deep Well Heater-Shaker Adapter on Heater-Shaker Module GEN1 on slot C1
Dispensing 520.0 uL into A9 of Sample Plate on Opentrons 96 Deep Well Heater-Shaker Adapter on Heater-Shaker Module GEN1 on slot C1 at 400.0 uL/sec
Delaying for 0 minutes and 6.0 seconds
Moving to A9 of Sample Plate on Opentrons 96 Deep Well Heater-Shaker Adapter on Heater-Shaker Module GEN1 on slot C1
Moving to A9 of Sample Plate on Opentrons 96 Deep Well Heater-Shaker Adapter on Heater-Shaker Module GEN1 on slot C1
Moving to A9 of Sample Plate on Opentrons 96 Deep Well Heater-Shaker Adapter on Heater-Shaker Module GEN1 on slot C1
Air gap
	Aspirating 20.0 uL from A9 of Sample Plate on Opentrons 96 Deep Well Heater-Shaker Adapter on Heater-Shaker Module GEN1 on slot C1 at 100.0 uL/sec
Aspirating 500.0 uL from A5 of reagent reservoir on slot C3 at 100.0 uL/sec
Air gap
	Aspirating 20.0 uL from A5 of reagent reservoir on slot C3 at 100.0 uL/sec
Moving to A5 of reagent reservoir on slot C3
Moving to A5 of reagent reservoir on slot C3
Moving to A5 of reagent reservoir on slot C3
Moving to A5 of reagent reservoir on slot C3
Moving to A5 of reagent reservoir on slot C3
Moving to A10 of Sample Plate on Opentrons 96 Deep Well Heater-Shaker Adapter on Heater-Shaker Module GEN1 on slot C1
Dispensing 520.0 uL into A10 of Sample Plate on Opentrons 96 Deep Well Heater-Shaker Adapter on Heater-Shaker Module GEN1 on slot C1 at 400.0 uL/sec
Delaying for 0 minutes and 6.0 seconds
Moving to A10 of Sample Plate on Opentrons 96 Deep Well Heater-Shaker Adapter on Heater-Shaker Module GEN1 on slot C1
Moving to A10 of Sample Plate on Opentrons 96 Deep Well Heater-Shaker Adapter on Heater-Shaker Module GEN1 on slot C1
Moving to A10 of Sample Plate on Opentrons 96 Deep Well Heater-Shaker Adapter on Heater-Shaker Module GEN1 on slot C1
Air gap
	Aspirating 20.0 uL from A10 of Sample Plate on Opentrons 96 Deep Well Heater-Shaker Adapter on Heater-Shaker Module GEN1 on slot C1 at 100.0 uL/sec
Aspirating 500.0 uL from A5 of reagent reservoir on slot C3 at 100.0 uL/sec
Air gap
	Aspirating 20.0 uL from A5 of reagent reservoir on slot C3 at 100.0 uL/sec
Moving to A5 of reagent reservoir on slot C3
Moving to A5 of reagent reservoir on slot C3
Moving to A5 of reagent reservoir on slot C3
Moving to A5 of reagent reservoir on slot C3
Moving to A5 of reagent reservoir on slot C3
Moving to A11 of Sample Plate on Opentrons 96 Deep Well Heater-Shaker Adapter on Heater-Shaker Module GEN1 on slot C1
Dispensing 520.0 uL into A11 of Sample Plate on Opentrons 96 Deep Well Heater-Shaker Adapter on Heater-Shaker Module GEN1 on slot C1 at 400.0 uL/sec
Delaying for 0 minutes and 6.0 seconds
Moving to A11 of Sample Plate on Opentrons 96 Deep Well Heater-Shaker Adapter on Heater-Shaker Module GEN1 on slot C1
Moving to A11 of Sample Plate on Opentrons 96 Deep Well Heater-Shaker Adapter on Heater-Shaker Module GEN1 on slot C1
Moving to A11 of Sample Plate on Opentrons 96 Deep Well Heater-Shaker Adapter on Heater-Shaker Module GEN1 on slot C1
Air gap
	Aspirating 20.0 uL from A11 of Sample Plate on Opentrons 96 Deep Well Heater-Shaker Adapter on Heater-Shaker Module GEN1 on slot C1 at 100.0 uL/sec
Dropping tip into A1 of opentrons_flex_96_filtertiprack_1000ul on slot A2
Latching labware on Heater-Shaker
Setting Heater-Shaker to Shake at 1300 RPM and waiting until reached
Deactivating Heater
Delaying for 10 minutes and 0.0 seconds. Shake at 1300 rpm for 10 minutes.
Deactivating Shaker
Unlatching labware on Heater-Shaker
Moving Sample Plate to MagneticBlockContext at Magnetic Block GEN1 on D2 lw None with gripper
Delaying for 2 minutes and 0.0 seconds
--> Remove Sample
Picking up tip from A1 of opentrons_flex_96_filtertiprack_1000ul on slot A2
Moving to A1 of Sample Plate on Magnetic Block GEN1 on slot D2
Aspirating 525.0 uL from A1 of Sample Plate on Magnetic Block GEN1 on slot D2 at 100.0 uL/sec
Delaying for 0 minutes and 6.0 seconds
Moving to A1 of Sample Plate on Magnetic Block GEN1 on slot D2
Aspirating 100.0 uL from A1 of Sample Plate on Magnetic Block GEN1 on slot D2 at 100.0 uL/sec
Moving to A1 of Sample Plate on Magnetic Block GEN1 on slot D2
--->Adding 5.0mL to waste (total is 79.4mL)
Dispensing 625.0 uL into A1 of Waste Reservoir on slot C2 at 400.0 uL/sec
Delaying for 0 minutes and 3.0 seconds
Blowing out at A1 of Waste Reservoir on slot C2
Dropping tip into Waste Chute
Picking up tip from A2 of opentrons_flex_96_filtertiprack_1000ul on slot A2
Moving to A2 of Sample Plate on Magnetic Block GEN1 on slot D2
Aspirating 525.0 uL from A2 of Sample Plate on Magnetic Block GEN1 on slot D2 at 100.0 uL/sec
Delaying for 0 minutes and 6.0 seconds
Moving to A2 of Sample Plate on Magnetic Block GEN1 on slot D2
Aspirating 100.0 uL from A2 of Sample Plate on Magnetic Block GEN1 on slot D2 at 100.0 uL/sec
Moving to A2 of Sample Plate on Magnetic Block GEN1 on slot D2
--->Adding 5.0mL to waste (total is 84.4mL)
Dispensing 625.0 uL into A1 of Waste Reservoir on slot C2 at 400.0 uL/sec
Delaying for 0 minutes and 3.0 seconds
Blowing out at A1 of Waste Reservoir on slot C2
Dropping tip into Waste Chute
Picking up tip from A3 of opentrons_flex_96_filtertiprack_1000ul on slot A2
Moving to A3 of Sample Plate on Magnetic Block GEN1 on slot D2
Aspirating 525.0 uL from A3 of Sample Plate on Magnetic Block GEN1 on slot D2 at 100.0 uL/sec
Delaying for 0 minutes and 6.0 seconds
Moving to A3 of Sample Plate on Magnetic Block GEN1 on slot D2
Aspirating 100.0 uL from A3 of Sample Plate on Magnetic Block GEN1 on slot D2 at 100.0 uL/sec
Moving to A3 of Sample Plate on Magnetic Block GEN1 on slot D2
--->Adding 5.0mL to waste (total is 89.4mL)
Dispensing 625.0 uL into A1 of Waste Reservoir on slot C2 at 400.0 uL/sec
Delaying for 0 minutes and 3.0 seconds
Blowing out at A1 of Waste Reservoir on slot C2
Dropping tip into Waste Chute
Picking up tip from A4 of opentrons_flex_96_filtertiprack_1000ul on slot A2
Moving to A4 of Sample Plate on Magnetic Block GEN1 on slot D2
Aspirating 525.0 uL from A4 of Sample Plate on Magnetic Block GEN1 on slot D2 at 100.0 uL/sec
Delaying for 0 minutes and 6.0 seconds
Moving to A4 of Sample Plate on Magnetic Block GEN1 on slot D2
Aspirating 100.0 uL from A4 of Sample Plate on Magnetic Block GEN1 on slot D2 at 100.0 uL/sec
Moving to A4 of Sample Plate on Magnetic Block GEN1 on slot D2
--->Adding 5.0mL to waste (total is 94.4mL)
Dispensing 625.0 uL into A1 of Waste Reservoir on slot C2 at 400.0 uL/sec
Delaying for 0 minutes and 3.0 seconds
Blowing out at A1 of Waste Reservoir on slot C2
Dropping tip into Waste Chute
Picking up tip from A5 of opentrons_flex_96_filtertiprack_1000ul on slot A2
Moving to A5 of Sample Plate on Magnetic Block GEN1 on slot D2
Aspirating 525.0 uL from A5 of Sample Plate on Magnetic Block GEN1 on slot D2 at 100.0 uL/sec
Delaying for 0 minutes and 6.0 seconds
Moving to A5 of Sample Plate on Magnetic Block GEN1 on slot D2
Aspirating 100.0 uL from A5 of Sample Plate on Magnetic Block GEN1 on slot D2 at 100.0 uL/sec
Moving to A5 of Sample Plate on Magnetic Block GEN1 on slot D2
--->Adding 5.0mL to waste (total is 99.4mL)
Dispensing 625.0 uL into A1 of Waste Reservoir on slot C2 at 400.0 uL/sec
Delaying for 0 minutes and 3.0 seconds
Blowing out at A1 of Waste Reservoir on slot C2
Dropping tip into Waste Chute
Picking up tip from A6 of opentrons_flex_96_filtertiprack_1000ul on slot A2
Moving to A6 of Sample Plate on Magnetic Block GEN1 on slot D2
Aspirating 525.0 uL from A6 of Sample Plate on Magnetic Block GEN1 on slot D2 at 100.0 uL/sec
Delaying for 0 minutes and 6.0 seconds
Moving to A6 of Sample Plate on Magnetic Block GEN1 on slot D2
Aspirating 100.0 uL from A6 of Sample Plate on Magnetic Block GEN1 on slot D2 at 100.0 uL/sec
Moving to A6 of Sample Plate on Magnetic Block GEN1 on slot D2
--->Adding 5.0mL to waste (total is 104.4mL)
Dispensing 625.0 uL into A1 of Waste Reservoir on slot C2 at 400.0 uL/sec
Delaying for 0 minutes and 3.0 seconds
Blowing out at A1 of Waste Reservoir on slot C2
Dropping tip into Waste Chute
Picking up tip from A7 of opentrons_flex_96_filtertiprack_1000ul on slot A2
Moving to A7 of Sample Plate on Magnetic Block GEN1 on slot D2
Aspirating 525.0 uL from A7 of Sample Plate on Magnetic Block GEN1 on slot D2 at 100.0 uL/sec
Delaying for 0 minutes and 6.0 seconds
Moving to A7 of Sample Plate on Magnetic Block GEN1 on slot D2
Aspirating 100.0 uL from A7 of Sample Plate on Magnetic Block GEN1 on slot D2 at 100.0 uL/sec
Moving to A7 of Sample Plate on Magnetic Block GEN1 on slot D2
--->Adding 5.0mL to waste (total is 109.4mL)
Dispensing 625.0 uL into A1 of Waste Reservoir on slot C2 at 400.0 uL/sec
Delaying for 0 minutes and 3.0 seconds
Blowing out at A1 of Waste Reservoir on slot C2
Dropping tip into Waste Chute
Picking up tip from A8 of opentrons_flex_96_filtertiprack_1000ul on slot A2
Moving to A8 of Sample Plate on Magnetic Block GEN1 on slot D2
Aspirating 525.0 uL from A8 of Sample Plate on Magnetic Block GEN1 on slot D2 at 100.0 uL/sec
Delaying for 0 minutes and 6.0 seconds
Moving to A8 of Sample Plate on Magnetic Block GEN1 on slot D2
Aspirating 100.0 uL from A8 of Sample Plate on Magnetic Block GEN1 on slot D2 at 100.0 uL/sec
Moving to A8 of Sample Plate on Magnetic Block GEN1 on slot D2
--->Adding 5.0mL to waste (total is 114.4mL)
Dispensing 625.0 uL into A1 of Waste Reservoir on slot C2 at 400.0 uL/sec
Delaying for 0 minutes and 3.0 seconds
Blowing out at A1 of Waste Reservoir on slot C2
Dropping tip into Waste Chute
Picking up tip from A9 of opentrons_flex_96_filtertiprack_1000ul on slot A2
Moving to A9 of Sample Plate on Magnetic Block GEN1 on slot D2
Aspirating 525.0 uL from A9 of Sample Plate on Magnetic Block GEN1 on slot D2 at 100.0 uL/sec
Delaying for 0 minutes and 6.0 seconds
Moving to A9 of Sample Plate on Magnetic Block GEN1 on slot D2
Aspirating 100.0 uL from A9 of Sample Plate on Magnetic Block GEN1 on slot D2 at 100.0 uL/sec
Moving to A9 of Sample Plate on Magnetic Block GEN1 on slot D2
--->Adding 5.0mL to waste (total is 119.4mL)
Dispensing 625.0 uL into A1 of Waste Reservoir on slot C2 at 400.0 uL/sec
Delaying for 0 minutes and 3.0 seconds
Blowing out at A1 of Waste Reservoir on slot C2
Dropping tip into Waste Chute
Picking up tip from A10 of opentrons_flex_96_filtertiprack_1000ul on slot A2
Moving to A10 of Sample Plate on Magnetic Block GEN1 on slot D2
Aspirating 525.0 uL from A10 of Sample Plate on Magnetic Block GEN1 on slot D2 at 100.0 uL/sec
Delaying for 0 minutes and 6.0 seconds
Moving to A10 of Sample Plate on Magnetic Block GEN1 on slot D2
Aspirating 100.0 uL from A10 of Sample Plate on Magnetic Block GEN1 on slot D2 at 100.0 uL/sec
Moving to A10 of Sample Plate on Magnetic Block GEN1 on slot D2
--->Adding 5.0mL to waste (total is 124.4mL)
Dispensing 625.0 uL into A1 of Waste Reservoir on slot C2 at 400.0 uL/sec
Delaying for 0 minutes and 3.0 seconds
Blowing out at A1 of Waste Reservoir on slot C2
Dropping tip into Waste Chute
Picking up tip from A11 of opentrons_flex_96_filtertiprack_1000ul on slot A2
Moving to A11 of Sample Plate on Magnetic Block GEN1 on slot D2
Aspirating 525.0 uL from A11 of Sample Plate on Magnetic Block GEN1 on slot D2 at 100.0 uL/sec
Delaying for 0 minutes and 6.0 seconds
Moving to A11 of Sample Plate on Magnetic Block GEN1 on slot D2
Aspirating 100.0 uL from A11 of Sample Plate on Magnetic Block GEN1 on slot D2 at 100.0 uL/sec
Moving to A11 of Sample Plate on Magnetic Block GEN1 on slot D2
--->Adding 5.0mL to waste (total is 129.4mL)
Dispensing 625.0 uL into A1 of Waste Reservoir on slot C2 at 400.0 uL/sec
Delaying for 0 minutes and 3.0 seconds
Blowing out at A1 of Waste Reservoir on slot C2
Dropping tip into Waste Chute
Picking up tip from A12 of opentrons_flex_96_filtertiprack_1000ul on slot A2
Moving to A12 of Sample Plate on Magnetic Block GEN1 on slot D2
Aspirating 525.0 uL from A12 of Sample Plate on Magnetic Block GEN1 on slot D2 at 100.0 uL/sec
Delaying for 0 minutes and 6.0 seconds
Moving to A12 of Sample Plate on Magnetic Block GEN1 on slot D2
Aspirating 100.0 uL from A12 of Sample Plate on Magnetic Block GEN1 on slot D2 at 100.0 uL/sec
Moving to A12 of Sample Plate on Magnetic Block GEN1 on slot D2
--->Adding 5.0mL to waste (total is 134.4mL)
Dispensing 625.0 uL into A1 of Waste Reservoir on slot C2 at 400.0 uL/sec
Delaying for 0 minutes and 3.0 seconds
Blowing out at A1 of Waste Reservoir on slot C2
Dropping tip into Waste Chute
--> Moving plate off magnet
Moving Sample Plate to off-deck
Pausing robot operation: Spin plate at 500g for 1 minute to collect residual binding buffer, empty liquid waste, and refill ethanol
Moving Sample Plate to opentrons_96_well_aluminum_block
--> Wash1
--> Adding Wash and shaking
---> Swapping empty tips
Moving opentrons_flex_96_filtertiprack_1000ul to slot A4 with gripper
Moving opentrons_flex_96_filtertiprack_1000ul to slot A2 with gripper
Moving opentrons_flex_96_filtertiprack_1000ul to slot A3 with gripper
Picking up tip from A1 of opentrons_flex_96_filtertiprack_1000ul on slot A2
Transferring 900.0 from A1 of 90% EtOH on slot B2 to A1 of Sample Plate on Opentrons 96 Well Aluminum Block on Temperature Module GEN2 on slot D1
	Aspirating 900.0 uL from A1 of 90% EtOH on slot B2 at 400.0 uL/sec
	Air gap
		Aspirating 20.0 uL from A1 of 90% EtOH on slot B2 at 400.0 uL/sec
	Dispensing 920.0 uL into A1 of Sample Plate on Opentrons 96 Well Aluminum Block on Temperature Module GEN2 on slot D1 at 400.0 uL/sec
Transferring 900.0 from A1 of 90% EtOH on slot B2 to A2 of Sample Plate on Opentrons 96 Well Aluminum Block on Temperature Module GEN2 on slot D1
	Aspirating 900.0 uL from A1 of 90% EtOH on slot B2 at 400.0 uL/sec
	Air gap
		Aspirating 20.0 uL from A1 of 90% EtOH on slot B2 at 400.0 uL/sec
	Dispensing 920.0 uL into A2 of Sample Plate on Opentrons 96 Well Aluminum Block on Temperature Module GEN2 on slot D1 at 400.0 uL/sec
Transferring 900.0 from A1 of 90% EtOH on slot B2 to A3 of Sample Plate on Opentrons 96 Well Aluminum Block on Temperature Module GEN2 on slot D1
	Aspirating 900.0 uL from A1 of 90% EtOH on slot B2 at 400.0 uL/sec
	Air gap
		Aspirating 20.0 uL from A1 of 90% EtOH on slot B2 at 400.0 uL/sec
	Dispensing 920.0 uL into A3 of Sample Plate on Opentrons 96 Well Aluminum Block on Temperature Module GEN2 on slot D1 at 400.0 uL/sec
Transferring 900.0 from A1 of 90% EtOH on slot B2 to A4 of Sample Plate on Opentrons 96 Well Aluminum Block on Temperature Module GEN2 on slot D1
	Aspirating 900.0 uL from A1 of 90% EtOH on slot B2 at 400.0 uL/sec
	Air gap
		Aspirating 20.0 uL from A1 of 90% EtOH on slot B2 at 400.0 uL/sec
	Dispensing 920.0 uL into A4 of Sample Plate on Opentrons 96 Well Aluminum Block on Temperature Module GEN2 on slot D1 at 400.0 uL/sec
Transferring 900.0 from A1 of 90% EtOH on slot B2 to A5 of Sample Plate on Opentrons 96 Well Aluminum Block on Temperature Module GEN2 on slot D1
	Aspirating 900.0 uL from A1 of 90% EtOH on slot B2 at 400.0 uL/sec
	Air gap
		Aspirating 20.0 uL from A1 of 90% EtOH on slot B2 at 400.0 uL/sec
	Dispensing 920.0 uL into A5 of Sample Plate on Opentrons 96 Well Aluminum Block on Temperature Module GEN2 on slot D1 at 400.0 uL/sec
Transferring 900.0 from A1 of 90% EtOH on slot B2 to A6 of Sample Plate on Opentrons 96 Well Aluminum Block on Temperature Module GEN2 on slot D1
	Aspirating 900.0 uL from A1 of 90% EtOH on slot B2 at 400.0 uL/sec
	Air gap
		Aspirating 20.0 uL from A1 of 90% EtOH on slot B2 at 400.0 uL/sec
	Dispensing 920.0 uL into A6 of Sample Plate on Opentrons 96 Well Aluminum Block on Temperature Module GEN2 on slot D1 at 400.0 uL/sec
Transferring 900.0 from A1 of 90% EtOH on slot B2 to A7 of Sample Plate on Opentrons 96 Well Aluminum Block on Temperature Module GEN2 on slot D1
	Aspirating 900.0 uL from A1 of 90% EtOH on slot B2 at 400.0 uL/sec
	Air gap
		Aspirating 20.0 uL from A1 of 90% EtOH on slot B2 at 400.0 uL/sec
	Dispensing 920.0 uL into A7 of Sample Plate on Opentrons 96 Well Aluminum Block on Temperature Module GEN2 on slot D1 at 400.0 uL/sec
Transferring 900.0 from A1 of 90% EtOH on slot B2 to A8 of Sample Plate on Opentrons 96 Well Aluminum Block on Temperature Module GEN2 on slot D1
	Aspirating 900.0 uL from A1 of 90% EtOH on slot B2 at 400.0 uL/sec
	Air gap
		Aspirating 20.0 uL from A1 of 90% EtOH on slot B2 at 400.0 uL/sec
	Dispensing 920.0 uL into A8 of Sample Plate on Opentrons 96 Well Aluminum Block on Temperature Module GEN2 on slot D1 at 400.0 uL/sec
Transferring 900.0 from A1 of 90% EtOH on slot B2 to A9 of Sample Plate on Opentrons 96 Well Aluminum Block on Temperature Module GEN2 on slot D1
	Aspirating 900.0 uL from A1 of 90% EtOH on slot B2 at 400.0 uL/sec
	Air gap
		Aspirating 20.0 uL from A1 of 90% EtOH on slot B2 at 400.0 uL/sec
	Dispensing 920.0 uL into A9 of Sample Plate on Opentrons 96 Well Aluminum Block on Temperature Module GEN2 on slot D1 at 400.0 uL/sec
Transferring 900.0 from A1 of 90% EtOH on slot B2 to A10 of Sample Plate on Opentrons 96 Well Aluminum Block on Temperature Module GEN2 on slot D1
	Aspirating 900.0 uL from A1 of 90% EtOH on slot B2 at 400.0 uL/sec
	Air gap
		Aspirating 20.0 uL from A1 of 90% EtOH on slot B2 at 400.0 uL/sec
	Dispensing 920.0 uL into A10 of Sample Plate on Opentrons 96 Well Aluminum Block on Temperature Module GEN2 on slot D1 at 400.0 uL/sec
Transferring 900.0 from A1 of 90% EtOH on slot B2 to A11 of Sample Plate on Opentrons 96 Well Aluminum Block on Temperature Module GEN2 on slot D1
	Aspirating 900.0 uL from A1 of 90% EtOH on slot B2 at 400.0 uL/sec
	Air gap
		Aspirating 20.0 uL from A1 of 90% EtOH on slot B2 at 400.0 uL/sec
	Dispensing 920.0 uL into A11 of Sample Plate on Opentrons 96 Well Aluminum Block on Temperature Module GEN2 on slot D1 at 400.0 uL/sec
Transferring 900.0 from A1 of 90% EtOH on slot B2 to A12 of Sample Plate on Opentrons 96 Well Aluminum Block on Temperature Module GEN2 on slot D1
	Aspirating 900.0 uL from A1 of 90% EtOH on slot B2 at 400.0 uL/sec
	Air gap
		Aspirating 20.0 uL from A1 of 90% EtOH on slot B2 at 400.0 uL/sec
	Dispensing 920.0 uL into A12 of Sample Plate on Opentrons 96 Well Aluminum Block on Temperature Module GEN2 on slot D1 at 400.0 uL/sec
Dropping tip into A1 of opentrons_flex_96_filtertiprack_1000ul on slot A2
Moving Sample Plate to opentrons_96_deep_well_adapter with gripper
Latching labware on Heater-Shaker
Latching labware on Heater-Shaker
Setting Heater-Shaker to Shake at 1300 RPM and waiting until reached
Deactivating Heater
Delaying for 0 minutes and 10.0 seconds. Shake at 1300 rpm for 0.16666666666666666 minutes.
Deactivating Shaker
Unlatching labware on Heater-Shaker
Moving Sample Plate to MagneticBlockContext at Magnetic Block GEN1 on D2 lw None with gripper
--> Moving Sample Plate to MagBlock
--> Wait for beads to settle
Delaying for 2 minutes and 0.0 seconds
--> Remove Supernatant
Picking up tip from A1 of Opentrons Flex 96 Filter Tip Rack 1000 µL on slot B3
Moving to A1 of Sample Plate on Magnetic Block GEN1 on slot D2
Aspirating 825.0 uL from A1 of Sample Plate on Magnetic Block GEN1 on slot D2 at 100.0 uL/sec
Delaying for 0 minutes and 6.0 seconds
Moving to A1 of Sample Plate on Magnetic Block GEN1 on slot D2
Aspirating 100.0 uL from A1 of Sample Plate on Magnetic Block GEN1 on slot D2 at 100.0 uL/sec
Moving to A1 of Sample Plate on Magnetic Block GEN1 on slot D2
--->Adding 7.4mL to waste (total is 7.4mL)
Dispensing 925.0 uL into A1 of Waste Reservoir on slot C2 at 400.0 uL/sec
Delaying for 0 minutes and 3.0 seconds
Blowing out at A1 of Waste Reservoir on slot C2
Dropping tip into A1 of Opentrons Flex 96 Filter Tip Rack 1000 µL on slot B3
Picking up tip from A2 of Opentrons Flex 96 Filter Tip Rack 1000 µL on slot B3
Moving to A2 of Sample Plate on Magnetic Block GEN1 on slot D2
Aspirating 825.0 uL from A2 of Sample Plate on Magnetic Block GEN1 on slot D2 at 100.0 uL/sec
Delaying for 0 minutes and 6.0 seconds
Moving to A2 of Sample Plate on Magnetic Block GEN1 on slot D2
Aspirating 100.0 uL from A2 of Sample Plate on Magnetic Block GEN1 on slot D2 at 100.0 uL/sec
Moving to A2 of Sample Plate on Magnetic Block GEN1 on slot D2
--->Adding 7.4mL to waste (total is 14.8mL)
Dispensing 925.0 uL into A1 of Waste Reservoir on slot C2 at 400.0 uL/sec
Delaying for 0 minutes and 3.0 seconds
Blowing out at A1 of Waste Reservoir on slot C2
Dropping tip into A2 of Opentrons Flex 96 Filter Tip Rack 1000 µL on slot B3
Picking up tip from A3 of Opentrons Flex 96 Filter Tip Rack 1000 µL on slot B3
Moving to A3 of Sample Plate on Magnetic Block GEN1 on slot D2
Aspirating 825.0 uL from A3 of Sample Plate on Magnetic Block GEN1 on slot D2 at 100.0 uL/sec
Delaying for 0 minutes and 6.0 seconds
Moving to A3 of Sample Plate on Magnetic Block GEN1 on slot D2
Aspirating 100.0 uL from A3 of Sample Plate on Magnetic Block GEN1 on slot D2 at 100.0 uL/sec
Moving to A3 of Sample Plate on Magnetic Block GEN1 on slot D2
--->Adding 7.4mL to waste (total is 22.2mL)
Dispensing 925.0 uL into A1 of Waste Reservoir on slot C2 at 400.0 uL/sec
Delaying for 0 minutes and 3.0 seconds
Blowing out at A1 of Waste Reservoir on slot C2
Dropping tip into A3 of Opentrons Flex 96 Filter Tip Rack 1000 µL on slot B3
Picking up tip from A4 of Opentrons Flex 96 Filter Tip Rack 1000 µL on slot B3
Moving to A4 of Sample Plate on Magnetic Block GEN1 on slot D2
Aspirating 825.0 uL from A4 of Sample Plate on Magnetic Block GEN1 on slot D2 at 100.0 uL/sec
Delaying for 0 minutes and 6.0 seconds
Moving to A4 of Sample Plate on Magnetic Block GEN1 on slot D2
Aspirating 100.0 uL from A4 of Sample Plate on Magnetic Block GEN1 on slot D2 at 100.0 uL/sec
Moving to A4 of Sample Plate on Magnetic Block GEN1 on slot D2
--->Adding 7.4mL to waste (total is 29.6mL)
Dispensing 925.0 uL into A1 of Waste Reservoir on slot C2 at 400.0 uL/sec
Delaying for 0 minutes and 3.0 seconds
Blowing out at A1 of Waste Reservoir on slot C2
Dropping tip into A4 of Opentrons Flex 96 Filter Tip Rack 1000 µL on slot B3
Picking up tip from A5 of Opentrons Flex 96 Filter Tip Rack 1000 µL on slot B3
Moving to A5 of Sample Plate on Magnetic Block GEN1 on slot D2
Aspirating 825.0 uL from A5 of Sample Plate on Magnetic Block GEN1 on slot D2 at 100.0 uL/sec
Delaying for 0 minutes and 6.0 seconds
Moving to A5 of Sample Plate on Magnetic Block GEN1 on slot D2
Aspirating 100.0 uL from A5 of Sample Plate on Magnetic Block GEN1 on slot D2 at 100.0 uL/sec
Moving to A5 of Sample Plate on Magnetic Block GEN1 on slot D2
--->Adding 7.4mL to waste (total is 37.0mL)
Dispensing 925.0 uL into A1 of Waste Reservoir on slot C2 at 400.0 uL/sec
Delaying for 0 minutes and 3.0 seconds
Blowing out at A1 of Waste Reservoir on slot C2
Dropping tip into A5 of Opentrons Flex 96 Filter Tip Rack 1000 µL on slot B3
Picking up tip from A6 of Opentrons Flex 96 Filter Tip Rack 1000 µL on slot B3
Moving to A6 of Sample Plate on Magnetic Block GEN1 on slot D2
Aspirating 825.0 uL from A6 of Sample Plate on Magnetic Block GEN1 on slot D2 at 100.0 uL/sec
Delaying for 0 minutes and 6.0 seconds
Moving to A6 of Sample Plate on Magnetic Block GEN1 on slot D2
Aspirating 100.0 uL from A6 of Sample Plate on Magnetic Block GEN1 on slot D2 at 100.0 uL/sec
Moving to A6 of Sample Plate on Magnetic Block GEN1 on slot D2
--->Adding 7.4mL to waste (total is 44.4mL)
Dispensing 925.0 uL into A1 of Waste Reservoir on slot C2 at 400.0 uL/sec
Delaying for 0 minutes and 3.0 seconds
Blowing out at A1 of Waste Reservoir on slot C2
Dropping tip into A6 of Opentrons Flex 96 Filter Tip Rack 1000 µL on slot B3
Picking up tip from A7 of Opentrons Flex 96 Filter Tip Rack 1000 µL on slot B3
Moving to A7 of Sample Plate on Magnetic Block GEN1 on slot D2
Aspirating 825.0 uL from A7 of Sample Plate on Magnetic Block GEN1 on slot D2 at 100.0 uL/sec
Delaying for 0 minutes and 6.0 seconds
Moving to A7 of Sample Plate on Magnetic Block GEN1 on slot D2
Aspirating 100.0 uL from A7 of Sample Plate on Magnetic Block GEN1 on slot D2 at 100.0 uL/sec
Moving to A7 of Sample Plate on Magnetic Block GEN1 on slot D2
--->Adding 7.4mL to waste (total is 51.8mL)
Dispensing 925.0 uL into A1 of Waste Reservoir on slot C2 at 400.0 uL/sec
Delaying for 0 minutes and 3.0 seconds
Blowing out at A1 of Waste Reservoir on slot C2
Dropping tip into A7 of Opentrons Flex 96 Filter Tip Rack 1000 µL on slot B3
Picking up tip from A8 of Opentrons Flex 96 Filter Tip Rack 1000 µL on slot B3
Moving to A8 of Sample Plate on Magnetic Block GEN1 on slot D2
Aspirating 825.0 uL from A8 of Sample Plate on Magnetic Block GEN1 on slot D2 at 100.0 uL/sec
Delaying for 0 minutes and 6.0 seconds
Moving to A8 of Sample Plate on Magnetic Block GEN1 on slot D2
Aspirating 100.0 uL from A8 of Sample Plate on Magnetic Block GEN1 on slot D2 at 100.0 uL/sec
Moving to A8 of Sample Plate on Magnetic Block GEN1 on slot D2
--->Adding 7.4mL to waste (total is 59.2mL)
Dispensing 925.0 uL into A1 of Waste Reservoir on slot C2 at 400.0 uL/sec
Delaying for 0 minutes and 3.0 seconds
Blowing out at A1 of Waste Reservoir on slot C2
Dropping tip into A8 of Opentrons Flex 96 Filter Tip Rack 1000 µL on slot B3
Picking up tip from A9 of Opentrons Flex 96 Filter Tip Rack 1000 µL on slot B3
Moving to A9 of Sample Plate on Magnetic Block GEN1 on slot D2
Aspirating 825.0 uL from A9 of Sample Plate on Magnetic Block GEN1 on slot D2 at 100.0 uL/sec
Delaying for 0 minutes and 6.0 seconds
Moving to A9 of Sample Plate on Magnetic Block GEN1 on slot D2
Aspirating 100.0 uL from A9 of Sample Plate on Magnetic Block GEN1 on slot D2 at 100.0 uL/sec
Moving to A9 of Sample Plate on Magnetic Block GEN1 on slot D2
--->Adding 7.4mL to waste (total is 66.6mL)
Dispensing 925.0 uL into A1 of Waste Reservoir on slot C2 at 400.0 uL/sec
Delaying for 0 minutes and 3.0 seconds
Blowing out at A1 of Waste Reservoir on slot C2
Dropping tip into A9 of Opentrons Flex 96 Filter Tip Rack 1000 µL on slot B3
Picking up tip from A10 of Opentrons Flex 96 Filter Tip Rack 1000 µL on slot B3
Moving to A10 of Sample Plate on Magnetic Block GEN1 on slot D2
Aspirating 825.0 uL from A10 of Sample Plate on Magnetic Block GEN1 on slot D2 at 100.0 uL/sec
Delaying for 0 minutes and 6.0 seconds
Moving to A10 of Sample Plate on Magnetic Block GEN1 on slot D2
Aspirating 100.0 uL from A10 of Sample Plate on Magnetic Block GEN1 on slot D2 at 100.0 uL/sec
Moving to A10 of Sample Plate on Magnetic Block GEN1 on slot D2
--->Adding 7.4mL to waste (total is 74.0mL)
Dispensing 925.0 uL into A1 of Waste Reservoir on slot C2 at 400.0 uL/sec
Delaying for 0 minutes and 3.0 seconds
Blowing out at A1 of Waste Reservoir on slot C2
Dropping tip into A10 of Opentrons Flex 96 Filter Tip Rack 1000 µL on slot B3
Picking up tip from A11 of Opentrons Flex 96 Filter Tip Rack 1000 µL on slot B3
Moving to A11 of Sample Plate on Magnetic Block GEN1 on slot D2
Aspirating 825.0 uL from A11 of Sample Plate on Magnetic Block GEN1 on slot D2 at 100.0 uL/sec
Delaying for 0 minutes and 6.0 seconds
Moving to A11 of Sample Plate on Magnetic Block GEN1 on slot D2
Aspirating 100.0 uL from A11 of Sample Plate on Magnetic Block GEN1 on slot D2 at 100.0 uL/sec
Moving to A11 of Sample Plate on Magnetic Block GEN1 on slot D2
--->Adding 7.4mL to waste (total is 81.4mL)
Dispensing 925.0 uL into A1 of Waste Reservoir on slot C2 at 400.0 uL/sec
Delaying for 0 minutes and 3.0 seconds
Blowing out at A1 of Waste Reservoir on slot C2
Dropping tip into A11 of Opentrons Flex 96 Filter Tip Rack 1000 µL on slot B3
Picking up tip from A12 of Opentrons Flex 96 Filter Tip Rack 1000 µL on slot B3
Moving to A12 of Sample Plate on Magnetic Block GEN1 on slot D2
Aspirating 825.0 uL from A12 of Sample Plate on Magnetic Block GEN1 on slot D2 at 100.0 uL/sec
Delaying for 0 minutes and 6.0 seconds
Moving to A12 of Sample Plate on Magnetic Block GEN1 on slot D2
Aspirating 100.0 uL from A12 of Sample Plate on Magnetic Block GEN1 on slot D2 at 100.0 uL/sec
Moving to A12 of Sample Plate on Magnetic Block GEN1 on slot D2
--->Adding 7.4mL to waste (total is 88.8mL)
Dispensing 925.0 uL into A1 of Waste Reservoir on slot C2 at 400.0 uL/sec
Delaying for 0 minutes and 3.0 seconds
Blowing out at A1 of Waste Reservoir on slot C2
Dropping tip into A12 of Opentrons Flex 96 Filter Tip Rack 1000 µL on slot B3
--> Moving plate off magnet
Moving Sample Plate to opentrons_96_well_aluminum_block with gripper
--> Wash2
--> Adding Wash and shaking
Picking up tip from A1 of opentrons_flex_96_filtertiprack_1000ul on slot A2
Transferring 750.0 from A1 of 90% EtOH on slot B2 to A1 of Sample Plate on Opentrons 96 Well Aluminum Block on Temperature Module GEN2 on slot D1
	Aspirating 750.0 uL from A1 of 90% EtOH on slot B2 at 400.0 uL/sec
	Air gap
		Aspirating 20.0 uL from A1 of 90% EtOH on slot B2 at 400.0 uL/sec
	Dispensing 770.0 uL into A1 of Sample Plate on Opentrons 96 Well Aluminum Block on Temperature Module GEN2 on slot D1 at 400.0 uL/sec
Transferring 750.0 from A1 of 90% EtOH on slot B2 to A2 of Sample Plate on Opentrons 96 Well Aluminum Block on Temperature Module GEN2 on slot D1
	Aspirating 750.0 uL from A1 of 90% EtOH on slot B2 at 400.0 uL/sec
	Air gap
		Aspirating 20.0 uL from A1 of 90% EtOH on slot B2 at 400.0 uL/sec
	Dispensing 770.0 uL into A2 of Sample Plate on Opentrons 96 Well Aluminum Block on Temperature Module GEN2 on slot D1 at 400.0 uL/sec
Transferring 750.0 from A1 of 90% EtOH on slot B2 to A3 of Sample Plate on Opentrons 96 Well Aluminum Block on Temperature Module GEN2 on slot D1
	Aspirating 750.0 uL from A1 of 90% EtOH on slot B2 at 400.0 uL/sec
	Air gap
		Aspirating 20.0 uL from A1 of 90% EtOH on slot B2 at 400.0 uL/sec
	Dispensing 770.0 uL into A3 of Sample Plate on Opentrons 96 Well Aluminum Block on Temperature Module GEN2 on slot D1 at 400.0 uL/sec
Transferring 750.0 from A1 of 90% EtOH on slot B2 to A4 of Sample Plate on Opentrons 96 Well Aluminum Block on Temperature Module GEN2 on slot D1
	Aspirating 750.0 uL from A1 of 90% EtOH on slot B2 at 400.0 uL/sec
	Air gap
		Aspirating 20.0 uL from A1 of 90% EtOH on slot B2 at 400.0 uL/sec
	Dispensing 770.0 uL into A4 of Sample Plate on Opentrons 96 Well Aluminum Block on Temperature Module GEN2 on slot D1 at 400.0 uL/sec
Transferring 750.0 from A1 of 90% EtOH on slot B2 to A5 of Sample Plate on Opentrons 96 Well Aluminum Block on Temperature Module GEN2 on slot D1
	Aspirating 750.0 uL from A1 of 90% EtOH on slot B2 at 400.0 uL/sec
	Air gap
		Aspirating 20.0 uL from A1 of 90% EtOH on slot B2 at 400.0 uL/sec
	Dispensing 770.0 uL into A5 of Sample Plate on Opentrons 96 Well Aluminum Block on Temperature Module GEN2 on slot D1 at 400.0 uL/sec
Transferring 750.0 from A1 of 90% EtOH on slot B2 to A6 of Sample Plate on Opentrons 96 Well Aluminum Block on Temperature Module GEN2 on slot D1
	Aspirating 750.0 uL from A1 of 90% EtOH on slot B2 at 400.0 uL/sec
	Air gap
		Aspirating 20.0 uL from A1 of 90% EtOH on slot B2 at 400.0 uL/sec
	Dispensing 770.0 uL into A6 of Sample Plate on Opentrons 96 Well Aluminum Block on Temperature Module GEN2 on slot D1 at 400.0 uL/sec
Transferring 750.0 from A1 of 90% EtOH on slot B2 to A7 of Sample Plate on Opentrons 96 Well Aluminum Block on Temperature Module GEN2 on slot D1
	Aspirating 750.0 uL from A1 of 90% EtOH on slot B2 at 400.0 uL/sec
	Air gap
		Aspirating 20.0 uL from A1 of 90% EtOH on slot B2 at 400.0 uL/sec
	Dispensing 770.0 uL into A7 of Sample Plate on Opentrons 96 Well Aluminum Block on Temperature Module GEN2 on slot D1 at 400.0 uL/sec
Transferring 750.0 from A1 of 90% EtOH on slot B2 to A8 of Sample Plate on Opentrons 96 Well Aluminum Block on Temperature Module GEN2 on slot D1
	Aspirating 750.0 uL from A1 of 90% EtOH on slot B2 at 400.0 uL/sec
	Air gap
		Aspirating 20.0 uL from A1 of 90% EtOH on slot B2 at 400.0 uL/sec
	Dispensing 770.0 uL into A8 of Sample Plate on Opentrons 96 Well Aluminum Block on Temperature Module GEN2 on slot D1 at 400.0 uL/sec
Transferring 750.0 from A1 of 90% EtOH on slot B2 to A9 of Sample Plate on Opentrons 96 Well Aluminum Block on Temperature Module GEN2 on slot D1
	Aspirating 750.0 uL from A1 of 90% EtOH on slot B2 at 400.0 uL/sec
	Air gap
		Aspirating 20.0 uL from A1 of 90% EtOH on slot B2 at 400.0 uL/sec
	Dispensing 770.0 uL into A9 of Sample Plate on Opentrons 96 Well Aluminum Block on Temperature Module GEN2 on slot D1 at 400.0 uL/sec
Transferring 750.0 from A1 of 90% EtOH on slot B2 to A10 of Sample Plate on Opentrons 96 Well Aluminum Block on Temperature Module GEN2 on slot D1
	Aspirating 750.0 uL from A1 of 90% EtOH on slot B2 at 400.0 uL/sec
	Air gap
		Aspirating 20.0 uL from A1 of 90% EtOH on slot B2 at 400.0 uL/sec
	Dispensing 770.0 uL into A10 of Sample Plate on Opentrons 96 Well Aluminum Block on Temperature Module GEN2 on slot D1 at 400.0 uL/sec
Transferring 750.0 from A1 of 90% EtOH on slot B2 to A11 of Sample Plate on Opentrons 96 Well Aluminum Block on Temperature Module GEN2 on slot D1
	Aspirating 750.0 uL from A1 of 90% EtOH on slot B2 at 400.0 uL/sec
	Air gap
		Aspirating 20.0 uL from A1 of 90% EtOH on slot B2 at 400.0 uL/sec
	Dispensing 770.0 uL into A11 of Sample Plate on Opentrons 96 Well Aluminum Block on Temperature Module GEN2 on slot D1 at 400.0 uL/sec
Transferring 750.0 from A1 of 90% EtOH on slot B2 to A12 of Sample Plate on Opentrons 96 Well Aluminum Block on Temperature Module GEN2 on slot D1
	Aspirating 750.0 uL from A1 of 90% EtOH on slot B2 at 400.0 uL/sec
	Air gap
		Aspirating 20.0 uL from A1 of 90% EtOH on slot B2 at 400.0 uL/sec
	Dispensing 770.0 uL into A12 of Sample Plate on Opentrons 96 Well Aluminum Block on Temperature Module GEN2 on slot D1 at 400.0 uL/sec
Dropping tip into A1 of opentrons_flex_96_filtertiprack_1000ul on slot A2
Moving Sample Plate to opentrons_96_deep_well_adapter with gripper
Latching labware on Heater-Shaker
Latching labware on Heater-Shaker
Setting Heater-Shaker to Shake at 1300 RPM and waiting until reached
Deactivating Heater
Delaying for 0 minutes and 10.0 seconds. Shake at 1300 rpm for 0.16666666666666666 minutes.
Deactivating Shaker
Unlatching labware on Heater-Shaker
Moving Sample Plate to MagneticBlockContext at Magnetic Block GEN1 on D2 lw None with gripper
--> Moving Sample Plate to MagBlock
--> Wait for beads to settle
Delaying for 2 minutes and 0.0 seconds
--> Remove Supernatant
Picking up tip from A1 of Opentrons Flex 96 Filter Tip Rack 1000 µL on slot B3
Moving to A1 of Sample Plate on Magnetic Block GEN1 on slot D2
Aspirating 675.0 uL from A1 of Sample Plate on Magnetic Block GEN1 on slot D2 at 100.0 uL/sec
Delaying for 0 minutes and 6.0 seconds
Moving to A1 of Sample Plate on Magnetic Block GEN1 on slot D2
Aspirating 100.0 uL from A1 of Sample Plate on Magnetic Block GEN1 on slot D2 at 100.0 uL/sec
Moving to A1 of Sample Plate on Magnetic Block GEN1 on slot D2
--->Adding 6.2mL to waste (total is 95.0mL)
Dispensing 775.0 uL into A1 of Waste Reservoir on slot C2 at 400.0 uL/sec
Delaying for 0 minutes and 3.0 seconds
Blowing out at A1 of Waste Reservoir on slot C2
Dropping tip into A1 of Opentrons Flex 96 Filter Tip Rack 1000 µL on slot B3
Picking up tip from A2 of Opentrons Flex 96 Filter Tip Rack 1000 µL on slot B3
Moving to A2 of Sample Plate on Magnetic Block GEN1 on slot D2
Aspirating 675.0 uL from A2 of Sample Plate on Magnetic Block GEN1 on slot D2 at 100.0 uL/sec
Delaying for 0 minutes and 6.0 seconds
Moving to A2 of Sample Plate on Magnetic Block GEN1 on slot D2
Aspirating 100.0 uL from A2 of Sample Plate on Magnetic Block GEN1 on slot D2 at 100.0 uL/sec
Moving to A2 of Sample Plate on Magnetic Block GEN1 on slot D2
--->Adding 6.2mL to waste (total is 101.2mL)
Dispensing 775.0 uL into A1 of Waste Reservoir on slot C2 at 400.0 uL/sec
Delaying for 0 minutes and 3.0 seconds
Blowing out at A1 of Waste Reservoir on slot C2
Dropping tip into A2 of Opentrons Flex 96 Filter Tip Rack 1000 µL on slot B3
Picking up tip from A3 of Opentrons Flex 96 Filter Tip Rack 1000 µL on slot B3
Moving to A3 of Sample Plate on Magnetic Block GEN1 on slot D2
Aspirating 675.0 uL from A3 of Sample Plate on Magnetic Block GEN1 on slot D2 at 100.0 uL/sec
Delaying for 0 minutes and 6.0 seconds
Moving to A3 of Sample Plate on Magnetic Block GEN1 on slot D2
Aspirating 100.0 uL from A3 of Sample Plate on Magnetic Block GEN1 on slot D2 at 100.0 uL/sec
Moving to A3 of Sample Plate on Magnetic Block GEN1 on slot D2
--->Adding 6.2mL to waste (total is 107.4mL)
Dispensing 775.0 uL into A1 of Waste Reservoir on slot C2 at 400.0 uL/sec
Delaying for 0 minutes and 3.0 seconds
Blowing out at A1 of Waste Reservoir on slot C2
Dropping tip into A3 of Opentrons Flex 96 Filter Tip Rack 1000 µL on slot B3
Picking up tip from A4 of Opentrons Flex 96 Filter Tip Rack 1000 µL on slot B3
Moving to A4 of Sample Plate on Magnetic Block GEN1 on slot D2
Aspirating 675.0 uL from A4 of Sample Plate on Magnetic Block GEN1 on slot D2 at 100.0 uL/sec
Delaying for 0 minutes and 6.0 seconds
Moving to A4 of Sample Plate on Magnetic Block GEN1 on slot D2
Aspirating 100.0 uL from A4 of Sample Plate on Magnetic Block GEN1 on slot D2 at 100.0 uL/sec
Moving to A4 of Sample Plate on Magnetic Block GEN1 on slot D2
--->Adding 6.2mL to waste (total is 113.6mL)
Dispensing 775.0 uL into A1 of Waste Reservoir on slot C2 at 400.0 uL/sec
Delaying for 0 minutes and 3.0 seconds
Blowing out at A1 of Waste Reservoir on slot C2
Dropping tip into A4 of Opentrons Flex 96 Filter Tip Rack 1000 µL on slot B3
Picking up tip from A5 of Opentrons Flex 96 Filter Tip Rack 1000 µL on slot B3
Moving to A5 of Sample Plate on Magnetic Block GEN1 on slot D2
Aspirating 675.0 uL from A5 of Sample Plate on Magnetic Block GEN1 on slot D2 at 100.0 uL/sec
Delaying for 0 minutes and 6.0 seconds
Moving to A5 of Sample Plate on Magnetic Block GEN1 on slot D2
Aspirating 100.0 uL from A5 of Sample Plate on Magnetic Block GEN1 on slot D2 at 100.0 uL/sec
Moving to A5 of Sample Plate on Magnetic Block GEN1 on slot D2
--->Adding 6.2mL to waste (total is 119.8mL)
Dispensing 775.0 uL into A1 of Waste Reservoir on slot C2 at 400.0 uL/sec
Delaying for 0 minutes and 3.0 seconds
Blowing out at A1 of Waste Reservoir on slot C2
Dropping tip into A5 of Opentrons Flex 96 Filter Tip Rack 1000 µL on slot B3
Picking up tip from A6 of Opentrons Flex 96 Filter Tip Rack 1000 µL on slot B3
Moving to A6 of Sample Plate on Magnetic Block GEN1 on slot D2
Aspirating 675.0 uL from A6 of Sample Plate on Magnetic Block GEN1 on slot D2 at 100.0 uL/sec
Delaying for 0 minutes and 6.0 seconds
Moving to A6 of Sample Plate on Magnetic Block GEN1 on slot D2
Aspirating 100.0 uL from A6 of Sample Plate on Magnetic Block GEN1 on slot D2 at 100.0 uL/sec
Moving to A6 of Sample Plate on Magnetic Block GEN1 on slot D2
--->Adding 6.2mL to waste (total is 126.0mL)
Dispensing 775.0 uL into A1 of Waste Reservoir on slot C2 at 400.0 uL/sec
Delaying for 0 minutes and 3.0 seconds
Blowing out at A1 of Waste Reservoir on slot C2
Dropping tip into A6 of Opentrons Flex 96 Filter Tip Rack 1000 µL on slot B3
Picking up tip from A7 of Opentrons Flex 96 Filter Tip Rack 1000 µL on slot B3
Moving to A7 of Sample Plate on Magnetic Block GEN1 on slot D2
Aspirating 675.0 uL from A7 of Sample Plate on Magnetic Block GEN1 on slot D2 at 100.0 uL/sec
Delaying for 0 minutes and 6.0 seconds
Moving to A7 of Sample Plate on Magnetic Block GEN1 on slot D2
Aspirating 100.0 uL from A7 of Sample Plate on Magnetic Block GEN1 on slot D2 at 100.0 uL/sec
Moving to A7 of Sample Plate on Magnetic Block GEN1 on slot D2
--->Adding 6.2mL to waste (total is 132.2mL)
Dispensing 775.0 uL into A1 of Waste Reservoir on slot C2 at 400.0 uL/sec
Delaying for 0 minutes and 3.0 seconds
Blowing out at A1 of Waste Reservoir on slot C2
Dropping tip into A7 of Opentrons Flex 96 Filter Tip Rack 1000 µL on slot B3
Picking up tip from A8 of Opentrons Flex 96 Filter Tip Rack 1000 µL on slot B3
Moving to A8 of Sample Plate on Magnetic Block GEN1 on slot D2
Aspirating 675.0 uL from A8 of Sample Plate on Magnetic Block GEN1 on slot D2 at 100.0 uL/sec
Delaying for 0 minutes and 6.0 seconds
Moving to A8 of Sample Plate on Magnetic Block GEN1 on slot D2
Aspirating 100.0 uL from A8 of Sample Plate on Magnetic Block GEN1 on slot D2 at 100.0 uL/sec
Moving to A8 of Sample Plate on Magnetic Block GEN1 on slot D2
--->Adding 6.2mL to waste (total is 138.4mL)
Dispensing 775.0 uL into A1 of Waste Reservoir on slot C2 at 400.0 uL/sec
Delaying for 0 minutes and 3.0 seconds
Blowing out at A1 of Waste Reservoir on slot C2
Dropping tip into A8 of Opentrons Flex 96 Filter Tip Rack 1000 µL on slot B3
Picking up tip from A9 of Opentrons Flex 96 Filter Tip Rack 1000 µL on slot B3
Moving to A9 of Sample Plate on Magnetic Block GEN1 on slot D2
Aspirating 675.0 uL from A9 of Sample Plate on Magnetic Block GEN1 on slot D2 at 100.0 uL/sec
Delaying for 0 minutes and 6.0 seconds
Moving to A9 of Sample Plate on Magnetic Block GEN1 on slot D2
Aspirating 100.0 uL from A9 of Sample Plate on Magnetic Block GEN1 on slot D2 at 100.0 uL/sec
Moving to A9 of Sample Plate on Magnetic Block GEN1 on slot D2
--->Adding 6.2mL to waste (total is 144.6mL)
Dispensing 775.0 uL into A1 of Waste Reservoir on slot C2 at 400.0 uL/sec
Delaying for 0 minutes and 3.0 seconds
Blowing out at A1 of Waste Reservoir on slot C2
Dropping tip into A9 of Opentrons Flex 96 Filter Tip Rack 1000 µL on slot B3
Picking up tip from A10 of Opentrons Flex 96 Filter Tip Rack 1000 µL on slot B3
Moving to A10 of Sample Plate on Magnetic Block GEN1 on slot D2
Aspirating 675.0 uL from A10 of Sample Plate on Magnetic Block GEN1 on slot D2 at 100.0 uL/sec
Delaying for 0 minutes and 6.0 seconds
Moving to A10 of Sample Plate on Magnetic Block GEN1 on slot D2
Aspirating 100.0 uL from A10 of Sample Plate on Magnetic Block GEN1 on slot D2 at 100.0 uL/sec
Moving to A10 of Sample Plate on Magnetic Block GEN1 on slot D2
--->Adding 6.2mL to waste (total is 150.8mL)
Dispensing 775.0 uL into A1 of Waste Reservoir on slot C2 at 400.0 uL/sec
Delaying for 0 minutes and 3.0 seconds
Blowing out at A1 of Waste Reservoir on slot C2
Dropping tip into A10 of Opentrons Flex 96 Filter Tip Rack 1000 µL on slot B3
Picking up tip from A11 of Opentrons Flex 96 Filter Tip Rack 1000 µL on slot B3
Moving to A11 of Sample Plate on Magnetic Block GEN1 on slot D2
Aspirating 675.0 uL from A11 of Sample Plate on Magnetic Block GEN1 on slot D2 at 100.0 uL/sec
Delaying for 0 minutes and 6.0 seconds
Moving to A11 of Sample Plate on Magnetic Block GEN1 on slot D2
Aspirating 100.0 uL from A11 of Sample Plate on Magnetic Block GEN1 on slot D2 at 100.0 uL/sec
Moving to A11 of Sample Plate on Magnetic Block GEN1 on slot D2
--->Adding 6.2mL to waste (total is 157.0mL)
Dispensing 775.0 uL into A1 of Waste Reservoir on slot C2 at 400.0 uL/sec
Delaying for 0 minutes and 3.0 seconds
Blowing out at A1 of Waste Reservoir on slot C2
Dropping tip into A11 of Opentrons Flex 96 Filter Tip Rack 1000 µL on slot B3
Picking up tip from A12 of Opentrons Flex 96 Filter Tip Rack 1000 µL on slot B3
Moving to A12 of Sample Plate on Magnetic Block GEN1 on slot D2
Aspirating 675.0 uL from A12 of Sample Plate on Magnetic Block GEN1 on slot D2 at 100.0 uL/sec
Delaying for 0 minutes and 6.0 seconds
Moving to A12 of Sample Plate on Magnetic Block GEN1 on slot D2
Aspirating 100.0 uL from A12 of Sample Plate on Magnetic Block GEN1 on slot D2 at 100.0 uL/sec
Moving to A12 of Sample Plate on Magnetic Block GEN1 on slot D2
--->Adding 6.2mL to waste (total is 163.2mL)
Dispensing 775.0 uL into A1 of Waste Reservoir on slot C2 at 400.0 uL/sec
Delaying for 0 minutes and 3.0 seconds
Blowing out at A1 of Waste Reservoir on slot C2
Dropping tip into A12 of Opentrons Flex 96 Filter Tip Rack 1000 µL on slot B3
--> Moving plate off magnet
Moving Sample Plate to opentrons_96_well_aluminum_block with gripper
Pausing robot operation: please empty the waste container
--> Wash3
--> Adding Wash and shaking
Picking up tip from A1 of opentrons_flex_96_filtertiprack_1000ul on slot A2
Transferring 750.0 from A1 of 90% EtOH on slot B2 to A1 of Sample Plate on Opentrons 96 Well Aluminum Block on Temperature Module GEN2 on slot D1
	Aspirating 750.0 uL from A1 of 90% EtOH on slot B2 at 400.0 uL/sec
	Air gap
		Aspirating 20.0 uL from A1 of 90% EtOH on slot B2 at 400.0 uL/sec
	Dispensing 770.0 uL into A1 of Sample Plate on Opentrons 96 Well Aluminum Block on Temperature Module GEN2 on slot D1 at 400.0 uL/sec
Transferring 750.0 from A1 of 90% EtOH on slot B2 to A2 of Sample Plate on Opentrons 96 Well Aluminum Block on Temperature Module GEN2 on slot D1
	Aspirating 750.0 uL from A1 of 90% EtOH on slot B2 at 400.0 uL/sec
	Air gap
		Aspirating 20.0 uL from A1 of 90% EtOH on slot B2 at 400.0 uL/sec
	Dispensing 770.0 uL into A2 of Sample Plate on Opentrons 96 Well Aluminum Block on Temperature Module GEN2 on slot D1 at 400.0 uL/sec
Transferring 750.0 from A1 of 90% EtOH on slot B2 to A3 of Sample Plate on Opentrons 96 Well Aluminum Block on Temperature Module GEN2 on slot D1
	Aspirating 750.0 uL from A1 of 90% EtOH on slot B2 at 400.0 uL/sec
	Air gap
		Aspirating 20.0 uL from A1 of 90% EtOH on slot B2 at 400.0 uL/sec
	Dispensing 770.0 uL into A3 of Sample Plate on Opentrons 96 Well Aluminum Block on Temperature Module GEN2 on slot D1 at 400.0 uL/sec
Transferring 750.0 from A1 of 90% EtOH on slot B2 to A4 of Sample Plate on Opentrons 96 Well Aluminum Block on Temperature Module GEN2 on slot D1
	Aspirating 750.0 uL from A1 of 90% EtOH on slot B2 at 400.0 uL/sec
	Air gap
		Aspirating 20.0 uL from A1 of 90% EtOH on slot B2 at 400.0 uL/sec
	Dispensing 770.0 uL into A4 of Sample Plate on Opentrons 96 Well Aluminum Block on Temperature Module GEN2 on slot D1 at 400.0 uL/sec
Transferring 750.0 from A1 of 90% EtOH on slot B2 to A5 of Sample Plate on Opentrons 96 Well Aluminum Block on Temperature Module GEN2 on slot D1
	Aspirating 750.0 uL from A1 of 90% EtOH on slot B2 at 400.0 uL/sec
	Air gap
		Aspirating 20.0 uL from A1 of 90% EtOH on slot B2 at 400.0 uL/sec
	Dispensing 770.0 uL into A5 of Sample Plate on Opentrons 96 Well Aluminum Block on Temperature Module GEN2 on slot D1 at 400.0 uL/sec
Transferring 750.0 from A1 of 90% EtOH on slot B2 to A6 of Sample Plate on Opentrons 96 Well Aluminum Block on Temperature Module GEN2 on slot D1
	Aspirating 750.0 uL from A1 of 90% EtOH on slot B2 at 400.0 uL/sec
	Air gap
		Aspirating 20.0 uL from A1 of 90% EtOH on slot B2 at 400.0 uL/sec
	Dispensing 770.0 uL into A6 of Sample Plate on Opentrons 96 Well Aluminum Block on Temperature Module GEN2 on slot D1 at 400.0 uL/sec
Transferring 750.0 from A1 of 90% EtOH on slot B2 to A7 of Sample Plate on Opentrons 96 Well Aluminum Block on Temperature Module GEN2 on slot D1
	Aspirating 750.0 uL from A1 of 90% EtOH on slot B2 at 400.0 uL/sec
	Air gap
		Aspirating 20.0 uL from A1 of 90% EtOH on slot B2 at 400.0 uL/sec
	Dispensing 770.0 uL into A7 of Sample Plate on Opentrons 96 Well Aluminum Block on Temperature Module GEN2 on slot D1 at 400.0 uL/sec
Transferring 750.0 from A1 of 90% EtOH on slot B2 to A8 of Sample Plate on Opentrons 96 Well Aluminum Block on Temperature Module GEN2 on slot D1
	Aspirating 750.0 uL from A1 of 90% EtOH on slot B2 at 400.0 uL/sec
	Air gap
		Aspirating 20.0 uL from A1 of 90% EtOH on slot B2 at 400.0 uL/sec
	Dispensing 770.0 uL into A8 of Sample Plate on Opentrons 96 Well Aluminum Block on Temperature Module GEN2 on slot D1 at 400.0 uL/sec
Transferring 750.0 from A1 of 90% EtOH on slot B2 to A9 of Sample Plate on Opentrons 96 Well Aluminum Block on Temperature Module GEN2 on slot D1
	Aspirating 750.0 uL from A1 of 90% EtOH on slot B2 at 400.0 uL/sec
	Air gap
		Aspirating 20.0 uL from A1 of 90% EtOH on slot B2 at 400.0 uL/sec
	Dispensing 770.0 uL into A9 of Sample Plate on Opentrons 96 Well Aluminum Block on Temperature Module GEN2 on slot D1 at 400.0 uL/sec
Transferring 750.0 from A1 of 90% EtOH on slot B2 to A10 of Sample Plate on Opentrons 96 Well Aluminum Block on Temperature Module GEN2 on slot D1
	Aspirating 750.0 uL from A1 of 90% EtOH on slot B2 at 400.0 uL/sec
	Air gap
		Aspirating 20.0 uL from A1 of 90% EtOH on slot B2 at 400.0 uL/sec
	Dispensing 770.0 uL into A10 of Sample Plate on Opentrons 96 Well Aluminum Block on Temperature Module GEN2 on slot D1 at 400.0 uL/sec
Transferring 750.0 from A1 of 90% EtOH on slot B2 to A11 of Sample Plate on Opentrons 96 Well Aluminum Block on Temperature Module GEN2 on slot D1
	Aspirating 750.0 uL from A1 of 90% EtOH on slot B2 at 400.0 uL/sec
	Air gap
		Aspirating 20.0 uL from A1 of 90% EtOH on slot B2 at 400.0 uL/sec
	Dispensing 770.0 uL into A11 of Sample Plate on Opentrons 96 Well Aluminum Block on Temperature Module GEN2 on slot D1 at 400.0 uL/sec
Transferring 750.0 from A1 of 90% EtOH on slot B2 to A12 of Sample Plate on Opentrons 96 Well Aluminum Block on Temperature Module GEN2 on slot D1
	Aspirating 750.0 uL from A1 of 90% EtOH on slot B2 at 400.0 uL/sec
	Air gap
		Aspirating 20.0 uL from A1 of 90% EtOH on slot B2 at 400.0 uL/sec
	Dispensing 770.0 uL into A12 of Sample Plate on Opentrons 96 Well Aluminum Block on Temperature Module GEN2 on slot D1 at 400.0 uL/sec
Dropping tip into A1 of opentrons_flex_96_filtertiprack_1000ul on slot A2
Moving Sample Plate to opentrons_96_deep_well_adapter with gripper
Latching labware on Heater-Shaker
Latching labware on Heater-Shaker
Setting Heater-Shaker to Shake at 1300 RPM and waiting until reached
Deactivating Heater
Delaying for 0 minutes and 10.0 seconds. Shake at 1300 rpm for 0.16666666666666666 minutes.
Deactivating Shaker
Unlatching labware on Heater-Shaker
Moving Sample Plate to MagneticBlockContext at Magnetic Block GEN1 on D2 lw None with gripper
--> Moving Sample Plate to MagBlock
--> Wait for beads to settle
Delaying for 2 minutes and 0.0 seconds
--> Remove Supernatant
Picking up tip from A1 of Opentrons Flex 96 Filter Tip Rack 1000 µL on slot B3
Moving to A1 of Sample Plate on Magnetic Block GEN1 on slot D2
Aspirating 675.0 uL from A1 of Sample Plate on Magnetic Block GEN1 on slot D2 at 100.0 uL/sec
Delaying for 0 minutes and 6.0 seconds
Moving to A1 of Sample Plate on Magnetic Block GEN1 on slot D2
Aspirating 100.0 uL from A1 of Sample Plate on Magnetic Block GEN1 on slot D2 at 100.0 uL/sec
Moving to A1 of Sample Plate on Magnetic Block GEN1 on slot D2
--->Adding 6.2mL to waste (total is 6.2mL)
Dispensing 775.0 uL into A1 of Waste Reservoir on slot C2 at 400.0 uL/sec
Delaying for 0 minutes and 3.0 seconds
Blowing out at A1 of Waste Reservoir on slot C2
Dropping tip into A1 of Opentrons Flex 96 Filter Tip Rack 1000 µL on slot B3
Picking up tip from A2 of Opentrons Flex 96 Filter Tip Rack 1000 µL on slot B3
Moving to A2 of Sample Plate on Magnetic Block GEN1 on slot D2
Aspirating 675.0 uL from A2 of Sample Plate on Magnetic Block GEN1 on slot D2 at 100.0 uL/sec
Delaying for 0 minutes and 6.0 seconds
Moving to A2 of Sample Plate on Magnetic Block GEN1 on slot D2
Aspirating 100.0 uL from A2 of Sample Plate on Magnetic Block GEN1 on slot D2 at 100.0 uL/sec
Moving to A2 of Sample Plate on Magnetic Block GEN1 on slot D2
--->Adding 6.2mL to waste (total is 12.4mL)
Dispensing 775.0 uL into A1 of Waste Reservoir on slot C2 at 400.0 uL/sec
Delaying for 0 minutes and 3.0 seconds
Blowing out at A1 of Waste Reservoir on slot C2
Dropping tip into A2 of Opentrons Flex 96 Filter Tip Rack 1000 µL on slot B3
Picking up tip from A3 of Opentrons Flex 96 Filter Tip Rack 1000 µL on slot B3
Moving to A3 of Sample Plate on Magnetic Block GEN1 on slot D2
Aspirating 675.0 uL from A3 of Sample Plate on Magnetic Block GEN1 on slot D2 at 100.0 uL/sec
Delaying for 0 minutes and 6.0 seconds
Moving to A3 of Sample Plate on Magnetic Block GEN1 on slot D2
Aspirating 100.0 uL from A3 of Sample Plate on Magnetic Block GEN1 on slot D2 at 100.0 uL/sec
Moving to A3 of Sample Plate on Magnetic Block GEN1 on slot D2
--->Adding 6.2mL to waste (total is 18.6mL)
Dispensing 775.0 uL into A1 of Waste Reservoir on slot C2 at 400.0 uL/sec
Delaying for 0 minutes and 3.0 seconds
Blowing out at A1 of Waste Reservoir on slot C2
Dropping tip into A3 of Opentrons Flex 96 Filter Tip Rack 1000 µL on slot B3
Picking up tip from A4 of Opentrons Flex 96 Filter Tip Rack 1000 µL on slot B3
Moving to A4 of Sample Plate on Magnetic Block GEN1 on slot D2
Aspirating 675.0 uL from A4 of Sample Plate on Magnetic Block GEN1 on slot D2 at 100.0 uL/sec
Delaying for 0 minutes and 6.0 seconds
Moving to A4 of Sample Plate on Magnetic Block GEN1 on slot D2
Aspirating 100.0 uL from A4 of Sample Plate on Magnetic Block GEN1 on slot D2 at 100.0 uL/sec
Moving to A4 of Sample Plate on Magnetic Block GEN1 on slot D2
--->Adding 6.2mL to waste (total is 24.8mL)
Dispensing 775.0 uL into A1 of Waste Reservoir on slot C2 at 400.0 uL/sec
Delaying for 0 minutes and 3.0 seconds
Blowing out at A1 of Waste Reservoir on slot C2
Dropping tip into A4 of Opentrons Flex 96 Filter Tip Rack 1000 µL on slot B3
Picking up tip from A5 of Opentrons Flex 96 Filter Tip Rack 1000 µL on slot B3
Moving to A5 of Sample Plate on Magnetic Block GEN1 on slot D2
Aspirating 675.0 uL from A5 of Sample Plate on Magnetic Block GEN1 on slot D2 at 100.0 uL/sec
Delaying for 0 minutes and 6.0 seconds
Moving to A5 of Sample Plate on Magnetic Block GEN1 on slot D2
Aspirating 100.0 uL from A5 of Sample Plate on Magnetic Block GEN1 on slot D2 at 100.0 uL/sec
Moving to A5 of Sample Plate on Magnetic Block GEN1 on slot D2
--->Adding 6.2mL to waste (total is 31.0mL)
Dispensing 775.0 uL into A1 of Waste Reservoir on slot C2 at 400.0 uL/sec
Delaying for 0 minutes and 3.0 seconds
Blowing out at A1 of Waste Reservoir on slot C2
Dropping tip into A5 of Opentrons Flex 96 Filter Tip Rack 1000 µL on slot B3
Picking up tip from A6 of Opentrons Flex 96 Filter Tip Rack 1000 µL on slot B3
Moving to A6 of Sample Plate on Magnetic Block GEN1 on slot D2
Aspirating 675.0 uL from A6 of Sample Plate on Magnetic Block GEN1 on slot D2 at 100.0 uL/sec
Delaying for 0 minutes and 6.0 seconds
Moving to A6 of Sample Plate on Magnetic Block GEN1 on slot D2
Aspirating 100.0 uL from A6 of Sample Plate on Magnetic Block GEN1 on slot D2 at 100.0 uL/sec
Moving to A6 of Sample Plate on Magnetic Block GEN1 on slot D2
--->Adding 6.2mL to waste (total is 37.2mL)
Dispensing 775.0 uL into A1 of Waste Reservoir on slot C2 at 400.0 uL/sec
Delaying for 0 minutes and 3.0 seconds
Blowing out at A1 of Waste Reservoir on slot C2
Dropping tip into A6 of Opentrons Flex 96 Filter Tip Rack 1000 µL on slot B3
Picking up tip from A7 of Opentrons Flex 96 Filter Tip Rack 1000 µL on slot B3
Moving to A7 of Sample Plate on Magnetic Block GEN1 on slot D2
Aspirating 675.0 uL from A7 of Sample Plate on Magnetic Block GEN1 on slot D2 at 100.0 uL/sec
Delaying for 0 minutes and 6.0 seconds
Moving to A7 of Sample Plate on Magnetic Block GEN1 on slot D2
Aspirating 100.0 uL from A7 of Sample Plate on Magnetic Block GEN1 on slot D2 at 100.0 uL/sec
Moving to A7 of Sample Plate on Magnetic Block GEN1 on slot D2
--->Adding 6.2mL to waste (total is 43.4mL)
Dispensing 775.0 uL into A1 of Waste Reservoir on slot C2 at 400.0 uL/sec
Delaying for 0 minutes and 3.0 seconds
Blowing out at A1 of Waste Reservoir on slot C2
Dropping tip into A7 of Opentrons Flex 96 Filter Tip Rack 1000 µL on slot B3
Picking up tip from A8 of Opentrons Flex 96 Filter Tip Rack 1000 µL on slot B3
Moving to A8 of Sample Plate on Magnetic Block GEN1 on slot D2
Aspirating 675.0 uL from A8 of Sample Plate on Magnetic Block GEN1 on slot D2 at 100.0 uL/sec
Delaying for 0 minutes and 6.0 seconds
Moving to A8 of Sample Plate on Magnetic Block GEN1 on slot D2
Aspirating 100.0 uL from A8 of Sample Plate on Magnetic Block GEN1 on slot D2 at 100.0 uL/sec
Moving to A8 of Sample Plate on Magnetic Block GEN1 on slot D2
--->Adding 6.2mL to waste (total is 49.6mL)
Dispensing 775.0 uL into A1 of Waste Reservoir on slot C2 at 400.0 uL/sec
Delaying for 0 minutes and 3.0 seconds
Blowing out at A1 of Waste Reservoir on slot C2
Dropping tip into A8 of Opentrons Flex 96 Filter Tip Rack 1000 µL on slot B3
Picking up tip from A9 of Opentrons Flex 96 Filter Tip Rack 1000 µL on slot B3
Moving to A9 of Sample Plate on Magnetic Block GEN1 on slot D2
Aspirating 675.0 uL from A9 of Sample Plate on Magnetic Block GEN1 on slot D2 at 100.0 uL/sec
Delaying for 0 minutes and 6.0 seconds
Moving to A9 of Sample Plate on Magnetic Block GEN1 on slot D2
Aspirating 100.0 uL from A9 of Sample Plate on Magnetic Block GEN1 on slot D2 at 100.0 uL/sec
Moving to A9 of Sample Plate on Magnetic Block GEN1 on slot D2
--->Adding 6.2mL to waste (total is 55.8mL)
Dispensing 775.0 uL into A1 of Waste Reservoir on slot C2 at 400.0 uL/sec
Delaying for 0 minutes and 3.0 seconds
Blowing out at A1 of Waste Reservoir on slot C2
Dropping tip into A9 of Opentrons Flex 96 Filter Tip Rack 1000 µL on slot B3
Picking up tip from A10 of Opentrons Flex 96 Filter Tip Rack 1000 µL on slot B3
Moving to A10 of Sample Plate on Magnetic Block GEN1 on slot D2
Aspirating 675.0 uL from A10 of Sample Plate on Magnetic Block GEN1 on slot D2 at 100.0 uL/sec
Delaying for 0 minutes and 6.0 seconds
Moving to A10 of Sample Plate on Magnetic Block GEN1 on slot D2
Aspirating 100.0 uL from A10 of Sample Plate on Magnetic Block GEN1 on slot D2 at 100.0 uL/sec
Moving to A10 of Sample Plate on Magnetic Block GEN1 on slot D2
--->Adding 6.2mL to waste (total is 62.0mL)
Dispensing 775.0 uL into A1 of Waste Reservoir on slot C2 at 400.0 uL/sec
Delaying for 0 minutes and 3.0 seconds
Blowing out at A1 of Waste Reservoir on slot C2
Dropping tip into A10 of Opentrons Flex 96 Filter Tip Rack 1000 µL on slot B3
Picking up tip from A11 of Opentrons Flex 96 Filter Tip Rack 1000 µL on slot B3
Moving to A11 of Sample Plate on Magnetic Block GEN1 on slot D2
Aspirating 675.0 uL from A11 of Sample Plate on Magnetic Block GEN1 on slot D2 at 100.0 uL/sec
Delaying for 0 minutes and 6.0 seconds
Moving to A11 of Sample Plate on Magnetic Block GEN1 on slot D2
Aspirating 100.0 uL from A11 of Sample Plate on Magnetic Block GEN1 on slot D2 at 100.0 uL/sec
Moving to A11 of Sample Plate on Magnetic Block GEN1 on slot D2
--->Adding 6.2mL to waste (total is 68.2mL)
Dispensing 775.0 uL into A1 of Waste Reservoir on slot C2 at 400.0 uL/sec
Delaying for 0 minutes and 3.0 seconds
Blowing out at A1 of Waste Reservoir on slot C2
Dropping tip into A11 of Opentrons Flex 96 Filter Tip Rack 1000 µL on slot B3
Picking up tip from A12 of Opentrons Flex 96 Filter Tip Rack 1000 µL on slot B3
Moving to A12 of Sample Plate on Magnetic Block GEN1 on slot D2
Aspirating 675.0 uL from A12 of Sample Plate on Magnetic Block GEN1 on slot D2 at 100.0 uL/sec
Delaying for 0 minutes and 6.0 seconds
Moving to A12 of Sample Plate on Magnetic Block GEN1 on slot D2
Aspirating 100.0 uL from A12 of Sample Plate on Magnetic Block GEN1 on slot D2 at 100.0 uL/sec
Moving to A12 of Sample Plate on Magnetic Block GEN1 on slot D2
--->Adding 6.2mL to waste (total is 74.4mL)
Dispensing 775.0 uL into A1 of Waste Reservoir on slot C2 at 400.0 uL/sec
Delaying for 0 minutes and 3.0 seconds
Blowing out at A1 of Waste Reservoir on slot C2
Dropping tip into A12 of Opentrons Flex 96 Filter Tip Rack 1000 µL on slot B3
--> Moving plate off magnet
Moving Sample Plate to opentrons_96_well_aluminum_block with gripper
--> Disposing of tips
Picking up tip from A1 of Opentrons Flex 96 Filter Tip Rack 1000 µL on slot B3
Dropping tip into Waste Chute
Picking up tip from A2 of Opentrons Flex 96 Filter Tip Rack 1000 µL on slot B3
Dropping tip into Waste Chute
Picking up tip from A3 of Opentrons Flex 96 Filter Tip Rack 1000 µL on slot B3
Dropping tip into Waste Chute
Picking up tip from A4 of Opentrons Flex 96 Filter Tip Rack 1000 µL on slot B3
Dropping tip into Waste Chute
Picking up tip from A5 of Opentrons Flex 96 Filter Tip Rack 1000 µL on slot B3
Dropping tip into Waste Chute
Picking up tip from A6 of Opentrons Flex 96 Filter Tip Rack 1000 µL on slot B3
Dropping tip into Waste Chute
Picking up tip from A7 of Opentrons Flex 96 Filter Tip Rack 1000 µL on slot B3
Dropping tip into Waste Chute
Picking up tip from A8 of Opentrons Flex 96 Filter Tip Rack 1000 µL on slot B3
Dropping tip into Waste Chute
Picking up tip from A9 of Opentrons Flex 96 Filter Tip Rack 1000 µL on slot B3
Dropping tip into Waste Chute
Picking up tip from A10 of Opentrons Flex 96 Filter Tip Rack 1000 µL on slot B3
Dropping tip into Waste Chute
Picking up tip from A11 of Opentrons Flex 96 Filter Tip Rack 1000 µL on slot B3
Dropping tip into Waste Chute
Picking up tip from A12 of Opentrons Flex 96 Filter Tip Rack 1000 µL on slot B3
Dropping tip into Waste Chute
--> Dry Plate
Setting Temperature Module temperature to 50.0 °C (rounded off to nearest integer)
Waiting for Temperature Module to reach temperature 50.0 °C (rounded off to nearest integer)
Delaying for 10 minutes and 0.0 seconds
Setting Temperature Module temperature to 25.0 °C (rounded off to nearest integer)
Deactivating Heater
Moving Sample Plate to opentrons_96_deep_well_adapter with gripper
Latching labware on Heater-Shaker
Moving Elution Plate to opentrons_96_well_aluminum_block with gripper
--> Elute
Moving opentrons_flex_96_filtertiprack_1000ul to slot A4 with gripper
Moving opentrons_flex_96_filtertiprack_50ul to slot B3 with gripper
Moving opentrons_flex_96_filtertiprack_1000ul to slot B4 with gripper
Picking up tip from A1 of opentrons_flex_96_filtertiprack_50ul on slot B3
Transferring 50.0 from A12 of reagent reservoir on slot C3 to A1 of Sample Plate on Opentrons 96 Deep Well Heater-Shaker Adapter on Heater-Shaker Module GEN1 on slot C1
	Aspirating 50.0 uL from A12 of reagent reservoir on slot C3 at 35.0 uL/sec
	Dispensing 50.0 uL into A1 of Sample Plate on Opentrons 96 Deep Well Heater-Shaker Adapter on Heater-Shaker Module GEN1 on slot C1 at 57.0 uL/sec
	Mixing 10 times with a volume of 37.5 ul
		Aspirating 37.5 uL from A1 of Sample Plate on Opentrons 96 Deep Well Heater-Shaker Adapter on Heater-Shaker Module GEN1 on slot C1 at 35.0 uL/sec
		Dispensing 37.5 uL into A1 of Sample Plate on Opentrons 96 Deep Well Heater-Shaker Adapter on Heater-Shaker Module GEN1 on slot C1 at 57.0 uL/sec
		Aspirating 37.5 uL from A1 of Sample Plate on Opentrons 96 Deep Well Heater-Shaker Adapter on Heater-Shaker Module GEN1 on slot C1 at 35.0 uL/sec
		Dispensing 37.5 uL into A1 of Sample Plate on Opentrons 96 Deep Well Heater-Shaker Adapter on Heater-Shaker Module GEN1 on slot C1 at 57.0 uL/sec
		Aspirating 37.5 uL from A1 of Sample Plate on Opentrons 96 Deep Well Heater-Shaker Adapter on Heater-Shaker Module GEN1 on slot C1 at 35.0 uL/sec
		Dispensing 37.5 uL into A1 of Sample Plate on Opentrons 96 Deep Well Heater-Shaker Adapter on Heater-Shaker Module GEN1 on slot C1 at 57.0 uL/sec
		Aspirating 37.5 uL from A1 of Sample Plate on Opentrons 96 Deep Well Heater-Shaker Adapter on Heater-Shaker Module GEN1 on slot C1 at 35.0 uL/sec
		Dispensing 37.5 uL into A1 of Sample Plate on Opentrons 96 Deep Well Heater-Shaker Adapter on Heater-Shaker Module GEN1 on slot C1 at 57.0 uL/sec
		Aspirating 37.5 uL from A1 of Sample Plate on Opentrons 96 Deep Well Heater-Shaker Adapter on Heater-Shaker Module GEN1 on slot C1 at 35.0 uL/sec
		Dispensing 37.5 uL into A1 of Sample Plate on Opentrons 96 Deep Well Heater-Shaker Adapter on Heater-Shaker Module GEN1 on slot C1 at 57.0 uL/sec
		Aspirating 37.5 uL from A1 of Sample Plate on Opentrons 96 Deep Well Heater-Shaker Adapter on Heater-Shaker Module GEN1 on slot C1 at 35.0 uL/sec
		Dispensing 37.5 uL into A1 of Sample Plate on Opentrons 96 Deep Well Heater-Shaker Adapter on Heater-Shaker Module GEN1 on slot C1 at 57.0 uL/sec
		Aspirating 37.5 uL from A1 of Sample Plate on Opentrons 96 Deep Well Heater-Shaker Adapter on Heater-Shaker Module GEN1 on slot C1 at 35.0 uL/sec
		Dispensing 37.5 uL into A1 of Sample Plate on Opentrons 96 Deep Well Heater-Shaker Adapter on Heater-Shaker Module GEN1 on slot C1 at 57.0 uL/sec
		Aspirating 37.5 uL from A1 of Sample Plate on Opentrons 96 Deep Well Heater-Shaker Adapter on Heater-Shaker Module GEN1 on slot C1 at 35.0 uL/sec
		Dispensing 37.5 uL into A1 of Sample Plate on Opentrons 96 Deep Well Heater-Shaker Adapter on Heater-Shaker Module GEN1 on slot C1 at 57.0 uL/sec
		Aspirating 37.5 uL from A1 of Sample Plate on Opentrons 96 Deep Well Heater-Shaker Adapter on Heater-Shaker Module GEN1 on slot C1 at 35.0 uL/sec
		Dispensing 37.5 uL into A1 of Sample Plate on Opentrons 96 Deep Well Heater-Shaker Adapter on Heater-Shaker Module GEN1 on slot C1 at 57.0 uL/sec
		Aspirating 37.5 uL from A1 of Sample Plate on Opentrons 96 Deep Well Heater-Shaker Adapter on Heater-Shaker Module GEN1 on slot C1 at 35.0 uL/sec
		Dispensing 37.5 uL into A1 of Sample Plate on Opentrons 96 Deep Well Heater-Shaker Adapter on Heater-Shaker Module GEN1 on slot C1 at 57.0 uL/sec
Dropping tip into Waste Chute
Picking up tip from A2 of opentrons_flex_96_filtertiprack_50ul on slot B3
Transferring 50.0 from A12 of reagent reservoir on slot C3 to A2 of Sample Plate on Opentrons 96 Deep Well Heater-Shaker Adapter on Heater-Shaker Module GEN1 on slot C1
	Aspirating 50.0 uL from A12 of reagent reservoir on slot C3 at 35.0 uL/sec
	Dispensing 50.0 uL into A2 of Sample Plate on Opentrons 96 Deep Well Heater-Shaker Adapter on Heater-Shaker Module GEN1 on slot C1 at 57.0 uL/sec
	Mixing 10 times with a volume of 37.5 ul
		Aspirating 37.5 uL from A2 of Sample Plate on Opentrons 96 Deep Well Heater-Shaker Adapter on Heater-Shaker Module GEN1 on slot C1 at 35.0 uL/sec
		Dispensing 37.5 uL into A2 of Sample Plate on Opentrons 96 Deep Well Heater-Shaker Adapter on Heater-Shaker Module GEN1 on slot C1 at 57.0 uL/sec
		Aspirating 37.5 uL from A2 of Sample Plate on Opentrons 96 Deep Well Heater-Shaker Adapter on Heater-Shaker Module GEN1 on slot C1 at 35.0 uL/sec
		Dispensing 37.5 uL into A2 of Sample Plate on Opentrons 96 Deep Well Heater-Shaker Adapter on Heater-Shaker Module GEN1 on slot C1 at 57.0 uL/sec
		Aspirating 37.5 uL from A2 of Sample Plate on Opentrons 96 Deep Well Heater-Shaker Adapter on Heater-Shaker Module GEN1 on slot C1 at 35.0 uL/sec
		Dispensing 37.5 uL into A2 of Sample Plate on Opentrons 96 Deep Well Heater-Shaker Adapter on Heater-Shaker Module GEN1 on slot C1 at 57.0 uL/sec
		Aspirating 37.5 uL from A2 of Sample Plate on Opentrons 96 Deep Well Heater-Shaker Adapter on Heater-Shaker Module GEN1 on slot C1 at 35.0 uL/sec
		Dispensing 37.5 uL into A2 of Sample Plate on Opentrons 96 Deep Well Heater-Shaker Adapter on Heater-Shaker Module GEN1 on slot C1 at 57.0 uL/sec
		Aspirating 37.5 uL from A2 of Sample Plate on Opentrons 96 Deep Well Heater-Shaker Adapter on Heater-Shaker Module GEN1 on slot C1 at 35.0 uL/sec
		Dispensing 37.5 uL into A2 of Sample Plate on Opentrons 96 Deep Well Heater-Shaker Adapter on Heater-Shaker Module GEN1 on slot C1 at 57.0 uL/sec
		Aspirating 37.5 uL from A2 of Sample Plate on Opentrons 96 Deep Well Heater-Shaker Adapter on Heater-Shaker Module GEN1 on slot C1 at 35.0 uL/sec
		Dispensing 37.5 uL into A2 of Sample Plate on Opentrons 96 Deep Well Heater-Shaker Adapter on Heater-Shaker Module GEN1 on slot C1 at 57.0 uL/sec
		Aspirating 37.5 uL from A2 of Sample Plate on Opentrons 96 Deep Well Heater-Shaker Adapter on Heater-Shaker Module GEN1 on slot C1 at 35.0 uL/sec
		Dispensing 37.5 uL into A2 of Sample Plate on Opentrons 96 Deep Well Heater-Shaker Adapter on Heater-Shaker Module GEN1 on slot C1 at 57.0 uL/sec
		Aspirating 37.5 uL from A2 of Sample Plate on Opentrons 96 Deep Well Heater-Shaker Adapter on Heater-Shaker Module GEN1 on slot C1 at 35.0 uL/sec
		Dispensing 37.5 uL into A2 of Sample Plate on Opentrons 96 Deep Well Heater-Shaker Adapter on Heater-Shaker Module GEN1 on slot C1 at 57.0 uL/sec
		Aspirating 37.5 uL from A2 of Sample Plate on Opentrons 96 Deep Well Heater-Shaker Adapter on Heater-Shaker Module GEN1 on slot C1 at 35.0 uL/sec
		Dispensing 37.5 uL into A2 of Sample Plate on Opentrons 96 Deep Well Heater-Shaker Adapter on Heater-Shaker Module GEN1 on slot C1 at 57.0 uL/sec
		Aspirating 37.5 uL from A2 of Sample Plate on Opentrons 96 Deep Well Heater-Shaker Adapter on Heater-Shaker Module GEN1 on slot C1 at 35.0 uL/sec
		Dispensing 37.5 uL into A2 of Sample Plate on Opentrons 96 Deep Well Heater-Shaker Adapter on Heater-Shaker Module GEN1 on slot C1 at 57.0 uL/sec
Dropping tip into Waste Chute
Picking up tip from A3 of opentrons_flex_96_filtertiprack_50ul on slot B3
Transferring 50.0 from A12 of reagent reservoir on slot C3 to A3 of Sample Plate on Opentrons 96 Deep Well Heater-Shaker Adapter on Heater-Shaker Module GEN1 on slot C1
	Aspirating 50.0 uL from A12 of reagent reservoir on slot C3 at 35.0 uL/sec
	Dispensing 50.0 uL into A3 of Sample Plate on Opentrons 96 Deep Well Heater-Shaker Adapter on Heater-Shaker Module GEN1 on slot C1 at 57.0 uL/sec
	Mixing 10 times with a volume of 37.5 ul
		Aspirating 37.5 uL from A3 of Sample Plate on Opentrons 96 Deep Well Heater-Shaker Adapter on Heater-Shaker Module GEN1 on slot C1 at 35.0 uL/sec
		Dispensing 37.5 uL into A3 of Sample Plate on Opentrons 96 Deep Well Heater-Shaker Adapter on Heater-Shaker Module GEN1 on slot C1 at 57.0 uL/sec
		Aspirating 37.5 uL from A3 of Sample Plate on Opentrons 96 Deep Well Heater-Shaker Adapter on Heater-Shaker Module GEN1 on slot C1 at 35.0 uL/sec
		Dispensing 37.5 uL into A3 of Sample Plate on Opentrons 96 Deep Well Heater-Shaker Adapter on Heater-Shaker Module GEN1 on slot C1 at 57.0 uL/sec
		Aspirating 37.5 uL from A3 of Sample Plate on Opentrons 96 Deep Well Heater-Shaker Adapter on Heater-Shaker Module GEN1 on slot C1 at 35.0 uL/sec
		Dispensing 37.5 uL into A3 of Sample Plate on Opentrons 96 Deep Well Heater-Shaker Adapter on Heater-Shaker Module GEN1 on slot C1 at 57.0 uL/sec
		Aspirating 37.5 uL from A3 of Sample Plate on Opentrons 96 Deep Well Heater-Shaker Adapter on Heater-Shaker Module GEN1 on slot C1 at 35.0 uL/sec
		Dispensing 37.5 uL into A3 of Sample Plate on Opentrons 96 Deep Well Heater-Shaker Adapter on Heater-Shaker Module GEN1 on slot C1 at 57.0 uL/sec
		Aspirating 37.5 uL from A3 of Sample Plate on Opentrons 96 Deep Well Heater-Shaker Adapter on Heater-Shaker Module GEN1 on slot C1 at 35.0 uL/sec
		Dispensing 37.5 uL into A3 of Sample Plate on Opentrons 96 Deep Well Heater-Shaker Adapter on Heater-Shaker Module GEN1 on slot C1 at 57.0 uL/sec
		Aspirating 37.5 uL from A3 of Sample Plate on Opentrons 96 Deep Well Heater-Shaker Adapter on Heater-Shaker Module GEN1 on slot C1 at 35.0 uL/sec
		Dispensing 37.5 uL into A3 of Sample Plate on Opentrons 96 Deep Well Heater-Shaker Adapter on Heater-Shaker Module GEN1 on slot C1 at 57.0 uL/sec
		Aspirating 37.5 uL from A3 of Sample Plate on Opentrons 96 Deep Well Heater-Shaker Adapter on Heater-Shaker Module GEN1 on slot C1 at 35.0 uL/sec
		Dispensing 37.5 uL into A3 of Sample Plate on Opentrons 96 Deep Well Heater-Shaker Adapter on Heater-Shaker Module GEN1 on slot C1 at 57.0 uL/sec
		Aspirating 37.5 uL from A3 of Sample Plate on Opentrons 96 Deep Well Heater-Shaker Adapter on Heater-Shaker Module GEN1 on slot C1 at 35.0 uL/sec
		Dispensing 37.5 uL into A3 of Sample Plate on Opentrons 96 Deep Well Heater-Shaker Adapter on Heater-Shaker Module GEN1 on slot C1 at 57.0 uL/sec
		Aspirating 37.5 uL from A3 of Sample Plate on Opentrons 96 Deep Well Heater-Shaker Adapter on Heater-Shaker Module GEN1 on slot C1 at 35.0 uL/sec
		Dispensing 37.5 uL into A3 of Sample Plate on Opentrons 96 Deep Well Heater-Shaker Adapter on Heater-Shaker Module GEN1 on slot C1 at 57.0 uL/sec
		Aspirating 37.5 uL from A3 of Sample Plate on Opentrons 96 Deep Well Heater-Shaker Adapter on Heater-Shaker Module GEN1 on slot C1 at 35.0 uL/sec
		Dispensing 37.5 uL into A3 of Sample Plate on Opentrons 96 Deep Well Heater-Shaker Adapter on Heater-Shaker Module GEN1 on slot C1 at 57.0 uL/sec
Dropping tip into Waste Chute
Picking up tip from A4 of opentrons_flex_96_filtertiprack_50ul on slot B3
Transferring 50.0 from A12 of reagent reservoir on slot C3 to A4 of Sample Plate on Opentrons 96 Deep Well Heater-Shaker Adapter on Heater-Shaker Module GEN1 on slot C1
	Aspirating 50.0 uL from A12 of reagent reservoir on slot C3 at 35.0 uL/sec
	Dispensing 50.0 uL into A4 of Sample Plate on Opentrons 96 Deep Well Heater-Shaker Adapter on Heater-Shaker Module GEN1 on slot C1 at 57.0 uL/sec
	Mixing 10 times with a volume of 37.5 ul
		Aspirating 37.5 uL from A4 of Sample Plate on Opentrons 96 Deep Well Heater-Shaker Adapter on Heater-Shaker Module GEN1 on slot C1 at 35.0 uL/sec
		Dispensing 37.5 uL into A4 of Sample Plate on Opentrons 96 Deep Well Heater-Shaker Adapter on Heater-Shaker Module GEN1 on slot C1 at 57.0 uL/sec
		Aspirating 37.5 uL from A4 of Sample Plate on Opentrons 96 Deep Well Heater-Shaker Adapter on Heater-Shaker Module GEN1 on slot C1 at 35.0 uL/sec
		Dispensing 37.5 uL into A4 of Sample Plate on Opentrons 96 Deep Well Heater-Shaker Adapter on Heater-Shaker Module GEN1 on slot C1 at 57.0 uL/sec
		Aspirating 37.5 uL from A4 of Sample Plate on Opentrons 96 Deep Well Heater-Shaker Adapter on Heater-Shaker Module GEN1 on slot C1 at 35.0 uL/sec
		Dispensing 37.5 uL into A4 of Sample Plate on Opentrons 96 Deep Well Heater-Shaker Adapter on Heater-Shaker Module GEN1 on slot C1 at 57.0 uL/sec
		Aspirating 37.5 uL from A4 of Sample Plate on Opentrons 96 Deep Well Heater-Shaker Adapter on Heater-Shaker Module GEN1 on slot C1 at 35.0 uL/sec
		Dispensing 37.5 uL into A4 of Sample Plate on Opentrons 96 Deep Well Heater-Shaker Adapter on Heater-Shaker Module GEN1 on slot C1 at 57.0 uL/sec
		Aspirating 37.5 uL from A4 of Sample Plate on Opentrons 96 Deep Well Heater-Shaker Adapter on Heater-Shaker Module GEN1 on slot C1 at 35.0 uL/sec
		Dispensing 37.5 uL into A4 of Sample Plate on Opentrons 96 Deep Well Heater-Shaker Adapter on Heater-Shaker Module GEN1 on slot C1 at 57.0 uL/sec
		Aspirating 37.5 uL from A4 of Sample Plate on Opentrons 96 Deep Well Heater-Shaker Adapter on Heater-Shaker Module GEN1 on slot C1 at 35.0 uL/sec
		Dispensing 37.5 uL into A4 of Sample Plate on Opentrons 96 Deep Well Heater-Shaker Adapter on Heater-Shaker Module GEN1 on slot C1 at 57.0 uL/sec
		Aspirating 37.5 uL from A4 of Sample Plate on Opentrons 96 Deep Well Heater-Shaker Adapter on Heater-Shaker Module GEN1 on slot C1 at 35.0 uL/sec
		Dispensing 37.5 uL into A4 of Sample Plate on Opentrons 96 Deep Well Heater-Shaker Adapter on Heater-Shaker Module GEN1 on slot C1 at 57.0 uL/sec
		Aspirating 37.5 uL from A4 of Sample Plate on Opentrons 96 Deep Well Heater-Shaker Adapter on Heater-Shaker Module GEN1 on slot C1 at 35.0 uL/sec
		Dispensing 37.5 uL into A4 of Sample Plate on Opentrons 96 Deep Well Heater-Shaker Adapter on Heater-Shaker Module GEN1 on slot C1 at 57.0 uL/sec
		Aspirating 37.5 uL from A4 of Sample Plate on Opentrons 96 Deep Well Heater-Shaker Adapter on Heater-Shaker Module GEN1 on slot C1 at 35.0 uL/sec
		Dispensing 37.5 uL into A4 of Sample Plate on Opentrons 96 Deep Well Heater-Shaker Adapter on Heater-Shaker Module GEN1 on slot C1 at 57.0 uL/sec
		Aspirating 37.5 uL from A4 of Sample Plate on Opentrons 96 Deep Well Heater-Shaker Adapter on Heater-Shaker Module GEN1 on slot C1 at 35.0 uL/sec
		Dispensing 37.5 uL into A4 of Sample Plate on Opentrons 96 Deep Well Heater-Shaker Adapter on Heater-Shaker Module GEN1 on slot C1 at 57.0 uL/sec
Dropping tip into Waste Chute
Picking up tip from A5 of opentrons_flex_96_filtertiprack_50ul on slot B3
Transferring 50.0 from A12 of reagent reservoir on slot C3 to A5 of Sample Plate on Opentrons 96 Deep Well Heater-Shaker Adapter on Heater-Shaker Module GEN1 on slot C1
	Aspirating 50.0 uL from A12 of reagent reservoir on slot C3 at 35.0 uL/sec
	Dispensing 50.0 uL into A5 of Sample Plate on Opentrons 96 Deep Well Heater-Shaker Adapter on Heater-Shaker Module GEN1 on slot C1 at 57.0 uL/sec
	Mixing 10 times with a volume of 37.5 ul
		Aspirating 37.5 uL from A5 of Sample Plate on Opentrons 96 Deep Well Heater-Shaker Adapter on Heater-Shaker Module GEN1 on slot C1 at 35.0 uL/sec
		Dispensing 37.5 uL into A5 of Sample Plate on Opentrons 96 Deep Well Heater-Shaker Adapter on Heater-Shaker Module GEN1 on slot C1 at 57.0 uL/sec
		Aspirating 37.5 uL from A5 of Sample Plate on Opentrons 96 Deep Well Heater-Shaker Adapter on Heater-Shaker Module GEN1 on slot C1 at 35.0 uL/sec
		Dispensing 37.5 uL into A5 of Sample Plate on Opentrons 96 Deep Well Heater-Shaker Adapter on Heater-Shaker Module GEN1 on slot C1 at 57.0 uL/sec
		Aspirating 37.5 uL from A5 of Sample Plate on Opentrons 96 Deep Well Heater-Shaker Adapter on Heater-Shaker Module GEN1 on slot C1 at 35.0 uL/sec
		Dispensing 37.5 uL into A5 of Sample Plate on Opentrons 96 Deep Well Heater-Shaker Adapter on Heater-Shaker Module GEN1 on slot C1 at 57.0 uL/sec
		Aspirating 37.5 uL from A5 of Sample Plate on Opentrons 96 Deep Well Heater-Shaker Adapter on Heater-Shaker Module GEN1 on slot C1 at 35.0 uL/sec
		Dispensing 37.5 uL into A5 of Sample Plate on Opentrons 96 Deep Well Heater-Shaker Adapter on Heater-Shaker Module GEN1 on slot C1 at 57.0 uL/sec
		Aspirating 37.5 uL from A5 of Sample Plate on Opentrons 96 Deep Well Heater-Shaker Adapter on Heater-Shaker Module GEN1 on slot C1 at 35.0 uL/sec
		Dispensing 37.5 uL into A5 of Sample Plate on Opentrons 96 Deep Well Heater-Shaker Adapter on Heater-Shaker Module GEN1 on slot C1 at 57.0 uL/sec
		Aspirating 37.5 uL from A5 of Sample Plate on Opentrons 96 Deep Well Heater-Shaker Adapter on Heater-Shaker Module GEN1 on slot C1 at 35.0 uL/sec
		Dispensing 37.5 uL into A5 of Sample Plate on Opentrons 96 Deep Well Heater-Shaker Adapter on Heater-Shaker Module GEN1 on slot C1 at 57.0 uL/sec
		Aspirating 37.5 uL from A5 of Sample Plate on Opentrons 96 Deep Well Heater-Shaker Adapter on Heater-Shaker Module GEN1 on slot C1 at 35.0 uL/sec
		Dispensing 37.5 uL into A5 of Sample Plate on Opentrons 96 Deep Well Heater-Shaker Adapter on Heater-Shaker Module GEN1 on slot C1 at 57.0 uL/sec
		Aspirating 37.5 uL from A5 of Sample Plate on Opentrons 96 Deep Well Heater-Shaker Adapter on Heater-Shaker Module GEN1 on slot C1 at 35.0 uL/sec
		Dispensing 37.5 uL into A5 of Sample Plate on Opentrons 96 Deep Well Heater-Shaker Adapter on Heater-Shaker Module GEN1 on slot C1 at 57.0 uL/sec
		Aspirating 37.5 uL from A5 of Sample Plate on Opentrons 96 Deep Well Heater-Shaker Adapter on Heater-Shaker Module GEN1 on slot C1 at 35.0 uL/sec
		Dispensing 37.5 uL into A5 of Sample Plate on Opentrons 96 Deep Well Heater-Shaker Adapter on Heater-Shaker Module GEN1 on slot C1 at 57.0 uL/sec
		Aspirating 37.5 uL from A5 of Sample Plate on Opentrons 96 Deep Well Heater-Shaker Adapter on Heater-Shaker Module GEN1 on slot C1 at 35.0 uL/sec
		Dispensing 37.5 uL into A5 of Sample Plate on Opentrons 96 Deep Well Heater-Shaker Adapter on Heater-Shaker Module GEN1 on slot C1 at 57.0 uL/sec
Dropping tip into Waste Chute
Picking up tip from A6 of opentrons_flex_96_filtertiprack_50ul on slot B3
Transferring 50.0 from A12 of reagent reservoir on slot C3 to A6 of Sample Plate on Opentrons 96 Deep Well Heater-Shaker Adapter on Heater-Shaker Module GEN1 on slot C1
	Aspirating 50.0 uL from A12 of reagent reservoir on slot C3 at 35.0 uL/sec
	Dispensing 50.0 uL into A6 of Sample Plate on Opentrons 96 Deep Well Heater-Shaker Adapter on Heater-Shaker Module GEN1 on slot C1 at 57.0 uL/sec
	Mixing 10 times with a volume of 37.5 ul
		Aspirating 37.5 uL from A6 of Sample Plate on Opentrons 96 Deep Well Heater-Shaker Adapter on Heater-Shaker Module GEN1 on slot C1 at 35.0 uL/sec
		Dispensing 37.5 uL into A6 of Sample Plate on Opentrons 96 Deep Well Heater-Shaker Adapter on Heater-Shaker Module GEN1 on slot C1 at 57.0 uL/sec
		Aspirating 37.5 uL from A6 of Sample Plate on Opentrons 96 Deep Well Heater-Shaker Adapter on Heater-Shaker Module GEN1 on slot C1 at 35.0 uL/sec
		Dispensing 37.5 uL into A6 of Sample Plate on Opentrons 96 Deep Well Heater-Shaker Adapter on Heater-Shaker Module GEN1 on slot C1 at 57.0 uL/sec
		Aspirating 37.5 uL from A6 of Sample Plate on Opentrons 96 Deep Well Heater-Shaker Adapter on Heater-Shaker Module GEN1 on slot C1 at 35.0 uL/sec
		Dispensing 37.5 uL into A6 of Sample Plate on Opentrons 96 Deep Well Heater-Shaker Adapter on Heater-Shaker Module GEN1 on slot C1 at 57.0 uL/sec
		Aspirating 37.5 uL from A6 of Sample Plate on Opentrons 96 Deep Well Heater-Shaker Adapter on Heater-Shaker Module GEN1 on slot C1 at 35.0 uL/sec
		Dispensing 37.5 uL into A6 of Sample Plate on Opentrons 96 Deep Well Heater-Shaker Adapter on Heater-Shaker Module GEN1 on slot C1 at 57.0 uL/sec
		Aspirating 37.5 uL from A6 of Sample Plate on Opentrons 96 Deep Well Heater-Shaker Adapter on Heater-Shaker Module GEN1 on slot C1 at 35.0 uL/sec
		Dispensing 37.5 uL into A6 of Sample Plate on Opentrons 96 Deep Well Heater-Shaker Adapter on Heater-Shaker Module GEN1 on slot C1 at 57.0 uL/sec
		Aspirating 37.5 uL from A6 of Sample Plate on Opentrons 96 Deep Well Heater-Shaker Adapter on Heater-Shaker Module GEN1 on slot C1 at 35.0 uL/sec
		Dispensing 37.5 uL into A6 of Sample Plate on Opentrons 96 Deep Well Heater-Shaker Adapter on Heater-Shaker Module GEN1 on slot C1 at 57.0 uL/sec
		Aspirating 37.5 uL from A6 of Sample Plate on Opentrons 96 Deep Well Heater-Shaker Adapter on Heater-Shaker Module GEN1 on slot C1 at 35.0 uL/sec
		Dispensing 37.5 uL into A6 of Sample Plate on Opentrons 96 Deep Well Heater-Shaker Adapter on Heater-Shaker Module GEN1 on slot C1 at 57.0 uL/sec
		Aspirating 37.5 uL from A6 of Sample Plate on Opentrons 96 Deep Well Heater-Shaker Adapter on Heater-Shaker Module GEN1 on slot C1 at 35.0 uL/sec
		Dispensing 37.5 uL into A6 of Sample Plate on Opentrons 96 Deep Well Heater-Shaker Adapter on Heater-Shaker Module GEN1 on slot C1 at 57.0 uL/sec
		Aspirating 37.5 uL from A6 of Sample Plate on Opentrons 96 Deep Well Heater-Shaker Adapter on Heater-Shaker Module GEN1 on slot C1 at 35.0 uL/sec
		Dispensing 37.5 uL into A6 of Sample Plate on Opentrons 96 Deep Well Heater-Shaker Adapter on Heater-Shaker Module GEN1 on slot C1 at 57.0 uL/sec
		Aspirating 37.5 uL from A6 of Sample Plate on Opentrons 96 Deep Well Heater-Shaker Adapter on Heater-Shaker Module GEN1 on slot C1 at 35.0 uL/sec
		Dispensing 37.5 uL into A6 of Sample Plate on Opentrons 96 Deep Well Heater-Shaker Adapter on Heater-Shaker Module GEN1 on slot C1 at 57.0 uL/sec
Dropping tip into Waste Chute
Picking up tip from A7 of opentrons_flex_96_filtertiprack_50ul on slot B3
Transferring 50.0 from A12 of reagent reservoir on slot C3 to A7 of Sample Plate on Opentrons 96 Deep Well Heater-Shaker Adapter on Heater-Shaker Module GEN1 on slot C1
	Aspirating 50.0 uL from A12 of reagent reservoir on slot C3 at 35.0 uL/sec
	Dispensing 50.0 uL into A7 of Sample Plate on Opentrons 96 Deep Well Heater-Shaker Adapter on Heater-Shaker Module GEN1 on slot C1 at 57.0 uL/sec
	Mixing 10 times with a volume of 37.5 ul
		Aspirating 37.5 uL from A7 of Sample Plate on Opentrons 96 Deep Well Heater-Shaker Adapter on Heater-Shaker Module GEN1 on slot C1 at 35.0 uL/sec
		Dispensing 37.5 uL into A7 of Sample Plate on Opentrons 96 Deep Well Heater-Shaker Adapter on Heater-Shaker Module GEN1 on slot C1 at 57.0 uL/sec
		Aspirating 37.5 uL from A7 of Sample Plate on Opentrons 96 Deep Well Heater-Shaker Adapter on Heater-Shaker Module GEN1 on slot C1 at 35.0 uL/sec
		Dispensing 37.5 uL into A7 of Sample Plate on Opentrons 96 Deep Well Heater-Shaker Adapter on Heater-Shaker Module GEN1 on slot C1 at 57.0 uL/sec
		Aspirating 37.5 uL from A7 of Sample Plate on Opentrons 96 Deep Well Heater-Shaker Adapter on Heater-Shaker Module GEN1 on slot C1 at 35.0 uL/sec
		Dispensing 37.5 uL into A7 of Sample Plate on Opentrons 96 Deep Well Heater-Shaker Adapter on Heater-Shaker Module GEN1 on slot C1 at 57.0 uL/sec
		Aspirating 37.5 uL from A7 of Sample Plate on Opentrons 96 Deep Well Heater-Shaker Adapter on Heater-Shaker Module GEN1 on slot C1 at 35.0 uL/sec
		Dispensing 37.5 uL into A7 of Sample Plate on Opentrons 96 Deep Well Heater-Shaker Adapter on Heater-Shaker Module GEN1 on slot C1 at 57.0 uL/sec
		Aspirating 37.5 uL from A7 of Sample Plate on Opentrons 96 Deep Well Heater-Shaker Adapter on Heater-Shaker Module GEN1 on slot C1 at 35.0 uL/sec
		Dispensing 37.5 uL into A7 of Sample Plate on Opentrons 96 Deep Well Heater-Shaker Adapter on Heater-Shaker Module GEN1 on slot C1 at 57.0 uL/sec
		Aspirating 37.5 uL from A7 of Sample Plate on Opentrons 96 Deep Well Heater-Shaker Adapter on Heater-Shaker Module GEN1 on slot C1 at 35.0 uL/sec
		Dispensing 37.5 uL into A7 of Sample Plate on Opentrons 96 Deep Well Heater-Shaker Adapter on Heater-Shaker Module GEN1 on slot C1 at 57.0 uL/sec
		Aspirating 37.5 uL from A7 of Sample Plate on Opentrons 96 Deep Well Heater-Shaker Adapter on Heater-Shaker Module GEN1 on slot C1 at 35.0 uL/sec
		Dispensing 37.5 uL into A7 of Sample Plate on Opentrons 96 Deep Well Heater-Shaker Adapter on Heater-Shaker Module GEN1 on slot C1 at 57.0 uL/sec
		Aspirating 37.5 uL from A7 of Sample Plate on Opentrons 96 Deep Well Heater-Shaker Adapter on Heater-Shaker Module GEN1 on slot C1 at 35.0 uL/sec
		Dispensing 37.5 uL into A7 of Sample Plate on Opentrons 96 Deep Well Heater-Shaker Adapter on Heater-Shaker Module GEN1 on slot C1 at 57.0 uL/sec
		Aspirating 37.5 uL from A7 of Sample Plate on Opentrons 96 Deep Well Heater-Shaker Adapter on Heater-Shaker Module GEN1 on slot C1 at 35.0 uL/sec
		Dispensing 37.5 uL into A7 of Sample Plate on Opentrons 96 Deep Well Heater-Shaker Adapter on Heater-Shaker Module GEN1 on slot C1 at 57.0 uL/sec
		Aspirating 37.5 uL from A7 of Sample Plate on Opentrons 96 Deep Well Heater-Shaker Adapter on Heater-Shaker Module GEN1 on slot C1 at 35.0 uL/sec
		Dispensing 37.5 uL into A7 of Sample Plate on Opentrons 96 Deep Well Heater-Shaker Adapter on Heater-Shaker Module GEN1 on slot C1 at 57.0 uL/sec
Dropping tip into Waste Chute
Picking up tip from A8 of opentrons_flex_96_filtertiprack_50ul on slot B3
Transferring 50.0 from A12 of reagent reservoir on slot C3 to A8 of Sample Plate on Opentrons 96 Deep Well Heater-Shaker Adapter on Heater-Shaker Module GEN1 on slot C1
	Aspirating 50.0 uL from A12 of reagent reservoir on slot C3 at 35.0 uL/sec
	Dispensing 50.0 uL into A8 of Sample Plate on Opentrons 96 Deep Well Heater-Shaker Adapter on Heater-Shaker Module GEN1 on slot C1 at 57.0 uL/sec
	Mixing 10 times with a volume of 37.5 ul
		Aspirating 37.5 uL from A8 of Sample Plate on Opentrons 96 Deep Well Heater-Shaker Adapter on Heater-Shaker Module GEN1 on slot C1 at 35.0 uL/sec
		Dispensing 37.5 uL into A8 of Sample Plate on Opentrons 96 Deep Well Heater-Shaker Adapter on Heater-Shaker Module GEN1 on slot C1 at 57.0 uL/sec
		Aspirating 37.5 uL from A8 of Sample Plate on Opentrons 96 Deep Well Heater-Shaker Adapter on Heater-Shaker Module GEN1 on slot C1 at 35.0 uL/sec
		Dispensing 37.5 uL into A8 of Sample Plate on Opentrons 96 Deep Well Heater-Shaker Adapter on Heater-Shaker Module GEN1 on slot C1 at 57.0 uL/sec
		Aspirating 37.5 uL from A8 of Sample Plate on Opentrons 96 Deep Well Heater-Shaker Adapter on Heater-Shaker Module GEN1 on slot C1 at 35.0 uL/sec
		Dispensing 37.5 uL into A8 of Sample Plate on Opentrons 96 Deep Well Heater-Shaker Adapter on Heater-Shaker Module GEN1 on slot C1 at 57.0 uL/sec
		Aspirating 37.5 uL from A8 of Sample Plate on Opentrons 96 Deep Well Heater-Shaker Adapter on Heater-Shaker Module GEN1 on slot C1 at 35.0 uL/sec
		Dispensing 37.5 uL into A8 of Sample Plate on Opentrons 96 Deep Well Heater-Shaker Adapter on Heater-Shaker Module GEN1 on slot C1 at 57.0 uL/sec
		Aspirating 37.5 uL from A8 of Sample Plate on Opentrons 96 Deep Well Heater-Shaker Adapter on Heater-Shaker Module GEN1 on slot C1 at 35.0 uL/sec
		Dispensing 37.5 uL into A8 of Sample Plate on Opentrons 96 Deep Well Heater-Shaker Adapter on Heater-Shaker Module GEN1 on slot C1 at 57.0 uL/sec
		Aspirating 37.5 uL from A8 of Sample Plate on Opentrons 96 Deep Well Heater-Shaker Adapter on Heater-Shaker Module GEN1 on slot C1 at 35.0 uL/sec
		Dispensing 37.5 uL into A8 of Sample Plate on Opentrons 96 Deep Well Heater-Shaker Adapter on Heater-Shaker Module GEN1 on slot C1 at 57.0 uL/sec
		Aspirating 37.5 uL from A8 of Sample Plate on Opentrons 96 Deep Well Heater-Shaker Adapter on Heater-Shaker Module GEN1 on slot C1 at 35.0 uL/sec
		Dispensing 37.5 uL into A8 of Sample Plate on Opentrons 96 Deep Well Heater-Shaker Adapter on Heater-Shaker Module GEN1 on slot C1 at 57.0 uL/sec
		Aspirating 37.5 uL from A8 of Sample Plate on Opentrons 96 Deep Well Heater-Shaker Adapter on Heater-Shaker Module GEN1 on slot C1 at 35.0 uL/sec
		Dispensing 37.5 uL into A8 of Sample Plate on Opentrons 96 Deep Well Heater-Shaker Adapter on Heater-Shaker Module GEN1 on slot C1 at 57.0 uL/sec
		Aspirating 37.5 uL from A8 of Sample Plate on Opentrons 96 Deep Well Heater-Shaker Adapter on Heater-Shaker Module GEN1 on slot C1 at 35.0 uL/sec
		Dispensing 37.5 uL into A8 of Sample Plate on Opentrons 96 Deep Well Heater-Shaker Adapter on Heater-Shaker Module GEN1 on slot C1 at 57.0 uL/sec
		Aspirating 37.5 uL from A8 of Sample Plate on Opentrons 96 Deep Well Heater-Shaker Adapter on Heater-Shaker Module GEN1 on slot C1 at 35.0 uL/sec
		Dispensing 37.5 uL into A8 of Sample Plate on Opentrons 96 Deep Well Heater-Shaker Adapter on Heater-Shaker Module GEN1 on slot C1 at 57.0 uL/sec
Dropping tip into Waste Chute
Picking up tip from A9 of opentrons_flex_96_filtertiprack_50ul on slot B3
Transferring 50.0 from A12 of reagent reservoir on slot C3 to A9 of Sample Plate on Opentrons 96 Deep Well Heater-Shaker Adapter on Heater-Shaker Module GEN1 on slot C1
	Aspirating 50.0 uL from A12 of reagent reservoir on slot C3 at 35.0 uL/sec
	Dispensing 50.0 uL into A9 of Sample Plate on Opentrons 96 Deep Well Heater-Shaker Adapter on Heater-Shaker Module GEN1 on slot C1 at 57.0 uL/sec
	Mixing 10 times with a volume of 37.5 ul
		Aspirating 37.5 uL from A9 of Sample Plate on Opentrons 96 Deep Well Heater-Shaker Adapter on Heater-Shaker Module GEN1 on slot C1 at 35.0 uL/sec
		Dispensing 37.5 uL into A9 of Sample Plate on Opentrons 96 Deep Well Heater-Shaker Adapter on Heater-Shaker Module GEN1 on slot C1 at 57.0 uL/sec
		Aspirating 37.5 uL from A9 of Sample Plate on Opentrons 96 Deep Well Heater-Shaker Adapter on Heater-Shaker Module GEN1 on slot C1 at 35.0 uL/sec
		Dispensing 37.5 uL into A9 of Sample Plate on Opentrons 96 Deep Well Heater-Shaker Adapter on Heater-Shaker Module GEN1 on slot C1 at 57.0 uL/sec
		Aspirating 37.5 uL from A9 of Sample Plate on Opentrons 96 Deep Well Heater-Shaker Adapter on Heater-Shaker Module GEN1 on slot C1 at 35.0 uL/sec
		Dispensing 37.5 uL into A9 of Sample Plate on Opentrons 96 Deep Well Heater-Shaker Adapter on Heater-Shaker Module GEN1 on slot C1 at 57.0 uL/sec
		Aspirating 37.5 uL from A9 of Sample Plate on Opentrons 96 Deep Well Heater-Shaker Adapter on Heater-Shaker Module GEN1 on slot C1 at 35.0 uL/sec
		Dispensing 37.5 uL into A9 of Sample Plate on Opentrons 96 Deep Well Heater-Shaker Adapter on Heater-Shaker Module GEN1 on slot C1 at 57.0 uL/sec
		Aspirating 37.5 uL from A9 of Sample Plate on Opentrons 96 Deep Well Heater-Shaker Adapter on Heater-Shaker Module GEN1 on slot C1 at 35.0 uL/sec
		Dispensing 37.5 uL into A9 of Sample Plate on Opentrons 96 Deep Well Heater-Shaker Adapter on Heater-Shaker Module GEN1 on slot C1 at 57.0 uL/sec
		Aspirating 37.5 uL from A9 of Sample Plate on Opentrons 96 Deep Well Heater-Shaker Adapter on Heater-Shaker Module GEN1 on slot C1 at 35.0 uL/sec
		Dispensing 37.5 uL into A9 of Sample Plate on Opentrons 96 Deep Well Heater-Shaker Adapter on Heater-Shaker Module GEN1 on slot C1 at 57.0 uL/sec
		Aspirating 37.5 uL from A9 of Sample Plate on Opentrons 96 Deep Well Heater-Shaker Adapter on Heater-Shaker Module GEN1 on slot C1 at 35.0 uL/sec
		Dispensing 37.5 uL into A9 of Sample Plate on Opentrons 96 Deep Well Heater-Shaker Adapter on Heater-Shaker Module GEN1 on slot C1 at 57.0 uL/sec
		Aspirating 37.5 uL from A9 of Sample Plate on Opentrons 96 Deep Well Heater-Shaker Adapter on Heater-Shaker Module GEN1 on slot C1 at 35.0 uL/sec
		Dispensing 37.5 uL into A9 of Sample Plate on Opentrons 96 Deep Well Heater-Shaker Adapter on Heater-Shaker Module GEN1 on slot C1 at 57.0 uL/sec
		Aspirating 37.5 uL from A9 of Sample Plate on Opentrons 96 Deep Well Heater-Shaker Adapter on Heater-Shaker Module GEN1 on slot C1 at 35.0 uL/sec
		Dispensing 37.5 uL into A9 of Sample Plate on Opentrons 96 Deep Well Heater-Shaker Adapter on Heater-Shaker Module GEN1 on slot C1 at 57.0 uL/sec
		Aspirating 37.5 uL from A9 of Sample Plate on Opentrons 96 Deep Well Heater-Shaker Adapter on Heater-Shaker Module GEN1 on slot C1 at 35.0 uL/sec
		Dispensing 37.5 uL into A9 of Sample Plate on Opentrons 96 Deep Well Heater-Shaker Adapter on Heater-Shaker Module GEN1 on slot C1 at 57.0 uL/sec
Dropping tip into Waste Chute
Picking up tip from A10 of opentrons_flex_96_filtertiprack_50ul on slot B3
Transferring 50.0 from A12 of reagent reservoir on slot C3 to A10 of Sample Plate on Opentrons 96 Deep Well Heater-Shaker Adapter on Heater-Shaker Module GEN1 on slot C1
	Aspirating 50.0 uL from A12 of reagent reservoir on slot C3 at 35.0 uL/sec
	Dispensing 50.0 uL into A10 of Sample Plate on Opentrons 96 Deep Well Heater-Shaker Adapter on Heater-Shaker Module GEN1 on slot C1 at 57.0 uL/sec
	Mixing 10 times with a volume of 37.5 ul
		Aspirating 37.5 uL from A10 of Sample Plate on Opentrons 96 Deep Well Heater-Shaker Adapter on Heater-Shaker Module GEN1 on slot C1 at 35.0 uL/sec
		Dispensing 37.5 uL into A10 of Sample Plate on Opentrons 96 Deep Well Heater-Shaker Adapter on Heater-Shaker Module GEN1 on slot C1 at 57.0 uL/sec
		Aspirating 37.5 uL from A10 of Sample Plate on Opentrons 96 Deep Well Heater-Shaker Adapter on Heater-Shaker Module GEN1 on slot C1 at 35.0 uL/sec
		Dispensing 37.5 uL into A10 of Sample Plate on Opentrons 96 Deep Well Heater-Shaker Adapter on Heater-Shaker Module GEN1 on slot C1 at 57.0 uL/sec
		Aspirating 37.5 uL from A10 of Sample Plate on Opentrons 96 Deep Well Heater-Shaker Adapter on Heater-Shaker Module GEN1 on slot C1 at 35.0 uL/sec
		Dispensing 37.5 uL into A10 of Sample Plate on Opentrons 96 Deep Well Heater-Shaker Adapter on Heater-Shaker Module GEN1 on slot C1 at 57.0 uL/sec
		Aspirating 37.5 uL from A10 of Sample Plate on Opentrons 96 Deep Well Heater-Shaker Adapter on Heater-Shaker Module GEN1 on slot C1 at 35.0 uL/sec
		Dispensing 37.5 uL into A10 of Sample Plate on Opentrons 96 Deep Well Heater-Shaker Adapter on Heater-Shaker Module GEN1 on slot C1 at 57.0 uL/sec
		Aspirating 37.5 uL from A10 of Sample Plate on Opentrons 96 Deep Well Heater-Shaker Adapter on Heater-Shaker Module GEN1 on slot C1 at 35.0 uL/sec
		Dispensing 37.5 uL into A10 of Sample Plate on Opentrons 96 Deep Well Heater-Shaker Adapter on Heater-Shaker Module GEN1 on slot C1 at 57.0 uL/sec
		Aspirating 37.5 uL from A10 of Sample Plate on Opentrons 96 Deep Well Heater-Shaker Adapter on Heater-Shaker Module GEN1 on slot C1 at 35.0 uL/sec
		Dispensing 37.5 uL into A10 of Sample Plate on Opentrons 96 Deep Well Heater-Shaker Adapter on Heater-Shaker Module GEN1 on slot C1 at 57.0 uL/sec
		Aspirating 37.5 uL from A10 of Sample Plate on Opentrons 96 Deep Well Heater-Shaker Adapter on Heater-Shaker Module GEN1 on slot C1 at 35.0 uL/sec
		Dispensing 37.5 uL into A10 of Sample Plate on Opentrons 96 Deep Well Heater-Shaker Adapter on Heater-Shaker Module GEN1 on slot C1 at 57.0 uL/sec
		Aspirating 37.5 uL from A10 of Sample Plate on Opentrons 96 Deep Well Heater-Shaker Adapter on Heater-Shaker Module GEN1 on slot C1 at 35.0 uL/sec
		Dispensing 37.5 uL into A10 of Sample Plate on Opentrons 96 Deep Well Heater-Shaker Adapter on Heater-Shaker Module GEN1 on slot C1 at 57.0 uL/sec
		Aspirating 37.5 uL from A10 of Sample Plate on Opentrons 96 Deep Well Heater-Shaker Adapter on Heater-Shaker Module GEN1 on slot C1 at 35.0 uL/sec
		Dispensing 37.5 uL into A10 of Sample Plate on Opentrons 96 Deep Well Heater-Shaker Adapter on Heater-Shaker Module GEN1 on slot C1 at 57.0 uL/sec
		Aspirating 37.5 uL from A10 of Sample Plate on Opentrons 96 Deep Well Heater-Shaker Adapter on Heater-Shaker Module GEN1 on slot C1 at 35.0 uL/sec
		Dispensing 37.5 uL into A10 of Sample Plate on Opentrons 96 Deep Well Heater-Shaker Adapter on Heater-Shaker Module GEN1 on slot C1 at 57.0 uL/sec
Dropping tip into Waste Chute
Picking up tip from A11 of opentrons_flex_96_filtertiprack_50ul on slot B3
Transferring 50.0 from A12 of reagent reservoir on slot C3 to A11 of Sample Plate on Opentrons 96 Deep Well Heater-Shaker Adapter on Heater-Shaker Module GEN1 on slot C1
	Aspirating 50.0 uL from A12 of reagent reservoir on slot C3 at 35.0 uL/sec
	Dispensing 50.0 uL into A11 of Sample Plate on Opentrons 96 Deep Well Heater-Shaker Adapter on Heater-Shaker Module GEN1 on slot C1 at 57.0 uL/sec
	Mixing 10 times with a volume of 37.5 ul
		Aspirating 37.5 uL from A11 of Sample Plate on Opentrons 96 Deep Well Heater-Shaker Adapter on Heater-Shaker Module GEN1 on slot C1 at 35.0 uL/sec
		Dispensing 37.5 uL into A11 of Sample Plate on Opentrons 96 Deep Well Heater-Shaker Adapter on Heater-Shaker Module GEN1 on slot C1 at 57.0 uL/sec
		Aspirating 37.5 uL from A11 of Sample Plate on Opentrons 96 Deep Well Heater-Shaker Adapter on Heater-Shaker Module GEN1 on slot C1 at 35.0 uL/sec
		Dispensing 37.5 uL into A11 of Sample Plate on Opentrons 96 Deep Well Heater-Shaker Adapter on Heater-Shaker Module GEN1 on slot C1 at 57.0 uL/sec
		Aspirating 37.5 uL from A11 of Sample Plate on Opentrons 96 Deep Well Heater-Shaker Adapter on Heater-Shaker Module GEN1 on slot C1 at 35.0 uL/sec
		Dispensing 37.5 uL into A11 of Sample Plate on Opentrons 96 Deep Well Heater-Shaker Adapter on Heater-Shaker Module GEN1 on slot C1 at 57.0 uL/sec
		Aspirating 37.5 uL from A11 of Sample Plate on Opentrons 96 Deep Well Heater-Shaker Adapter on Heater-Shaker Module GEN1 on slot C1 at 35.0 uL/sec
		Dispensing 37.5 uL into A11 of Sample Plate on Opentrons 96 Deep Well Heater-Shaker Adapter on Heater-Shaker Module GEN1 on slot C1 at 57.0 uL/sec
		Aspirating 37.5 uL from A11 of Sample Plate on Opentrons 96 Deep Well Heater-Shaker Adapter on Heater-Shaker Module GEN1 on slot C1 at 35.0 uL/sec
		Dispensing 37.5 uL into A11 of Sample Plate on Opentrons 96 Deep Well Heater-Shaker Adapter on Heater-Shaker Module GEN1 on slot C1 at 57.0 uL/sec
		Aspirating 37.5 uL from A11 of Sample Plate on Opentrons 96 Deep Well Heater-Shaker Adapter on Heater-Shaker Module GEN1 on slot C1 at 35.0 uL/sec
		Dispensing 37.5 uL into A11 of Sample Plate on Opentrons 96 Deep Well Heater-Shaker Adapter on Heater-Shaker Module GEN1 on slot C1 at 57.0 uL/sec
		Aspirating 37.5 uL from A11 of Sample Plate on Opentrons 96 Deep Well Heater-Shaker Adapter on Heater-Shaker Module GEN1 on slot C1 at 35.0 uL/sec
		Dispensing 37.5 uL into A11 of Sample Plate on Opentrons 96 Deep Well Heater-Shaker Adapter on Heater-Shaker Module GEN1 on slot C1 at 57.0 uL/sec
		Aspirating 37.5 uL from A11 of Sample Plate on Opentrons 96 Deep Well Heater-Shaker Adapter on Heater-Shaker Module GEN1 on slot C1 at 35.0 uL/sec
		Dispensing 37.5 uL into A11 of Sample Plate on Opentrons 96 Deep Well Heater-Shaker Adapter on Heater-Shaker Module GEN1 on slot C1 at 57.0 uL/sec
		Aspirating 37.5 uL from A11 of Sample Plate on Opentrons 96 Deep Well Heater-Shaker Adapter on Heater-Shaker Module GEN1 on slot C1 at 35.0 uL/sec
		Dispensing 37.5 uL into A11 of Sample Plate on Opentrons 96 Deep Well Heater-Shaker Adapter on Heater-Shaker Module GEN1 on slot C1 at 57.0 uL/sec
		Aspirating 37.5 uL from A11 of Sample Plate on Opentrons 96 Deep Well Heater-Shaker Adapter on Heater-Shaker Module GEN1 on slot C1 at 35.0 uL/sec
		Dispensing 37.5 uL into A11 of Sample Plate on Opentrons 96 Deep Well Heater-Shaker Adapter on Heater-Shaker Module GEN1 on slot C1 at 57.0 uL/sec
Dropping tip into Waste Chute
Picking up tip from A12 of opentrons_flex_96_filtertiprack_50ul on slot B3
Transferring 50.0 from A12 of reagent reservoir on slot C3 to A12 of Sample Plate on Opentrons 96 Deep Well Heater-Shaker Adapter on Heater-Shaker Module GEN1 on slot C1
	Aspirating 50.0 uL from A12 of reagent reservoir on slot C3 at 35.0 uL/sec
	Dispensing 50.0 uL into A12 of Sample Plate on Opentrons 96 Deep Well Heater-Shaker Adapter on Heater-Shaker Module GEN1 on slot C1 at 57.0 uL/sec
	Mixing 10 times with a volume of 37.5 ul
		Aspirating 37.5 uL from A12 of Sample Plate on Opentrons 96 Deep Well Heater-Shaker Adapter on Heater-Shaker Module GEN1 on slot C1 at 35.0 uL/sec
		Dispensing 37.5 uL into A12 of Sample Plate on Opentrons 96 Deep Well Heater-Shaker Adapter on Heater-Shaker Module GEN1 on slot C1 at 57.0 uL/sec
		Aspirating 37.5 uL from A12 of Sample Plate on Opentrons 96 Deep Well Heater-Shaker Adapter on Heater-Shaker Module GEN1 on slot C1 at 35.0 uL/sec
		Dispensing 37.5 uL into A12 of Sample Plate on Opentrons 96 Deep Well Heater-Shaker Adapter on Heater-Shaker Module GEN1 on slot C1 at 57.0 uL/sec
		Aspirating 37.5 uL from A12 of Sample Plate on Opentrons 96 Deep Well Heater-Shaker Adapter on Heater-Shaker Module GEN1 on slot C1 at 35.0 uL/sec
		Dispensing 37.5 uL into A12 of Sample Plate on Opentrons 96 Deep Well Heater-Shaker Adapter on Heater-Shaker Module GEN1 on slot C1 at 57.0 uL/sec
		Aspirating 37.5 uL from A12 of Sample Plate on Opentrons 96 Deep Well Heater-Shaker Adapter on Heater-Shaker Module GEN1 on slot C1 at 35.0 uL/sec
		Dispensing 37.5 uL into A12 of Sample Plate on Opentrons 96 Deep Well Heater-Shaker Adapter on Heater-Shaker Module GEN1 on slot C1 at 57.0 uL/sec
		Aspirating 37.5 uL from A12 of Sample Plate on Opentrons 96 Deep Well Heater-Shaker Adapter on Heater-Shaker Module GEN1 on slot C1 at 35.0 uL/sec
		Dispensing 37.5 uL into A12 of Sample Plate on Opentrons 96 Deep Well Heater-Shaker Adapter on Heater-Shaker Module GEN1 on slot C1 at 57.0 uL/sec
		Aspirating 37.5 uL from A12 of Sample Plate on Opentrons 96 Deep Well Heater-Shaker Adapter on Heater-Shaker Module GEN1 on slot C1 at 35.0 uL/sec
		Dispensing 37.5 uL into A12 of Sample Plate on Opentrons 96 Deep Well Heater-Shaker Adapter on Heater-Shaker Module GEN1 on slot C1 at 57.0 uL/sec
		Aspirating 37.5 uL from A12 of Sample Plate on Opentrons 96 Deep Well Heater-Shaker Adapter on Heater-Shaker Module GEN1 on slot C1 at 35.0 uL/sec
		Dispensing 37.5 uL into A12 of Sample Plate on Opentrons 96 Deep Well Heater-Shaker Adapter on Heater-Shaker Module GEN1 on slot C1 at 57.0 uL/sec
		Aspirating 37.5 uL from A12 of Sample Plate on Opentrons 96 Deep Well Heater-Shaker Adapter on Heater-Shaker Module GEN1 on slot C1 at 35.0 uL/sec
		Dispensing 37.5 uL into A12 of Sample Plate on Opentrons 96 Deep Well Heater-Shaker Adapter on Heater-Shaker Module GEN1 on slot C1 at 57.0 uL/sec
		Aspirating 37.5 uL from A12 of Sample Plate on Opentrons 96 Deep Well Heater-Shaker Adapter on Heater-Shaker Module GEN1 on slot C1 at 35.0 uL/sec
		Dispensing 37.5 uL into A12 of Sample Plate on Opentrons 96 Deep Well Heater-Shaker Adapter on Heater-Shaker Module GEN1 on slot C1 at 57.0 uL/sec
		Aspirating 37.5 uL from A12 of Sample Plate on Opentrons 96 Deep Well Heater-Shaker Adapter on Heater-Shaker Module GEN1 on slot C1 at 35.0 uL/sec
		Dispensing 37.5 uL into A12 of Sample Plate on Opentrons 96 Deep Well Heater-Shaker Adapter on Heater-Shaker Module GEN1 on slot C1 at 57.0 uL/sec
Dropping tip into Waste Chute
Latching labware on Heater-Shaker
Setting Heater-Shaker to Shake at 300 RPM and waiting until reached
Deactivating Heater
Delaying for 5 minutes and 0.0 seconds. Shake at 1300 rpm for 5 minutes.
Deactivating Shaker
Unlatching labware on Heater-Shaker
Moving Sample Plate to MagneticBlockContext at Magnetic Block GEN1 on D2 lw None with gripper
--> Wait for beads to settle
Delaying for 2 minutes and 0.0 seconds
--> Elute
---> Swapping empty tips
Moving opentrons_flex_96_filtertiprack_50ul to slot A4 with gripper
Moving opentrons_flex_96_filtertiprack_50ul to slot B3 with gripper
Moving opentrons_flex_96_filtertiprack_50ul to slot C4 with gripper
Picking up tip from A1 of opentrons_flex_96_filtertiprack_50ul on slot B3
Transferring 50.0 from A1 of Sample Plate on Magnetic Block GEN1 on slot D2 to A1 of Elution Plate on Opentrons 96 Well Aluminum Block on Temperature Module GEN2 on slot D1
	Aspirating 50.0 uL from A1 of Sample Plate on Magnetic Block GEN1 on slot D2 at 35.0 uL/sec
	Dispensing 50.0 uL into A1 of Elution Plate on Opentrons 96 Well Aluminum Block on Temperature Module GEN2 on slot D1 at 57.0 uL/sec
Dropping tip into Waste Chute
Picking up tip from A2 of opentrons_flex_96_filtertiprack_50ul on slot B3
Transferring 50.0 from A2 of Sample Plate on Magnetic Block GEN1 on slot D2 to A2 of Elution Plate on Opentrons 96 Well Aluminum Block on Temperature Module GEN2 on slot D1
	Aspirating 50.0 uL from A2 of Sample Plate on Magnetic Block GEN1 on slot D2 at 35.0 uL/sec
	Dispensing 50.0 uL into A2 of Elution Plate on Opentrons 96 Well Aluminum Block on Temperature Module GEN2 on slot D1 at 57.0 uL/sec
Dropping tip into Waste Chute
Picking up tip from A3 of opentrons_flex_96_filtertiprack_50ul on slot B3
Transferring 50.0 from A3 of Sample Plate on Magnetic Block GEN1 on slot D2 to A3 of Elution Plate on Opentrons 96 Well Aluminum Block on Temperature Module GEN2 on slot D1
	Aspirating 50.0 uL from A3 of Sample Plate on Magnetic Block GEN1 on slot D2 at 35.0 uL/sec
	Dispensing 50.0 uL into A3 of Elution Plate on Opentrons 96 Well Aluminum Block on Temperature Module GEN2 on slot D1 at 57.0 uL/sec
Dropping tip into Waste Chute
Picking up tip from A4 of opentrons_flex_96_filtertiprack_50ul on slot B3
Transferring 50.0 from A4 of Sample Plate on Magnetic Block GEN1 on slot D2 to A4 of Elution Plate on Opentrons 96 Well Aluminum Block on Temperature Module GEN2 on slot D1
	Aspirating 50.0 uL from A4 of Sample Plate on Magnetic Block GEN1 on slot D2 at 35.0 uL/sec
	Dispensing 50.0 uL into A4 of Elution Plate on Opentrons 96 Well Aluminum Block on Temperature Module GEN2 on slot D1 at 57.0 uL/sec
Dropping tip into Waste Chute
Picking up tip from A5 of opentrons_flex_96_filtertiprack_50ul on slot B3
Transferring 50.0 from A5 of Sample Plate on Magnetic Block GEN1 on slot D2 to A5 of Elution Plate on Opentrons 96 Well Aluminum Block on Temperature Module GEN2 on slot D1
	Aspirating 50.0 uL from A5 of Sample Plate on Magnetic Block GEN1 on slot D2 at 35.0 uL/sec
	Dispensing 50.0 uL into A5 of Elution Plate on Opentrons 96 Well Aluminum Block on Temperature Module GEN2 on slot D1 at 57.0 uL/sec
Dropping tip into Waste Chute
Picking up tip from A6 of opentrons_flex_96_filtertiprack_50ul on slot B3
Transferring 50.0 from A6 of Sample Plate on Magnetic Block GEN1 on slot D2 to A6 of Elution Plate on Opentrons 96 Well Aluminum Block on Temperature Module GEN2 on slot D1
	Aspirating 50.0 uL from A6 of Sample Plate on Magnetic Block GEN1 on slot D2 at 35.0 uL/sec
	Dispensing 50.0 uL into A6 of Elution Plate on Opentrons 96 Well Aluminum Block on Temperature Module GEN2 on slot D1 at 57.0 uL/sec
Dropping tip into Waste Chute
Picking up tip from A7 of opentrons_flex_96_filtertiprack_50ul on slot B3
Transferring 50.0 from A7 of Sample Plate on Magnetic Block GEN1 on slot D2 to A7 of Elution Plate on Opentrons 96 Well Aluminum Block on Temperature Module GEN2 on slot D1
	Aspirating 50.0 uL from A7 of Sample Plate on Magnetic Block GEN1 on slot D2 at 35.0 uL/sec
	Dispensing 50.0 uL into A7 of Elution Plate on Opentrons 96 Well Aluminum Block on Temperature Module GEN2 on slot D1 at 57.0 uL/sec
Dropping tip into Waste Chute
Picking up tip from A8 of opentrons_flex_96_filtertiprack_50ul on slot B3
Transferring 50.0 from A8 of Sample Plate on Magnetic Block GEN1 on slot D2 to A8 of Elution Plate on Opentrons 96 Well Aluminum Block on Temperature Module GEN2 on slot D1
	Aspirating 50.0 uL from A8 of Sample Plate on Magnetic Block GEN1 on slot D2 at 35.0 uL/sec
	Dispensing 50.0 uL into A8 of Elution Plate on Opentrons 96 Well Aluminum Block on Temperature Module GEN2 on slot D1 at 57.0 uL/sec
Dropping tip into Waste Chute
Picking up tip from A9 of opentrons_flex_96_filtertiprack_50ul on slot B3
Transferring 50.0 from A9 of Sample Plate on Magnetic Block GEN1 on slot D2 to A9 of Elution Plate on Opentrons 96 Well Aluminum Block on Temperature Module GEN2 on slot D1
	Aspirating 50.0 uL from A9 of Sample Plate on Magnetic Block GEN1 on slot D2 at 35.0 uL/sec
	Dispensing 50.0 uL into A9 of Elution Plate on Opentrons 96 Well Aluminum Block on Temperature Module GEN2 on slot D1 at 57.0 uL/sec
Dropping tip into Waste Chute
Picking up tip from A10 of opentrons_flex_96_filtertiprack_50ul on slot B3
Transferring 50.0 from A10 of Sample Plate on Magnetic Block GEN1 on slot D2 to A10 of Elution Plate on Opentrons 96 Well Aluminum Block on Temperature Module GEN2 on slot D1
	Aspirating 50.0 uL from A10 of Sample Plate on Magnetic Block GEN1 on slot D2 at 35.0 uL/sec
	Dispensing 50.0 uL into A10 of Elution Plate on Opentrons 96 Well Aluminum Block on Temperature Module GEN2 on slot D1 at 57.0 uL/sec
Dropping tip into Waste Chute
Picking up tip from A11 of opentrons_flex_96_filtertiprack_50ul on slot B3
Transferring 50.0 from A11 of Sample Plate on Magnetic Block GEN1 on slot D2 to A11 of Elution Plate on Opentrons 96 Well Aluminum Block on Temperature Module GEN2 on slot D1
	Aspirating 50.0 uL from A11 of Sample Plate on Magnetic Block GEN1 on slot D2 at 35.0 uL/sec
	Dispensing 50.0 uL into A11 of Elution Plate on Opentrons 96 Well Aluminum Block on Temperature Module GEN2 on slot D1 at 57.0 uL/sec
Dropping tip into Waste Chute
Picking up tip from A12 of opentrons_flex_96_filtertiprack_50ul on slot B3
Transferring 50.0 from A12 of Sample Plate on Magnetic Block GEN1 on slot D2 to A12 of Elution Plate on Opentrons 96 Well Aluminum Block on Temperature Module GEN2 on slot D1
	Aspirating 50.0 uL from A12 of Sample Plate on Magnetic Block GEN1 on slot D2 at 35.0 uL/sec
	Dispensing 50.0 uL into A12 of Elution Plate on Opentrons 96 Well Aluminum Block on Temperature Module GEN2 on slot D1 at 57.0 uL/sec
Dropping tip into Waste Chute
Unlatching labware on Heater-Shaker
Setting Temperature Module temperature to 10.0 °C (rounded off to nearest integer)
